[0.023s] Invoking command in '/home/student48/assessments/coursework1/build/sfr_coursework1_interface_package': CMAKE_PREFIX_PATH=${CMAKE_PREFIX_PATH}:/home/student48/assessments/coursework1/install/alpha_warrior_launch_pkg:/home/student48/assessments/coursework1/install/alpha_warrior_pkg:/home/student48/assessments/coursework1/install/alpha_warrior_controller_pkg:/home/student48/ros2_tutorial_workspace/install/the_simplest_python_packagee:/home/student48/ros2_tutorial_workspace/install/the_simplest_python_package:/home/student48/ros2_tutorial_workspace/install/python_package_with_a_node:/home/student48/ros2_tutorial_workspace/install/python_package_that_uses_the_library:/home/student48/ros2_tutorial_workspace/install/python_package_with_a_library:/home/student48/ros2_tutorial_workspace/install/python_package_that_uses_the_services:/home/student48/ros2_tutorial_workspace/install/python_package_that_uses_the_messages:/home/student48/ros2_tutorial_workspace/install/python_package_that_uses_the_actions:/home/student48/ros2_tutorial_workspace/install/python_package_that_uses_parameters_and_launch_files:/home/student48/ros2_tutorial_workspace/install/my_package:/home/student48/ros2_tutorial_workspace/install/custom_subscriber_package:/home/student48/ros2_tutorial_workspace/install/custom_server_package:/home/student48/ros2_tutorial_workspace/install/custom_publisher_package:/home/student48/ros2_tutorial_workspace/install/custom_package_with_node:/home/student48/ros2_tutorial_workspace/install/custom_package_with_library:/home/student48/ros2_tutorial_workspace/install/custom_client_package:/home/student48/ros2_tutorial_workspace/install/custom_action_server_package:/home/student48/ros2_tutorial_workspace/install/custom_action_client_package:/home/student48/ros2_tutorial_workspace/install/another_package:/home/student48/assessments/week4/src/install/volkswagen:/home/student48/assessments/week4/src/install/building:/opt/ros/jazzy DEBUGINFOD_URLS=https://debuginfod.ubuntu.com /usr/bin/cmake --build /home/student48/assessments/coursework1/build/sfr_coursework1_interface_package -- -j12 -l12
[0.144s] [  1%] Built target sfr_coursework1_interface_package__rosidl_generator_type_description
[0.155s] [  1%] Built target ament_cmake_python_copy_sfr_coursework1_interface_package
[0.189s] [  3%] Built target sfr_coursework1_interface_package__cpp
[0.204s] [ 25%] Built target sfr_coursework1_interface_package__rosidl_generator_c
[0.268s] [ 34%] Built target sfr_coursework1_interface_package__rosidl_typesupport_fastrtps_cpp
[0.275s] [ 43%] Built target sfr_coursework1_interface_package__rosidl_typesupport_fastrtps_c
[0.277s] [ 60%] Built target sfr_coursework1_interface_package__rosidl_typesupport_c
[0.277s] [ 62%] Built target sfr_coursework1_interface_package__rosidl_typesupport_introspection_cpp
[0.278s] [ 71%] Built target sfr_coursework1_interface_package__rosidl_typesupport_cpp
[0.287s] [ 81%] Built target sfr_coursework1_interface_package__rosidl_typesupport_introspection_c
[0.333s] [ 81%] Built target sfr_coursework1_interface_package
[0.368s] [ 82%] Built target sfr_coursework1_interface_package__py
[0.412s] [ 90%] Built target sfr_coursework1_interface_package__rosidl_generator_py
[0.462s] [ 93%] Built target sfr_coursework1_interface_package_s__rosidl_typesupport_introspection_c
[0.471s] [ 96%] Built target sfr_coursework1_interface_package_s__rosidl_typesupport_c
[0.472s] [100%] Built target sfr_coursework1_interface_package_s__rosidl_typesupport_fastrtps_c
[0.664s] running egg_info
[0.727s] writing sfr_coursework1_interface_package.egg-info/PKG-INFO
[0.728s] writing dependency_links to sfr_coursework1_interface_package.egg-info/dependency_links.txt
[0.728s] writing top-level names to sfr_coursework1_interface_package.egg-info/top_level.txt
[0.839s] reading manifest file 'sfr_coursework1_interface_package.egg-info/SOURCES.txt'
[0.840s] writing manifest file 'sfr_coursework1_interface_package.egg-info/SOURCES.txt'
[0.881s] [100%] Built target ament_cmake_python_build_sfr_coursework1_interface_package_egg
[0.905s] Invoked command in '/home/student48/assessments/coursework1/build/sfr_coursework1_interface_package' returned '0': CMAKE_PREFIX_PATH=${CMAKE_PREFIX_PATH}:/home/student48/assessments/coursework1/install/alpha_warrior_launch_pkg:/home/student48/assessments/coursework1/install/alpha_warrior_pkg:/home/student48/assessments/coursework1/install/alpha_warrior_controller_pkg:/home/student48/ros2_tutorial_workspace/install/the_simplest_python_packagee:/home/student48/ros2_tutorial_workspace/install/the_simplest_python_package:/home/student48/ros2_tutorial_workspace/install/python_package_with_a_node:/home/student48/ros2_tutorial_workspace/install/python_package_that_uses_the_library:/home/student48/ros2_tutorial_workspace/install/python_package_with_a_library:/home/student48/ros2_tutorial_workspace/install/python_package_that_uses_the_services:/home/student48/ros2_tutorial_workspace/install/python_package_that_uses_the_messages:/home/student48/ros2_tutorial_workspace/install/python_package_that_uses_the_actions:/home/student48/ros2_tutorial_workspace/install/python_package_that_uses_parameters_and_launch_files:/home/student48/ros2_tutorial_workspace/install/my_package:/home/student48/ros2_tutorial_workspace/install/custom_subscriber_package:/home/student48/ros2_tutorial_workspace/install/custom_server_package:/home/student48/ros2_tutorial_workspace/install/custom_publisher_package:/home/student48/ros2_tutorial_workspace/install/custom_package_with_node:/home/student48/ros2_tutorial_workspace/install/custom_package_with_library:/home/student48/ros2_tutorial_workspace/install/custom_client_package:/home/student48/ros2_tutorial_workspace/install/custom_action_server_package:/home/student48/ros2_tutorial_workspace/install/custom_action_client_package:/home/student48/ros2_tutorial_workspace/install/another_package:/home/student48/assessments/week4/src/install/volkswagen:/home/student48/assessments/week4/src/install/building:/opt/ros/jazzy DEBUGINFOD_URLS=https://debuginfod.ubuntu.com /usr/bin/cmake --build /home/student48/assessments/coursework1/build/sfr_coursework1_interface_package -- -j12 -l12
[0.937s] Invoking command in '/home/student48/assessments/coursework1/build/sfr_coursework1_interface_package': CMAKE_PREFIX_PATH=${CMAKE_PREFIX_PATH}:/home/student48/assessments/coursework1/install/alpha_warrior_launch_pkg:/home/student48/assessments/coursework1/install/alpha_warrior_pkg:/home/student48/assessments/coursework1/install/alpha_warrior_controller_pkg:/home/student48/ros2_tutorial_workspace/install/the_simplest_python_packagee:/home/student48/ros2_tutorial_workspace/install/the_simplest_python_package:/home/student48/ros2_tutorial_workspace/install/python_package_with_a_node:/home/student48/ros2_tutorial_workspace/install/python_package_that_uses_the_library:/home/student48/ros2_tutorial_workspace/install/python_package_with_a_library:/home/student48/ros2_tutorial_workspace/install/python_package_that_uses_the_services:/home/student48/ros2_tutorial_workspace/install/python_package_that_uses_the_messages:/home/student48/ros2_tutorial_workspace/install/python_package_that_uses_the_actions:/home/student48/ros2_tutorial_workspace/install/python_package_that_uses_parameters_and_launch_files:/home/student48/ros2_tutorial_workspace/install/my_package:/home/student48/ros2_tutorial_workspace/install/custom_subscriber_package:/home/student48/ros2_tutorial_workspace/install/custom_server_package:/home/student48/ros2_tutorial_workspace/install/custom_publisher_package:/home/student48/ros2_tutorial_workspace/install/custom_package_with_node:/home/student48/ros2_tutorial_workspace/install/custom_package_with_library:/home/student48/ros2_tutorial_workspace/install/custom_client_package:/home/student48/ros2_tutorial_workspace/install/custom_action_server_package:/home/student48/ros2_tutorial_workspace/install/custom_action_client_package:/home/student48/ros2_tutorial_workspace/install/another_package:/home/student48/assessments/week4/src/install/volkswagen:/home/student48/assessments/week4/src/install/building:/opt/ros/jazzy DEBUGINFOD_URLS=https://debuginfod.ubuntu.com /usr/bin/cmake --install /home/student48/assessments/coursework1/build/sfr_coursework1_interface_package
[0.957s] -- Install configuration: ""
[0.957s] -- Up-to-date: /home/student48/assessments/coursework1/install/sfr_coursework1_interface_package/share/ament_index/resource_index/rosidl_interfaces/sfr_coursework1_interface_package
[0.957s] -- Up-to-date: /home/student48/assessments/coursework1/install/sfr_coursework1_interface_package/share/sfr_coursework1_interface_package/msg/TaskSpacePose.json
[0.958s] -- Up-to-date: /home/student48/assessments/coursework1/install/sfr_coursework1_interface_package/share/sfr_coursework1_interface_package/msg/WheelAngularVelocities.json
[0.958s] -- Up-to-date: /home/student48/assessments/coursework1/install/sfr_coursework1_interface_package/share/sfr_coursework1_interface_package/srv/TurnRobotOff.json
[0.958s] -- Up-to-date: /home/student48/assessments/coursework1/install/sfr_coursework1_interface_package/share/sfr_coursework1_interface_package/srv/TurnRobotOn.json
[0.959s] -- Up-to-date: /home/student48/assessments/coursework1/install/sfr_coursework1_interface_package/include/sfr_coursework1_interface_package/sfr_coursework1_interface_package
[0.959s] -- Up-to-date: /home/student48/assessments/coursework1/install/sfr_coursework1_interface_package/include/sfr_coursework1_interface_package/sfr_coursework1_interface_package/msg
[0.959s] -- Up-to-date: /home/student48/assessments/coursework1/install/sfr_coursework1_interface_package/include/sfr_coursework1_interface_package/sfr_coursework1_interface_package/msg/wheel_angular_velocities.h
[0.959s] -- Up-to-date: /home/student48/assessments/coursework1/install/sfr_coursework1_interface_package/include/sfr_coursework1_interface_package/sfr_coursework1_interface_package/msg/rosidl_generator_c__visibility_control.h
[0.959s] -- Up-to-date: /home/student48/assessments/coursework1/install/sfr_coursework1_interface_package/include/sfr_coursework1_interface_package/sfr_coursework1_interface_package/msg/detail
[0.959s] -- Up-to-date: /home/student48/assessments/coursework1/install/sfr_coursework1_interface_package/include/sfr_coursework1_interface_package/sfr_coursework1_interface_package/msg/detail/task_space_pose__functions.h
[0.959s] -- Up-to-date: /home/student48/assessments/coursework1/install/sfr_coursework1_interface_package/include/sfr_coursework1_interface_package/sfr_coursework1_interface_package/msg/detail/wheel_angular_velocities__struct.h
[0.959s] -- Up-to-date: /home/student48/assessments/coursework1/install/sfr_coursework1_interface_package/include/sfr_coursework1_interface_package/sfr_coursework1_interface_package/msg/detail/task_space_pose__type_support.h
[0.959s] -- Up-to-date: /home/student48/assessments/coursework1/install/sfr_coursework1_interface_package/include/sfr_coursework1_interface_package/sfr_coursework1_interface_package/msg/detail/task_space_pose__struct.h
[0.960s] -- Up-to-date: /home/student48/assessments/coursework1/install/sfr_coursework1_interface_package/include/sfr_coursework1_interface_package/sfr_coursework1_interface_package/msg/detail/wheel_angular_velocities__functions.h
[0.960s] -- Installing: /home/student48/assessments/coursework1/install/sfr_coursework1_interface_package/include/sfr_coursework1_interface_package/sfr_coursework1_interface_package/msg/detail/wheel_angular_velocities__type_support.c
[0.960s] -- Installing: /home/student48/assessments/coursework1/install/sfr_coursework1_interface_package/include/sfr_coursework1_interface_package/sfr_coursework1_interface_package/msg/detail/task_space_pose__type_support.c
[0.960s] -- Up-to-date: /home/student48/assessments/coursework1/install/sfr_coursework1_interface_package/include/sfr_coursework1_interface_package/sfr_coursework1_interface_package/msg/detail/wheel_angular_velocities__type_support.h
[0.960s] -- Up-to-date: /home/student48/assessments/coursework1/install/sfr_coursework1_interface_package/include/sfr_coursework1_interface_package/sfr_coursework1_interface_package/msg/detail/wheel_angular_velocities__functions.c
[0.960s] -- Up-to-date: /home/student48/assessments/coursework1/install/sfr_coursework1_interface_package/include/sfr_coursework1_interface_package/sfr_coursework1_interface_package/msg/detail/task_space_pose__functions.c
[0.960s] -- Up-to-date: /home/student48/assessments/coursework1/install/sfr_coursework1_interface_package/include/sfr_coursework1_interface_package/sfr_coursework1_interface_package/msg/detail/task_space_pose__description.c
[0.960s] -- Up-to-date: /home/student48/assessments/coursework1/install/sfr_coursework1_interface_package/include/sfr_coursework1_interface_package/sfr_coursework1_interface_package/msg/detail/wheel_angular_velocities__description.c
[0.960s] -- Up-to-date: /home/student48/assessments/coursework1/install/sfr_coursework1_interface_package/include/sfr_coursework1_interface_package/sfr_coursework1_interface_package/msg/task_space_pose.h
[0.960s] -- Up-to-date: /home/student48/assessments/coursework1/install/sfr_coursework1_interface_package/include/sfr_coursework1_interface_package/sfr_coursework1_interface_package/srv
[0.960s] -- Up-to-date: /home/student48/assessments/coursework1/install/sfr_coursework1_interface_package/include/sfr_coursework1_interface_package/sfr_coursework1_interface_package/srv/turn_robot_on.h
[0.960s] -- Up-to-date: /home/student48/assessments/coursework1/install/sfr_coursework1_interface_package/include/sfr_coursework1_interface_package/sfr_coursework1_interface_package/srv/detail
[0.960s] -- Up-to-date: /home/student48/assessments/coursework1/install/sfr_coursework1_interface_package/include/sfr_coursework1_interface_package/sfr_coursework1_interface_package/srv/detail/turn_robot_off__type_support.h
[0.961s] -- Installing: /home/student48/assessments/coursework1/install/sfr_coursework1_interface_package/include/sfr_coursework1_interface_package/sfr_coursework1_interface_package/srv/detail/turn_robot_on__type_support.c
[0.961s] -- Up-to-date: /home/student48/assessments/coursework1/install/sfr_coursework1_interface_package/include/sfr_coursework1_interface_package/sfr_coursework1_interface_package/srv/detail/turn_robot_on__functions.c
[0.961s] -- Up-to-date: /home/student48/assessments/coursework1/install/sfr_coursework1_interface_package/include/sfr_coursework1_interface_package/sfr_coursework1_interface_package/srv/detail/turn_robot_on__struct.h
[0.961s] -- Installing: /home/student48/assessments/coursework1/install/sfr_coursework1_interface_package/include/sfr_coursework1_interface_package/sfr_coursework1_interface_package/srv/detail/turn_robot_off__type_support.c
[0.961s] -- Up-to-date: /home/student48/assessments/coursework1/install/sfr_coursework1_interface_package/include/sfr_coursework1_interface_package/sfr_coursework1_interface_package/srv/detail/turn_robot_off__description.c
[0.961s] -- Up-to-date: /home/student48/assessments/coursework1/install/sfr_coursework1_interface_package/include/sfr_coursework1_interface_package/sfr_coursework1_interface_package/srv/detail/turn_robot_on__type_support.h
[0.961s] -- Up-to-date: /home/student48/assessments/coursework1/install/sfr_coursework1_interface_package/include/sfr_coursework1_interface_package/sfr_coursework1_interface_package/srv/detail/turn_robot_on__description.c
[0.961s] -- Up-to-date: /home/student48/assessments/coursework1/install/sfr_coursework1_interface_package/include/sfr_coursework1_interface_package/sfr_coursework1_interface_package/srv/detail/turn_robot_on__functions.h
[0.961s] -- Up-to-date: /home/student48/assessments/coursework1/install/sfr_coursework1_interface_package/include/sfr_coursework1_interface_package/sfr_coursework1_interface_package/srv/detail/turn_robot_off__functions.c
[0.962s] -- Up-to-date: /home/student48/assessments/coursework1/install/sfr_coursework1_interface_package/include/sfr_coursework1_interface_package/sfr_coursework1_interface_package/srv/detail/turn_robot_off__struct.h
[0.962s] -- Up-to-date: /home/student48/assessments/coursework1/install/sfr_coursework1_interface_package/include/sfr_coursework1_interface_package/sfr_coursework1_interface_package/srv/detail/turn_robot_off__functions.h
[0.962s] -- Up-to-date: /home/student48/assessments/coursework1/install/sfr_coursework1_interface_package/include/sfr_coursework1_interface_package/sfr_coursework1_interface_package/srv/turn_robot_off.h
[0.962s] -- Up-to-date: /home/student48/assessments/coursework1/install/sfr_coursework1_interface_package/share/sfr_coursework1_interface_package/environment/library_path.sh
[0.962s] -- Up-to-date: /home/student48/assessments/coursework1/install/sfr_coursework1_interface_package/share/sfr_coursework1_interface_package/environment/library_path.dsv
[0.962s] -- Up-to-date: /home/student48/assessments/coursework1/install/sfr_coursework1_interface_package/lib/libsfr_coursework1_interface_package__rosidl_generator_c.so
[0.962s] -- Up-to-date: /home/student48/assessments/coursework1/install/sfr_coursework1_interface_package/include/sfr_coursework1_interface_package/sfr_coursework1_interface_package
[0.962s] -- Up-to-date: /home/student48/assessments/coursework1/install/sfr_coursework1_interface_package/include/sfr_coursework1_interface_package/sfr_coursework1_interface_package/msg
[0.962s] -- Up-to-date: /home/student48/assessments/coursework1/install/sfr_coursework1_interface_package/include/sfr_coursework1_interface_package/sfr_coursework1_interface_package/msg/rosidl_typesupport_fastrtps_c__visibility_control.h
[0.962s] -- Up-to-date: /home/student48/assessments/coursework1/install/sfr_coursework1_interface_package/include/sfr_coursework1_interface_package/sfr_coursework1_interface_package/msg/detail
[0.962s] -- Up-to-date: /home/student48/assessments/coursework1/install/sfr_coursework1_interface_package/include/sfr_coursework1_interface_package/sfr_coursework1_interface_package/msg/detail/task_space_pose__rosidl_typesupport_fastrtps_c.h
[0.963s] -- Up-to-date: /home/student48/assessments/coursework1/install/sfr_coursework1_interface_package/include/sfr_coursework1_interface_package/sfr_coursework1_interface_package/msg/detail/wheel_angular_velocities__rosidl_typesupport_fastrtps_c.h
[0.963s] -- Up-to-date: /home/student48/assessments/coursework1/install/sfr_coursework1_interface_package/include/sfr_coursework1_interface_package/sfr_coursework1_interface_package/srv
[0.963s] -- Up-to-date: /home/student48/assessments/coursework1/install/sfr_coursework1_interface_package/include/sfr_coursework1_interface_package/sfr_coursework1_interface_package/srv/detail
[0.963s] -- Up-to-date: /home/student48/assessments/coursework1/install/sfr_coursework1_interface_package/include/sfr_coursework1_interface_package/sfr_coursework1_interface_package/srv/detail/turn_robot_off__rosidl_typesupport_fastrtps_c.h
[0.963s] -- Up-to-date: /home/student48/assessments/coursework1/install/sfr_coursework1_interface_package/include/sfr_coursework1_interface_package/sfr_coursework1_interface_package/srv/detail/turn_robot_on__rosidl_typesupport_fastrtps_c.h
[0.963s] -- Up-to-date: /home/student48/assessments/coursework1/install/sfr_coursework1_interface_package/lib/libsfr_coursework1_interface_package__rosidl_typesupport_fastrtps_c.so
[0.963s] -- Up-to-date: /home/student48/assessments/coursework1/install/sfr_coursework1_interface_package/include/sfr_coursework1_interface_package/sfr_coursework1_interface_package
[0.963s] -- Up-to-date: /home/student48/assessments/coursework1/install/sfr_coursework1_interface_package/include/sfr_coursework1_interface_package/sfr_coursework1_interface_package/msg
[0.963s] -- Up-to-date: /home/student48/assessments/coursework1/install/sfr_coursework1_interface_package/include/sfr_coursework1_interface_package/sfr_coursework1_interface_package/msg/detail
[0.963s] -- Up-to-date: /home/student48/assessments/coursework1/install/sfr_coursework1_interface_package/include/sfr_coursework1_interface_package/sfr_coursework1_interface_package/msg/detail/task_space_pose__rosidl_typesupport_introspection_c.h
[0.963s] -- Up-to-date: /home/student48/assessments/coursework1/install/sfr_coursework1_interface_package/include/sfr_coursework1_interface_package/sfr_coursework1_interface_package/msg/detail/wheel_angular_velocities__rosidl_typesupport_introspection_c.h
[0.963s] -- Installing: /home/student48/assessments/coursework1/install/sfr_coursework1_interface_package/include/sfr_coursework1_interface_package/sfr_coursework1_interface_package/msg/detail/wheel_angular_velocities__type_support.c
[0.964s] -- Installing: /home/student48/assessments/coursework1/install/sfr_coursework1_interface_package/include/sfr_coursework1_interface_package/sfr_coursework1_interface_package/msg/detail/task_space_pose__type_support.c
[0.964s] -- Up-to-date: /home/student48/assessments/coursework1/install/sfr_coursework1_interface_package/include/sfr_coursework1_interface_package/sfr_coursework1_interface_package/msg/rosidl_typesupport_introspection_c__visibility_control.h
[0.964s] -- Up-to-date: /home/student48/assessments/coursework1/install/sfr_coursework1_interface_package/include/sfr_coursework1_interface_package/sfr_coursework1_interface_package/srv
[0.964s] -- Up-to-date: /home/student48/assessments/coursework1/install/sfr_coursework1_interface_package/include/sfr_coursework1_interface_package/sfr_coursework1_interface_package/srv/detail
[0.964s] -- Installing: /home/student48/assessments/coursework1/install/sfr_coursework1_interface_package/include/sfr_coursework1_interface_package/sfr_coursework1_interface_package/srv/detail/turn_robot_on__type_support.c
[0.964s] -- Installing: /home/student48/assessments/coursework1/install/sfr_coursework1_interface_package/include/sfr_coursework1_interface_package/sfr_coursework1_interface_package/srv/detail/turn_robot_off__type_support.c
[0.964s] -- Up-to-date: /home/student48/assessments/coursework1/install/sfr_coursework1_interface_package/include/sfr_coursework1_interface_package/sfr_coursework1_interface_package/srv/detail/turn_robot_on__rosidl_typesupport_introspection_c.h
[0.964s] -- Up-to-date: /home/student48/assessments/coursework1/install/sfr_coursework1_interface_package/include/sfr_coursework1_interface_package/sfr_coursework1_interface_package/srv/detail/turn_robot_off__rosidl_typesupport_introspection_c.h
[0.964s] -- Up-to-date: /home/student48/assessments/coursework1/install/sfr_coursework1_interface_package/lib/libsfr_coursework1_interface_package__rosidl_typesupport_introspection_c.so
[0.964s] -- Up-to-date: /home/student48/assessments/coursework1/install/sfr_coursework1_interface_package/lib/libsfr_coursework1_interface_package__rosidl_typesupport_c.so
[0.965s] -- Up-to-date: /home/student48/assessments/coursework1/install/sfr_coursework1_interface_package/include/sfr_coursework1_interface_package/sfr_coursework1_interface_package
[0.965s] -- Up-to-date: /home/student48/assessments/coursework1/install/sfr_coursework1_interface_package/include/sfr_coursework1_interface_package/sfr_coursework1_interface_package/msg
[0.965s] -- Up-to-date: /home/student48/assessments/coursework1/install/sfr_coursework1_interface_package/include/sfr_coursework1_interface_package/sfr_coursework1_interface_package/msg/wheel_angular_velocities.hpp
[0.965s] -- Up-to-date: /home/student48/assessments/coursework1/install/sfr_coursework1_interface_package/include/sfr_coursework1_interface_package/sfr_coursework1_interface_package/msg/task_space_pose.hpp
[0.965s] -- Up-to-date: /home/student48/assessments/coursework1/install/sfr_coursework1_interface_package/include/sfr_coursework1_interface_package/sfr_coursework1_interface_package/msg/rosidl_generator_cpp__visibility_control.hpp
[0.965s] -- Up-to-date: /home/student48/assessments/coursework1/install/sfr_coursework1_interface_package/include/sfr_coursework1_interface_package/sfr_coursework1_interface_package/msg/detail
[0.965s] -- Up-to-date: /home/student48/assessments/coursework1/install/sfr_coursework1_interface_package/include/sfr_coursework1_interface_package/sfr_coursework1_interface_package/msg/detail/task_space_pose__type_support.hpp
[0.965s] -- Up-to-date: /home/student48/assessments/coursework1/install/sfr_coursework1_interface_package/include/sfr_coursework1_interface_package/sfr_coursework1_interface_package/msg/detail/task_space_pose__traits.hpp
[0.966s] -- Up-to-date: /home/student48/assessments/coursework1/install/sfr_coursework1_interface_package/include/sfr_coursework1_interface_package/sfr_coursework1_interface_package/msg/detail/wheel_angular_velocities__traits.hpp
[0.966s] -- Up-to-date: /home/student48/assessments/coursework1/install/sfr_coursework1_interface_package/include/sfr_coursework1_interface_package/sfr_coursework1_interface_package/msg/detail/task_space_pose__struct.hpp
[0.966s] -- Up-to-date: /home/student48/assessments/coursework1/install/sfr_coursework1_interface_package/include/sfr_coursework1_interface_package/sfr_coursework1_interface_package/msg/detail/task_space_pose__builder.hpp
[0.966s] -- Up-to-date: /home/student48/assessments/coursework1/install/sfr_coursework1_interface_package/include/sfr_coursework1_interface_package/sfr_coursework1_interface_package/msg/detail/wheel_angular_velocities__type_support.hpp
[0.966s] -- Up-to-date: /home/student48/assessments/coursework1/install/sfr_coursework1_interface_package/include/sfr_coursework1_interface_package/sfr_coursework1_interface_package/msg/detail/wheel_angular_velocities__struct.hpp
[0.966s] -- Up-to-date: /home/student48/assessments/coursework1/install/sfr_coursework1_interface_package/include/sfr_coursework1_interface_package/sfr_coursework1_interface_package/msg/detail/wheel_angular_velocities__builder.hpp
[0.966s] -- Up-to-date: /home/student48/assessments/coursework1/install/sfr_coursework1_interface_package/include/sfr_coursework1_interface_package/sfr_coursework1_interface_package/srv
[0.966s] -- Up-to-date: /home/student48/assessments/coursework1/install/sfr_coursework1_interface_package/include/sfr_coursework1_interface_package/sfr_coursework1_interface_package/srv/turn_robot_off.hpp
[0.966s] -- Up-to-date: /home/student48/assessments/coursework1/install/sfr_coursework1_interface_package/include/sfr_coursework1_interface_package/sfr_coursework1_interface_package/srv/detail
[0.966s] -- Up-to-date: /home/student48/assessments/coursework1/install/sfr_coursework1_interface_package/include/sfr_coursework1_interface_package/sfr_coursework1_interface_package/srv/detail/turn_robot_off__builder.hpp
[0.966s] -- Up-to-date: /home/student48/assessments/coursework1/install/sfr_coursework1_interface_package/include/sfr_coursework1_interface_package/sfr_coursework1_interface_package/srv/detail/turn_robot_on__traits.hpp
[0.966s] -- Up-to-date: /home/student48/assessments/coursework1/install/sfr_coursework1_interface_package/include/sfr_coursework1_interface_package/sfr_coursework1_interface_package/srv/detail/turn_robot_off__type_support.hpp
[0.967s] -- Up-to-date: /home/student48/assessments/coursework1/install/sfr_coursework1_interface_package/include/sfr_coursework1_interface_package/sfr_coursework1_interface_package/srv/detail/turn_robot_on__struct.hpp
[0.967s] -- Up-to-date: /home/student48/assessments/coursework1/install/sfr_coursework1_interface_package/include/sfr_coursework1_interface_package/sfr_coursework1_interface_package/srv/detail/turn_robot_on__builder.hpp
[0.967s] -- Up-to-date: /home/student48/assessments/coursework1/install/sfr_coursework1_interface_package/include/sfr_coursework1_interface_package/sfr_coursework1_interface_package/srv/detail/turn_robot_off__struct.hpp
[0.967s] -- Up-to-date: /home/student48/assessments/coursework1/install/sfr_coursework1_interface_package/include/sfr_coursework1_interface_package/sfr_coursework1_interface_package/srv/detail/turn_robot_on__type_support.hpp
[0.967s] -- Up-to-date: /home/student48/assessments/coursework1/install/sfr_coursework1_interface_package/include/sfr_coursework1_interface_package/sfr_coursework1_interface_package/srv/detail/turn_robot_off__traits.hpp
[0.967s] -- Up-to-date: /home/student48/assessments/coursework1/install/sfr_coursework1_interface_package/include/sfr_coursework1_interface_package/sfr_coursework1_interface_package/srv/turn_robot_on.hpp
[0.967s] -- Up-to-date: /home/student48/assessments/coursework1/install/sfr_coursework1_interface_package/include/sfr_coursework1_interface_package/sfr_coursework1_interface_package
[0.967s] -- Up-to-date: /home/student48/assessments/coursework1/install/sfr_coursework1_interface_package/include/sfr_coursework1_interface_package/sfr_coursework1_interface_package/msg
[0.967s] -- Up-to-date: /home/student48/assessments/coursework1/install/sfr_coursework1_interface_package/include/sfr_coursework1_interface_package/sfr_coursework1_interface_package/msg/rosidl_typesupport_fastrtps_cpp__visibility_control.h
[0.967s] -- Up-to-date: /home/student48/assessments/coursework1/install/sfr_coursework1_interface_package/include/sfr_coursework1_interface_package/sfr_coursework1_interface_package/msg/detail
[0.967s] -- Up-to-date: /home/student48/assessments/coursework1/install/sfr_coursework1_interface_package/include/sfr_coursework1_interface_package/sfr_coursework1_interface_package/msg/detail/wheel_angular_velocities__rosidl_typesupport_fastrtps_cpp.hpp
[0.967s] -- Up-to-date: /home/student48/assessments/coursework1/install/sfr_coursework1_interface_package/include/sfr_coursework1_interface_package/sfr_coursework1_interface_package/msg/detail/task_space_pose__rosidl_typesupport_fastrtps_cpp.hpp
[0.968s] -- Up-to-date: /home/student48/assessments/coursework1/install/sfr_coursework1_interface_package/include/sfr_coursework1_interface_package/sfr_coursework1_interface_package/msg/detail/dds_fastrtps
[0.968s] -- Up-to-date: /home/student48/assessments/coursework1/install/sfr_coursework1_interface_package/include/sfr_coursework1_interface_package/sfr_coursework1_interface_package/srv
[0.968s] -- Up-to-date: /home/student48/assessments/coursework1/install/sfr_coursework1_interface_package/include/sfr_coursework1_interface_package/sfr_coursework1_interface_package/srv/detail
[0.968s] -- Up-to-date: /home/student48/assessments/coursework1/install/sfr_coursework1_interface_package/include/sfr_coursework1_interface_package/sfr_coursework1_interface_package/srv/detail/turn_robot_on__rosidl_typesupport_fastrtps_cpp.hpp
[0.968s] -- Up-to-date: /home/student48/assessments/coursework1/install/sfr_coursework1_interface_package/include/sfr_coursework1_interface_package/sfr_coursework1_interface_package/srv/detail/dds_fastrtps
[0.968s] -- Up-to-date: /home/student48/assessments/coursework1/install/sfr_coursework1_interface_package/include/sfr_coursework1_interface_package/sfr_coursework1_interface_package/srv/detail/turn_robot_off__rosidl_typesupport_fastrtps_cpp.hpp
[0.968s] -- Up-to-date: /home/student48/assessments/coursework1/install/sfr_coursework1_interface_package/lib/libsfr_coursework1_interface_package__rosidl_typesupport_fastrtps_cpp.so
[0.968s] -- Up-to-date: /home/student48/assessments/coursework1/install/sfr_coursework1_interface_package/include/sfr_coursework1_interface_package/sfr_coursework1_interface_package
[0.968s] -- Up-to-date: /home/student48/assessments/coursework1/install/sfr_coursework1_interface_package/include/sfr_coursework1_interface_package/sfr_coursework1_interface_package/msg
[0.969s] -- Up-to-date: /home/student48/assessments/coursework1/install/sfr_coursework1_interface_package/include/sfr_coursework1_interface_package/sfr_coursework1_interface_package/msg/detail
[0.969s] -- Up-to-date: /home/student48/assessments/coursework1/install/sfr_coursework1_interface_package/include/sfr_coursework1_interface_package/sfr_coursework1_interface_package/msg/detail/wheel_angular_velocities__rosidl_typesupport_introspection_cpp.hpp
[0.969s] -- Up-to-date: /home/student48/assessments/coursework1/install/sfr_coursework1_interface_package/include/sfr_coursework1_interface_package/sfr_coursework1_interface_package/msg/detail/task_space_pose__rosidl_typesupport_introspection_cpp.hpp
[0.969s] -- Up-to-date: /home/student48/assessments/coursework1/install/sfr_coursework1_interface_package/include/sfr_coursework1_interface_package/sfr_coursework1_interface_package/msg/detail/task_space_pose__type_support.cpp
[0.969s] -- Up-to-date: /home/student48/assessments/coursework1/install/sfr_coursework1_interface_package/include/sfr_coursework1_interface_package/sfr_coursework1_interface_package/msg/detail/wheel_angular_velocities__type_support.cpp
[0.969s] -- Up-to-date: /home/student48/assessments/coursework1/install/sfr_coursework1_interface_package/include/sfr_coursework1_interface_package/sfr_coursework1_interface_package/srv
[0.969s] -- Up-to-date: /home/student48/assessments/coursework1/install/sfr_coursework1_interface_package/include/sfr_coursework1_interface_package/sfr_coursework1_interface_package/srv/detail
[0.969s] -- Up-to-date: /home/student48/assessments/coursework1/install/sfr_coursework1_interface_package/include/sfr_coursework1_interface_package/sfr_coursework1_interface_package/srv/detail/turn_robot_on__type_support.cpp
[0.969s] -- Up-to-date: /home/student48/assessments/coursework1/install/sfr_coursework1_interface_package/include/sfr_coursework1_interface_package/sfr_coursework1_interface_package/srv/detail/turn_robot_off__rosidl_typesupport_introspection_cpp.hpp
[0.969s] -- Up-to-date: /home/student48/assessments/coursework1/install/sfr_coursework1_interface_package/include/sfr_coursework1_interface_package/sfr_coursework1_interface_package/srv/detail/turn_robot_off__type_support.cpp
[0.969s] -- Up-to-date: /home/student48/assessments/coursework1/install/sfr_coursework1_interface_package/include/sfr_coursework1_interface_package/sfr_coursework1_interface_package/srv/detail/turn_robot_on__rosidl_typesupport_introspection_cpp.hpp
[0.969s] -- Up-to-date: /home/student48/assessments/coursework1/install/sfr_coursework1_interface_package/lib/libsfr_coursework1_interface_package__rosidl_typesupport_introspection_cpp.so
[0.969s] -- Up-to-date: /home/student48/assessments/coursework1/install/sfr_coursework1_interface_package/lib/libsfr_coursework1_interface_package__rosidl_typesupport_cpp.so
[0.970s] -- Up-to-date: /home/student48/assessments/coursework1/install/sfr_coursework1_interface_package/share/sfr_coursework1_interface_package/environment/pythonpath.sh
[0.970s] -- Up-to-date: /home/student48/assessments/coursework1/install/sfr_coursework1_interface_package/share/sfr_coursework1_interface_package/environment/pythonpath.dsv
[0.970s] -- Up-to-date: /home/student48/assessments/coursework1/install/sfr_coursework1_interface_package/lib/python3.12/site-packages/sfr_coursework1_interface_package-0.0.0-py3.12.egg-info
[0.970s] -- Installing: /home/student48/assessments/coursework1/install/sfr_coursework1_interface_package/lib/python3.12/site-packages/sfr_coursework1_interface_package-0.0.0-py3.12.egg-info/top_level.txt
[0.970s] -- Installing: /home/student48/assessments/coursework1/install/sfr_coursework1_interface_package/lib/python3.12/site-packages/sfr_coursework1_interface_package-0.0.0-py3.12.egg-info/SOURCES.txt
[0.970s] -- Installing: /home/student48/assessments/coursework1/install/sfr_coursework1_interface_package/lib/python3.12/site-packages/sfr_coursework1_interface_package-0.0.0-py3.12.egg-info/PKG-INFO
[0.970s] -- Installing: /home/student48/assessments/coursework1/install/sfr_coursework1_interface_package/lib/python3.12/site-packages/sfr_coursework1_interface_package-0.0.0-py3.12.egg-info/dependency_links.txt
[0.970s] -- Up-to-date: /home/student48/assessments/coursework1/install/sfr_coursework1_interface_package/lib/python3.12/site-packages/sfr_coursework1_interface_package
[0.970s] -- Up-to-date: /home/student48/assessments/coursework1/install/sfr_coursework1_interface_package/lib/python3.12/site-packages/sfr_coursework1_interface_package/msg
[0.970s] -- Up-to-date: /home/student48/assessments/coursework1/install/sfr_coursework1_interface_package/lib/python3.12/site-packages/sfr_coursework1_interface_package/msg/_wheel_angular_velocities_s.c
[0.970s] -- Up-to-date: /home/student48/assessments/coursework1/install/sfr_coursework1_interface_package/lib/python3.12/site-packages/sfr_coursework1_interface_package/msg/_wheel_angular_velocities.py
[0.970s] -- Up-to-date: /home/student48/assessments/coursework1/install/sfr_coursework1_interface_package/lib/python3.12/site-packages/sfr_coursework1_interface_package/msg/_task_space_pose.py
[0.971s] -- Up-to-date: /home/student48/assessments/coursework1/install/sfr_coursework1_interface_package/lib/python3.12/site-packages/sfr_coursework1_interface_package/msg/_task_space_pose_s.c
[0.971s] -- Up-to-date: /home/student48/assessments/coursework1/install/sfr_coursework1_interface_package/lib/python3.12/site-packages/sfr_coursework1_interface_package/msg/__init__.py
[0.971s] -- Up-to-date: /home/student48/assessments/coursework1/install/sfr_coursework1_interface_package/lib/python3.12/site-packages/sfr_coursework1_interface_package/sfr_coursework1_interface_package_s__rosidl_typesupport_fastrtps_c.so
[0.971s] -- Up-to-date: /home/student48/assessments/coursework1/install/sfr_coursework1_interface_package/lib/python3.12/site-packages/sfr_coursework1_interface_package/sfr_coursework1_interface_package_s__rosidl_typesupport_c.so
[0.971s] -- Up-to-date: /home/student48/assessments/coursework1/install/sfr_coursework1_interface_package/lib/python3.12/site-packages/sfr_coursework1_interface_package/srv
[0.971s] -- Up-to-date: /home/student48/assessments/coursework1/install/sfr_coursework1_interface_package/lib/python3.12/site-packages/sfr_coursework1_interface_package/srv/_turn_robot_on_s.c
[0.971s] -- Up-to-date: /home/student48/assessments/coursework1/install/sfr_coursework1_interface_package/lib/python3.12/site-packages/sfr_coursework1_interface_package/srv/_turn_robot_off.py
[0.971s] -- Up-to-date: /home/student48/assessments/coursework1/install/sfr_coursework1_interface_package/lib/python3.12/site-packages/sfr_coursework1_interface_package/srv/_turn_robot_off_s.c
[0.971s] -- Up-to-date: /home/student48/assessments/coursework1/install/sfr_coursework1_interface_package/lib/python3.12/site-packages/sfr_coursework1_interface_package/srv/__init__.py
[0.971s] -- Up-to-date: /home/student48/assessments/coursework1/install/sfr_coursework1_interface_package/lib/python3.12/site-packages/sfr_coursework1_interface_package/srv/_turn_robot_on.py
[0.972s] -- Up-to-date: /home/student48/assessments/coursework1/install/sfr_coursework1_interface_package/lib/python3.12/site-packages/sfr_coursework1_interface_package/sfr_coursework1_interface_package_s__rosidl_typesupport_introspection_c.so
[0.972s] -- Up-to-date: /home/student48/assessments/coursework1/install/sfr_coursework1_interface_package/lib/python3.12/site-packages/sfr_coursework1_interface_package/__init__.py
[0.972s] -- Up-to-date: /home/student48/assessments/coursework1/install/sfr_coursework1_interface_package/lib/python3.12/site-packages/sfr_coursework1_interface_package/_sfr_coursework1_interface_package_s.ep.rosidl_typesupport_introspection_c.c
[0.972s] -- Up-to-date: /home/student48/assessments/coursework1/install/sfr_coursework1_interface_package/lib/python3.12/site-packages/sfr_coursework1_interface_package/_sfr_coursework1_interface_package_s.ep.rosidl_typesupport_fastrtps_c.c
[0.972s] -- Up-to-date: /home/student48/assessments/coursework1/install/sfr_coursework1_interface_package/lib/python3.12/site-packages/sfr_coursework1_interface_package/_sfr_coursework1_interface_package_s.ep.rosidl_typesupport_c.c
[1.073s] Listing '/home/student48/assessments/coursework1/install/sfr_coursework1_interface_package/lib/python3.12/site-packages/sfr_coursework1_interface_package'...
[1.073s] Listing '/home/student48/assessments/coursework1/install/sfr_coursework1_interface_package/lib/python3.12/site-packages/sfr_coursework1_interface_package/msg'...
[1.073s] Listing '/home/student48/assessments/coursework1/install/sfr_coursework1_interface_package/lib/python3.12/site-packages/sfr_coursework1_interface_package/srv'...
[1.082s] -- Up-to-date: /home/student48/assessments/coursework1/install/sfr_coursework1_interface_package/lib/python3.12/site-packages/sfr_coursework1_interface_package/sfr_coursework1_interface_package_s__rosidl_typesupport_fastrtps_c.so
[1.082s] -- Up-to-date: /home/student48/assessments/coursework1/install/sfr_coursework1_interface_package/lib/python3.12/site-packages/sfr_coursework1_interface_package/sfr_coursework1_interface_package_s__rosidl_typesupport_introspection_c.so
[1.083s] -- Up-to-date: /home/student48/assessments/coursework1/install/sfr_coursework1_interface_package/lib/python3.12/site-packages/sfr_coursework1_interface_package/sfr_coursework1_interface_package_s__rosidl_typesupport_c.so
[1.083s] -- Up-to-date: /home/student48/assessments/coursework1/install/sfr_coursework1_interface_package/lib/libsfr_coursework1_interface_package__rosidl_generator_py.so
[1.084s] -- Up-to-date: /home/student48/assessments/coursework1/install/sfr_coursework1_interface_package/share/sfr_coursework1_interface_package/msg/TaskSpacePose.idl
[1.084s] -- Up-to-date: /home/student48/assessments/coursework1/install/sfr_coursework1_interface_package/share/sfr_coursework1_interface_package/msg/WheelAngularVelocities.idl
[1.084s] -- Up-to-date: /home/student48/assessments/coursework1/install/sfr_coursework1_interface_package/share/sfr_coursework1_interface_package/srv/TurnRobotOff.idl
[1.084s] -- Up-to-date: /home/student48/assessments/coursework1/install/sfr_coursework1_interface_package/share/sfr_coursework1_interface_package/srv/TurnRobotOn.idl
[1.084s] -- Up-to-date: /home/student48/assessments/coursework1/install/sfr_coursework1_interface_package/share/sfr_coursework1_interface_package/msg/TaskSpacePose.msg
[1.084s] -- Up-to-date: /home/student48/assessments/coursework1/install/sfr_coursework1_interface_package/share/sfr_coursework1_interface_package/msg/WheelAngularVelocities.msg
[1.084s] -- Up-to-date: /home/student48/assessments/coursework1/install/sfr_coursework1_interface_package/share/sfr_coursework1_interface_package/srv/TurnRobotOff.srv
[1.084s] -- Up-to-date: /home/student48/assessments/coursework1/install/sfr_coursework1_interface_package/share/sfr_coursework1_interface_package/srv/TurnRobotOn.srv
[1.084s] -- Up-to-date: /home/student48/assessments/coursework1/install/sfr_coursework1_interface_package/share/ament_index/resource_index/package_run_dependencies/sfr_coursework1_interface_package
[1.084s] -- Up-to-date: /home/student48/assessments/coursework1/install/sfr_coursework1_interface_package/share/ament_index/resource_index/parent_prefix_path/sfr_coursework1_interface_package
[1.085s] -- Up-to-date: /home/student48/assessments/coursework1/install/sfr_coursework1_interface_package/share/sfr_coursework1_interface_package/environment/ament_prefix_path.sh
[1.085s] -- Up-to-date: /home/student48/assessments/coursework1/install/sfr_coursework1_interface_package/share/sfr_coursework1_interface_package/environment/ament_prefix_path.dsv
[1.085s] -- Up-to-date: /home/student48/assessments/coursework1/install/sfr_coursework1_interface_package/share/sfr_coursework1_interface_package/environment/path.sh
[1.085s] -- Up-to-date: /home/student48/assessments/coursework1/install/sfr_coursework1_interface_package/share/sfr_coursework1_interface_package/environment/path.dsv
[1.085s] -- Up-to-date: /home/student48/assessments/coursework1/install/sfr_coursework1_interface_package/share/sfr_coursework1_interface_package/local_setup.bash
[1.085s] -- Up-to-date: /home/student48/assessments/coursework1/install/sfr_coursework1_interface_package/share/sfr_coursework1_interface_package/local_setup.sh
[1.085s] -- Up-to-date: /home/student48/assessments/coursework1/install/sfr_coursework1_interface_package/share/sfr_coursework1_interface_package/local_setup.zsh
[1.085s] -- Up-to-date: /home/student48/assessments/coursework1/install/sfr_coursework1_interface_package/share/sfr_coursework1_interface_package/local_setup.dsv
[1.085s] -- Installing: /home/student48/assessments/coursework1/install/sfr_coursework1_interface_package/share/sfr_coursework1_interface_package/package.dsv
[1.085s] -- Up-to-date: /home/student48/assessments/coursework1/install/sfr_coursework1_interface_package/share/ament_index/resource_index/packages/sfr_coursework1_interface_package
[1.085s] -- Up-to-date: /home/student48/assessments/coursework1/install/sfr_coursework1_interface_package/share/sfr_coursework1_interface_package/cmake/export_sfr_coursework1_interface_package__rosidl_generator_cExport.cmake
[1.086s] -- Up-to-date: /home/student48/assessments/coursework1/install/sfr_coursework1_interface_package/share/sfr_coursework1_interface_package/cmake/export_sfr_coursework1_interface_package__rosidl_generator_cExport-noconfig.cmake
[1.086s] -- Up-to-date: /home/student48/assessments/coursework1/install/sfr_coursework1_interface_package/share/sfr_coursework1_interface_package/cmake/export_sfr_coursework1_interface_package__rosidl_typesupport_fastrtps_cExport.cmake
[1.086s] -- Up-to-date: /home/student48/assessments/coursework1/install/sfr_coursework1_interface_package/share/sfr_coursework1_interface_package/cmake/export_sfr_coursework1_interface_package__rosidl_typesupport_fastrtps_cExport-noconfig.cmake
[1.086s] -- Up-to-date: /home/student48/assessments/coursework1/install/sfr_coursework1_interface_package/share/sfr_coursework1_interface_package/cmake/sfr_coursework1_interface_package__rosidl_typesupport_introspection_cExport.cmake
[1.086s] -- Up-to-date: /home/student48/assessments/coursework1/install/sfr_coursework1_interface_package/share/sfr_coursework1_interface_package/cmake/sfr_coursework1_interface_package__rosidl_typesupport_introspection_cExport-noconfig.cmake
[1.086s] -- Up-to-date: /home/student48/assessments/coursework1/install/sfr_coursework1_interface_package/share/sfr_coursework1_interface_package/cmake/sfr_coursework1_interface_package__rosidl_typesupport_cExport.cmake
[1.086s] -- Up-to-date: /home/student48/assessments/coursework1/install/sfr_coursework1_interface_package/share/sfr_coursework1_interface_package/cmake/sfr_coursework1_interface_package__rosidl_typesupport_cExport-noconfig.cmake
[1.086s] -- Up-to-date: /home/student48/assessments/coursework1/install/sfr_coursework1_interface_package/share/sfr_coursework1_interface_package/cmake/export_sfr_coursework1_interface_package__rosidl_generator_cppExport.cmake
[1.087s] -- Up-to-date: /home/student48/assessments/coursework1/install/sfr_coursework1_interface_package/share/sfr_coursework1_interface_package/cmake/export_sfr_coursework1_interface_package__rosidl_typesupport_fastrtps_cppExport.cmake
[1.087s] -- Up-to-date: /home/student48/assessments/coursework1/install/sfr_coursework1_interface_package/share/sfr_coursework1_interface_package/cmake/export_sfr_coursework1_interface_package__rosidl_typesupport_fastrtps_cppExport-noconfig.cmake
[1.087s] -- Up-to-date: /home/student48/assessments/coursework1/install/sfr_coursework1_interface_package/share/sfr_coursework1_interface_package/cmake/sfr_coursework1_interface_package__rosidl_typesupport_introspection_cppExport.cmake
[1.087s] -- Up-to-date: /home/student48/assessments/coursework1/install/sfr_coursework1_interface_package/share/sfr_coursework1_interface_package/cmake/sfr_coursework1_interface_package__rosidl_typesupport_introspection_cppExport-noconfig.cmake
[1.087s] -- Up-to-date: /home/student48/assessments/coursework1/install/sfr_coursework1_interface_package/share/sfr_coursework1_interface_package/cmake/sfr_coursework1_interface_package__rosidl_typesupport_cppExport.cmake
[1.087s] -- Up-to-date: /home/student48/assessments/coursework1/install/sfr_coursework1_interface_package/share/sfr_coursework1_interface_package/cmake/sfr_coursework1_interface_package__rosidl_typesupport_cppExport-noconfig.cmake
[1.087s] -- Up-to-date: /home/student48/assessments/coursework1/install/sfr_coursework1_interface_package/share/sfr_coursework1_interface_package/cmake/export_sfr_coursework1_interface_package__rosidl_generator_pyExport.cmake
[1.088s] -- Up-to-date: /home/student48/assessments/coursework1/install/sfr_coursework1_interface_package/share/sfr_coursework1_interface_package/cmake/export_sfr_coursework1_interface_package__rosidl_generator_pyExport-noconfig.cmake
[1.088s] -- Up-to-date: /home/student48/assessments/coursework1/install/sfr_coursework1_interface_package/share/sfr_coursework1_interface_package/cmake/rosidl_cmake-extras.cmake
[1.088s] -- Up-to-date: /home/student48/assessments/coursework1/install/sfr_coursework1_interface_package/share/sfr_coursework1_interface_package/cmake/ament_cmake_export_dependencies-extras.cmake
[1.088s] -- Up-to-date: /home/student48/assessments/coursework1/install/sfr_coursework1_interface_package/share/sfr_coursework1_interface_package/cmake/ament_cmake_export_include_directories-extras.cmake
[1.088s] -- Up-to-date: /home/student48/assessments/coursework1/install/sfr_coursework1_interface_package/share/sfr_coursework1_interface_package/cmake/ament_cmake_export_libraries-extras.cmake
[1.088s] -- Up-to-date: /home/student48/assessments/coursework1/install/sfr_coursework1_interface_package/share/sfr_coursework1_interface_package/cmake/ament_cmake_export_targets-extras.cmake
[1.088s] -- Up-to-date: /home/student48/assessments/coursework1/install/sfr_coursework1_interface_package/share/sfr_coursework1_interface_package/cmake/rosidl_cmake_export_typesupport_targets-extras.cmake
[1.088s] -- Up-to-date: /home/student48/assessments/coursework1/install/sfr_coursework1_interface_package/share/sfr_coursework1_interface_package/cmake/rosidl_cmake_export_typesupport_libraries-extras.cmake
[1.088s] -- Up-to-date: /home/student48/assessments/coursework1/install/sfr_coursework1_interface_package/share/sfr_coursework1_interface_package/cmake/sfr_coursework1_interface_packageConfig.cmake
[1.089s] -- Up-to-date: /home/student48/assessments/coursework1/install/sfr_coursework1_interface_package/share/sfr_coursework1_interface_package/cmake/sfr_coursework1_interface_packageConfig-version.cmake
[1.089s] -- Up-to-date: /home/student48/assessments/coursework1/install/sfr_coursework1_interface_package/share/sfr_coursework1_interface_package/package.xml
[1.094s] Invoked command in '/home/student48/assessments/coursework1/build/sfr_coursework1_interface_package' returned '0': CMAKE_PREFIX_PATH=${CMAKE_PREFIX_PATH}:/home/student48/assessments/coursework1/install/alpha_warrior_launch_pkg:/home/student48/assessments/coursework1/install/alpha_warrior_pkg:/home/student48/assessments/coursework1/install/alpha_warrior_controller_pkg:/home/student48/ros2_tutorial_workspace/install/the_simplest_python_packagee:/home/student48/ros2_tutorial_workspace/install/the_simplest_python_package:/home/student48/ros2_tutorial_workspace/install/python_package_with_a_node:/home/student48/ros2_tutorial_workspace/install/python_package_that_uses_the_library:/home/student48/ros2_tutorial_workspace/install/python_package_with_a_library:/home/student48/ros2_tutorial_workspace/install/python_package_that_uses_the_services:/home/student48/ros2_tutorial_workspace/install/python_package_that_uses_the_messages:/home/student48/ros2_tutorial_workspace/install/python_package_that_uses_the_actions:/home/student48/ros2_tutorial_workspace/install/python_package_that_uses_parameters_and_launch_files:/home/student48/ros2_tutorial_workspace/install/my_package:/home/student48/ros2_tutorial_workspace/install/custom_subscriber_package:/home/student48/ros2_tutorial_workspace/install/custom_server_package:/home/student48/ros2_tutorial_workspace/install/custom_publisher_package:/home/student48/ros2_tutorial_workspace/install/custom_package_with_node:/home/student48/ros2_tutorial_workspace/install/custom_package_with_library:/home/student48/ros2_tutorial_workspace/install/custom_client_package:/home/student48/ros2_tutorial_workspace/install/custom_action_server_package:/home/student48/ros2_tutorial_workspace/install/custom_action_client_package:/home/student48/ros2_tutorial_workspace/install/another_package:/home/student48/assessments/week4/src/install/volkswagen:/home/student48/assessments/week4/src/install/building:/opt/ros/jazzy DEBUGINFOD_URLS=https://debuginfod.ubuntu.com /usr/bin/cmake --install /home/student48/assessments/coursework1/build/sfr_coursework1_interface_package
