running egg_info
writing ../../build/alpha_warrior_controller_pkg/alpha_warrior_controller_pkg.egg-info/PKG-INFO
writing dependency_links to ../../build/alpha_warrior_controller_pkg/alpha_warrior_controller_pkg.egg-info/dependency_links.txt
writing entry points to ../../build/alpha_warrior_controller_pkg/alpha_warrior_controller_pkg.egg-info/entry_points.txt
writing requirements to ../../build/alpha_warrior_controller_pkg/alpha_warrior_controller_pkg.egg-info/requires.txt
writing top-level names to ../../build/alpha_warrior_controller_pkg/alpha_warrior_controller_pkg.egg-info/top_level.txt
reading manifest file '../../build/alpha_warrior_controller_pkg/alpha_warrior_controller_pkg.egg-info/SOURCES.txt'
writing manifest file '../../build/alpha_warrior_controller_pkg/alpha_warrior_controller_pkg.egg-info/SOURCES.txt'
running build
running build_py
copying alpha_warrior_controller_pkg/alpha_warrior_controller_node.py -> /home/student48/assessments/coursework1/build/alpha_warrior_controller_pkg/build/lib/alpha_warrior_controller_pkg
running install
running install_lib
copying /home/student48/assessments/coursework1/build/alpha_warrior_controller_pkg/build/lib/alpha_warrior_controller_pkg/alpha_warrior_controller_node.py -> /home/student48/assessments/coursework1/install/alpha_warrior_controller_pkg/lib/python3.12/site-packages/alpha_warrior_controller_pkg
byte-compiling /home/student48/assessments/coursework1/install/alpha_warrior_controller_pkg/lib/python3.12/site-packages/alpha_warrior_controller_pkg/alpha_warrior_controller_node.py to alpha_warrior_controller_node.cpython-312.pyc
  File "/home/student48/assessments/coursework1/install/alpha_warrior_controller_pkg/lib/python3.12/site-packages/alpha_warrior_controller_pkg/alpha_warrior_controller_node.py", line 79
    def timer_callback(self):
SyntaxError: expected 'except' or 'finally' block

running install_data
running install_egg_info
removing '/home/student48/assessments/coursework1/install/alpha_warrior_controller_pkg/lib/python3.12/site-packages/alpha_warrior_controller_pkg-0.0.0-py3.12.egg-info' (and everything under it)
Copying ../../build/alpha_warrior_controller_pkg/alpha_warrior_controller_pkg.egg-info to /home/student48/assessments/coursework1/install/alpha_warrior_controller_pkg/lib/python3.12/site-packages/alpha_warrior_controller_pkg-0.0.0-py3.12.egg-info
running install_scripts
Installing alpha_warrior_controller_node script to /home/student48/assessments/coursework1/install/alpha_warrior_controller_pkg/lib/alpha_warrior_controller_pkg
writing list of installed files to '/home/student48/assessments/coursework1/build/alpha_warrior_controller_pkg/install.log'
