[0.248s] DEBUG:colcon:Command line arguments: ['/usr/bin/colcon', 'build']
[0.248s] DEBUG:colcon:Parsed command line arguments: Namespace(log_base=None, log_level=None, verb_name='build', build_base='build', install_base='install', merge_install=False, symlink_install=False, test_result_base=None, continue_on_error=False, executor='parallel', parallel_workers=12, event_handlers=None, ignore_user_meta=False, metas=['./colcon.meta'], base_paths=['.'], packages_ignore=None, packages_ignore_regex=None, paths=None, packages_up_to=None, packages_up_to_regex=None, packages_above=None, packages_above_and_dependencies=None, packages_above_depth=None, packages_select_by_dep=None, packages_skip_by_dep=None, packages_skip_up_to=None, packages_select_build_failed=False, packages_skip_build_finished=False, packages_select_test_failures=False, packages_skip_test_passed=False, packages_select=None, packages_skip=None, packages_select_regex=None, packages_skip_regex=None, packages_start=None, packages_end=None, allow_overriding=[], cmake_args=None, cmake_target=None, cmake_target_skip_unavailable=False, cmake_clean_cache=False, cmake_clean_first=False, cmake_force_configure=False, ament_cmake_args=None, catkin_cmake_args=None, catkin_skip_building_tests=False, mixin_files=None, mixin=None, verb_parser=<colcon_mixin.mixin.mixin_argument.MixinArgumentDecorator object at 0x7b3b219c6e40>, verb_extension=<colcon_core.verb.build.BuildVerb object at 0x7b3b219c6ba0>, main=<bound method BuildVerb.main of <colcon_core.verb.build.BuildVerb object at 0x7b3b219c6ba0>>, mixin_verb=('build',))
[0.333s] Level 1:colcon.colcon_core.package_discovery:discover_packages(colcon_meta) check parameters
[0.335s] Level 1:colcon.colcon_core.package_discovery:discover_packages(recursive) check parameters
[0.335s] Level 1:colcon.colcon_core.package_discovery:discover_packages(ignore) check parameters
[0.335s] Level 1:colcon.colcon_core.package_discovery:discover_packages(path) check parameters
[0.335s] Level 1:colcon.colcon_core.package_discovery:discover_packages(colcon_meta) discover
[0.335s] Level 1:colcon.colcon_core.package_discovery:discover_packages(recursive) discover
[0.335s] INFO:colcon.colcon_core.package_discovery:Crawling recursively for packages in '/home/student48/assessments/coursework1'
[0.335s] Level 1:colcon.colcon_core.package_identification:_identify(.) by extensions ['ignore', 'ignore_ament_install']
[0.336s] Level 1:colcon.colcon_core.package_identification:_identify(.) by extension 'ignore'
[0.336s] Level 1:colcon.colcon_core.package_identification:_identify(.) by extension 'ignore_ament_install'
[0.336s] Level 1:colcon.colcon_core.package_identification:_identify(.) by extensions ['colcon_pkg']
[0.336s] Level 1:colcon.colcon_core.package_identification:_identify(.) by extension 'colcon_pkg'
[0.336s] Level 1:colcon.colcon_core.package_identification:_identify(.) by extensions ['colcon_meta']
[0.336s] Level 1:colcon.colcon_core.package_identification:_identify(.) by extension 'colcon_meta'
[0.336s] Level 1:colcon.colcon_core.package_identification:_identify(.) by extensions ['ros']
[0.336s] Level 1:colcon.colcon_core.package_identification:_identify(.) by extension 'ros'
[0.383s] Level 1:colcon.colcon_core.package_identification:_identify(.) by extensions ['cmake', 'python']
[0.383s] Level 1:colcon.colcon_core.package_identification:_identify(.) by extension 'cmake'
[0.383s] Level 1:colcon.colcon_core.package_identification:_identify(.) by extension 'python'
[0.383s] Level 1:colcon.colcon_core.package_identification:_identify(.) by extensions ['python_setup_py']
[0.383s] Level 1:colcon.colcon_core.package_identification:_identify(.) by extension 'python_setup_py'
[0.383s] Level 1:colcon.colcon_core.package_identification:_identify(build) by extensions ['ignore', 'ignore_ament_install']
[0.383s] Level 1:colcon.colcon_core.package_identification:_identify(build) by extension 'ignore'
[0.383s] Level 1:colcon.colcon_core.package_identification:_identify(build) ignored
[0.384s] Level 1:colcon.colcon_core.package_identification:_identify(install) by extensions ['ignore', 'ignore_ament_install']
[0.384s] Level 1:colcon.colcon_core.package_identification:_identify(install) by extension 'ignore'
[0.384s] Level 1:colcon.colcon_core.package_identification:_identify(install) ignored
[0.384s] Level 1:colcon.colcon_core.package_identification:_identify(log) by extensions ['ignore', 'ignore_ament_install']
[0.384s] Level 1:colcon.colcon_core.package_identification:_identify(log) by extension 'ignore'
[0.384s] Level 1:colcon.colcon_core.package_identification:_identify(log) ignored
[0.384s] Level 1:colcon.colcon_core.package_identification:_identify(src) by extensions ['ignore', 'ignore_ament_install']
[0.384s] Level 1:colcon.colcon_core.package_identification:_identify(src) by extension 'ignore'
[0.384s] Level 1:colcon.colcon_core.package_identification:_identify(src) by extension 'ignore_ament_install'
[0.384s] Level 1:colcon.colcon_core.package_identification:_identify(src) by extensions ['colcon_pkg']
[0.384s] Level 1:colcon.colcon_core.package_identification:_identify(src) by extension 'colcon_pkg'
[0.384s] Level 1:colcon.colcon_core.package_identification:_identify(src) by extensions ['colcon_meta']
[0.384s] Level 1:colcon.colcon_core.package_identification:_identify(src) by extension 'colcon_meta'
[0.384s] Level 1:colcon.colcon_core.package_identification:_identify(src) by extensions ['ros']
[0.384s] Level 1:colcon.colcon_core.package_identification:_identify(src) by extension 'ros'
[0.384s] Level 1:colcon.colcon_core.package_identification:_identify(src) by extensions ['cmake', 'python']
[0.384s] Level 1:colcon.colcon_core.package_identification:_identify(src) by extension 'cmake'
[0.384s] Level 1:colcon.colcon_core.package_identification:_identify(src) by extension 'python'
[0.384s] Level 1:colcon.colcon_core.package_identification:_identify(src) by extensions ['python_setup_py']
[0.384s] Level 1:colcon.colcon_core.package_identification:_identify(src) by extension 'python_setup_py'
[0.384s] Level 1:colcon.colcon_core.package_identification:_identify(src/alpha_warrior_controller_pkg) by extensions ['ignore', 'ignore_ament_install']
[0.385s] Level 1:colcon.colcon_core.package_identification:_identify(src/alpha_warrior_controller_pkg) by extension 'ignore'
[0.385s] Level 1:colcon.colcon_core.package_identification:_identify(src/alpha_warrior_controller_pkg) by extension 'ignore_ament_install'
[0.385s] Level 1:colcon.colcon_core.package_identification:_identify(src/alpha_warrior_controller_pkg) by extensions ['colcon_pkg']
[0.385s] Level 1:colcon.colcon_core.package_identification:_identify(src/alpha_warrior_controller_pkg) by extension 'colcon_pkg'
[0.385s] Level 1:colcon.colcon_core.package_identification:_identify(src/alpha_warrior_controller_pkg) by extensions ['colcon_meta']
[0.385s] Level 1:colcon.colcon_core.package_identification:_identify(src/alpha_warrior_controller_pkg) by extension 'colcon_meta'
[0.385s] Level 1:colcon.colcon_core.package_identification:_identify(src/alpha_warrior_controller_pkg) by extensions ['ros']
[0.385s] Level 1:colcon.colcon_core.package_identification:_identify(src/alpha_warrior_controller_pkg) by extension 'ros'
[0.387s] DEBUG:colcon.colcon_core.package_identification:Package 'src/alpha_warrior_controller_pkg' with type 'ros.ament_python' and name 'alpha_warrior_controller_pkg'
[0.388s] Level 1:colcon.colcon_core.package_identification:_identify(src/alpha_warrior_launch_pkg) by extensions ['ignore', 'ignore_ament_install']
[0.388s] Level 1:colcon.colcon_core.package_identification:_identify(src/alpha_warrior_launch_pkg) by extension 'ignore'
[0.388s] Level 1:colcon.colcon_core.package_identification:_identify(src/alpha_warrior_launch_pkg) by extension 'ignore_ament_install'
[0.388s] Level 1:colcon.colcon_core.package_identification:_identify(src/alpha_warrior_launch_pkg) by extensions ['colcon_pkg']
[0.388s] Level 1:colcon.colcon_core.package_identification:_identify(src/alpha_warrior_launch_pkg) by extension 'colcon_pkg'
[0.388s] Level 1:colcon.colcon_core.package_identification:_identify(src/alpha_warrior_launch_pkg) by extensions ['colcon_meta']
[0.388s] Level 1:colcon.colcon_core.package_identification:_identify(src/alpha_warrior_launch_pkg) by extension 'colcon_meta'
[0.388s] Level 1:colcon.colcon_core.package_identification:_identify(src/alpha_warrior_launch_pkg) by extensions ['ros']
[0.388s] Level 1:colcon.colcon_core.package_identification:_identify(src/alpha_warrior_launch_pkg) by extension 'ros'
[0.389s] DEBUG:colcon.colcon_core.package_identification:Package 'src/alpha_warrior_launch_pkg' with type 'ros.ament_python' and name 'alpha_warrior_launch_pkg'
[0.389s] Level 1:colcon.colcon_core.package_identification:_identify(src/alpha_warrior_pkg) by extensions ['ignore', 'ignore_ament_install']
[0.389s] Level 1:colcon.colcon_core.package_identification:_identify(src/alpha_warrior_pkg) by extension 'ignore'
[0.389s] Level 1:colcon.colcon_core.package_identification:_identify(src/alpha_warrior_pkg) by extension 'ignore_ament_install'
[0.389s] Level 1:colcon.colcon_core.package_identification:_identify(src/alpha_warrior_pkg) by extensions ['colcon_pkg']
[0.389s] Level 1:colcon.colcon_core.package_identification:_identify(src/alpha_warrior_pkg) by extension 'colcon_pkg'
[0.389s] Level 1:colcon.colcon_core.package_identification:_identify(src/alpha_warrior_pkg) by extensions ['colcon_meta']
[0.389s] Level 1:colcon.colcon_core.package_identification:_identify(src/alpha_warrior_pkg) by extension 'colcon_meta'
[0.389s] Level 1:colcon.colcon_core.package_identification:_identify(src/alpha_warrior_pkg) by extensions ['ros']
[0.389s] Level 1:colcon.colcon_core.package_identification:_identify(src/alpha_warrior_pkg) by extension 'ros'
[0.390s] DEBUG:colcon.colcon_core.package_identification:Package 'src/alpha_warrior_pkg' with type 'ros.ament_python' and name 'alpha_warrior_pkg'
[0.390s] Level 1:colcon.colcon_core.package_identification:_identify(src/sfr_coursework1_interface_package) by extensions ['ignore', 'ignore_ament_install']
[0.390s] Level 1:colcon.colcon_core.package_identification:_identify(src/sfr_coursework1_interface_package) by extension 'ignore'
[0.391s] Level 1:colcon.colcon_core.package_identification:_identify(src/sfr_coursework1_interface_package) by extension 'ignore_ament_install'
[0.391s] Level 1:colcon.colcon_core.package_identification:_identify(src/sfr_coursework1_interface_package) by extensions ['colcon_pkg']
[0.391s] Level 1:colcon.colcon_core.package_identification:_identify(src/sfr_coursework1_interface_package) by extension 'colcon_pkg'
[0.391s] Level 1:colcon.colcon_core.package_identification:_identify(src/sfr_coursework1_interface_package) by extensions ['colcon_meta']
[0.391s] Level 1:colcon.colcon_core.package_identification:_identify(src/sfr_coursework1_interface_package) by extension 'colcon_meta'
[0.391s] Level 1:colcon.colcon_core.package_identification:_identify(src/sfr_coursework1_interface_package) by extensions ['ros']
[0.391s] Level 1:colcon.colcon_core.package_identification:_identify(src/sfr_coursework1_interface_package) by extension 'ros'
[0.392s] DEBUG:colcon.colcon_core.package_identification:Package 'src/sfr_coursework1_interface_package' with type 'ros.ament_cmake' and name 'sfr_coursework1_interface_package'
[0.392s] Level 1:colcon.colcon_core.package_discovery:discover_packages(recursive) using defaults
[0.392s] Level 1:colcon.colcon_core.package_discovery:discover_packages(ignore) discover
[0.392s] Level 1:colcon.colcon_core.package_discovery:discover_packages(ignore) using defaults
[0.392s] Level 1:colcon.colcon_core.package_discovery:discover_packages(path) discover
[0.392s] Level 1:colcon.colcon_core.package_discovery:discover_packages(path) using defaults
[0.422s] Level 1:colcon.colcon_core.package_discovery:discover_packages(prefix_path) check parameters
[0.422s] Level 1:colcon.colcon_core.package_discovery:discover_packages(prefix_path) discover
[0.431s] DEBUG:colcon.colcon_installed_package_information.package_discovery:Found 4 installed packages in /home/student48/assessments/coursework1/install
[0.434s] DEBUG:colcon.colcon_installed_package_information.package_discovery:Found 20 installed packages in /home/student48/ros2_tutorial_workspace/install
[0.437s] DEBUG:colcon.colcon_installed_package_information.package_discovery:Found 2 installed packages in /home/student48/assessments/week4/src/install
[0.445s] DEBUG:colcon.colcon_installed_package_information.package_discovery:Found 285 installed packages in /opt/ros/jazzy
[0.449s] Level 1:colcon.colcon_core.package_discovery:discover_packages(prefix_path) using defaults
[0.560s] Level 5:colcon.colcon_core.verb:set package 'sfr_coursework1_interface_package' build argument 'cmake_args' from command line to 'None'
[0.560s] Level 5:colcon.colcon_core.verb:set package 'sfr_coursework1_interface_package' build argument 'cmake_target' from command line to 'None'
[0.560s] Level 5:colcon.colcon_core.verb:set package 'sfr_coursework1_interface_package' build argument 'cmake_target_skip_unavailable' from command line to 'False'
[0.560s] Level 5:colcon.colcon_core.verb:set package 'sfr_coursework1_interface_package' build argument 'cmake_clean_cache' from command line to 'False'
[0.560s] Level 5:colcon.colcon_core.verb:set package 'sfr_coursework1_interface_package' build argument 'cmake_clean_first' from command line to 'False'
[0.561s] Level 5:colcon.colcon_core.verb:set package 'sfr_coursework1_interface_package' build argument 'cmake_force_configure' from command line to 'False'
[0.561s] Level 5:colcon.colcon_core.verb:set package 'sfr_coursework1_interface_package' build argument 'ament_cmake_args' from command line to 'None'
[0.561s] Level 5:colcon.colcon_core.verb:set package 'sfr_coursework1_interface_package' build argument 'catkin_cmake_args' from command line to 'None'
[0.561s] Level 5:colcon.colcon_core.verb:set package 'sfr_coursework1_interface_package' build argument 'catkin_skip_building_tests' from command line to 'False'
[0.561s] DEBUG:colcon.colcon_core.verb:Building package 'sfr_coursework1_interface_package' with the following arguments: {'ament_cmake_args': None, 'build_base': '/home/student48/assessments/coursework1/build/sfr_coursework1_interface_package', 'catkin_cmake_args': None, 'catkin_skip_building_tests': False, 'cmake_args': None, 'cmake_clean_cache': False, 'cmake_clean_first': False, 'cmake_force_configure': False, 'cmake_target': None, 'cmake_target_skip_unavailable': False, 'install_base': '/home/student48/assessments/coursework1/install/sfr_coursework1_interface_package', 'merge_install': False, 'path': '/home/student48/assessments/coursework1/src/sfr_coursework1_interface_package', 'symlink_install': False, 'test_result_base': None}
[0.562s] Level 5:colcon.colcon_core.verb:set package 'alpha_warrior_controller_pkg' build argument 'cmake_args' from command line to 'None'
[0.562s] Level 5:colcon.colcon_core.verb:set package 'alpha_warrior_controller_pkg' build argument 'cmake_target' from command line to 'None'
[0.562s] Level 5:colcon.colcon_core.verb:set package 'alpha_warrior_controller_pkg' build argument 'cmake_target_skip_unavailable' from command line to 'False'
[0.562s] Level 5:colcon.colcon_core.verb:set package 'alpha_warrior_controller_pkg' build argument 'cmake_clean_cache' from command line to 'False'
[0.562s] Level 5:colcon.colcon_core.verb:set package 'alpha_warrior_controller_pkg' build argument 'cmake_clean_first' from command line to 'False'
[0.562s] Level 5:colcon.colcon_core.verb:set package 'alpha_warrior_controller_pkg' build argument 'cmake_force_configure' from command line to 'False'
[0.562s] Level 5:colcon.colcon_core.verb:set package 'alpha_warrior_controller_pkg' build argument 'ament_cmake_args' from command line to 'None'
[0.562s] Level 5:colcon.colcon_core.verb:set package 'alpha_warrior_controller_pkg' build argument 'catkin_cmake_args' from command line to 'None'
[0.562s] Level 5:colcon.colcon_core.verb:set package 'alpha_warrior_controller_pkg' build argument 'catkin_skip_building_tests' from command line to 'False'
[0.562s] DEBUG:colcon.colcon_core.verb:Building package 'alpha_warrior_controller_pkg' with the following arguments: {'ament_cmake_args': None, 'build_base': '/home/student48/assessments/coursework1/build/alpha_warrior_controller_pkg', 'catkin_cmake_args': None, 'catkin_skip_building_tests': False, 'cmake_args': None, 'cmake_clean_cache': False, 'cmake_clean_first': False, 'cmake_force_configure': False, 'cmake_target': None, 'cmake_target_skip_unavailable': False, 'install_base': '/home/student48/assessments/coursework1/install/alpha_warrior_controller_pkg', 'merge_install': False, 'path': '/home/student48/assessments/coursework1/src/alpha_warrior_controller_pkg', 'symlink_install': False, 'test_result_base': None}
[0.563s] Level 5:colcon.colcon_core.verb:set package 'alpha_warrior_pkg' build argument 'cmake_args' from command line to 'None'
[0.563s] Level 5:colcon.colcon_core.verb:set package 'alpha_warrior_pkg' build argument 'cmake_target' from command line to 'None'
[0.563s] Level 5:colcon.colcon_core.verb:set package 'alpha_warrior_pkg' build argument 'cmake_target_skip_unavailable' from command line to 'False'
[0.563s] Level 5:colcon.colcon_core.verb:set package 'alpha_warrior_pkg' build argument 'cmake_clean_cache' from command line to 'False'
[0.563s] Level 5:colcon.colcon_core.verb:set package 'alpha_warrior_pkg' build argument 'cmake_clean_first' from command line to 'False'
[0.563s] Level 5:colcon.colcon_core.verb:set package 'alpha_warrior_pkg' build argument 'cmake_force_configure' from command line to 'False'
[0.563s] Level 5:colcon.colcon_core.verb:set package 'alpha_warrior_pkg' build argument 'ament_cmake_args' from command line to 'None'
[0.563s] Level 5:colcon.colcon_core.verb:set package 'alpha_warrior_pkg' build argument 'catkin_cmake_args' from command line to 'None'
[0.563s] Level 5:colcon.colcon_core.verb:set package 'alpha_warrior_pkg' build argument 'catkin_skip_building_tests' from command line to 'False'
[0.563s] DEBUG:colcon.colcon_core.verb:Building package 'alpha_warrior_pkg' with the following arguments: {'ament_cmake_args': None, 'build_base': '/home/student48/assessments/coursework1/build/alpha_warrior_pkg', 'catkin_cmake_args': None, 'catkin_skip_building_tests': False, 'cmake_args': None, 'cmake_clean_cache': False, 'cmake_clean_first': False, 'cmake_force_configure': False, 'cmake_target': None, 'cmake_target_skip_unavailable': False, 'install_base': '/home/student48/assessments/coursework1/install/alpha_warrior_pkg', 'merge_install': False, 'path': '/home/student48/assessments/coursework1/src/alpha_warrior_pkg', 'symlink_install': False, 'test_result_base': None}
[0.564s] Level 5:colcon.colcon_core.verb:set package 'alpha_warrior_launch_pkg' build argument 'cmake_args' from command line to 'None'
[0.564s] Level 5:colcon.colcon_core.verb:set package 'alpha_warrior_launch_pkg' build argument 'cmake_target' from command line to 'None'
[0.564s] Level 5:colcon.colcon_core.verb:set package 'alpha_warrior_launch_pkg' build argument 'cmake_target_skip_unavailable' from command line to 'False'
[0.564s] Level 5:colcon.colcon_core.verb:set package 'alpha_warrior_launch_pkg' build argument 'cmake_clean_cache' from command line to 'False'
[0.564s] Level 5:colcon.colcon_core.verb:set package 'alpha_warrior_launch_pkg' build argument 'cmake_clean_first' from command line to 'False'
[0.564s] Level 5:colcon.colcon_core.verb:set package 'alpha_warrior_launch_pkg' build argument 'cmake_force_configure' from command line to 'False'
[0.564s] Level 5:colcon.colcon_core.verb:set package 'alpha_warrior_launch_pkg' build argument 'ament_cmake_args' from command line to 'None'
[0.564s] Level 5:colcon.colcon_core.verb:set package 'alpha_warrior_launch_pkg' build argument 'catkin_cmake_args' from command line to 'None'
[0.564s] Level 5:colcon.colcon_core.verb:set package 'alpha_warrior_launch_pkg' build argument 'catkin_skip_building_tests' from command line to 'False'
[0.565s] DEBUG:colcon.colcon_core.verb:Building package 'alpha_warrior_launch_pkg' with the following arguments: {'ament_cmake_args': None, 'build_base': '/home/student48/assessments/coursework1/build/alpha_warrior_launch_pkg', 'catkin_cmake_args': None, 'catkin_skip_building_tests': False, 'cmake_args': None, 'cmake_clean_cache': False, 'cmake_clean_first': False, 'cmake_force_configure': False, 'cmake_target': None, 'cmake_target_skip_unavailable': False, 'install_base': '/home/student48/assessments/coursework1/install/alpha_warrior_launch_pkg', 'merge_install': False, 'path': '/home/student48/assessments/coursework1/src/alpha_warrior_launch_pkg', 'symlink_install': False, 'test_result_base': None}
[0.565s] INFO:colcon.colcon_core.executor:Executing jobs using 'parallel' executor
[0.567s] DEBUG:colcon.colcon_parallel_executor.executor.parallel:run_until_complete
[0.567s] INFO:colcon.colcon_ros.task.ament_cmake.build:Building ROS package in '/home/student48/assessments/coursework1/src/sfr_coursework1_interface_package' with build type 'ament_cmake'
[0.567s] INFO:colcon.colcon_cmake.task.cmake.build:Building CMake package in '/home/student48/assessments/coursework1/src/sfr_coursework1_interface_package'
[0.576s] INFO:colcon.colcon_core.plugin_system:Skipping extension 'colcon_core.shell.bat': Not used on non-Windows systems
[0.576s] INFO:colcon.colcon_core.shell:Skip shell extension 'powershell' for command environment: Not usable outside of PowerShell
[0.576s] DEBUG:colcon.colcon_core.shell:Skip shell extension 'dsv' for command environment
[0.604s] DEBUG:colcon.colcon_core.event_handler.log_command:Invoking command in '/home/student48/assessments/coursework1/build/sfr_coursework1_interface_package': CMAKE_PREFIX_PATH=${CMAKE_PREFIX_PATH}:/home/student48/assessments/coursework1/install/alpha_warrior_launch_pkg:/home/student48/assessments/coursework1/install/alpha_warrior_pkg:/home/student48/assessments/coursework1/install/alpha_warrior_controller_pkg:/home/student48/ros2_tutorial_workspace/install/the_simplest_python_packagee:/home/student48/ros2_tutorial_workspace/install/the_simplest_python_package:/home/student48/ros2_tutorial_workspace/install/python_package_with_a_node:/home/student48/ros2_tutorial_workspace/install/python_package_that_uses_the_library:/home/student48/ros2_tutorial_workspace/install/python_package_with_a_library:/home/student48/ros2_tutorial_workspace/install/python_package_that_uses_the_services:/home/student48/ros2_tutorial_workspace/install/python_package_that_uses_the_messages:/home/student48/ros2_tutorial_workspace/install/python_package_that_uses_the_actions:/home/student48/ros2_tutorial_workspace/install/python_package_that_uses_parameters_and_launch_files:/home/student48/ros2_tutorial_workspace/install/my_package:/home/student48/ros2_tutorial_workspace/install/custom_subscriber_package:/home/student48/ros2_tutorial_workspace/install/custom_server_package:/home/student48/ros2_tutorial_workspace/install/custom_publisher_package:/home/student48/ros2_tutorial_workspace/install/custom_package_with_node:/home/student48/ros2_tutorial_workspace/install/custom_package_with_library:/home/student48/ros2_tutorial_workspace/install/custom_client_package:/home/student48/ros2_tutorial_workspace/install/custom_action_server_package:/home/student48/ros2_tutorial_workspace/install/custom_action_client_package:/home/student48/ros2_tutorial_workspace/install/another_package:/home/student48/assessments/week4/src/install/volkswagen:/home/student48/assessments/week4/src/install/building:/opt/ros/jazzy DEBUGINFOD_URLS=https://debuginfod.ubuntu.com /usr/bin/cmake --build /home/student48/assessments/coursework1/build/sfr_coursework1_interface_package -- -j12 -l12
[1.594s] DEBUG:colcon.colcon_core.event_handler.log_command:Invoked command in '/home/student48/assessments/coursework1/build/sfr_coursework1_interface_package' returned '0': CMAKE_PREFIX_PATH=${CMAKE_PREFIX_PATH}:/home/student48/assessments/coursework1/install/alpha_warrior_launch_pkg:/home/student48/assessments/coursework1/install/alpha_warrior_pkg:/home/student48/assessments/coursework1/install/alpha_warrior_controller_pkg:/home/student48/ros2_tutorial_workspace/install/the_simplest_python_packagee:/home/student48/ros2_tutorial_workspace/install/the_simplest_python_package:/home/student48/ros2_tutorial_workspace/install/python_package_with_a_node:/home/student48/ros2_tutorial_workspace/install/python_package_that_uses_the_library:/home/student48/ros2_tutorial_workspace/install/python_package_with_a_library:/home/student48/ros2_tutorial_workspace/install/python_package_that_uses_the_services:/home/student48/ros2_tutorial_workspace/install/python_package_that_uses_the_messages:/home/student48/ros2_tutorial_workspace/install/python_package_that_uses_the_actions:/home/student48/ros2_tutorial_workspace/install/python_package_that_uses_parameters_and_launch_files:/home/student48/ros2_tutorial_workspace/install/my_package:/home/student48/ros2_tutorial_workspace/install/custom_subscriber_package:/home/student48/ros2_tutorial_workspace/install/custom_server_package:/home/student48/ros2_tutorial_workspace/install/custom_publisher_package:/home/student48/ros2_tutorial_workspace/install/custom_package_with_node:/home/student48/ros2_tutorial_workspace/install/custom_package_with_library:/home/student48/ros2_tutorial_workspace/install/custom_client_package:/home/student48/ros2_tutorial_workspace/install/custom_action_server_package:/home/student48/ros2_tutorial_workspace/install/custom_action_client_package:/home/student48/ros2_tutorial_workspace/install/another_package:/home/student48/assessments/week4/src/install/volkswagen:/home/student48/assessments/week4/src/install/building:/opt/ros/jazzy DEBUGINFOD_URLS=https://debuginfod.ubuntu.com /usr/bin/cmake --build /home/student48/assessments/coursework1/build/sfr_coursework1_interface_package -- -j12 -l12
[1.612s] DEBUG:colcon.colcon_core.event_handler.log_command:Invoking command in '/home/student48/assessments/coursework1/build/sfr_coursework1_interface_package': CMAKE_PREFIX_PATH=${CMAKE_PREFIX_PATH}:/home/student48/assessments/coursework1/install/alpha_warrior_launch_pkg:/home/student48/assessments/coursework1/install/alpha_warrior_pkg:/home/student48/assessments/coursework1/install/alpha_warrior_controller_pkg:/home/student48/ros2_tutorial_workspace/install/the_simplest_python_packagee:/home/student48/ros2_tutorial_workspace/install/the_simplest_python_package:/home/student48/ros2_tutorial_workspace/install/python_package_with_a_node:/home/student48/ros2_tutorial_workspace/install/python_package_that_uses_the_library:/home/student48/ros2_tutorial_workspace/install/python_package_with_a_library:/home/student48/ros2_tutorial_workspace/install/python_package_that_uses_the_services:/home/student48/ros2_tutorial_workspace/install/python_package_that_uses_the_messages:/home/student48/ros2_tutorial_workspace/install/python_package_that_uses_the_actions:/home/student48/ros2_tutorial_workspace/install/python_package_that_uses_parameters_and_launch_files:/home/student48/ros2_tutorial_workspace/install/my_package:/home/student48/ros2_tutorial_workspace/install/custom_subscriber_package:/home/student48/ros2_tutorial_workspace/install/custom_server_package:/home/student48/ros2_tutorial_workspace/install/custom_publisher_package:/home/student48/ros2_tutorial_workspace/install/custom_package_with_node:/home/student48/ros2_tutorial_workspace/install/custom_package_with_library:/home/student48/ros2_tutorial_workspace/install/custom_client_package:/home/student48/ros2_tutorial_workspace/install/custom_action_server_package:/home/student48/ros2_tutorial_workspace/install/custom_action_client_package:/home/student48/ros2_tutorial_workspace/install/another_package:/home/student48/assessments/week4/src/install/volkswagen:/home/student48/assessments/week4/src/install/building:/opt/ros/jazzy DEBUGINFOD_URLS=https://debuginfod.ubuntu.com /usr/bin/cmake --install /home/student48/assessments/coursework1/build/sfr_coursework1_interface_package
[1.746s] Level 1:colcon.colcon_core.environment:create_environment_scripts_only(sfr_coursework1_interface_package)
[1.747s] DEBUG:colcon.colcon_core.event_handler.log_command:Invoked command in '/home/student48/assessments/coursework1/build/sfr_coursework1_interface_package' returned '0': CMAKE_PREFIX_PATH=${CMAKE_PREFIX_PATH}:/home/student48/assessments/coursework1/install/alpha_warrior_launch_pkg:/home/student48/assessments/coursework1/install/alpha_warrior_pkg:/home/student48/assessments/coursework1/install/alpha_warrior_controller_pkg:/home/student48/ros2_tutorial_workspace/install/the_simplest_python_packagee:/home/student48/ros2_tutorial_workspace/install/the_simplest_python_package:/home/student48/ros2_tutorial_workspace/install/python_package_with_a_node:/home/student48/ros2_tutorial_workspace/install/python_package_that_uses_the_library:/home/student48/ros2_tutorial_workspace/install/python_package_with_a_library:/home/student48/ros2_tutorial_workspace/install/python_package_that_uses_the_services:/home/student48/ros2_tutorial_workspace/install/python_package_that_uses_the_messages:/home/student48/ros2_tutorial_workspace/install/python_package_that_uses_the_actions:/home/student48/ros2_tutorial_workspace/install/python_package_that_uses_parameters_and_launch_files:/home/student48/ros2_tutorial_workspace/install/my_package:/home/student48/ros2_tutorial_workspace/install/custom_subscriber_package:/home/student48/ros2_tutorial_workspace/install/custom_server_package:/home/student48/ros2_tutorial_workspace/install/custom_publisher_package:/home/student48/ros2_tutorial_workspace/install/custom_package_with_node:/home/student48/ros2_tutorial_workspace/install/custom_package_with_library:/home/student48/ros2_tutorial_workspace/install/custom_client_package:/home/student48/ros2_tutorial_workspace/install/custom_action_server_package:/home/student48/ros2_tutorial_workspace/install/custom_action_client_package:/home/student48/ros2_tutorial_workspace/install/another_package:/home/student48/assessments/week4/src/install/volkswagen:/home/student48/assessments/week4/src/install/building:/opt/ros/jazzy DEBUGINFOD_URLS=https://debuginfod.ubuntu.com /usr/bin/cmake --install /home/student48/assessments/coursework1/build/sfr_coursework1_interface_package
[1.750s] Level 1:colcon.colcon_core.environment:checking '/home/student48/assessments/coursework1/install/sfr_coursework1_interface_package' for CMake module files
[1.751s] Level 1:colcon.colcon_core.environment:checking '/home/student48/assessments/coursework1/install/sfr_coursework1_interface_package' for CMake config files
[1.751s] Level 1:colcon.colcon_core.shell:create_environment_hook('sfr_coursework1_interface_package', 'cmake_prefix_path')
[1.752s] INFO:colcon.colcon_core.shell:Creating environment hook '/home/student48/assessments/coursework1/install/sfr_coursework1_interface_package/share/sfr_coursework1_interface_package/hook/cmake_prefix_path.ps1'
[1.752s] INFO:colcon.colcon_core.shell:Creating environment descriptor '/home/student48/assessments/coursework1/install/sfr_coursework1_interface_package/share/sfr_coursework1_interface_package/hook/cmake_prefix_path.dsv'
[1.753s] INFO:colcon.colcon_core.shell:Creating environment hook '/home/student48/assessments/coursework1/install/sfr_coursework1_interface_package/share/sfr_coursework1_interface_package/hook/cmake_prefix_path.sh'
[1.754s] Level 1:colcon.colcon_core.environment:checking '/home/student48/assessments/coursework1/install/sfr_coursework1_interface_package/lib'
[1.754s] Level 1:colcon.colcon_core.shell:create_environment_hook('sfr_coursework1_interface_package', 'ld_library_path_lib')
[1.755s] INFO:colcon.colcon_core.shell:Creating environment hook '/home/student48/assessments/coursework1/install/sfr_coursework1_interface_package/share/sfr_coursework1_interface_package/hook/ld_library_path_lib.ps1'
[1.755s] INFO:colcon.colcon_core.shell:Creating environment descriptor '/home/student48/assessments/coursework1/install/sfr_coursework1_interface_package/share/sfr_coursework1_interface_package/hook/ld_library_path_lib.dsv'
[1.756s] INFO:colcon.colcon_core.shell:Creating environment hook '/home/student48/assessments/coursework1/install/sfr_coursework1_interface_package/share/sfr_coursework1_interface_package/hook/ld_library_path_lib.sh'
[1.756s] Level 1:colcon.colcon_core.environment:checking '/home/student48/assessments/coursework1/install/sfr_coursework1_interface_package/bin'
[1.756s] Level 1:colcon.colcon_core.environment:checking '/home/student48/assessments/coursework1/install/sfr_coursework1_interface_package/lib/pkgconfig/sfr_coursework1_interface_package.pc'
[1.757s] Level 1:colcon.colcon_core.environment:checking '/home/student48/assessments/coursework1/install/sfr_coursework1_interface_package/lib/python3.12/site-packages'
[1.757s] Level 1:colcon.colcon_core.shell:create_environment_hook('sfr_coursework1_interface_package', 'pythonpath')
[1.757s] INFO:colcon.colcon_core.shell:Creating environment hook '/home/student48/assessments/coursework1/install/sfr_coursework1_interface_package/share/sfr_coursework1_interface_package/hook/pythonpath.ps1'
[1.758s] INFO:colcon.colcon_core.shell:Creating environment descriptor '/home/student48/assessments/coursework1/install/sfr_coursework1_interface_package/share/sfr_coursework1_interface_package/hook/pythonpath.dsv'
[1.758s] INFO:colcon.colcon_core.shell:Creating environment hook '/home/student48/assessments/coursework1/install/sfr_coursework1_interface_package/share/sfr_coursework1_interface_package/hook/pythonpath.sh'
[1.759s] Level 1:colcon.colcon_core.environment:checking '/home/student48/assessments/coursework1/install/sfr_coursework1_interface_package/bin'
[1.759s] INFO:colcon.colcon_core.shell:Creating package script '/home/student48/assessments/coursework1/install/sfr_coursework1_interface_package/share/sfr_coursework1_interface_package/package.ps1'
[1.760s] INFO:colcon.colcon_core.shell:Creating package descriptor '/home/student48/assessments/coursework1/install/sfr_coursework1_interface_package/share/sfr_coursework1_interface_package/package.dsv'
[1.761s] INFO:colcon.colcon_core.shell:Creating package script '/home/student48/assessments/coursework1/install/sfr_coursework1_interface_package/share/sfr_coursework1_interface_package/package.sh'
[1.762s] INFO:colcon.colcon_core.shell:Creating package script '/home/student48/assessments/coursework1/install/sfr_coursework1_interface_package/share/sfr_coursework1_interface_package/package.bash'
[1.762s] INFO:colcon.colcon_core.shell:Creating package script '/home/student48/assessments/coursework1/install/sfr_coursework1_interface_package/share/sfr_coursework1_interface_package/package.zsh'
[1.763s] Level 1:colcon.colcon_core.environment:create_file_with_runtime_dependencies(/home/student48/assessments/coursework1/install/sfr_coursework1_interface_package/share/colcon-core/packages/sfr_coursework1_interface_package)
[1.764s] Level 1:colcon.colcon_core.environment:create_environment_scripts_only(sfr_coursework1_interface_package)
[1.764s] Level 1:colcon.colcon_core.environment:checking '/home/student48/assessments/coursework1/install/sfr_coursework1_interface_package' for CMake module files
[1.765s] Level 1:colcon.colcon_core.environment:checking '/home/student48/assessments/coursework1/install/sfr_coursework1_interface_package' for CMake config files
[1.765s] Level 1:colcon.colcon_core.shell:create_environment_hook('sfr_coursework1_interface_package', 'cmake_prefix_path')
[1.766s] INFO:colcon.colcon_core.shell:Creating environment hook '/home/student48/assessments/coursework1/install/sfr_coursework1_interface_package/share/sfr_coursework1_interface_package/hook/cmake_prefix_path.ps1'
[1.766s] INFO:colcon.colcon_core.shell:Creating environment descriptor '/home/student48/assessments/coursework1/install/sfr_coursework1_interface_package/share/sfr_coursework1_interface_package/hook/cmake_prefix_path.dsv'
[1.766s] INFO:colcon.colcon_core.shell:Creating environment hook '/home/student48/assessments/coursework1/install/sfr_coursework1_interface_package/share/sfr_coursework1_interface_package/hook/cmake_prefix_path.sh'
[1.767s] Level 1:colcon.colcon_core.environment:checking '/home/student48/assessments/coursework1/install/sfr_coursework1_interface_package/lib'
[1.767s] Level 1:colcon.colcon_core.shell:create_environment_hook('sfr_coursework1_interface_package', 'ld_library_path_lib')
[1.768s] INFO:colcon.colcon_core.shell:Creating environment hook '/home/student48/assessments/coursework1/install/sfr_coursework1_interface_package/share/sfr_coursework1_interface_package/hook/ld_library_path_lib.ps1'
[1.768s] INFO:colcon.colcon_core.shell:Creating environment descriptor '/home/student48/assessments/coursework1/install/sfr_coursework1_interface_package/share/sfr_coursework1_interface_package/hook/ld_library_path_lib.dsv'
[1.769s] INFO:colcon.colcon_core.shell:Creating environment hook '/home/student48/assessments/coursework1/install/sfr_coursework1_interface_package/share/sfr_coursework1_interface_package/hook/ld_library_path_lib.sh'
[1.769s] Level 1:colcon.colcon_core.environment:checking '/home/student48/assessments/coursework1/install/sfr_coursework1_interface_package/bin'
[1.769s] Level 1:colcon.colcon_core.environment:checking '/home/student48/assessments/coursework1/install/sfr_coursework1_interface_package/lib/pkgconfig/sfr_coursework1_interface_package.pc'
[1.769s] Level 1:colcon.colcon_core.environment:checking '/home/student48/assessments/coursework1/install/sfr_coursework1_interface_package/lib/python3.12/site-packages'
[1.770s] Level 1:colcon.colcon_core.shell:create_environment_hook('sfr_coursework1_interface_package', 'pythonpath')
[1.770s] INFO:colcon.colcon_core.shell:Creating environment hook '/home/student48/assessments/coursework1/install/sfr_coursework1_interface_package/share/sfr_coursework1_interface_package/hook/pythonpath.ps1'
[1.771s] INFO:colcon.colcon_core.shell:Creating environment descriptor '/home/student48/assessments/coursework1/install/sfr_coursework1_interface_package/share/sfr_coursework1_interface_package/hook/pythonpath.dsv'
[1.771s] INFO:colcon.colcon_core.shell:Creating environment hook '/home/student48/assessments/coursework1/install/sfr_coursework1_interface_package/share/sfr_coursework1_interface_package/hook/pythonpath.sh'
[1.772s] Level 1:colcon.colcon_core.environment:checking '/home/student48/assessments/coursework1/install/sfr_coursework1_interface_package/bin'
[1.772s] INFO:colcon.colcon_core.shell:Creating package script '/home/student48/assessments/coursework1/install/sfr_coursework1_interface_package/share/sfr_coursework1_interface_package/package.ps1'
[1.773s] INFO:colcon.colcon_core.shell:Creating package descriptor '/home/student48/assessments/coursework1/install/sfr_coursework1_interface_package/share/sfr_coursework1_interface_package/package.dsv'
[1.774s] INFO:colcon.colcon_core.shell:Creating package script '/home/student48/assessments/coursework1/install/sfr_coursework1_interface_package/share/sfr_coursework1_interface_package/package.sh'
[1.775s] INFO:colcon.colcon_core.shell:Creating package script '/home/student48/assessments/coursework1/install/sfr_coursework1_interface_package/share/sfr_coursework1_interface_package/package.bash'
[1.775s] INFO:colcon.colcon_core.shell:Creating package script '/home/student48/assessments/coursework1/install/sfr_coursework1_interface_package/share/sfr_coursework1_interface_package/package.zsh'
[1.776s] Level 1:colcon.colcon_core.environment:create_file_with_runtime_dependencies(/home/student48/assessments/coursework1/install/sfr_coursework1_interface_package/share/colcon-core/packages/sfr_coursework1_interface_package)
[1.777s] INFO:colcon.colcon_ros.task.ament_python.build:Building ROS package in '/home/student48/assessments/coursework1/src/alpha_warrior_controller_pkg' with build type 'ament_python'
[1.777s] Level 1:colcon.colcon_core.shell:create_environment_hook('alpha_warrior_controller_pkg', 'ament_prefix_path')
[1.777s] INFO:colcon.colcon_core.shell:Creating environment hook '/home/student48/assessments/coursework1/install/alpha_warrior_controller_pkg/share/alpha_warrior_controller_pkg/hook/ament_prefix_path.ps1'
[1.778s] INFO:colcon.colcon_core.shell:Creating environment descriptor '/home/student48/assessments/coursework1/install/alpha_warrior_controller_pkg/share/alpha_warrior_controller_pkg/hook/ament_prefix_path.dsv'
[1.779s] INFO:colcon.colcon_core.shell:Creating environment hook '/home/student48/assessments/coursework1/install/alpha_warrior_controller_pkg/share/alpha_warrior_controller_pkg/hook/ament_prefix_path.sh'
[1.780s] INFO:colcon.colcon_core.shell:Skip shell extension 'powershell' for command environment: Not usable outside of PowerShell
[1.780s] DEBUG:colcon.colcon_core.shell:Skip shell extension 'dsv' for command environment
[1.784s] INFO:colcon.colcon_ros.task.ament_python.build:Building ROS package in '/home/student48/assessments/coursework1/src/alpha_warrior_pkg' with build type 'ament_python'
[1.784s] Level 1:colcon.colcon_core.shell:create_environment_hook('alpha_warrior_pkg', 'ament_prefix_path')
[1.785s] INFO:colcon.colcon_core.shell:Creating environment hook '/home/student48/assessments/coursework1/install/alpha_warrior_pkg/share/alpha_warrior_pkg/hook/ament_prefix_path.ps1'
[1.785s] INFO:colcon.colcon_core.shell:Creating environment descriptor '/home/student48/assessments/coursework1/install/alpha_warrior_pkg/share/alpha_warrior_pkg/hook/ament_prefix_path.dsv'
[1.786s] INFO:colcon.colcon_core.shell:Creating environment hook '/home/student48/assessments/coursework1/install/alpha_warrior_pkg/share/alpha_warrior_pkg/hook/ament_prefix_path.sh'
[1.786s] INFO:colcon.colcon_core.shell:Skip shell extension 'powershell' for command environment: Not usable outside of PowerShell
[1.786s] DEBUG:colcon.colcon_core.shell:Skip shell extension 'dsv' for command environment
[2.172s] INFO:colcon.colcon_core.task.python.build:Building Python package in '/home/student48/assessments/coursework1/src/alpha_warrior_controller_pkg'
[2.173s] INFO:colcon.colcon_core.shell:Skip shell extension 'powershell' for command environment: Not usable outside of PowerShell
[2.173s] DEBUG:colcon.colcon_core.shell:Skip shell extension 'dsv' for command environment
[2.547s] INFO:colcon.colcon_core.task.python.build:Building Python package in '/home/student48/assessments/coursework1/src/alpha_warrior_pkg'
[2.547s] INFO:colcon.colcon_core.shell:Skip shell extension 'powershell' for command environment: Not usable outside of PowerShell
[2.547s] DEBUG:colcon.colcon_core.shell:Skip shell extension 'dsv' for command environment
[3.586s] DEBUG:colcon.colcon_core.event_handler.log_command:Invoking command in '/home/student48/assessments/coursework1/src/alpha_warrior_controller_pkg': DEBUGINFOD_URLS=https://debuginfod.ubuntu.com PYTHONPATH=/home/student48/assessments/coursework1/build/alpha_warrior_controller_pkg/prefix_override:/usr/lib/python3/dist-packages/colcon_core/task/python/colcon_distutils_commands:/home/student48/assessments/coursework1/install/alpha_warrior_controller_pkg/lib/python3.12/site-packages:/home/student48/assessments/coursework1/install/sfr_coursework1_interface_package/lib/python3.12/site-packages:/home/student48/assessments/coursework1/install/alpha_warrior_launch_pkg/lib/python3.12/site-packages:/home/student48/assessments/coursework1/install/alpha_warrior_pkg/lib/python3.12/site-packages:/home/student48/assessments/coursework1/install/alpha_warrior_controller_pkg/lib/python3.12/site-packages:/home/student48/ros2_tutorial_workspace/install/the_simplest_python_packagee/lib/python3.12/site-packages:/home/student48/ros2_tutorial_workspace/install/the_simplest_python_package/lib/python3.12/site-packages:/home/student48/ros2_tutorial_workspace/install/python_package_with_a_node/lib/python3.12/site-packages:/home/student48/ros2_tutorial_workspace/install/python_package_that_uses_the_library/lib/python3.12/site-packages:/home/student48/ros2_tutorial_workspace/install/python_package_with_a_library/lib/python3.12/site-packages:/home/student48/ros2_tutorial_workspace/install/python_package_that_uses_the_services/lib/python3.12/site-packages:/home/student48/ros2_tutorial_workspace/install/python_package_that_uses_the_messages/lib/python3.12/site-packages:/home/student48/ros2_tutorial_workspace/install/python_package_that_uses_the_actions/lib/python3.12/site-packages:/home/student48/ros2_tutorial_workspace/install/python_package_that_uses_parameters_and_launch_files/lib/python3.12/site-packages:/home/student48/ros2_tutorial_workspace/install/package_with_interfaces/lib/python3.12/site-packages:/home/student48/ros2_tutorial_workspace/install/my_package/lib/python3.12/site-packages:/home/student48/ros2_tutorial_workspace/install/custom_subscriber_package/lib/python3.12/site-packages:/home/student48/ros2_tutorial_workspace/install/custom_server_package/lib/python3.12/site-packages:/home/student48/ros2_tutorial_workspace/install/custom_publisher_package/lib/python3.12/site-packages:/home/student48/ros2_tutorial_workspace/install/custom_package_with_node/lib/python3.12/site-packages:/home/student48/ros2_tutorial_workspace/install/custom_package_with_library/lib/python3.12/site-packages:/home/student48/ros2_tutorial_workspace/install/custom_client_package/lib/python3.12/site-packages:/home/student48/ros2_tutorial_workspace/install/custom_action_server_package/lib/python3.12/site-packages:/home/student48/ros2_tutorial_workspace/install/custom_action_client_package/lib/python3.12/site-packages:/home/student48/ros2_tutorial_workspace/install/another_package/lib/python3.12/site-packages:/home/student48/assessments/week4/src/install/volkswagen/lib/python3.12/site-packages:/home/student48/assessments/week4/src/install/building/lib/python3.12/site-packages:/opt/ros/jazzy/lib/python3.12/site-packages /usr/bin/python3 -W ignore:setup.py install is deprecated -W ignore:easy_install command is deprecated setup.py egg_info --egg-base ../../build/alpha_warrior_controller_pkg build --build-base /home/student48/assessments/coursework1/build/alpha_warrior_controller_pkg/build install --record /home/student48/assessments/coursework1/build/alpha_warrior_controller_pkg/install.log --single-version-externally-managed install_data
[3.661s] DEBUG:colcon.colcon_core.event_handler.log_command:Invoking command in '/home/student48/assessments/coursework1/src/alpha_warrior_pkg': DEBUGINFOD_URLS=https://debuginfod.ubuntu.com PYTHONPATH=/home/student48/assessments/coursework1/build/alpha_warrior_pkg/prefix_override:/usr/lib/python3/dist-packages/colcon_core/task/python/colcon_distutils_commands:/home/student48/assessments/coursework1/install/alpha_warrior_pkg/lib/python3.12/site-packages:/home/student48/assessments/coursework1/install/sfr_coursework1_interface_package/lib/python3.12/site-packages:/home/student48/assessments/coursework1/install/alpha_warrior_launch_pkg/lib/python3.12/site-packages:/home/student48/assessments/coursework1/install/alpha_warrior_pkg/lib/python3.12/site-packages:/home/student48/assessments/coursework1/install/alpha_warrior_controller_pkg/lib/python3.12/site-packages:/home/student48/ros2_tutorial_workspace/install/the_simplest_python_packagee/lib/python3.12/site-packages:/home/student48/ros2_tutorial_workspace/install/the_simplest_python_package/lib/python3.12/site-packages:/home/student48/ros2_tutorial_workspace/install/python_package_with_a_node/lib/python3.12/site-packages:/home/student48/ros2_tutorial_workspace/install/python_package_that_uses_the_library/lib/python3.12/site-packages:/home/student48/ros2_tutorial_workspace/install/python_package_with_a_library/lib/python3.12/site-packages:/home/student48/ros2_tutorial_workspace/install/python_package_that_uses_the_services/lib/python3.12/site-packages:/home/student48/ros2_tutorial_workspace/install/python_package_that_uses_the_messages/lib/python3.12/site-packages:/home/student48/ros2_tutorial_workspace/install/python_package_that_uses_the_actions/lib/python3.12/site-packages:/home/student48/ros2_tutorial_workspace/install/python_package_that_uses_parameters_and_launch_files/lib/python3.12/site-packages:/home/student48/ros2_tutorial_workspace/install/package_with_interfaces/lib/python3.12/site-packages:/home/student48/ros2_tutorial_workspace/install/my_package/lib/python3.12/site-packages:/home/student48/ros2_tutorial_workspace/install/custom_subscriber_package/lib/python3.12/site-packages:/home/student48/ros2_tutorial_workspace/install/custom_server_package/lib/python3.12/site-packages:/home/student48/ros2_tutorial_workspace/install/custom_publisher_package/lib/python3.12/site-packages:/home/student48/ros2_tutorial_workspace/install/custom_package_with_node/lib/python3.12/site-packages:/home/student48/ros2_tutorial_workspace/install/custom_package_with_library/lib/python3.12/site-packages:/home/student48/ros2_tutorial_workspace/install/custom_client_package/lib/python3.12/site-packages:/home/student48/ros2_tutorial_workspace/install/custom_action_server_package/lib/python3.12/site-packages:/home/student48/ros2_tutorial_workspace/install/custom_action_client_package/lib/python3.12/site-packages:/home/student48/ros2_tutorial_workspace/install/another_package/lib/python3.12/site-packages:/home/student48/assessments/week4/src/install/volkswagen/lib/python3.12/site-packages:/home/student48/assessments/week4/src/install/building/lib/python3.12/site-packages:/opt/ros/jazzy/lib/python3.12/site-packages /usr/bin/python3 -W ignore:setup.py install is deprecated -W ignore:easy_install command is deprecated setup.py egg_info --egg-base ../../build/alpha_warrior_pkg build --build-base /home/student48/assessments/coursework1/build/alpha_warrior_pkg/build install --record /home/student48/assessments/coursework1/build/alpha_warrior_pkg/install.log --single-version-externally-managed install_data
[4.519s] Level 1:colcon.colcon_core.environment:checking '/home/student48/assessments/coursework1/install/alpha_warrior_controller_pkg' for CMake module files
[4.520s] DEBUG:colcon.colcon_core.event_handler.log_command:Invoked command in '/home/student48/assessments/coursework1/src/alpha_warrior_controller_pkg' returned '0': DEBUGINFOD_URLS=https://debuginfod.ubuntu.com PYTHONPATH=/home/student48/assessments/coursework1/build/alpha_warrior_controller_pkg/prefix_override:/usr/lib/python3/dist-packages/colcon_core/task/python/colcon_distutils_commands:/home/student48/assessments/coursework1/install/alpha_warrior_controller_pkg/lib/python3.12/site-packages:/home/student48/assessments/coursework1/install/sfr_coursework1_interface_package/lib/python3.12/site-packages:/home/student48/assessments/coursework1/install/alpha_warrior_launch_pkg/lib/python3.12/site-packages:/home/student48/assessments/coursework1/install/alpha_warrior_pkg/lib/python3.12/site-packages:/home/student48/assessments/coursework1/install/alpha_warrior_controller_pkg/lib/python3.12/site-packages:/home/student48/ros2_tutorial_workspace/install/the_simplest_python_packagee/lib/python3.12/site-packages:/home/student48/ros2_tutorial_workspace/install/the_simplest_python_package/lib/python3.12/site-packages:/home/student48/ros2_tutorial_workspace/install/python_package_with_a_node/lib/python3.12/site-packages:/home/student48/ros2_tutorial_workspace/install/python_package_that_uses_the_library/lib/python3.12/site-packages:/home/student48/ros2_tutorial_workspace/install/python_package_with_a_library/lib/python3.12/site-packages:/home/student48/ros2_tutorial_workspace/install/python_package_that_uses_the_services/lib/python3.12/site-packages:/home/student48/ros2_tutorial_workspace/install/python_package_that_uses_the_messages/lib/python3.12/site-packages:/home/student48/ros2_tutorial_workspace/install/python_package_that_uses_the_actions/lib/python3.12/site-packages:/home/student48/ros2_tutorial_workspace/install/python_package_that_uses_parameters_and_launch_files/lib/python3.12/site-packages:/home/student48/ros2_tutorial_workspace/install/package_with_interfaces/lib/python3.12/site-packages:/home/student48/ros2_tutorial_workspace/install/my_package/lib/python3.12/site-packages:/home/student48/ros2_tutorial_workspace/install/custom_subscriber_package/lib/python3.12/site-packages:/home/student48/ros2_tutorial_workspace/install/custom_server_package/lib/python3.12/site-packages:/home/student48/ros2_tutorial_workspace/install/custom_publisher_package/lib/python3.12/site-packages:/home/student48/ros2_tutorial_workspace/install/custom_package_with_node/lib/python3.12/site-packages:/home/student48/ros2_tutorial_workspace/install/custom_package_with_library/lib/python3.12/site-packages:/home/student48/ros2_tutorial_workspace/install/custom_client_package/lib/python3.12/site-packages:/home/student48/ros2_tutorial_workspace/install/custom_action_server_package/lib/python3.12/site-packages:/home/student48/ros2_tutorial_workspace/install/custom_action_client_package/lib/python3.12/site-packages:/home/student48/ros2_tutorial_workspace/install/another_package/lib/python3.12/site-packages:/home/student48/assessments/week4/src/install/volkswagen/lib/python3.12/site-packages:/home/student48/assessments/week4/src/install/building/lib/python3.12/site-packages:/opt/ros/jazzy/lib/python3.12/site-packages /usr/bin/python3 -W ignore:setup.py install is deprecated -W ignore:easy_install command is deprecated setup.py egg_info --egg-base ../../build/alpha_warrior_controller_pkg build --build-base /home/student48/assessments/coursework1/build/alpha_warrior_controller_pkg/build install --record /home/student48/assessments/coursework1/build/alpha_warrior_controller_pkg/install.log --single-version-externally-managed install_data
[4.520s] Level 1:colcon.colcon_core.environment:checking '/home/student48/assessments/coursework1/install/alpha_warrior_controller_pkg' for CMake config files
[4.521s] Level 1:colcon.colcon_core.environment:checking '/home/student48/assessments/coursework1/install/alpha_warrior_controller_pkg/lib'
[4.521s] Level 1:colcon.colcon_core.environment:checking '/home/student48/assessments/coursework1/install/alpha_warrior_controller_pkg/bin'
[4.521s] Level 1:colcon.colcon_core.environment:checking '/home/student48/assessments/coursework1/install/alpha_warrior_controller_pkg/lib/pkgconfig/alpha_warrior_controller_pkg.pc'
[4.522s] Level 1:colcon.colcon_core.environment:checking '/home/student48/assessments/coursework1/install/alpha_warrior_controller_pkg/lib/python3.12/site-packages'
[4.522s] Level 1:colcon.colcon_core.shell:create_environment_hook('alpha_warrior_controller_pkg', 'pythonpath')
[4.522s] INFO:colcon.colcon_core.shell:Creating environment hook '/home/student48/assessments/coursework1/install/alpha_warrior_controller_pkg/share/alpha_warrior_controller_pkg/hook/pythonpath.ps1'
[4.523s] INFO:colcon.colcon_core.shell:Creating environment descriptor '/home/student48/assessments/coursework1/install/alpha_warrior_controller_pkg/share/alpha_warrior_controller_pkg/hook/pythonpath.dsv'
[4.524s] INFO:colcon.colcon_core.shell:Creating environment hook '/home/student48/assessments/coursework1/install/alpha_warrior_controller_pkg/share/alpha_warrior_controller_pkg/hook/pythonpath.sh'
[4.525s] Level 1:colcon.colcon_core.environment:checking '/home/student48/assessments/coursework1/install/alpha_warrior_controller_pkg/bin'
[4.525s] Level 1:colcon.colcon_core.environment:create_environment_scripts_only(alpha_warrior_controller_pkg)
[4.526s] INFO:colcon.colcon_core.shell:Creating package script '/home/student48/assessments/coursework1/install/alpha_warrior_controller_pkg/share/alpha_warrior_controller_pkg/package.ps1'
[4.527s] INFO:colcon.colcon_core.shell:Creating package descriptor '/home/student48/assessments/coursework1/install/alpha_warrior_controller_pkg/share/alpha_warrior_controller_pkg/package.dsv'
[4.529s] INFO:colcon.colcon_core.shell:Creating package script '/home/student48/assessments/coursework1/install/alpha_warrior_controller_pkg/share/alpha_warrior_controller_pkg/package.sh'
[4.531s] INFO:colcon.colcon_core.shell:Creating package script '/home/student48/assessments/coursework1/install/alpha_warrior_controller_pkg/share/alpha_warrior_controller_pkg/package.bash'
[4.532s] INFO:colcon.colcon_core.shell:Creating package script '/home/student48/assessments/coursework1/install/alpha_warrior_controller_pkg/share/alpha_warrior_controller_pkg/package.zsh'
[4.533s] Level 1:colcon.colcon_core.environment:create_file_with_runtime_dependencies(/home/student48/assessments/coursework1/install/alpha_warrior_controller_pkg/share/colcon-core/packages/alpha_warrior_controller_pkg)
[4.574s] Level 1:colcon.colcon_core.environment:checking '/home/student48/assessments/coursework1/install/alpha_warrior_pkg' for CMake module files
[4.575s] DEBUG:colcon.colcon_core.event_handler.log_command:Invoked command in '/home/student48/assessments/coursework1/src/alpha_warrior_pkg' returned '0': DEBUGINFOD_URLS=https://debuginfod.ubuntu.com PYTHONPATH=/home/student48/assessments/coursework1/build/alpha_warrior_pkg/prefix_override:/usr/lib/python3/dist-packages/colcon_core/task/python/colcon_distutils_commands:/home/student48/assessments/coursework1/install/alpha_warrior_pkg/lib/python3.12/site-packages:/home/student48/assessments/coursework1/install/sfr_coursework1_interface_package/lib/python3.12/site-packages:/home/student48/assessments/coursework1/install/alpha_warrior_launch_pkg/lib/python3.12/site-packages:/home/student48/assessments/coursework1/install/alpha_warrior_pkg/lib/python3.12/site-packages:/home/student48/assessments/coursework1/install/alpha_warrior_controller_pkg/lib/python3.12/site-packages:/home/student48/ros2_tutorial_workspace/install/the_simplest_python_packagee/lib/python3.12/site-packages:/home/student48/ros2_tutorial_workspace/install/the_simplest_python_package/lib/python3.12/site-packages:/home/student48/ros2_tutorial_workspace/install/python_package_with_a_node/lib/python3.12/site-packages:/home/student48/ros2_tutorial_workspace/install/python_package_that_uses_the_library/lib/python3.12/site-packages:/home/student48/ros2_tutorial_workspace/install/python_package_with_a_library/lib/python3.12/site-packages:/home/student48/ros2_tutorial_workspace/install/python_package_that_uses_the_services/lib/python3.12/site-packages:/home/student48/ros2_tutorial_workspace/install/python_package_that_uses_the_messages/lib/python3.12/site-packages:/home/student48/ros2_tutorial_workspace/install/python_package_that_uses_the_actions/lib/python3.12/site-packages:/home/student48/ros2_tutorial_workspace/install/python_package_that_uses_parameters_and_launch_files/lib/python3.12/site-packages:/home/student48/ros2_tutorial_workspace/install/package_with_interfaces/lib/python3.12/site-packages:/home/student48/ros2_tutorial_workspace/install/my_package/lib/python3.12/site-packages:/home/student48/ros2_tutorial_workspace/install/custom_subscriber_package/lib/python3.12/site-packages:/home/student48/ros2_tutorial_workspace/install/custom_server_package/lib/python3.12/site-packages:/home/student48/ros2_tutorial_workspace/install/custom_publisher_package/lib/python3.12/site-packages:/home/student48/ros2_tutorial_workspace/install/custom_package_with_node/lib/python3.12/site-packages:/home/student48/ros2_tutorial_workspace/install/custom_package_with_library/lib/python3.12/site-packages:/home/student48/ros2_tutorial_workspace/install/custom_client_package/lib/python3.12/site-packages:/home/student48/ros2_tutorial_workspace/install/custom_action_server_package/lib/python3.12/site-packages:/home/student48/ros2_tutorial_workspace/install/custom_action_client_package/lib/python3.12/site-packages:/home/student48/ros2_tutorial_workspace/install/another_package/lib/python3.12/site-packages:/home/student48/assessments/week4/src/install/volkswagen/lib/python3.12/site-packages:/home/student48/assessments/week4/src/install/building/lib/python3.12/site-packages:/opt/ros/jazzy/lib/python3.12/site-packages /usr/bin/python3 -W ignore:setup.py install is deprecated -W ignore:easy_install command is deprecated setup.py egg_info --egg-base ../../build/alpha_warrior_pkg build --build-base /home/student48/assessments/coursework1/build/alpha_warrior_pkg/build install --record /home/student48/assessments/coursework1/build/alpha_warrior_pkg/install.log --single-version-externally-managed install_data
[4.576s] Level 1:colcon.colcon_core.environment:checking '/home/student48/assessments/coursework1/install/alpha_warrior_pkg' for CMake config files
[4.577s] Level 1:colcon.colcon_core.environment:checking '/home/student48/assessments/coursework1/install/alpha_warrior_pkg/lib'
[4.577s] Level 1:colcon.colcon_core.environment:checking '/home/student48/assessments/coursework1/install/alpha_warrior_pkg/bin'
[4.577s] Level 1:colcon.colcon_core.environment:checking '/home/student48/assessments/coursework1/install/alpha_warrior_pkg/lib/pkgconfig/alpha_warrior_pkg.pc'
[4.577s] Level 1:colcon.colcon_core.environment:checking '/home/student48/assessments/coursework1/install/alpha_warrior_pkg/lib/python3.12/site-packages'
[4.578s] Level 1:colcon.colcon_core.shell:create_environment_hook('alpha_warrior_pkg', 'pythonpath')
[4.578s] INFO:colcon.colcon_core.shell:Creating environment hook '/home/student48/assessments/coursework1/install/alpha_warrior_pkg/share/alpha_warrior_pkg/hook/pythonpath.ps1'
[4.578s] INFO:colcon.colcon_core.shell:Creating environment descriptor '/home/student48/assessments/coursework1/install/alpha_warrior_pkg/share/alpha_warrior_pkg/hook/pythonpath.dsv'
[4.579s] INFO:colcon.colcon_core.shell:Creating environment hook '/home/student48/assessments/coursework1/install/alpha_warrior_pkg/share/alpha_warrior_pkg/hook/pythonpath.sh'
[4.580s] Level 1:colcon.colcon_core.environment:checking '/home/student48/assessments/coursework1/install/alpha_warrior_pkg/bin'
[4.580s] Level 1:colcon.colcon_core.environment:create_environment_scripts_only(alpha_warrior_pkg)
[4.580s] INFO:colcon.colcon_core.shell:Creating package script '/home/student48/assessments/coursework1/install/alpha_warrior_pkg/share/alpha_warrior_pkg/package.ps1'
[4.581s] INFO:colcon.colcon_core.shell:Creating package descriptor '/home/student48/assessments/coursework1/install/alpha_warrior_pkg/share/alpha_warrior_pkg/package.dsv'
[4.581s] INFO:colcon.colcon_core.shell:Creating package script '/home/student48/assessments/coursework1/install/alpha_warrior_pkg/share/alpha_warrior_pkg/package.sh'
[4.582s] INFO:colcon.colcon_core.shell:Creating package script '/home/student48/assessments/coursework1/install/alpha_warrior_pkg/share/alpha_warrior_pkg/package.bash'
[4.582s] INFO:colcon.colcon_core.shell:Creating package script '/home/student48/assessments/coursework1/install/alpha_warrior_pkg/share/alpha_warrior_pkg/package.zsh'
[4.583s] Level 1:colcon.colcon_core.environment:create_file_with_runtime_dependencies(/home/student48/assessments/coursework1/install/alpha_warrior_pkg/share/colcon-core/packages/alpha_warrior_pkg)
[4.583s] INFO:colcon.colcon_ros.task.ament_python.build:Building ROS package in '/home/student48/assessments/coursework1/src/alpha_warrior_launch_pkg' with build type 'ament_python'
[4.583s] Level 1:colcon.colcon_core.shell:create_environment_hook('alpha_warrior_launch_pkg', 'ament_prefix_path')
[4.584s] INFO:colcon.colcon_core.shell:Creating environment hook '/home/student48/assessments/coursework1/install/alpha_warrior_launch_pkg/share/alpha_warrior_launch_pkg/hook/ament_prefix_path.ps1'
[4.585s] INFO:colcon.colcon_core.shell:Creating environment descriptor '/home/student48/assessments/coursework1/install/alpha_warrior_launch_pkg/share/alpha_warrior_launch_pkg/hook/ament_prefix_path.dsv'
[4.586s] INFO:colcon.colcon_core.shell:Creating environment hook '/home/student48/assessments/coursework1/install/alpha_warrior_launch_pkg/share/alpha_warrior_launch_pkg/hook/ament_prefix_path.sh'
[4.586s] INFO:colcon.colcon_core.shell:Skip shell extension 'powershell' for command environment: Not usable outside of PowerShell
[4.586s] DEBUG:colcon.colcon_core.shell:Skip shell extension 'dsv' for command environment
[4.858s] INFO:colcon.colcon_core.task.python.build:Building Python package in '/home/student48/assessments/coursework1/src/alpha_warrior_launch_pkg'
[4.859s] INFO:colcon.colcon_core.shell:Skip shell extension 'powershell' for command environment: Not usable outside of PowerShell
[4.859s] DEBUG:colcon.colcon_core.shell:Skip shell extension 'dsv' for command environment
[5.463s] DEBUG:colcon.colcon_core.event_handler.log_command:Invoking command in '/home/student48/assessments/coursework1/src/alpha_warrior_launch_pkg': AMENT_PREFIX_PATH=/home/student48/assessments/coursework1/install/alpha_warrior_pkg:/home/student48/assessments/coursework1/install/alpha_warrior_controller_pkg:/home/student48/assessments/coursework1/install/alpha_warrior_launch_pkg:/home/student48/assessments/coursework1/install/sfr_coursework1_interface_package:/home/student48/ros2_tutorial_workspace/install/the_simplest_python_packagee:/home/student48/ros2_tutorial_workspace/install/the_simplest_python_package:/home/student48/ros2_tutorial_workspace/install/python_package_with_a_node:/home/student48/ros2_tutorial_workspace/install/python_package_that_uses_the_library:/home/student48/ros2_tutorial_workspace/install/python_package_with_a_library:/home/student48/ros2_tutorial_workspace/install/python_package_that_uses_the_services:/home/student48/ros2_tutorial_workspace/install/python_package_that_uses_the_messages:/home/student48/ros2_tutorial_workspace/install/python_package_that_uses_the_actions:/home/student48/ros2_tutorial_workspace/install/python_package_that_uses_parameters_and_launch_files:/home/student48/ros2_tutorial_workspace/install/package_with_interfaces:/home/student48/ros2_tutorial_workspace/install/my_package:/home/student48/ros2_tutorial_workspace/install/custom_subscriber_package:/home/student48/ros2_tutorial_workspace/install/custom_server_package:/home/student48/ros2_tutorial_workspace/install/custom_publisher_package:/home/student48/ros2_tutorial_workspace/install/custom_package_with_node:/home/student48/ros2_tutorial_workspace/install/custom_package_with_library:/home/student48/ros2_tutorial_workspace/install/custom_client_package:/home/student48/ros2_tutorial_workspace/install/custom_action_server_package:/home/student48/ros2_tutorial_workspace/install/custom_action_client_package:/home/student48/ros2_tutorial_workspace/install/another_package:/home/student48/assessments/week4/src/install/volkswagen:/home/student48/assessments/week4/src/install/building:/opt/ros/jazzy DEBUGINFOD_URLS=https://debuginfod.ubuntu.com PYTHONPATH=/home/student48/assessments/coursework1/build/alpha_warrior_launch_pkg/prefix_override:/usr/lib/python3/dist-packages/colcon_core/task/python/colcon_distutils_commands:/home/student48/assessments/coursework1/install/alpha_warrior_launch_pkg/lib/python3.12/site-packages:/home/student48/assessments/coursework1/install/alpha_warrior_pkg/lib/python3.12/site-packages:/home/student48/assessments/coursework1/install/alpha_warrior_controller_pkg/lib/python3.12/site-packages:/home/student48/assessments/coursework1/install/sfr_coursework1_interface_package/lib/python3.12/site-packages:/home/student48/assessments/coursework1/install/alpha_warrior_launch_pkg/lib/python3.12/site-packages:/home/student48/ros2_tutorial_workspace/install/the_simplest_python_packagee/lib/python3.12/site-packages:/home/student48/ros2_tutorial_workspace/install/the_simplest_python_package/lib/python3.12/site-packages:/home/student48/ros2_tutorial_workspace/install/python_package_with_a_node/lib/python3.12/site-packages:/home/student48/ros2_tutorial_workspace/install/python_package_that_uses_the_library/lib/python3.12/site-packages:/home/student48/ros2_tutorial_workspace/install/python_package_with_a_library/lib/python3.12/site-packages:/home/student48/ros2_tutorial_workspace/install/python_package_that_uses_the_services/lib/python3.12/site-packages:/home/student48/ros2_tutorial_workspace/install/python_package_that_uses_the_messages/lib/python3.12/site-packages:/home/student48/ros2_tutorial_workspace/install/python_package_that_uses_the_actions/lib/python3.12/site-packages:/home/student48/ros2_tutorial_workspace/install/python_package_that_uses_parameters_and_launch_files/lib/python3.12/site-packages:/home/student48/ros2_tutorial_workspace/install/package_with_interfaces/lib/python3.12/site-packages:/home/student48/ros2_tutorial_workspace/install/my_package/lib/python3.12/site-packages:/home/student48/ros2_tutorial_workspace/install/custom_subscriber_package/lib/python3.12/site-packages:/home/student48/ros2_tutorial_workspace/install/custom_server_package/lib/python3.12/site-packages:/home/student48/ros2_tutorial_workspace/install/custom_publisher_package/lib/python3.12/site-packages:/home/student48/ros2_tutorial_workspace/install/custom_package_with_node/lib/python3.12/site-packages:/home/student48/ros2_tutorial_workspace/install/custom_package_with_library/lib/python3.12/site-packages:/home/student48/ros2_tutorial_workspace/install/custom_client_package/lib/python3.12/site-packages:/home/student48/ros2_tutorial_workspace/install/custom_action_server_package/lib/python3.12/site-packages:/home/student48/ros2_tutorial_workspace/install/custom_action_client_package/lib/python3.12/site-packages:/home/student48/ros2_tutorial_workspace/install/another_package/lib/python3.12/site-packages:/home/student48/assessments/week4/src/install/volkswagen/lib/python3.12/site-packages:/home/student48/assessments/week4/src/install/building/lib/python3.12/site-packages:/opt/ros/jazzy/lib/python3.12/site-packages /usr/bin/python3 -W ignore:setup.py install is deprecated -W ignore:easy_install command is deprecated setup.py egg_info --egg-base ../../build/alpha_warrior_launch_pkg build --build-base /home/student48/assessments/coursework1/build/alpha_warrior_launch_pkg/build install --record /home/student48/assessments/coursework1/build/alpha_warrior_launch_pkg/install.log --single-version-externally-managed install_data
[6.023s] Level 1:colcon.colcon_core.environment:checking '/home/student48/assessments/coursework1/install/alpha_warrior_launch_pkg' for CMake module files
[6.023s] DEBUG:colcon.colcon_core.event_handler.log_command:Invoked command in '/home/student48/assessments/coursework1/src/alpha_warrior_launch_pkg' returned '0': AMENT_PREFIX_PATH=/home/student48/assessments/coursework1/install/alpha_warrior_pkg:/home/student48/assessments/coursework1/install/alpha_warrior_controller_pkg:/home/student48/assessments/coursework1/install/alpha_warrior_launch_pkg:/home/student48/assessments/coursework1/install/sfr_coursework1_interface_package:/home/student48/ros2_tutorial_workspace/install/the_simplest_python_packagee:/home/student48/ros2_tutorial_workspace/install/the_simplest_python_package:/home/student48/ros2_tutorial_workspace/install/python_package_with_a_node:/home/student48/ros2_tutorial_workspace/install/python_package_that_uses_the_library:/home/student48/ros2_tutorial_workspace/install/python_package_with_a_library:/home/student48/ros2_tutorial_workspace/install/python_package_that_uses_the_services:/home/student48/ros2_tutorial_workspace/install/python_package_that_uses_the_messages:/home/student48/ros2_tutorial_workspace/install/python_package_that_uses_the_actions:/home/student48/ros2_tutorial_workspace/install/python_package_that_uses_parameters_and_launch_files:/home/student48/ros2_tutorial_workspace/install/package_with_interfaces:/home/student48/ros2_tutorial_workspace/install/my_package:/home/student48/ros2_tutorial_workspace/install/custom_subscriber_package:/home/student48/ros2_tutorial_workspace/install/custom_server_package:/home/student48/ros2_tutorial_workspace/install/custom_publisher_package:/home/student48/ros2_tutorial_workspace/install/custom_package_with_node:/home/student48/ros2_tutorial_workspace/install/custom_package_with_library:/home/student48/ros2_tutorial_workspace/install/custom_client_package:/home/student48/ros2_tutorial_workspace/install/custom_action_server_package:/home/student48/ros2_tutorial_workspace/install/custom_action_client_package:/home/student48/ros2_tutorial_workspace/install/another_package:/home/student48/assessments/week4/src/install/volkswagen:/home/student48/assessments/week4/src/install/building:/opt/ros/jazzy DEBUGINFOD_URLS=https://debuginfod.ubuntu.com PYTHONPATH=/home/student48/assessments/coursework1/build/alpha_warrior_launch_pkg/prefix_override:/usr/lib/python3/dist-packages/colcon_core/task/python/colcon_distutils_commands:/home/student48/assessments/coursework1/install/alpha_warrior_launch_pkg/lib/python3.12/site-packages:/home/student48/assessments/coursework1/install/alpha_warrior_pkg/lib/python3.12/site-packages:/home/student48/assessments/coursework1/install/alpha_warrior_controller_pkg/lib/python3.12/site-packages:/home/student48/assessments/coursework1/install/sfr_coursework1_interface_package/lib/python3.12/site-packages:/home/student48/assessments/coursework1/install/alpha_warrior_launch_pkg/lib/python3.12/site-packages:/home/student48/ros2_tutorial_workspace/install/the_simplest_python_packagee/lib/python3.12/site-packages:/home/student48/ros2_tutorial_workspace/install/the_simplest_python_package/lib/python3.12/site-packages:/home/student48/ros2_tutorial_workspace/install/python_package_with_a_node/lib/python3.12/site-packages:/home/student48/ros2_tutorial_workspace/install/python_package_that_uses_the_library/lib/python3.12/site-packages:/home/student48/ros2_tutorial_workspace/install/python_package_with_a_library/lib/python3.12/site-packages:/home/student48/ros2_tutorial_workspace/install/python_package_that_uses_the_services/lib/python3.12/site-packages:/home/student48/ros2_tutorial_workspace/install/python_package_that_uses_the_messages/lib/python3.12/site-packages:/home/student48/ros2_tutorial_workspace/install/python_package_that_uses_the_actions/lib/python3.12/site-packages:/home/student48/ros2_tutorial_workspace/install/python_package_that_uses_parameters_and_launch_files/lib/python3.12/site-packages:/home/student48/ros2_tutorial_workspace/install/package_with_interfaces/lib/python3.12/site-packages:/home/student48/ros2_tutorial_workspace/install/my_package/lib/python3.12/site-packages:/home/student48/ros2_tutorial_workspace/install/custom_subscriber_package/lib/python3.12/site-packages:/home/student48/ros2_tutorial_workspace/install/custom_server_package/lib/python3.12/site-packages:/home/student48/ros2_tutorial_workspace/install/custom_publisher_package/lib/python3.12/site-packages:/home/student48/ros2_tutorial_workspace/install/custom_package_with_node/lib/python3.12/site-packages:/home/student48/ros2_tutorial_workspace/install/custom_package_with_library/lib/python3.12/site-packages:/home/student48/ros2_tutorial_workspace/install/custom_client_package/lib/python3.12/site-packages:/home/student48/ros2_tutorial_workspace/install/custom_action_server_package/lib/python3.12/site-packages:/home/student48/ros2_tutorial_workspace/install/custom_action_client_package/lib/python3.12/site-packages:/home/student48/ros2_tutorial_workspace/install/another_package/lib/python3.12/site-packages:/home/student48/assessments/week4/src/install/volkswagen/lib/python3.12/site-packages:/home/student48/assessments/week4/src/install/building/lib/python3.12/site-packages:/opt/ros/jazzy/lib/python3.12/site-packages /usr/bin/python3 -W ignore:setup.py install is deprecated -W ignore:easy_install command is deprecated setup.py egg_info --egg-base ../../build/alpha_warrior_launch_pkg build --build-base /home/student48/assessments/coursework1/build/alpha_warrior_launch_pkg/build install --record /home/student48/assessments/coursework1/build/alpha_warrior_launch_pkg/install.log --single-version-externally-managed install_data
[6.024s] Level 1:colcon.colcon_core.environment:checking '/home/student48/assessments/coursework1/install/alpha_warrior_launch_pkg' for CMake config files
[6.024s] Level 1:colcon.colcon_core.environment:checking '/home/student48/assessments/coursework1/install/alpha_warrior_launch_pkg/lib'
[6.024s] Level 1:colcon.colcon_core.environment:checking '/home/student48/assessments/coursework1/install/alpha_warrior_launch_pkg/bin'
[6.024s] Level 1:colcon.colcon_core.environment:checking '/home/student48/assessments/coursework1/install/alpha_warrior_launch_pkg/lib/pkgconfig/alpha_warrior_launch_pkg.pc'
[6.024s] Level 1:colcon.colcon_core.environment:checking '/home/student48/assessments/coursework1/install/alpha_warrior_launch_pkg/lib/python3.12/site-packages'
[6.024s] Level 1:colcon.colcon_core.shell:create_environment_hook('alpha_warrior_launch_pkg', 'pythonpath')
[6.025s] INFO:colcon.colcon_core.shell:Creating environment hook '/home/student48/assessments/coursework1/install/alpha_warrior_launch_pkg/share/alpha_warrior_launch_pkg/hook/pythonpath.ps1'
[6.025s] INFO:colcon.colcon_core.shell:Creating environment descriptor '/home/student48/assessments/coursework1/install/alpha_warrior_launch_pkg/share/alpha_warrior_launch_pkg/hook/pythonpath.dsv'
[6.025s] INFO:colcon.colcon_core.shell:Creating environment hook '/home/student48/assessments/coursework1/install/alpha_warrior_launch_pkg/share/alpha_warrior_launch_pkg/hook/pythonpath.sh'
[6.026s] Level 1:colcon.colcon_core.environment:checking '/home/student48/assessments/coursework1/install/alpha_warrior_launch_pkg/bin'
[6.027s] Level 1:colcon.colcon_core.environment:create_environment_scripts_only(alpha_warrior_launch_pkg)
[6.027s] INFO:colcon.colcon_core.shell:Creating package script '/home/student48/assessments/coursework1/install/alpha_warrior_launch_pkg/share/alpha_warrior_launch_pkg/package.ps1'
[6.028s] INFO:colcon.colcon_core.shell:Creating package descriptor '/home/student48/assessments/coursework1/install/alpha_warrior_launch_pkg/share/alpha_warrior_launch_pkg/package.dsv'
[6.028s] INFO:colcon.colcon_core.shell:Creating package script '/home/student48/assessments/coursework1/install/alpha_warrior_launch_pkg/share/alpha_warrior_launch_pkg/package.sh'
[6.029s] INFO:colcon.colcon_core.shell:Creating package script '/home/student48/assessments/coursework1/install/alpha_warrior_launch_pkg/share/alpha_warrior_launch_pkg/package.bash'
[6.030s] INFO:colcon.colcon_core.shell:Creating package script '/home/student48/assessments/coursework1/install/alpha_warrior_launch_pkg/share/alpha_warrior_launch_pkg/package.zsh'
[6.030s] Level 1:colcon.colcon_core.environment:create_file_with_runtime_dependencies(/home/student48/assessments/coursework1/install/alpha_warrior_launch_pkg/share/colcon-core/packages/alpha_warrior_launch_pkg)
[6.030s] DEBUG:colcon.colcon_parallel_executor.executor.parallel:closing loop
[6.031s] DEBUG:colcon.colcon_parallel_executor.executor.parallel:loop closed
[6.031s] DEBUG:colcon.colcon_parallel_executor.executor.parallel:run_until_complete finished with '0'
[6.031s] DEBUG:colcon.colcon_core.event_reactor:joining thread
[6.044s] INFO:colcon.colcon_core.plugin_system:Skipping extension 'colcon_notification.desktop_notification.terminal_notifier': Not used on non-Darwin systems
[6.044s] INFO:colcon.colcon_core.plugin_system:Skipping extension 'colcon_notification.desktop_notification.win32': Not used on non-Windows systems
[6.044s] INFO:colcon.colcon_notification.desktop_notification:Sending desktop notification using 'notify2'
[6.059s] DEBUG:colcon.colcon_core.event_reactor:joined thread
[6.059s] INFO:colcon.colcon_core.shell:Creating prefix script '/home/student48/assessments/coursework1/install/local_setup.ps1'
[6.061s] INFO:colcon.colcon_core.shell:Creating prefix util module '/home/student48/assessments/coursework1/install/_local_setup_util_ps1.py'
[6.062s] INFO:colcon.colcon_core.shell:Creating prefix chain script '/home/student48/assessments/coursework1/install/setup.ps1'
[6.064s] INFO:colcon.colcon_core.shell:Creating prefix script '/home/student48/assessments/coursework1/install/local_setup.sh'
[6.065s] INFO:colcon.colcon_core.shell:Creating prefix util module '/home/student48/assessments/coursework1/install/_local_setup_util_sh.py'
[6.065s] INFO:colcon.colcon_core.shell:Creating prefix chain script '/home/student48/assessments/coursework1/install/setup.sh'
[6.068s] INFO:colcon.colcon_core.shell:Creating prefix script '/home/student48/assessments/coursework1/install/local_setup.bash'
[6.069s] INFO:colcon.colcon_core.shell:Creating prefix chain script '/home/student48/assessments/coursework1/install/setup.bash'
[6.071s] INFO:colcon.colcon_core.shell:Creating prefix script '/home/student48/assessments/coursework1/install/local_setup.zsh'
[6.073s] INFO:colcon.colcon_core.shell:Creating prefix chain script '/home/student48/assessments/coursework1/install/setup.zsh'
