[1.387s] Invoking command in '/home/student48/assessments/week3/src/python_package_that_uses_the_library': AMENT_PREFIX_PATH=/home/student48/assessments/week3/install/tesla:${AMENT_PREFIX_PATH} DEBUGINFOD_URLS=https://debuginfod.ubuntu.com PYTHONPATH=/home/student48/assessments/week3/build/python_package_that_uses_the_library/prefix_override:/usr/lib/python3/dist-packages/colcon_core/task/python/colcon_distutils_commands:/home/student48/assessments/week3/install/python_package_that_uses_the_library/lib/python3.12/site-packages:/home/student48/assessments/week3/install/tesla/lib/python3.12/site-packages:${PYTHONPATH} /usr/bin/python3 -W ignore:setup.py install is deprecated -W ignore:easy_install command is deprecated setup.py egg_info --egg-base ../../build/python_package_that_uses_the_library build --build-base /home/student48/assessments/week3/build/python_package_that_uses_the_library/build install --record /home/student48/assessments/week3/build/python_package_that_uses_the_library/install.log --single-version-externally-managed install_data
[1.756s] running egg_info
[1.780s] writing ../../build/python_package_that_uses_the_library/python_package_that_uses_the_library.egg-info/PKG-INFO
[1.781s] writing dependency_links to ../../build/python_package_that_uses_the_library/python_package_that_uses_the_library.egg-info/dependency_links.txt
[1.782s] writing entry points to ../../build/python_package_that_uses_the_library/python_package_that_uses_the_library.egg-info/entry_points.txt
[1.782s] writing requirements to ../../build/python_package_that_uses_the_library/python_package_that_uses_the_library.egg-info/requires.txt
[1.782s] writing top-level names to ../../build/python_package_that_uses_the_library/python_package_that_uses_the_library.egg-info/top_level.txt
[1.840s] reading manifest file '../../build/python_package_that_uses_the_library/python_package_that_uses_the_library.egg-info/SOURCES.txt'
[1.842s] writing manifest file '../../build/python_package_that_uses_the_library/python_package_that_uses_the_library.egg-info/SOURCES.txt'
[1.842s] running build
[1.842s] running build_py
[1.843s] copying python_package_that_uses_the_library/__init__.py -> /home/student48/assessments/week3/build/python_package_that_uses_the_library/build/lib/python_package_that_uses_the_library
[1.843s] running install
[1.858s] running install_lib
[1.899s] copying /home/student48/assessments/week3/build/python_package_that_uses_the_library/build/lib/python_package_that_uses_the_library/__init__.py -> /home/student48/assessments/week3/install/python_package_that_uses_the_library/lib/python3.12/site-packages/python_package_that_uses_the_library
[1.900s] byte-compiling /home/student48/assessments/week3/install/python_package_that_uses_the_library/lib/python3.12/site-packages/python_package_that_uses_the_library/__init__.py to __init__.cpython-312.pyc
[1.900s] running install_data
[1.901s] running install_egg_info
[1.944s] removing '/home/student48/assessments/week3/install/python_package_that_uses_the_library/lib/python3.12/site-packages/python_package_that_uses_the_library-0.0.0-py3.12.egg-info' (and everything under it)
[1.944s] Copying ../../build/python_package_that_uses_the_library/python_package_that_uses_the_library.egg-info to /home/student48/assessments/week3/install/python_package_that_uses_the_library/lib/python3.12/site-packages/python_package_that_uses_the_library-0.0.0-py3.12.egg-info
[1.947s] running install_scripts
[2.159s] Installing node_that_uses_the_library script to /home/student48/assessments/week3/install/python_package_that_uses_the_library/lib/python_package_that_uses_the_library
[2.160s] writing list of installed files to '/home/student48/assessments/week3/build/python_package_that_uses_the_library/install.log'
[2.212s] Invoked command in '/home/student48/assessments/week3/src/python_package_that_uses_the_library' returned '0': AMENT_PREFIX_PATH=/home/student48/assessments/week3/install/tesla:${AMENT_PREFIX_PATH} DEBUGINFOD_URLS=https://debuginfod.ubuntu.com PYTHONPATH=/home/student48/assessments/week3/build/python_package_that_uses_the_library/prefix_override:/usr/lib/python3/dist-packages/colcon_core/task/python/colcon_distutils_commands:/home/student48/assessments/week3/install/python_package_that_uses_the_library/lib/python3.12/site-packages:/home/student48/assessments/week3/install/tesla/lib/python3.12/site-packages:${PYTHONPATH} /usr/bin/python3 -W ignore:setup.py install is deprecated -W ignore:easy_install command is deprecated setup.py egg_info --egg-base ../../build/python_package_that_uses_the_library build --build-base /home/student48/assessments/week3/build/python_package_that_uses_the_library/build install --record /home/student48/assessments/week3/build/python_package_that_uses_the_library/install.log --single-version-externally-managed install_data
