running egg_info
creating ../build/building/building.egg-info
writing ../build/building/building.egg-info/PKG-INFO
writing dependency_links to ../build/building/building.egg-info/dependency_links.txt
writing entry points to ../build/building/building.egg-info/entry_points.txt
writing requirements to ../build/building/building.egg-info/requires.txt
writing top-level names to ../build/building/building.egg-info/top_level.txt
writing manifest file '../build/building/building.egg-info/SOURCES.txt'
reading manifest file '../build/building/building.egg-info/SOURCES.txt'
writing manifest file '../build/building/building.egg-info/SOURCES.txt'
running build
running build_py
creating /home/student48/assessments/week4/src/build/building/build
creating /home/student48/assessments/week4/src/build/building/build/lib
creating /home/student48/assessments/week4/src/build/building/build/lib/building
copying building/eraser.py -> /home/student48/assessments/week4/src/build/building/build/lib/building
copying building/__init__.py -> /home/student48/assessments/week4/src/build/building/build/lib/building
running install
running install_lib
creating /home/student48/assessments/week4/src/install/building/lib/python3.12/site-packages/building
copying /home/student48/assessments/week4/src/build/building/build/lib/building/eraser.py -> /home/student48/assessments/week4/src/install/building/lib/python3.12/site-packages/building
copying /home/student48/assessments/week4/src/build/building/build/lib/building/__init__.py -> /home/student48/assessments/week4/src/install/building/lib/python3.12/site-packages/building
byte-compiling /home/student48/assessments/week4/src/install/building/lib/python3.12/site-packages/building/eraser.py to eraser.cpython-312.pyc
byte-compiling /home/student48/assessments/week4/src/install/building/lib/python3.12/site-packages/building/__init__.py to __init__.cpython-312.pyc
running install_data
creating /home/student48/assessments/week4/src/install/building/share/ament_index
creating /home/student48/assessments/week4/src/install/building/share/ament_index/resource_index
creating /home/student48/assessments/week4/src/install/building/share/ament_index/resource_index/packages
copying resource/building -> /home/student48/assessments/week4/src/install/building/share/ament_index/resource_index/packages
copying package.xml -> /home/student48/assessments/week4/src/install/building/share/building
running install_egg_info
Copying ../build/building/building.egg-info to /home/student48/assessments/week4/src/install/building/lib/python3.12/site-packages/building-0.0.0-py3.12.egg-info
running install_scripts
Installing eraser script to /home/student48/assessments/week4/src/install/building/lib/building
writing list of installed files to '/home/student48/assessments/week4/src/build/building/install.log'
