[1.630s] Invoking command in '/home/student48/assessments/week4/src/building': DEBUGINFOD_URLS=https://debuginfod.ubuntu.com PYTHONPATH=/home/student48/assessments/week4/src/build/building/prefix_override:/usr/lib/python3/dist-packages/colcon_core/task/python/colcon_distutils_commands:/home/student48/assessments/week4/src/install/building/lib/python3.12/site-packages:${PYTHONPATH} /usr/bin/python3 -W ignore:setup.py install is deprecated -W ignore:easy_install command is deprecated setup.py egg_info --egg-base ../build/building build --build-base /home/student48/assessments/week4/src/build/building/build install --record /home/student48/assessments/week4/src/build/building/install.log --single-version-externally-managed install_data
[2.011s] running egg_info
[2.011s] creating ../build/building/building.egg-info
[2.042s] writing ../build/building/building.egg-info/PKG-INFO
[2.043s] writing dependency_links to ../build/building/building.egg-info/dependency_links.txt
[2.043s] writing entry points to ../build/building/building.egg-info/entry_points.txt
[2.044s] writing requirements to ../build/building/building.egg-info/requires.txt
[2.044s] writing top-level names to ../build/building/building.egg-info/top_level.txt
[2.044s] writing manifest file '../build/building/building.egg-info/SOURCES.txt'
[2.121s] reading manifest file '../build/building/building.egg-info/SOURCES.txt'
[2.123s] writing manifest file '../build/building/building.egg-info/SOURCES.txt'
[2.123s] running build
[2.123s] running build_py
[2.124s] creating /home/student48/assessments/week4/src/build/building/build
[2.124s] creating /home/student48/assessments/week4/src/build/building/build/lib
[2.124s] creating /home/student48/assessments/week4/src/build/building/build/lib/building
[2.124s] copying building/eraser.py -> /home/student48/assessments/week4/src/build/building/build/lib/building
[2.124s] copying building/__init__.py -> /home/student48/assessments/week4/src/build/building/build/lib/building
[2.125s] running install
[2.138s] running install_lib
[2.185s] creating /home/student48/assessments/week4/src/install/building/lib/python3.12/site-packages/building
[2.186s] copying /home/student48/assessments/week4/src/build/building/build/lib/building/eraser.py -> /home/student48/assessments/week4/src/install/building/lib/python3.12/site-packages/building
[2.186s] copying /home/student48/assessments/week4/src/build/building/build/lib/building/__init__.py -> /home/student48/assessments/week4/src/install/building/lib/python3.12/site-packages/building
[2.187s] byte-compiling /home/student48/assessments/week4/src/install/building/lib/python3.12/site-packages/building/eraser.py to eraser.cpython-312.pyc
[2.188s] byte-compiling /home/student48/assessments/week4/src/install/building/lib/python3.12/site-packages/building/__init__.py to __init__.cpython-312.pyc
[2.189s] running install_data
[2.189s] creating /home/student48/assessments/week4/src/install/building/share/ament_index
[2.190s] creating /home/student48/assessments/week4/src/install/building/share/ament_index/resource_index
[2.190s] creating /home/student48/assessments/week4/src/install/building/share/ament_index/resource_index/packages
[2.190s] copying resource/building -> /home/student48/assessments/week4/src/install/building/share/ament_index/resource_index/packages
[2.190s] copying package.xml -> /home/student48/assessments/week4/src/install/building/share/building
[2.191s] running install_egg_info
[2.233s] Copying ../build/building/building.egg-info to /home/student48/assessments/week4/src/install/building/lib/python3.12/site-packages/building-0.0.0-py3.12.egg-info
[2.234s] running install_scripts
[2.450s] Installing eraser script to /home/student48/assessments/week4/src/install/building/lib/building
[2.451s] writing list of installed files to '/home/student48/assessments/week4/src/build/building/install.log'
[2.500s] Invoked command in '/home/student48/assessments/week4/src/building' returned '0': DEBUGINFOD_URLS=https://debuginfod.ubuntu.com PYTHONPATH=/home/student48/assessments/week4/src/build/building/prefix_override:/usr/lib/python3/dist-packages/colcon_core/task/python/colcon_distutils_commands:/home/student48/assessments/week4/src/install/building/lib/python3.12/site-packages:${PYTHONPATH} /usr/bin/python3 -W ignore:setup.py install is deprecated -W ignore:easy_install command is deprecated setup.py egg_info --egg-base ../build/building build --build-base /home/student48/assessments/week4/src/build/building/build install --record /home/student48/assessments/week4/src/build/building/install.log --single-version-externally-managed install_data
