running egg_info
creating ../../build/london/london.egg-info
writing ../../build/london/london.egg-info/PKG-INFO
writing dependency_links to ../../build/london/london.egg-info/dependency_links.txt
writing entry points to ../../build/london/london.egg-info/entry_points.txt
writing requirements to ../../build/london/london.egg-info/requires.txt
writing top-level names to ../../build/london/london.egg-info/top_level.txt
writing manifest file '../../build/london/london.egg-info/SOURCES.txt'
reading manifest file '../../build/london/london.egg-info/SOURCES.txt'
writing manifest file '../../build/london/london.egg-info/SOURCES.txt'
running build
running build_py
creating /home/student48/assessments/week8/build/london/build
creating /home/student48/assessments/week8/build/london/build/lib
creating /home/student48/assessments/week8/build/london/build/lib/london
copying london/strawberry.py -> /home/student48/assessments/week8/build/london/build/lib/london
copying london/__init__.py -> /home/student48/assessments/week8/build/london/build/lib/london
running install
running install_lib
creating /home/student48/assessments/week8/install/london/lib/python3.12/site-packages/london
copying /home/student48/assessments/week8/build/london/build/lib/london/strawberry.py -> /home/student48/assessments/week8/install/london/lib/python3.12/site-packages/london
copying /home/student48/assessments/week8/build/london/build/lib/london/__init__.py -> /home/student48/assessments/week8/install/london/lib/python3.12/site-packages/london
byte-compiling /home/student48/assessments/week8/install/london/lib/python3.12/site-packages/london/strawberry.py to strawberry.cpython-312.pyc
byte-compiling /home/student48/assessments/week8/install/london/lib/python3.12/site-packages/london/__init__.py to __init__.cpython-312.pyc
running install_data
creating /home/student48/assessments/week8/install/london/share/ament_index
creating /home/student48/assessments/week8/install/london/share/ament_index/resource_index
creating /home/student48/assessments/week8/install/london/share/ament_index/resource_index/packages
copying resource/london -> /home/student48/assessments/week8/install/london/share/ament_index/resource_index/packages
copying package.xml -> /home/student48/assessments/week8/install/london/share/london
running install_egg_info
Copying ../../build/london/london.egg-info to /home/student48/assessments/week8/install/london/lib/python3.12/site-packages/london-0.0.0-py3.12.egg-info
running install_scripts
Installing strawberry script to /home/student48/assessments/week8/install/london/lib/london
writing list of installed files to '/home/student48/assessments/week8/build/london/install.log'
