[1.919s] Invoking command in '/home/student48/assessments/week8/src/london': DEBUGINFOD_URLS=https://debuginfod.ubuntu.com PYTHONPATH=/home/student48/assessments/week8/build/london/prefix_override:/usr/lib/python3/dist-packages/colcon_core/task/python/colcon_distutils_commands:/home/student48/assessments/week8/install/london/lib/python3.12/site-packages:${PYTHONPATH} /usr/bin/python3 -W ignore:setup.py install is deprecated -W ignore:easy_install command is deprecated setup.py egg_info --egg-base ../../build/london build --build-base /home/student48/assessments/week8/build/london/build install --record /home/student48/assessments/week8/build/london/install.log --single-version-externally-managed install_data
[2.377s] running egg_info
[2.377s] creating ../../build/london/london.egg-info
[2.404s] writing ../../build/london/london.egg-info/PKG-INFO
[2.405s] writing dependency_links to ../../build/london/london.egg-info/dependency_links.txt
[2.405s] writing entry points to ../../build/london/london.egg-info/entry_points.txt
[2.406s] writing requirements to ../../build/london/london.egg-info/requires.txt
[2.406s] writing top-level names to ../../build/london/london.egg-info/top_level.txt
[2.406s] writing manifest file '../../build/london/london.egg-info/SOURCES.txt'
[2.514s] reading manifest file '../../build/london/london.egg-info/SOURCES.txt'
[2.515s] writing manifest file '../../build/london/london.egg-info/SOURCES.txt'
[2.515s] running build
[2.515s] running build_py
[2.515s] creating /home/student48/assessments/week8/build/london/build
[2.515s] creating /home/student48/assessments/week8/build/london/build/lib
[2.515s] creating /home/student48/assessments/week8/build/london/build/lib/london
[2.516s] copying london/strawberry.py -> /home/student48/assessments/week8/build/london/build/lib/london
[2.516s] copying london/__init__.py -> /home/student48/assessments/week8/build/london/build/lib/london
[2.516s] running install
[2.525s] running install_lib
[2.563s] creating /home/student48/assessments/week8/install/london/lib/python3.12/site-packages/london
[2.563s] copying /home/student48/assessments/week8/build/london/build/lib/london/strawberry.py -> /home/student48/assessments/week8/install/london/lib/python3.12/site-packages/london
[2.564s] copying /home/student48/assessments/week8/build/london/build/lib/london/__init__.py -> /home/student48/assessments/week8/install/london/lib/python3.12/site-packages/london
[2.565s] byte-compiling /home/student48/assessments/week8/install/london/lib/python3.12/site-packages/london/strawberry.py to strawberry.cpython-312.pyc
[2.566s] byte-compiling /home/student48/assessments/week8/install/london/lib/python3.12/site-packages/london/__init__.py to __init__.cpython-312.pyc
[2.567s] running install_data
[2.567s] creating /home/student48/assessments/week8/install/london/share/ament_index
[2.567s] creating /home/student48/assessments/week8/install/london/share/ament_index/resource_index
[2.568s] creating /home/student48/assessments/week8/install/london/share/ament_index/resource_index/packages
[2.568s] copying resource/london -> /home/student48/assessments/week8/install/london/share/ament_index/resource_index/packages
[2.568s] copying package.xml -> /home/student48/assessments/week8/install/london/share/london
[2.568s] running install_egg_info
[2.597s] Copying ../../build/london/london.egg-info to /home/student48/assessments/week8/install/london/lib/python3.12/site-packages/london-0.0.0-py3.12.egg-info
[2.598s] running install_scripts
[2.796s] Installing strawberry script to /home/student48/assessments/week8/install/london/lib/london
[2.796s] writing list of installed files to '/home/student48/assessments/week8/build/london/install.log'
[2.846s] Invoked command in '/home/student48/assessments/week8/src/london' returned '0': DEBUGINFOD_URLS=https://debuginfod.ubuntu.com PYTHONPATH=/home/student48/assessments/week8/build/london/prefix_override:/usr/lib/python3/dist-packages/colcon_core/task/python/colcon_distutils_commands:/home/student48/assessments/week8/install/london/lib/python3.12/site-packages:${PYTHONPATH} /usr/bin/python3 -W ignore:setup.py install is deprecated -W ignore:easy_install command is deprecated setup.py egg_info --egg-base ../../build/london build --build-base /home/student48/assessments/week8/build/london/build install --record /home/student48/assessments/week8/build/london/install.log --single-version-externally-managed install_data
