[1.457s] Invoking command in '/home/student48/assessments/coursework1/src/alpha_warrior_controller_pkg': AMENT_PREFIX_PATH=/home/student48/assessments/coursework1/install/sfr_coursework1_interface_package:${AMENT_PREFIX_PATH} CMAKE_PREFIX_PATH=/home/student48/assessments/coursework1/install/sfr_coursework1_interface_package:${CMAKE_PREFIX_PATH} DEBUGINFOD_URLS=https://debuginfod.ubuntu.com LD_LIBRARY_PATH=/home/student48/assessments/coursework1/install/sfr_coursework1_interface_package/lib:${LD_LIBRARY_PATH} PYTHONPATH=/home/student48/assessments/coursework1/build/alpha_warrior_controller_pkg/prefix_override:/usr/lib/python3/dist-packages/colcon_core/task/python/colcon_distutils_commands:/home/student48/assessments/coursework1/install/alpha_warrior_controller_pkg/lib/python3.12/site-packages:/home/student48/assessments/coursework1/install/sfr_coursework1_interface_package/lib/python3.12/site-packages:${PYTHONPATH} /usr/bin/python3 -W ignore:setup.py install is deprecated -W ignore:easy_install command is deprecated setup.py egg_info --egg-base ../../build/alpha_warrior_controller_pkg build --build-base /home/student48/assessments/coursework1/build/alpha_warrior_controller_pkg/build install --record /home/student48/assessments/coursework1/build/alpha_warrior_controller_pkg/install.log --single-version-externally-managed install_data
[1.834s] running egg_info
[1.860s] writing ../../build/alpha_warrior_controller_pkg/alpha_warrior_controller_pkg.egg-info/PKG-INFO
[1.861s] writing dependency_links to ../../build/alpha_warrior_controller_pkg/alpha_warrior_controller_pkg.egg-info/dependency_links.txt
[1.862s] writing entry points to ../../build/alpha_warrior_controller_pkg/alpha_warrior_controller_pkg.egg-info/entry_points.txt
[1.863s] writing requirements to ../../build/alpha_warrior_controller_pkg/alpha_warrior_controller_pkg.egg-info/requires.txt
[1.864s] writing top-level names to ../../build/alpha_warrior_controller_pkg/alpha_warrior_controller_pkg.egg-info/top_level.txt
[1.941s] reading manifest file '../../build/alpha_warrior_controller_pkg/alpha_warrior_controller_pkg.egg-info/SOURCES.txt'
[1.942s] writing manifest file '../../build/alpha_warrior_controller_pkg/alpha_warrior_controller_pkg.egg-info/SOURCES.txt'
[1.943s] running build
[1.943s] running build_py
[1.943s] copying alpha_warrior_controller_pkg/alpha_warrior_controller_node.py -> /home/student48/assessments/coursework1/build/alpha_warrior_controller_pkg/build/lib/alpha_warrior_controller_pkg
[1.944s] running install
[1.959s] running install_lib
[1.993s] copying /home/student48/assessments/coursework1/build/alpha_warrior_controller_pkg/build/lib/alpha_warrior_controller_pkg/alpha_warrior_controller_node.py -> /home/student48/assessments/coursework1/install/alpha_warrior_controller_pkg/lib/python3.12/site-packages/alpha_warrior_controller_pkg
[1.995s] byte-compiling /home/student48/assessments/coursework1/install/alpha_warrior_controller_pkg/lib/python3.12/site-packages/alpha_warrior_controller_pkg/alpha_warrior_controller_node.py to alpha_warrior_controller_node.cpython-312.pyc
[1.997s]   File "/home/student48/assessments/coursework1/install/alpha_warrior_controller_pkg/lib/python3.12/site-packages/alpha_warrior_controller_pkg/alpha_warrior_controller_node.py", line 44
[1.997s]     qos_profile=10)
[1.997s]                   ^
[1.997s] SyntaxError: positional argument follows keyword argument
[1.998s] 
[1.998s] running install_data
[1.998s] running install_egg_info
[2.032s] removing '/home/student48/assessments/coursework1/install/alpha_warrior_controller_pkg/lib/python3.12/site-packages/alpha_warrior_controller_pkg-0.0.0-py3.12.egg-info' (and everything under it)
[2.033s] Copying ../../build/alpha_warrior_controller_pkg/alpha_warrior_controller_pkg.egg-info to /home/student48/assessments/coursework1/install/alpha_warrior_controller_pkg/lib/python3.12/site-packages/alpha_warrior_controller_pkg-0.0.0-py3.12.egg-info
[2.036s] running install_scripts
[2.243s] Installing alpha_warrior_controller_node script to /home/student48/assessments/coursework1/install/alpha_warrior_controller_pkg/lib/alpha_warrior_controller_pkg
[2.243s] writing list of installed files to '/home/student48/assessments/coursework1/build/alpha_warrior_controller_pkg/install.log'
[2.301s] Invoked command in '/home/student48/assessments/coursework1/src/alpha_warrior_controller_pkg' returned '0': AMENT_PREFIX_PATH=/home/student48/assessments/coursework1/install/sfr_coursework1_interface_package:${AMENT_PREFIX_PATH} CMAKE_PREFIX_PATH=/home/student48/assessments/coursework1/install/sfr_coursework1_interface_package:${CMAKE_PREFIX_PATH} DEBUGINFOD_URLS=https://debuginfod.ubuntu.com LD_LIBRARY_PATH=/home/student48/assessments/coursework1/install/sfr_coursework1_interface_package/lib:${LD_LIBRARY_PATH} PYTHONPATH=/home/student48/assessments/coursework1/build/alpha_warrior_controller_pkg/prefix_override:/usr/lib/python3/dist-packages/colcon_core/task/python/colcon_distutils_commands:/home/student48/assessments/coursework1/install/alpha_warrior_controller_pkg/lib/python3.12/site-packages:/home/student48/assessments/coursework1/install/sfr_coursework1_interface_package/lib/python3.12/site-packages:${PYTHONPATH} /usr/bin/python3 -W ignore:setup.py install is deprecated -W ignore:easy_install command is deprecated setup.py egg_info --egg-base ../../build/alpha_warrior_controller_pkg build --build-base /home/student48/assessments/coursework1/build/alpha_warrior_controller_pkg/build install --record /home/student48/assessments/coursework1/build/alpha_warrior_controller_pkg/install.log --single-version-externally-managed install_data
