[0.938s] Invoking command in '/home/student48/assessments/coursework1/src/alpha_warrior_launch_pkg': AMENT_PREFIX_PATH=/home/student48/assessments/coursework1/install/alpha_warrior_pkg:/home/student48/assessments/coursework1/install/alpha_warrior_controller_pkg:/home/student48/assessments/coursework1/install/sfr_coursework1_interface_package:${AMENT_PREFIX_PATH} CMAKE_PREFIX_PATH=/home/student48/assessments/coursework1/install/sfr_coursework1_interface_package:${CMAKE_PREFIX_PATH} DEBUGINFOD_URLS=https://debuginfod.ubuntu.com LD_LIBRARY_PATH=/home/student48/assessments/coursework1/install/sfr_coursework1_interface_package/lib:${LD_LIBRARY_PATH} PYTHONPATH=/home/student48/assessments/coursework1/build/alpha_warrior_launch_pkg/prefix_override:/usr/lib/python3/dist-packages/colcon_core/task/python/colcon_distutils_commands:/home/student48/assessments/coursework1/install/alpha_warrior_launch_pkg/lib/python3.12/site-packages:/home/student48/assessments/coursework1/install/alpha_warrior_pkg/lib/python3.12/site-packages:/home/student48/assessments/coursework1/install/alpha_warrior_controller_pkg/lib/python3.12/site-packages:/home/student48/assessments/coursework1/install/sfr_coursework1_interface_package/lib/python3.12/site-packages:${PYTHONPATH} /usr/bin/python3 -W ignore:setup.py install is deprecated -W ignore:easy_install command is deprecated setup.py egg_info --egg-base ../../build/alpha_warrior_launch_pkg build --build-base /home/student48/assessments/coursework1/build/alpha_warrior_launch_pkg/build install --record /home/student48/assessments/coursework1/build/alpha_warrior_launch_pkg/install.log --single-version-externally-managed install_data
[1.253s] running egg_info
[1.278s] writing ../../build/alpha_warrior_launch_pkg/alpha_warrior_launch_pkg.egg-info/PKG-INFO
[1.280s] writing dependency_links to ../../build/alpha_warrior_launch_pkg/alpha_warrior_launch_pkg.egg-info/dependency_links.txt
[1.281s] writing entry points to ../../build/alpha_warrior_launch_pkg/alpha_warrior_launch_pkg.egg-info/entry_points.txt
[1.281s] writing requirements to ../../build/alpha_warrior_launch_pkg/alpha_warrior_launch_pkg.egg-info/requires.txt
[1.282s] writing top-level names to ../../build/alpha_warrior_launch_pkg/alpha_warrior_launch_pkg.egg-info/top_level.txt
[1.357s] reading manifest file '../../build/alpha_warrior_launch_pkg/alpha_warrior_launch_pkg.egg-info/SOURCES.txt'
[1.359s] writing manifest file '../../build/alpha_warrior_launch_pkg/alpha_warrior_launch_pkg.egg-info/SOURCES.txt'
[1.359s] running build
[1.360s] running build_py
[1.360s] running install
[1.370s] running install_lib
[1.398s] running install_data
[1.398s] running install_egg_info
[1.423s] removing '/home/student48/assessments/coursework1/install/alpha_warrior_launch_pkg/lib/python3.12/site-packages/alpha_warrior_launch_pkg-0.0.0-py3.12.egg-info' (and everything under it)
[1.423s] Copying ../../build/alpha_warrior_launch_pkg/alpha_warrior_launch_pkg.egg-info to /home/student48/assessments/coursework1/install/alpha_warrior_launch_pkg/lib/python3.12/site-packages/alpha_warrior_launch_pkg-0.0.0-py3.12.egg-info
[1.426s] running install_scripts
[1.567s] Installing alpha_warrior_controller_node script to /home/student48/assessments/coursework1/install/alpha_warrior_launch_pkg/lib/alpha_warrior_launch_pkg
[1.567s] Installing alpha_warrior_node script to /home/student48/assessments/coursework1/install/alpha_warrior_launch_pkg/lib/alpha_warrior_launch_pkg
[1.568s] writing list of installed files to '/home/student48/assessments/coursework1/build/alpha_warrior_launch_pkg/install.log'
[1.601s] Invoked command in '/home/student48/assessments/coursework1/src/alpha_warrior_launch_pkg' returned '0': AMENT_PREFIX_PATH=/home/student48/assessments/coursework1/install/alpha_warrior_pkg:/home/student48/assessments/coursework1/install/alpha_warrior_controller_pkg:/home/student48/assessments/coursework1/install/sfr_coursework1_interface_package:${AMENT_PREFIX_PATH} CMAKE_PREFIX_PATH=/home/student48/assessments/coursework1/install/sfr_coursework1_interface_package:${CMAKE_PREFIX_PATH} DEBUGINFOD_URLS=https://debuginfod.ubuntu.com LD_LIBRARY_PATH=/home/student48/assessments/coursework1/install/sfr_coursework1_interface_package/lib:${LD_LIBRARY_PATH} PYTHONPATH=/home/student48/assessments/coursework1/build/alpha_warrior_launch_pkg/prefix_override:/usr/lib/python3/dist-packages/colcon_core/task/python/colcon_distutils_commands:/home/student48/assessments/coursework1/install/alpha_warrior_launch_pkg/lib/python3.12/site-packages:/home/student48/assessments/coursework1/install/alpha_warrior_pkg/lib/python3.12/site-packages:/home/student48/assessments/coursework1/install/alpha_warrior_controller_pkg/lib/python3.12/site-packages:/home/student48/assessments/coursework1/install/sfr_coursework1_interface_package/lib/python3.12/site-packages:${PYTHONPATH} /usr/bin/python3 -W ignore:setup.py install is deprecated -W ignore:easy_install command is deprecated setup.py egg_info --egg-base ../../build/alpha_warrior_launch_pkg build --build-base /home/student48/assessments/coursework1/build/alpha_warrior_launch_pkg/build install --record /home/student48/assessments/coursework1/build/alpha_warrior_launch_pkg/install.log --single-version-externally-managed install_data
