[0.176s] DEBUG:colcon:Command line arguments: ['/usr/bin/colcon', 'build']
[0.176s] DEBUG:colcon:Parsed command line arguments: Namespace(log_base=None, log_level=None, verb_name='build', build_base='build', install_base='install', merge_install=False, symlink_install=False, test_result_base=None, continue_on_error=False, executor='parallel', parallel_workers=12, event_handlers=None, ignore_user_meta=False, metas=['./colcon.meta'], base_paths=['.'], packages_ignore=None, packages_ignore_regex=None, paths=None, packages_up_to=None, packages_up_to_regex=None, packages_above=None, packages_above_and_dependencies=None, packages_above_depth=None, packages_select_by_dep=None, packages_skip_by_dep=None, packages_skip_up_to=None, packages_select_build_failed=False, packages_skip_build_finished=False, packages_select_test_failures=False, packages_skip_test_passed=False, packages_select=None, packages_skip=None, packages_select_regex=None, packages_skip_regex=None, packages_start=None, packages_end=None, allow_overriding=[], cmake_args=None, cmake_target=None, cmake_target_skip_unavailable=False, cmake_clean_cache=False, cmake_clean_first=False, cmake_force_configure=False, ament_cmake_args=None, catkin_cmake_args=None, catkin_skip_building_tests=False, mixin_files=None, mixin=None, verb_parser=<colcon_mixin.mixin.mixin_argument.MixinArgumentDecorator object at 0x79669a3c2db0>, verb_extension=<colcon_core.verb.build.BuildVerb object at 0x79669a3c2a80>, main=<bound method BuildVerb.main of <colcon_core.verb.build.BuildVerb object at 0x79669a3c2a80>>, mixin_verb=('build',))
[0.289s] Level 1:colcon.colcon_core.package_discovery:discover_packages(colcon_meta) check parameters
[0.290s] Level 1:colcon.colcon_core.package_discovery:discover_packages(recursive) check parameters
[0.290s] Level 1:colcon.colcon_core.package_discovery:discover_packages(ignore) check parameters
[0.290s] Level 1:colcon.colcon_core.package_discovery:discover_packages(path) check parameters
[0.290s] Level 1:colcon.colcon_core.package_discovery:discover_packages(colcon_meta) discover
[0.290s] Level 1:colcon.colcon_core.package_discovery:discover_packages(recursive) discover
[0.290s] INFO:colcon.colcon_core.package_discovery:Crawling recursively for packages in '/home/student48/assessments/coursework1'
[0.290s] Level 1:colcon.colcon_core.package_identification:_identify(.) by extensions ['ignore', 'ignore_ament_install']
[0.291s] Level 1:colcon.colcon_core.package_identification:_identify(.) by extension 'ignore'
[0.291s] Level 1:colcon.colcon_core.package_identification:_identify(.) by extension 'ignore_ament_install'
[0.291s] Level 1:colcon.colcon_core.package_identification:_identify(.) by extensions ['colcon_pkg']
[0.291s] Level 1:colcon.colcon_core.package_identification:_identify(.) by extension 'colcon_pkg'
[0.291s] Level 1:colcon.colcon_core.package_identification:_identify(.) by extensions ['colcon_meta']
[0.291s] Level 1:colcon.colcon_core.package_identification:_identify(.) by extension 'colcon_meta'
[0.291s] Level 1:colcon.colcon_core.package_identification:_identify(.) by extensions ['ros']
[0.291s] Level 1:colcon.colcon_core.package_identification:_identify(.) by extension 'ros'
[0.333s] Level 1:colcon.colcon_core.package_identification:_identify(.) by extensions ['cmake', 'python']
[0.333s] Level 1:colcon.colcon_core.package_identification:_identify(.) by extension 'cmake'
[0.334s] Level 1:colcon.colcon_core.package_identification:_identify(.) by extension 'python'
[0.334s] Level 1:colcon.colcon_core.package_identification:_identify(.) by extensions ['python_setup_py']
[0.334s] Level 1:colcon.colcon_core.package_identification:_identify(.) by extension 'python_setup_py'
[0.334s] Level 1:colcon.colcon_core.package_identification:_identify(build) by extensions ['ignore', 'ignore_ament_install']
[0.334s] Level 1:colcon.colcon_core.package_identification:_identify(build) by extension 'ignore'
[0.334s] Level 1:colcon.colcon_core.package_identification:_identify(build) ignored
[0.334s] Level 1:colcon.colcon_core.package_identification:_identify(install) by extensions ['ignore', 'ignore_ament_install']
[0.334s] Level 1:colcon.colcon_core.package_identification:_identify(install) by extension 'ignore'
[0.334s] Level 1:colcon.colcon_core.package_identification:_identify(install) ignored
[0.334s] Level 1:colcon.colcon_core.package_identification:_identify(log) by extensions ['ignore', 'ignore_ament_install']
[0.335s] Level 1:colcon.colcon_core.package_identification:_identify(log) by extension 'ignore'
[0.335s] Level 1:colcon.colcon_core.package_identification:_identify(log) ignored
[0.335s] Level 1:colcon.colcon_core.package_identification:_identify(src) by extensions ['ignore', 'ignore_ament_install']
[0.335s] Level 1:colcon.colcon_core.package_identification:_identify(src) by extension 'ignore'
[0.335s] Level 1:colcon.colcon_core.package_identification:_identify(src) by extension 'ignore_ament_install'
[0.335s] Level 1:colcon.colcon_core.package_identification:_identify(src) by extensions ['colcon_pkg']
[0.335s] Level 1:colcon.colcon_core.package_identification:_identify(src) by extension 'colcon_pkg'
[0.335s] Level 1:colcon.colcon_core.package_identification:_identify(src) by extensions ['colcon_meta']
[0.335s] Level 1:colcon.colcon_core.package_identification:_identify(src) by extension 'colcon_meta'
[0.335s] Level 1:colcon.colcon_core.package_identification:_identify(src) by extensions ['ros']
[0.335s] Level 1:colcon.colcon_core.package_identification:_identify(src) by extension 'ros'
[0.335s] Level 1:colcon.colcon_core.package_identification:_identify(src) by extensions ['cmake', 'python']
[0.335s] Level 1:colcon.colcon_core.package_identification:_identify(src) by extension 'cmake'
[0.335s] Level 1:colcon.colcon_core.package_identification:_identify(src) by extension 'python'
[0.335s] Level 1:colcon.colcon_core.package_identification:_identify(src) by extensions ['python_setup_py']
[0.335s] Level 1:colcon.colcon_core.package_identification:_identify(src) by extension 'python_setup_py'
[0.335s] Level 1:colcon.colcon_core.package_identification:_identify(src/alpha_warrior_controller_pkg) by extensions ['ignore', 'ignore_ament_install']
[0.336s] Level 1:colcon.colcon_core.package_identification:_identify(src/alpha_warrior_controller_pkg) by extension 'ignore'
[0.336s] Level 1:colcon.colcon_core.package_identification:_identify(src/alpha_warrior_controller_pkg) by extension 'ignore_ament_install'
[0.336s] Level 1:colcon.colcon_core.package_identification:_identify(src/alpha_warrior_controller_pkg) by extensions ['colcon_pkg']
[0.336s] Level 1:colcon.colcon_core.package_identification:_identify(src/alpha_warrior_controller_pkg) by extension 'colcon_pkg'
[0.336s] Level 1:colcon.colcon_core.package_identification:_identify(src/alpha_warrior_controller_pkg) by extensions ['colcon_meta']
[0.336s] Level 1:colcon.colcon_core.package_identification:_identify(src/alpha_warrior_controller_pkg) by extension 'colcon_meta'
[0.336s] Level 1:colcon.colcon_core.package_identification:_identify(src/alpha_warrior_controller_pkg) by extensions ['ros']
[0.336s] Level 1:colcon.colcon_core.package_identification:_identify(src/alpha_warrior_controller_pkg) by extension 'ros'
[0.340s] DEBUG:colcon.colcon_core.package_identification:Package 'src/alpha_warrior_controller_pkg' with type 'ros.ament_python' and name 'alpha_warrior_controller_pkg'
[0.340s] Level 1:colcon.colcon_core.package_identification:_identify(src/alpha_warrior_launch_pkg) by extensions ['ignore', 'ignore_ament_install']
[0.340s] Level 1:colcon.colcon_core.package_identification:_identify(src/alpha_warrior_launch_pkg) by extension 'ignore'
[0.341s] Level 1:colcon.colcon_core.package_identification:_identify(src/alpha_warrior_launch_pkg) by extension 'ignore_ament_install'
[0.341s] Level 1:colcon.colcon_core.package_identification:_identify(src/alpha_warrior_launch_pkg) by extensions ['colcon_pkg']
[0.341s] Level 1:colcon.colcon_core.package_identification:_identify(src/alpha_warrior_launch_pkg) by extension 'colcon_pkg'
[0.341s] Level 1:colcon.colcon_core.package_identification:_identify(src/alpha_warrior_launch_pkg) by extensions ['colcon_meta']
[0.341s] Level 1:colcon.colcon_core.package_identification:_identify(src/alpha_warrior_launch_pkg) by extension 'colcon_meta'
[0.341s] Level 1:colcon.colcon_core.package_identification:_identify(src/alpha_warrior_launch_pkg) by extensions ['ros']
[0.341s] Level 1:colcon.colcon_core.package_identification:_identify(src/alpha_warrior_launch_pkg) by extension 'ros'
[0.342s] DEBUG:colcon.colcon_core.package_identification:Package 'src/alpha_warrior_launch_pkg' with type 'ros.ament_python' and name 'alpha_warrior_launch_pkg'
[0.342s] Level 1:colcon.colcon_core.package_identification:_identify(src/alpha_warrior_pkg) by extensions ['ignore', 'ignore_ament_install']
[0.342s] Level 1:colcon.colcon_core.package_identification:_identify(src/alpha_warrior_pkg) by extension 'ignore'
[0.342s] Level 1:colcon.colcon_core.package_identification:_identify(src/alpha_warrior_pkg) by extension 'ignore_ament_install'
[0.342s] Level 1:colcon.colcon_core.package_identification:_identify(src/alpha_warrior_pkg) by extensions ['colcon_pkg']
[0.342s] Level 1:colcon.colcon_core.package_identification:_identify(src/alpha_warrior_pkg) by extension 'colcon_pkg'
[0.342s] Level 1:colcon.colcon_core.package_identification:_identify(src/alpha_warrior_pkg) by extensions ['colcon_meta']
[0.342s] Level 1:colcon.colcon_core.package_identification:_identify(src/alpha_warrior_pkg) by extension 'colcon_meta'
[0.342s] Level 1:colcon.colcon_core.package_identification:_identify(src/alpha_warrior_pkg) by extensions ['ros']
[0.343s] Level 1:colcon.colcon_core.package_identification:_identify(src/alpha_warrior_pkg) by extension 'ros'
[0.343s] DEBUG:colcon.colcon_core.package_identification:Package 'src/alpha_warrior_pkg' with type 'ros.ament_python' and name 'alpha_warrior_pkg'
[0.343s] Level 1:colcon.colcon_core.package_identification:_identify(src/sfr_coursework1_interface_package) by extensions ['ignore', 'ignore_ament_install']
[0.344s] Level 1:colcon.colcon_core.package_identification:_identify(src/sfr_coursework1_interface_package) by extension 'ignore'
[0.344s] Level 1:colcon.colcon_core.package_identification:_identify(src/sfr_coursework1_interface_package) by extension 'ignore_ament_install'
[0.344s] Level 1:colcon.colcon_core.package_identification:_identify(src/sfr_coursework1_interface_package) by extensions ['colcon_pkg']
[0.344s] Level 1:colcon.colcon_core.package_identification:_identify(src/sfr_coursework1_interface_package) by extension 'colcon_pkg'
[0.344s] Level 1:colcon.colcon_core.package_identification:_identify(src/sfr_coursework1_interface_package) by extensions ['colcon_meta']
[0.344s] Level 1:colcon.colcon_core.package_identification:_identify(src/sfr_coursework1_interface_package) by extension 'colcon_meta'
[0.344s] Level 1:colcon.colcon_core.package_identification:_identify(src/sfr_coursework1_interface_package) by extensions ['ros']
[0.344s] Level 1:colcon.colcon_core.package_identification:_identify(src/sfr_coursework1_interface_package) by extension 'ros'
[0.345s] DEBUG:colcon.colcon_core.package_identification:Package 'src/sfr_coursework1_interface_package' with type 'ros.ament_cmake' and name 'sfr_coursework1_interface_package'
[0.345s] Level 1:colcon.colcon_core.package_discovery:discover_packages(recursive) using defaults
[0.345s] Level 1:colcon.colcon_core.package_discovery:discover_packages(ignore) discover
[0.345s] Level 1:colcon.colcon_core.package_discovery:discover_packages(ignore) using defaults
[0.345s] Level 1:colcon.colcon_core.package_discovery:discover_packages(path) discover
[0.345s] Level 1:colcon.colcon_core.package_discovery:discover_packages(path) using defaults
[0.373s] Level 1:colcon.colcon_core.package_discovery:discover_packages(prefix_path) check parameters
[0.373s] Level 1:colcon.colcon_core.package_discovery:discover_packages(prefix_path) discover
[0.377s] DEBUG:colcon.colcon_installed_package_information.package_discovery:Found 4 installed packages in /home/student48/assessments/coursework1/install
[0.378s] DEBUG:colcon.colcon_installed_package_information.package_discovery:Found 20 installed packages in /home/student48/ros2_tutorial_workspace/install
[0.379s] DEBUG:colcon.colcon_installed_package_information.package_discovery:Found 2 installed packages in /home/student48/assessments/week4/src/install
[0.380s] DEBUG:colcon.colcon_installed_package_information.package_discovery:Found 285 installed packages in /opt/ros/jazzy
[0.381s] Level 1:colcon.colcon_core.package_discovery:discover_packages(prefix_path) using defaults
[0.433s] Level 5:colcon.colcon_core.verb:set package 'sfr_coursework1_interface_package' build argument 'cmake_args' from command line to 'None'
[0.433s] Level 5:colcon.colcon_core.verb:set package 'sfr_coursework1_interface_package' build argument 'cmake_target' from command line to 'None'
[0.433s] Level 5:colcon.colcon_core.verb:set package 'sfr_coursework1_interface_package' build argument 'cmake_target_skip_unavailable' from command line to 'False'
[0.433s] Level 5:colcon.colcon_core.verb:set package 'sfr_coursework1_interface_package' build argument 'cmake_clean_cache' from command line to 'False'
[0.433s] Level 5:colcon.colcon_core.verb:set package 'sfr_coursework1_interface_package' build argument 'cmake_clean_first' from command line to 'False'
[0.433s] Level 5:colcon.colcon_core.verb:set package 'sfr_coursework1_interface_package' build argument 'cmake_force_configure' from command line to 'False'
[0.433s] Level 5:colcon.colcon_core.verb:set package 'sfr_coursework1_interface_package' build argument 'ament_cmake_args' from command line to 'None'
[0.433s] Level 5:colcon.colcon_core.verb:set package 'sfr_coursework1_interface_package' build argument 'catkin_cmake_args' from command line to 'None'
[0.433s] Level 5:colcon.colcon_core.verb:set package 'sfr_coursework1_interface_package' build argument 'catkin_skip_building_tests' from command line to 'False'
[0.433s] DEBUG:colcon.colcon_core.verb:Building package 'sfr_coursework1_interface_package' with the following arguments: {'ament_cmake_args': None, 'build_base': '/home/student48/assessments/coursework1/build/sfr_coursework1_interface_package', 'catkin_cmake_args': None, 'catkin_skip_building_tests': False, 'cmake_args': None, 'cmake_clean_cache': False, 'cmake_clean_first': False, 'cmake_force_configure': False, 'cmake_target': None, 'cmake_target_skip_unavailable': False, 'install_base': '/home/student48/assessments/coursework1/install/sfr_coursework1_interface_package', 'merge_install': False, 'path': '/home/student48/assessments/coursework1/src/sfr_coursework1_interface_package', 'symlink_install': False, 'test_result_base': None}
[0.434s] Level 5:colcon.colcon_core.verb:set package 'alpha_warrior_controller_pkg' build argument 'cmake_args' from command line to 'None'
[0.434s] Level 5:colcon.colcon_core.verb:set package 'alpha_warrior_controller_pkg' build argument 'cmake_target' from command line to 'None'
[0.434s] Level 5:colcon.colcon_core.verb:set package 'alpha_warrior_controller_pkg' build argument 'cmake_target_skip_unavailable' from command line to 'False'
[0.434s] Level 5:colcon.colcon_core.verb:set package 'alpha_warrior_controller_pkg' build argument 'cmake_clean_cache' from command line to 'False'
[0.434s] Level 5:colcon.colcon_core.verb:set package 'alpha_warrior_controller_pkg' build argument 'cmake_clean_first' from command line to 'False'
[0.434s] Level 5:colcon.colcon_core.verb:set package 'alpha_warrior_controller_pkg' build argument 'cmake_force_configure' from command line to 'False'
[0.434s] Level 5:colcon.colcon_core.verb:set package 'alpha_warrior_controller_pkg' build argument 'ament_cmake_args' from command line to 'None'
[0.434s] Level 5:colcon.colcon_core.verb:set package 'alpha_warrior_controller_pkg' build argument 'catkin_cmake_args' from command line to 'None'
[0.434s] Level 5:colcon.colcon_core.verb:set package 'alpha_warrior_controller_pkg' build argument 'catkin_skip_building_tests' from command line to 'False'
[0.435s] DEBUG:colcon.colcon_core.verb:Building package 'alpha_warrior_controller_pkg' with the following arguments: {'ament_cmake_args': None, 'build_base': '/home/student48/assessments/coursework1/build/alpha_warrior_controller_pkg', 'catkin_cmake_args': None, 'catkin_skip_building_tests': False, 'cmake_args': None, 'cmake_clean_cache': False, 'cmake_clean_first': False, 'cmake_force_configure': False, 'cmake_target': None, 'cmake_target_skip_unavailable': False, 'install_base': '/home/student48/assessments/coursework1/install/alpha_warrior_controller_pkg', 'merge_install': False, 'path': '/home/student48/assessments/coursework1/src/alpha_warrior_controller_pkg', 'symlink_install': False, 'test_result_base': None}
[0.435s] Level 5:colcon.colcon_core.verb:set package 'alpha_warrior_pkg' build argument 'cmake_args' from command line to 'None'
[0.435s] Level 5:colcon.colcon_core.verb:set package 'alpha_warrior_pkg' build argument 'cmake_target' from command line to 'None'
[0.435s] Level 5:colcon.colcon_core.verb:set package 'alpha_warrior_pkg' build argument 'cmake_target_skip_unavailable' from command line to 'False'
[0.435s] Level 5:colcon.colcon_core.verb:set package 'alpha_warrior_pkg' build argument 'cmake_clean_cache' from command line to 'False'
[0.435s] Level 5:colcon.colcon_core.verb:set package 'alpha_warrior_pkg' build argument 'cmake_clean_first' from command line to 'False'
[0.436s] Level 5:colcon.colcon_core.verb:set package 'alpha_warrior_pkg' build argument 'cmake_force_configure' from command line to 'False'
[0.436s] Level 5:colcon.colcon_core.verb:set package 'alpha_warrior_pkg' build argument 'ament_cmake_args' from command line to 'None'
[0.436s] Level 5:colcon.colcon_core.verb:set package 'alpha_warrior_pkg' build argument 'catkin_cmake_args' from command line to 'None'
[0.436s] Level 5:colcon.colcon_core.verb:set package 'alpha_warrior_pkg' build argument 'catkin_skip_building_tests' from command line to 'False'
[0.436s] DEBUG:colcon.colcon_core.verb:Building package 'alpha_warrior_pkg' with the following arguments: {'ament_cmake_args': None, 'build_base': '/home/student48/assessments/coursework1/build/alpha_warrior_pkg', 'catkin_cmake_args': None, 'catkin_skip_building_tests': False, 'cmake_args': None, 'cmake_clean_cache': False, 'cmake_clean_first': False, 'cmake_force_configure': False, 'cmake_target': None, 'cmake_target_skip_unavailable': False, 'install_base': '/home/student48/assessments/coursework1/install/alpha_warrior_pkg', 'merge_install': False, 'path': '/home/student48/assessments/coursework1/src/alpha_warrior_pkg', 'symlink_install': False, 'test_result_base': None}
[0.436s] Level 5:colcon.colcon_core.verb:set package 'alpha_warrior_launch_pkg' build argument 'cmake_args' from command line to 'None'
[0.436s] Level 5:colcon.colcon_core.verb:set package 'alpha_warrior_launch_pkg' build argument 'cmake_target' from command line to 'None'
[0.436s] Level 5:colcon.colcon_core.verb:set package 'alpha_warrior_launch_pkg' build argument 'cmake_target_skip_unavailable' from command line to 'False'
[0.436s] Level 5:colcon.colcon_core.verb:set package 'alpha_warrior_launch_pkg' build argument 'cmake_clean_cache' from command line to 'False'
[0.436s] Level 5:colcon.colcon_core.verb:set package 'alpha_warrior_launch_pkg' build argument 'cmake_clean_first' from command line to 'False'
[0.436s] Level 5:colcon.colcon_core.verb:set package 'alpha_warrior_launch_pkg' build argument 'cmake_force_configure' from command line to 'False'
[0.436s] Level 5:colcon.colcon_core.verb:set package 'alpha_warrior_launch_pkg' build argument 'ament_cmake_args' from command line to 'None'
[0.436s] Level 5:colcon.colcon_core.verb:set package 'alpha_warrior_launch_pkg' build argument 'catkin_cmake_args' from command line to 'None'
[0.436s] Level 5:colcon.colcon_core.verb:set package 'alpha_warrior_launch_pkg' build argument 'catkin_skip_building_tests' from command line to 'False'
[0.437s] DEBUG:colcon.colcon_core.verb:Building package 'alpha_warrior_launch_pkg' with the following arguments: {'ament_cmake_args': None, 'build_base': '/home/student48/assessments/coursework1/build/alpha_warrior_launch_pkg', 'catkin_cmake_args': None, 'catkin_skip_building_tests': False, 'cmake_args': None, 'cmake_clean_cache': False, 'cmake_clean_first': False, 'cmake_force_configure': False, 'cmake_target': None, 'cmake_target_skip_unavailable': False, 'install_base': '/home/student48/assessments/coursework1/install/alpha_warrior_launch_pkg', 'merge_install': False, 'path': '/home/student48/assessments/coursework1/src/alpha_warrior_launch_pkg', 'symlink_install': False, 'test_result_base': None}
[0.437s] INFO:colcon.colcon_core.executor:Executing jobs using 'parallel' executor
[0.439s] DEBUG:colcon.colcon_parallel_executor.executor.parallel:run_until_complete
[0.440s] INFO:colcon.colcon_ros.task.ament_cmake.build:Building ROS package in '/home/student48/assessments/coursework1/src/sfr_coursework1_interface_package' with build type 'ament_cmake'
[0.440s] INFO:colcon.colcon_cmake.task.cmake.build:Building CMake package in '/home/student48/assessments/coursework1/src/sfr_coursework1_interface_package'
[0.448s] INFO:colcon.colcon_core.plugin_system:Skipping extension 'colcon_core.shell.bat': Not used on non-Windows systems
[0.449s] INFO:colcon.colcon_core.shell:Skip shell extension 'powershell' for command environment: Not usable outside of PowerShell
[0.449s] DEBUG:colcon.colcon_core.shell:Skip shell extension 'dsv' for command environment
[0.476s] DEBUG:colcon.colcon_core.event_handler.log_command:Invoking command in '/home/student48/assessments/coursework1/build/sfr_coursework1_interface_package': CMAKE_PREFIX_PATH=${CMAKE_PREFIX_PATH}:/home/student48/assessments/coursework1/install/alpha_warrior_launch_pkg:/home/student48/assessments/coursework1/install/alpha_warrior_pkg:/home/student48/assessments/coursework1/install/alpha_warrior_controller_pkg:/home/student48/ros2_tutorial_workspace/install/the_simplest_python_packagee:/home/student48/ros2_tutorial_workspace/install/the_simplest_python_package:/home/student48/ros2_tutorial_workspace/install/python_package_with_a_node:/home/student48/ros2_tutorial_workspace/install/python_package_that_uses_the_library:/home/student48/ros2_tutorial_workspace/install/python_package_with_a_library:/home/student48/ros2_tutorial_workspace/install/python_package_that_uses_the_services:/home/student48/ros2_tutorial_workspace/install/python_package_that_uses_the_messages:/home/student48/ros2_tutorial_workspace/install/python_package_that_uses_the_actions:/home/student48/ros2_tutorial_workspace/install/python_package_that_uses_parameters_and_launch_files:/home/student48/ros2_tutorial_workspace/install/my_package:/home/student48/ros2_tutorial_workspace/install/custom_subscriber_package:/home/student48/ros2_tutorial_workspace/install/custom_server_package:/home/student48/ros2_tutorial_workspace/install/custom_publisher_package:/home/student48/ros2_tutorial_workspace/install/custom_package_with_node:/home/student48/ros2_tutorial_workspace/install/custom_package_with_library:/home/student48/ros2_tutorial_workspace/install/custom_client_package:/home/student48/ros2_tutorial_workspace/install/custom_action_server_package:/home/student48/ros2_tutorial_workspace/install/custom_action_client_package:/home/student48/ros2_tutorial_workspace/install/another_package:/home/student48/assessments/week4/src/install/volkswagen:/home/student48/assessments/week4/src/install/building:/opt/ros/jazzy DEBUGINFOD_URLS=https://debuginfod.ubuntu.com /usr/bin/cmake --build /home/student48/assessments/coursework1/build/sfr_coursework1_interface_package -- -j12 -l12
[1.655s] DEBUG:colcon.colcon_core.event_handler.log_command:Invoked command in '/home/student48/assessments/coursework1/build/sfr_coursework1_interface_package' returned '0': CMAKE_PREFIX_PATH=${CMAKE_PREFIX_PATH}:/home/student48/assessments/coursework1/install/alpha_warrior_launch_pkg:/home/student48/assessments/coursework1/install/alpha_warrior_pkg:/home/student48/assessments/coursework1/install/alpha_warrior_controller_pkg:/home/student48/ros2_tutorial_workspace/install/the_simplest_python_packagee:/home/student48/ros2_tutorial_workspace/install/the_simplest_python_package:/home/student48/ros2_tutorial_workspace/install/python_package_with_a_node:/home/student48/ros2_tutorial_workspace/install/python_package_that_uses_the_library:/home/student48/ros2_tutorial_workspace/install/python_package_with_a_library:/home/student48/ros2_tutorial_workspace/install/python_package_that_uses_the_services:/home/student48/ros2_tutorial_workspace/install/python_package_that_uses_the_messages:/home/student48/ros2_tutorial_workspace/install/python_package_that_uses_the_actions:/home/student48/ros2_tutorial_workspace/install/python_package_that_uses_parameters_and_launch_files:/home/student48/ros2_tutorial_workspace/install/my_package:/home/student48/ros2_tutorial_workspace/install/custom_subscriber_package:/home/student48/ros2_tutorial_workspace/install/custom_server_package:/home/student48/ros2_tutorial_workspace/install/custom_publisher_package:/home/student48/ros2_tutorial_workspace/install/custom_package_with_node:/home/student48/ros2_tutorial_workspace/install/custom_package_with_library:/home/student48/ros2_tutorial_workspace/install/custom_client_package:/home/student48/ros2_tutorial_workspace/install/custom_action_server_package:/home/student48/ros2_tutorial_workspace/install/custom_action_client_package:/home/student48/ros2_tutorial_workspace/install/another_package:/home/student48/assessments/week4/src/install/volkswagen:/home/student48/assessments/week4/src/install/building:/opt/ros/jazzy DEBUGINFOD_URLS=https://debuginfod.ubuntu.com /usr/bin/cmake --build /home/student48/assessments/coursework1/build/sfr_coursework1_interface_package -- -j12 -l12
[1.680s] DEBUG:colcon.colcon_core.event_handler.log_command:Invoking command in '/home/student48/assessments/coursework1/build/sfr_coursework1_interface_package': CMAKE_PREFIX_PATH=${CMAKE_PREFIX_PATH}:/home/student48/assessments/coursework1/install/alpha_warrior_launch_pkg:/home/student48/assessments/coursework1/install/alpha_warrior_pkg:/home/student48/assessments/coursework1/install/alpha_warrior_controller_pkg:/home/student48/ros2_tutorial_workspace/install/the_simplest_python_packagee:/home/student48/ros2_tutorial_workspace/install/the_simplest_python_package:/home/student48/ros2_tutorial_workspace/install/python_package_with_a_node:/home/student48/ros2_tutorial_workspace/install/python_package_that_uses_the_library:/home/student48/ros2_tutorial_workspace/install/python_package_with_a_library:/home/student48/ros2_tutorial_workspace/install/python_package_that_uses_the_services:/home/student48/ros2_tutorial_workspace/install/python_package_that_uses_the_messages:/home/student48/ros2_tutorial_workspace/install/python_package_that_uses_the_actions:/home/student48/ros2_tutorial_workspace/install/python_package_that_uses_parameters_and_launch_files:/home/student48/ros2_tutorial_workspace/install/my_package:/home/student48/ros2_tutorial_workspace/install/custom_subscriber_package:/home/student48/ros2_tutorial_workspace/install/custom_server_package:/home/student48/ros2_tutorial_workspace/install/custom_publisher_package:/home/student48/ros2_tutorial_workspace/install/custom_package_with_node:/home/student48/ros2_tutorial_workspace/install/custom_package_with_library:/home/student48/ros2_tutorial_workspace/install/custom_client_package:/home/student48/ros2_tutorial_workspace/install/custom_action_server_package:/home/student48/ros2_tutorial_workspace/install/custom_action_client_package:/home/student48/ros2_tutorial_workspace/install/another_package:/home/student48/assessments/week4/src/install/volkswagen:/home/student48/assessments/week4/src/install/building:/opt/ros/jazzy DEBUGINFOD_URLS=https://debuginfod.ubuntu.com /usr/bin/cmake --install /home/student48/assessments/coursework1/build/sfr_coursework1_interface_package
[1.810s] Level 1:colcon.colcon_core.environment:create_environment_scripts_only(sfr_coursework1_interface_package)
[1.811s] DEBUG:colcon.colcon_core.event_handler.log_command:Invoked command in '/home/student48/assessments/coursework1/build/sfr_coursework1_interface_package' returned '0': CMAKE_PREFIX_PATH=${CMAKE_PREFIX_PATH}:/home/student48/assessments/coursework1/install/alpha_warrior_launch_pkg:/home/student48/assessments/coursework1/install/alpha_warrior_pkg:/home/student48/assessments/coursework1/install/alpha_warrior_controller_pkg:/home/student48/ros2_tutorial_workspace/install/the_simplest_python_packagee:/home/student48/ros2_tutorial_workspace/install/the_simplest_python_package:/home/student48/ros2_tutorial_workspace/install/python_package_with_a_node:/home/student48/ros2_tutorial_workspace/install/python_package_that_uses_the_library:/home/student48/ros2_tutorial_workspace/install/python_package_with_a_library:/home/student48/ros2_tutorial_workspace/install/python_package_that_uses_the_services:/home/student48/ros2_tutorial_workspace/install/python_package_that_uses_the_messages:/home/student48/ros2_tutorial_workspace/install/python_package_that_uses_the_actions:/home/student48/ros2_tutorial_workspace/install/python_package_that_uses_parameters_and_launch_files:/home/student48/ros2_tutorial_workspace/install/my_package:/home/student48/ros2_tutorial_workspace/install/custom_subscriber_package:/home/student48/ros2_tutorial_workspace/install/custom_server_package:/home/student48/ros2_tutorial_workspace/install/custom_publisher_package:/home/student48/ros2_tutorial_workspace/install/custom_package_with_node:/home/student48/ros2_tutorial_workspace/install/custom_package_with_library:/home/student48/ros2_tutorial_workspace/install/custom_client_package:/home/student48/ros2_tutorial_workspace/install/custom_action_server_package:/home/student48/ros2_tutorial_workspace/install/custom_action_client_package:/home/student48/ros2_tutorial_workspace/install/another_package:/home/student48/assessments/week4/src/install/volkswagen:/home/student48/assessments/week4/src/install/building:/opt/ros/jazzy DEBUGINFOD_URLS=https://debuginfod.ubuntu.com /usr/bin/cmake --install /home/student48/assessments/coursework1/build/sfr_coursework1_interface_package
[1.817s] Level 1:colcon.colcon_core.environment:checking '/home/student48/assessments/coursework1/install/sfr_coursework1_interface_package' for CMake module files
[1.819s] Level 1:colcon.colcon_core.environment:checking '/home/student48/assessments/coursework1/install/sfr_coursework1_interface_package' for CMake config files
[1.820s] Level 1:colcon.colcon_core.shell:create_environment_hook('sfr_coursework1_interface_package', 'cmake_prefix_path')
[1.820s] INFO:colcon.colcon_core.shell:Creating environment hook '/home/student48/assessments/coursework1/install/sfr_coursework1_interface_package/share/sfr_coursework1_interface_package/hook/cmake_prefix_path.ps1'
[1.821s] INFO:colcon.colcon_core.shell:Creating environment descriptor '/home/student48/assessments/coursework1/install/sfr_coursework1_interface_package/share/sfr_coursework1_interface_package/hook/cmake_prefix_path.dsv'
[1.821s] INFO:colcon.colcon_core.shell:Creating environment hook '/home/student48/assessments/coursework1/install/sfr_coursework1_interface_package/share/sfr_coursework1_interface_package/hook/cmake_prefix_path.sh'
[1.822s] Level 1:colcon.colcon_core.environment:checking '/home/student48/assessments/coursework1/install/sfr_coursework1_interface_package/lib'
[1.823s] Level 1:colcon.colcon_core.shell:create_environment_hook('sfr_coursework1_interface_package', 'ld_library_path_lib')
[1.823s] INFO:colcon.colcon_core.shell:Creating environment hook '/home/student48/assessments/coursework1/install/sfr_coursework1_interface_package/share/sfr_coursework1_interface_package/hook/ld_library_path_lib.ps1'
[1.823s] INFO:colcon.colcon_core.shell:Creating environment descriptor '/home/student48/assessments/coursework1/install/sfr_coursework1_interface_package/share/sfr_coursework1_interface_package/hook/ld_library_path_lib.dsv'
[1.824s] INFO:colcon.colcon_core.shell:Creating environment hook '/home/student48/assessments/coursework1/install/sfr_coursework1_interface_package/share/sfr_coursework1_interface_package/hook/ld_library_path_lib.sh'
[1.824s] Level 1:colcon.colcon_core.environment:checking '/home/student48/assessments/coursework1/install/sfr_coursework1_interface_package/bin'
[1.824s] Level 1:colcon.colcon_core.environment:checking '/home/student48/assessments/coursework1/install/sfr_coursework1_interface_package/lib/pkgconfig/sfr_coursework1_interface_package.pc'
[1.824s] Level 1:colcon.colcon_core.environment:checking '/home/student48/assessments/coursework1/install/sfr_coursework1_interface_package/lib/python3.12/site-packages'
[1.824s] Level 1:colcon.colcon_core.shell:create_environment_hook('sfr_coursework1_interface_package', 'pythonpath')
[1.825s] INFO:colcon.colcon_core.shell:Creating environment hook '/home/student48/assessments/coursework1/install/sfr_coursework1_interface_package/share/sfr_coursework1_interface_package/hook/pythonpath.ps1'
[1.825s] INFO:colcon.colcon_core.shell:Creating environment descriptor '/home/student48/assessments/coursework1/install/sfr_coursework1_interface_package/share/sfr_coursework1_interface_package/hook/pythonpath.dsv'
[1.825s] INFO:colcon.colcon_core.shell:Creating environment hook '/home/student48/assessments/coursework1/install/sfr_coursework1_interface_package/share/sfr_coursework1_interface_package/hook/pythonpath.sh'
[1.826s] Level 1:colcon.colcon_core.environment:checking '/home/student48/assessments/coursework1/install/sfr_coursework1_interface_package/bin'
[1.826s] INFO:colcon.colcon_core.shell:Creating package script '/home/student48/assessments/coursework1/install/sfr_coursework1_interface_package/share/sfr_coursework1_interface_package/package.ps1'
[1.827s] INFO:colcon.colcon_core.shell:Creating package descriptor '/home/student48/assessments/coursework1/install/sfr_coursework1_interface_package/share/sfr_coursework1_interface_package/package.dsv'
[1.828s] INFO:colcon.colcon_core.shell:Creating package script '/home/student48/assessments/coursework1/install/sfr_coursework1_interface_package/share/sfr_coursework1_interface_package/package.sh'
[1.829s] INFO:colcon.colcon_core.shell:Creating package script '/home/student48/assessments/coursework1/install/sfr_coursework1_interface_package/share/sfr_coursework1_interface_package/package.bash'
[1.829s] INFO:colcon.colcon_core.shell:Creating package script '/home/student48/assessments/coursework1/install/sfr_coursework1_interface_package/share/sfr_coursework1_interface_package/package.zsh'
[1.830s] Level 1:colcon.colcon_core.environment:create_file_with_runtime_dependencies(/home/student48/assessments/coursework1/install/sfr_coursework1_interface_package/share/colcon-core/packages/sfr_coursework1_interface_package)
[1.831s] Level 1:colcon.colcon_core.environment:create_environment_scripts_only(sfr_coursework1_interface_package)
[1.831s] Level 1:colcon.colcon_core.environment:checking '/home/student48/assessments/coursework1/install/sfr_coursework1_interface_package' for CMake module files
[1.832s] Level 1:colcon.colcon_core.environment:checking '/home/student48/assessments/coursework1/install/sfr_coursework1_interface_package' for CMake config files
[1.832s] Level 1:colcon.colcon_core.shell:create_environment_hook('sfr_coursework1_interface_package', 'cmake_prefix_path')
[1.832s] INFO:colcon.colcon_core.shell:Creating environment hook '/home/student48/assessments/coursework1/install/sfr_coursework1_interface_package/share/sfr_coursework1_interface_package/hook/cmake_prefix_path.ps1'
[1.833s] INFO:colcon.colcon_core.shell:Creating environment descriptor '/home/student48/assessments/coursework1/install/sfr_coursework1_interface_package/share/sfr_coursework1_interface_package/hook/cmake_prefix_path.dsv'
[1.833s] INFO:colcon.colcon_core.shell:Creating environment hook '/home/student48/assessments/coursework1/install/sfr_coursework1_interface_package/share/sfr_coursework1_interface_package/hook/cmake_prefix_path.sh'
[1.834s] Level 1:colcon.colcon_core.environment:checking '/home/student48/assessments/coursework1/install/sfr_coursework1_interface_package/lib'
[1.834s] Level 1:colcon.colcon_core.shell:create_environment_hook('sfr_coursework1_interface_package', 'ld_library_path_lib')
[1.835s] INFO:colcon.colcon_core.shell:Creating environment hook '/home/student48/assessments/coursework1/install/sfr_coursework1_interface_package/share/sfr_coursework1_interface_package/hook/ld_library_path_lib.ps1'
[1.835s] INFO:colcon.colcon_core.shell:Creating environment descriptor '/home/student48/assessments/coursework1/install/sfr_coursework1_interface_package/share/sfr_coursework1_interface_package/hook/ld_library_path_lib.dsv'
[1.836s] INFO:colcon.colcon_core.shell:Creating environment hook '/home/student48/assessments/coursework1/install/sfr_coursework1_interface_package/share/sfr_coursework1_interface_package/hook/ld_library_path_lib.sh'
[1.836s] Level 1:colcon.colcon_core.environment:checking '/home/student48/assessments/coursework1/install/sfr_coursework1_interface_package/bin'
[1.836s] Level 1:colcon.colcon_core.environment:checking '/home/student48/assessments/coursework1/install/sfr_coursework1_interface_package/lib/pkgconfig/sfr_coursework1_interface_package.pc'
[1.838s] Level 1:colcon.colcon_core.environment:checking '/home/student48/assessments/coursework1/install/sfr_coursework1_interface_package/lib/python3.12/site-packages'
[1.839s] Level 1:colcon.colcon_core.shell:create_environment_hook('sfr_coursework1_interface_package', 'pythonpath')
[1.840s] INFO:colcon.colcon_core.shell:Creating environment hook '/home/student48/assessments/coursework1/install/sfr_coursework1_interface_package/share/sfr_coursework1_interface_package/hook/pythonpath.ps1'
[1.842s] INFO:colcon.colcon_core.shell:Creating environment descriptor '/home/student48/assessments/coursework1/install/sfr_coursework1_interface_package/share/sfr_coursework1_interface_package/hook/pythonpath.dsv'
[1.844s] INFO:colcon.colcon_core.shell:Creating environment hook '/home/student48/assessments/coursework1/install/sfr_coursework1_interface_package/share/sfr_coursework1_interface_package/hook/pythonpath.sh'
[1.851s] Level 1:colcon.colcon_core.environment:checking '/home/student48/assessments/coursework1/install/sfr_coursework1_interface_package/bin'
[1.853s] INFO:colcon.colcon_core.shell:Creating package script '/home/student48/assessments/coursework1/install/sfr_coursework1_interface_package/share/sfr_coursework1_interface_package/package.ps1'
[1.857s] INFO:colcon.colcon_core.shell:Creating package descriptor '/home/student48/assessments/coursework1/install/sfr_coursework1_interface_package/share/sfr_coursework1_interface_package/package.dsv'
[1.860s] INFO:colcon.colcon_core.shell:Creating package script '/home/student48/assessments/coursework1/install/sfr_coursework1_interface_package/share/sfr_coursework1_interface_package/package.sh'
[1.862s] INFO:colcon.colcon_core.shell:Creating package script '/home/student48/assessments/coursework1/install/sfr_coursework1_interface_package/share/sfr_coursework1_interface_package/package.bash'
[1.862s] INFO:colcon.colcon_core.shell:Creating package script '/home/student48/assessments/coursework1/install/sfr_coursework1_interface_package/share/sfr_coursework1_interface_package/package.zsh'
[1.863s] Level 1:colcon.colcon_core.environment:create_file_with_runtime_dependencies(/home/student48/assessments/coursework1/install/sfr_coursework1_interface_package/share/colcon-core/packages/sfr_coursework1_interface_package)
[1.864s] INFO:colcon.colcon_ros.task.ament_python.build:Building ROS package in '/home/student48/assessments/coursework1/src/alpha_warrior_controller_pkg' with build type 'ament_python'
[1.865s] Level 1:colcon.colcon_core.shell:create_environment_hook('alpha_warrior_controller_pkg', 'ament_prefix_path')
[1.865s] INFO:colcon.colcon_core.shell:Creating environment hook '/home/student48/assessments/coursework1/install/alpha_warrior_controller_pkg/share/alpha_warrior_controller_pkg/hook/ament_prefix_path.ps1'
[1.867s] INFO:colcon.colcon_core.shell:Creating environment descriptor '/home/student48/assessments/coursework1/install/alpha_warrior_controller_pkg/share/alpha_warrior_controller_pkg/hook/ament_prefix_path.dsv'
[1.868s] INFO:colcon.colcon_core.shell:Creating environment hook '/home/student48/assessments/coursework1/install/alpha_warrior_controller_pkg/share/alpha_warrior_controller_pkg/hook/ament_prefix_path.sh'
[1.870s] INFO:colcon.colcon_core.shell:Skip shell extension 'powershell' for command environment: Not usable outside of PowerShell
[1.870s] DEBUG:colcon.colcon_core.shell:Skip shell extension 'dsv' for command environment
[1.878s] INFO:colcon.colcon_ros.task.ament_python.build:Building ROS package in '/home/student48/assessments/coursework1/src/alpha_warrior_pkg' with build type 'ament_python'
[1.878s] Level 1:colcon.colcon_core.shell:create_environment_hook('alpha_warrior_pkg', 'ament_prefix_path')
[1.879s] INFO:colcon.colcon_core.shell:Creating environment hook '/home/student48/assessments/coursework1/install/alpha_warrior_pkg/share/alpha_warrior_pkg/hook/ament_prefix_path.ps1'
[1.880s] INFO:colcon.colcon_core.shell:Creating environment descriptor '/home/student48/assessments/coursework1/install/alpha_warrior_pkg/share/alpha_warrior_pkg/hook/ament_prefix_path.dsv'
[1.880s] INFO:colcon.colcon_core.shell:Creating environment hook '/home/student48/assessments/coursework1/install/alpha_warrior_pkg/share/alpha_warrior_pkg/hook/ament_prefix_path.sh'
[1.881s] INFO:colcon.colcon_core.shell:Skip shell extension 'powershell' for command environment: Not usable outside of PowerShell
[1.881s] DEBUG:colcon.colcon_core.shell:Skip shell extension 'dsv' for command environment
[2.362s] INFO:colcon.colcon_core.task.python.build:Building Python package in '/home/student48/assessments/coursework1/src/alpha_warrior_controller_pkg'
[2.362s] INFO:colcon.colcon_core.shell:Skip shell extension 'powershell' for command environment: Not usable outside of PowerShell
[2.362s] DEBUG:colcon.colcon_core.shell:Skip shell extension 'dsv' for command environment
[2.789s] INFO:colcon.colcon_core.task.python.build:Building Python package in '/home/student48/assessments/coursework1/src/alpha_warrior_pkg'
[2.790s] INFO:colcon.colcon_core.shell:Skip shell extension 'powershell' for command environment: Not usable outside of PowerShell
[2.790s] DEBUG:colcon.colcon_core.shell:Skip shell extension 'dsv' for command environment
[3.778s] DEBUG:colcon.colcon_core.event_handler.log_command:Invoking command in '/home/student48/assessments/coursework1/src/alpha_warrior_pkg': DEBUGINFOD_URLS=https://debuginfod.ubuntu.com PYTHONPATH=/home/student48/assessments/coursework1/build/alpha_warrior_pkg/prefix_override:/usr/lib/python3/dist-packages/colcon_core/task/python/colcon_distutils_commands:/home/student48/assessments/coursework1/install/alpha_warrior_pkg/lib/python3.12/site-packages:/home/student48/assessments/coursework1/install/sfr_coursework1_interface_package/lib/python3.12/site-packages:/home/student48/assessments/coursework1/install/alpha_warrior_launch_pkg/lib/python3.12/site-packages:/home/student48/assessments/coursework1/install/alpha_warrior_pkg/lib/python3.12/site-packages:/home/student48/assessments/coursework1/install/alpha_warrior_controller_pkg/lib/python3.12/site-packages:/home/student48/ros2_tutorial_workspace/install/the_simplest_python_packagee/lib/python3.12/site-packages:/home/student48/ros2_tutorial_workspace/install/the_simplest_python_package/lib/python3.12/site-packages:/home/student48/ros2_tutorial_workspace/install/python_package_with_a_node/lib/python3.12/site-packages:/home/student48/ros2_tutorial_workspace/install/python_package_that_uses_the_library/lib/python3.12/site-packages:/home/student48/ros2_tutorial_workspace/install/python_package_with_a_library/lib/python3.12/site-packages:/home/student48/ros2_tutorial_workspace/install/python_package_that_uses_the_services/lib/python3.12/site-packages:/home/student48/ros2_tutorial_workspace/install/python_package_that_uses_the_messages/lib/python3.12/site-packages:/home/student48/ros2_tutorial_workspace/install/python_package_that_uses_the_actions/lib/python3.12/site-packages:/home/student48/ros2_tutorial_workspace/install/python_package_that_uses_parameters_and_launch_files/lib/python3.12/site-packages:/home/student48/ros2_tutorial_workspace/install/package_with_interfaces/lib/python3.12/site-packages:/home/student48/ros2_tutorial_workspace/install/my_package/lib/python3.12/site-packages:/home/student48/ros2_tutorial_workspace/install/custom_subscriber_package/lib/python3.12/site-packages:/home/student48/ros2_tutorial_workspace/install/custom_server_package/lib/python3.12/site-packages:/home/student48/ros2_tutorial_workspace/install/custom_publisher_package/lib/python3.12/site-packages:/home/student48/ros2_tutorial_workspace/install/custom_package_with_node/lib/python3.12/site-packages:/home/student48/ros2_tutorial_workspace/install/custom_package_with_library/lib/python3.12/site-packages:/home/student48/ros2_tutorial_workspace/install/custom_client_package/lib/python3.12/site-packages:/home/student48/ros2_tutorial_workspace/install/custom_action_server_package/lib/python3.12/site-packages:/home/student48/ros2_tutorial_workspace/install/custom_action_client_package/lib/python3.12/site-packages:/home/student48/ros2_tutorial_workspace/install/another_package/lib/python3.12/site-packages:/home/student48/assessments/week4/src/install/volkswagen/lib/python3.12/site-packages:/home/student48/assessments/week4/src/install/building/lib/python3.12/site-packages:/opt/ros/jazzy/lib/python3.12/site-packages /usr/bin/python3 -W ignore:setup.py install is deprecated -W ignore:easy_install command is deprecated setup.py egg_info --egg-base ../../build/alpha_warrior_pkg build --build-base /home/student48/assessments/coursework1/build/alpha_warrior_pkg/build install --record /home/student48/assessments/coursework1/build/alpha_warrior_pkg/install.log --single-version-externally-managed install_data
[4.503s] DEBUG:colcon.colcon_core.event_handler.log_command:Invoking command in '/home/student48/assessments/coursework1/src/alpha_warrior_controller_pkg': DEBUGINFOD_URLS=https://debuginfod.ubuntu.com PYTHONPATH=/home/student48/assessments/coursework1/build/alpha_warrior_controller_pkg/prefix_override:/usr/lib/python3/dist-packages/colcon_core/task/python/colcon_distutils_commands:/home/student48/assessments/coursework1/install/alpha_warrior_controller_pkg/lib/python3.12/site-packages:/home/student48/assessments/coursework1/install/sfr_coursework1_interface_package/lib/python3.12/site-packages:/home/student48/assessments/coursework1/install/alpha_warrior_launch_pkg/lib/python3.12/site-packages:/home/student48/assessments/coursework1/install/alpha_warrior_pkg/lib/python3.12/site-packages:/home/student48/assessments/coursework1/install/alpha_warrior_controller_pkg/lib/python3.12/site-packages:/home/student48/ros2_tutorial_workspace/install/the_simplest_python_packagee/lib/python3.12/site-packages:/home/student48/ros2_tutorial_workspace/install/the_simplest_python_package/lib/python3.12/site-packages:/home/student48/ros2_tutorial_workspace/install/python_package_with_a_node/lib/python3.12/site-packages:/home/student48/ros2_tutorial_workspace/install/python_package_that_uses_the_library/lib/python3.12/site-packages:/home/student48/ros2_tutorial_workspace/install/python_package_with_a_library/lib/python3.12/site-packages:/home/student48/ros2_tutorial_workspace/install/python_package_that_uses_the_services/lib/python3.12/site-packages:/home/student48/ros2_tutorial_workspace/install/python_package_that_uses_the_messages/lib/python3.12/site-packages:/home/student48/ros2_tutorial_workspace/install/python_package_that_uses_the_actions/lib/python3.12/site-packages:/home/student48/ros2_tutorial_workspace/install/python_package_that_uses_parameters_and_launch_files/lib/python3.12/site-packages:/home/student48/ros2_tutorial_workspace/install/package_with_interfaces/lib/python3.12/site-packages:/home/student48/ros2_tutorial_workspace/install/my_package/lib/python3.12/site-packages:/home/student48/ros2_tutorial_workspace/install/custom_subscriber_package/lib/python3.12/site-packages:/home/student48/ros2_tutorial_workspace/install/custom_server_package/lib/python3.12/site-packages:/home/student48/ros2_tutorial_workspace/install/custom_publisher_package/lib/python3.12/site-packages:/home/student48/ros2_tutorial_workspace/install/custom_package_with_node/lib/python3.12/site-packages:/home/student48/ros2_tutorial_workspace/install/custom_package_with_library/lib/python3.12/site-packages:/home/student48/ros2_tutorial_workspace/install/custom_client_package/lib/python3.12/site-packages:/home/student48/ros2_tutorial_workspace/install/custom_action_server_package/lib/python3.12/site-packages:/home/student48/ros2_tutorial_workspace/install/custom_action_client_package/lib/python3.12/site-packages:/home/student48/ros2_tutorial_workspace/install/another_package/lib/python3.12/site-packages:/home/student48/assessments/week4/src/install/volkswagen/lib/python3.12/site-packages:/home/student48/assessments/week4/src/install/building/lib/python3.12/site-packages:/opt/ros/jazzy/lib/python3.12/site-packages /usr/bin/python3 -W ignore:setup.py install is deprecated -W ignore:easy_install command is deprecated setup.py egg_info --egg-base ../../build/alpha_warrior_controller_pkg build --build-base /home/student48/assessments/coursework1/build/alpha_warrior_controller_pkg/build install --record /home/student48/assessments/coursework1/build/alpha_warrior_controller_pkg/install.log --single-version-externally-managed install_data
[4.845s] Level 1:colcon.colcon_core.environment:checking '/home/student48/assessments/coursework1/install/alpha_warrior_pkg' for CMake module files
[4.846s] DEBUG:colcon.colcon_core.event_handler.log_command:Invoked command in '/home/student48/assessments/coursework1/src/alpha_warrior_pkg' returned '0': DEBUGINFOD_URLS=https://debuginfod.ubuntu.com PYTHONPATH=/home/student48/assessments/coursework1/build/alpha_warrior_pkg/prefix_override:/usr/lib/python3/dist-packages/colcon_core/task/python/colcon_distutils_commands:/home/student48/assessments/coursework1/install/alpha_warrior_pkg/lib/python3.12/site-packages:/home/student48/assessments/coursework1/install/sfr_coursework1_interface_package/lib/python3.12/site-packages:/home/student48/assessments/coursework1/install/alpha_warrior_launch_pkg/lib/python3.12/site-packages:/home/student48/assessments/coursework1/install/alpha_warrior_pkg/lib/python3.12/site-packages:/home/student48/assessments/coursework1/install/alpha_warrior_controller_pkg/lib/python3.12/site-packages:/home/student48/ros2_tutorial_workspace/install/the_simplest_python_packagee/lib/python3.12/site-packages:/home/student48/ros2_tutorial_workspace/install/the_simplest_python_package/lib/python3.12/site-packages:/home/student48/ros2_tutorial_workspace/install/python_package_with_a_node/lib/python3.12/site-packages:/home/student48/ros2_tutorial_workspace/install/python_package_that_uses_the_library/lib/python3.12/site-packages:/home/student48/ros2_tutorial_workspace/install/python_package_with_a_library/lib/python3.12/site-packages:/home/student48/ros2_tutorial_workspace/install/python_package_that_uses_the_services/lib/python3.12/site-packages:/home/student48/ros2_tutorial_workspace/install/python_package_that_uses_the_messages/lib/python3.12/site-packages:/home/student48/ros2_tutorial_workspace/install/python_package_that_uses_the_actions/lib/python3.12/site-packages:/home/student48/ros2_tutorial_workspace/install/python_package_that_uses_parameters_and_launch_files/lib/python3.12/site-packages:/home/student48/ros2_tutorial_workspace/install/package_with_interfaces/lib/python3.12/site-packages:/home/student48/ros2_tutorial_workspace/install/my_package/lib/python3.12/site-packages:/home/student48/ros2_tutorial_workspace/install/custom_subscriber_package/lib/python3.12/site-packages:/home/student48/ros2_tutorial_workspace/install/custom_server_package/lib/python3.12/site-packages:/home/student48/ros2_tutorial_workspace/install/custom_publisher_package/lib/python3.12/site-packages:/home/student48/ros2_tutorial_workspace/install/custom_package_with_node/lib/python3.12/site-packages:/home/student48/ros2_tutorial_workspace/install/custom_package_with_library/lib/python3.12/site-packages:/home/student48/ros2_tutorial_workspace/install/custom_client_package/lib/python3.12/site-packages:/home/student48/ros2_tutorial_workspace/install/custom_action_server_package/lib/python3.12/site-packages:/home/student48/ros2_tutorial_workspace/install/custom_action_client_package/lib/python3.12/site-packages:/home/student48/ros2_tutorial_workspace/install/another_package/lib/python3.12/site-packages:/home/student48/assessments/week4/src/install/volkswagen/lib/python3.12/site-packages:/home/student48/assessments/week4/src/install/building/lib/python3.12/site-packages:/opt/ros/jazzy/lib/python3.12/site-packages /usr/bin/python3 -W ignore:setup.py install is deprecated -W ignore:easy_install command is deprecated setup.py egg_info --egg-base ../../build/alpha_warrior_pkg build --build-base /home/student48/assessments/coursework1/build/alpha_warrior_pkg/build install --record /home/student48/assessments/coursework1/build/alpha_warrior_pkg/install.log --single-version-externally-managed install_data
[4.847s] Level 1:colcon.colcon_core.environment:checking '/home/student48/assessments/coursework1/install/alpha_warrior_pkg' for CMake config files
[4.849s] Level 1:colcon.colcon_core.environment:checking '/home/student48/assessments/coursework1/install/alpha_warrior_pkg/lib'
[4.849s] Level 1:colcon.colcon_core.environment:checking '/home/student48/assessments/coursework1/install/alpha_warrior_pkg/bin'
[4.849s] Level 1:colcon.colcon_core.environment:checking '/home/student48/assessments/coursework1/install/alpha_warrior_pkg/lib/pkgconfig/alpha_warrior_pkg.pc'
[4.850s] Level 1:colcon.colcon_core.environment:checking '/home/student48/assessments/coursework1/install/alpha_warrior_pkg/lib/python3.12/site-packages'
[4.850s] Level 1:colcon.colcon_core.shell:create_environment_hook('alpha_warrior_pkg', 'pythonpath')
[4.850s] INFO:colcon.colcon_core.shell:Creating environment hook '/home/student48/assessments/coursework1/install/alpha_warrior_pkg/share/alpha_warrior_pkg/hook/pythonpath.ps1'
[4.851s] INFO:colcon.colcon_core.shell:Creating environment descriptor '/home/student48/assessments/coursework1/install/alpha_warrior_pkg/share/alpha_warrior_pkg/hook/pythonpath.dsv'
[4.852s] INFO:colcon.colcon_core.shell:Creating environment hook '/home/student48/assessments/coursework1/install/alpha_warrior_pkg/share/alpha_warrior_pkg/hook/pythonpath.sh'
[4.854s] Level 1:colcon.colcon_core.environment:checking '/home/student48/assessments/coursework1/install/alpha_warrior_pkg/bin'
[4.854s] Level 1:colcon.colcon_core.environment:create_environment_scripts_only(alpha_warrior_pkg)
[4.855s] INFO:colcon.colcon_core.shell:Creating package script '/home/student48/assessments/coursework1/install/alpha_warrior_pkg/share/alpha_warrior_pkg/package.ps1'
[4.856s] INFO:colcon.colcon_core.shell:Creating package descriptor '/home/student48/assessments/coursework1/install/alpha_warrior_pkg/share/alpha_warrior_pkg/package.dsv'
[4.857s] INFO:colcon.colcon_core.shell:Creating package script '/home/student48/assessments/coursework1/install/alpha_warrior_pkg/share/alpha_warrior_pkg/package.sh'
[4.857s] INFO:colcon.colcon_core.shell:Creating package script '/home/student48/assessments/coursework1/install/alpha_warrior_pkg/share/alpha_warrior_pkg/package.bash'
[4.858s] INFO:colcon.colcon_core.shell:Creating package script '/home/student48/assessments/coursework1/install/alpha_warrior_pkg/share/alpha_warrior_pkg/package.zsh'
[4.858s] Level 1:colcon.colcon_core.environment:create_file_with_runtime_dependencies(/home/student48/assessments/coursework1/install/alpha_warrior_pkg/share/colcon-core/packages/alpha_warrior_pkg)
[5.410s] Level 1:colcon.colcon_core.environment:checking '/home/student48/assessments/coursework1/install/alpha_warrior_controller_pkg' for CMake module files
[5.412s] DEBUG:colcon.colcon_core.event_handler.log_command:Invoked command in '/home/student48/assessments/coursework1/src/alpha_warrior_controller_pkg' returned '0': DEBUGINFOD_URLS=https://debuginfod.ubuntu.com PYTHONPATH=/home/student48/assessments/coursework1/build/alpha_warrior_controller_pkg/prefix_override:/usr/lib/python3/dist-packages/colcon_core/task/python/colcon_distutils_commands:/home/student48/assessments/coursework1/install/alpha_warrior_controller_pkg/lib/python3.12/site-packages:/home/student48/assessments/coursework1/install/sfr_coursework1_interface_package/lib/python3.12/site-packages:/home/student48/assessments/coursework1/install/alpha_warrior_launch_pkg/lib/python3.12/site-packages:/home/student48/assessments/coursework1/install/alpha_warrior_pkg/lib/python3.12/site-packages:/home/student48/assessments/coursework1/install/alpha_warrior_controller_pkg/lib/python3.12/site-packages:/home/student48/ros2_tutorial_workspace/install/the_simplest_python_packagee/lib/python3.12/site-packages:/home/student48/ros2_tutorial_workspace/install/the_simplest_python_package/lib/python3.12/site-packages:/home/student48/ros2_tutorial_workspace/install/python_package_with_a_node/lib/python3.12/site-packages:/home/student48/ros2_tutorial_workspace/install/python_package_that_uses_the_library/lib/python3.12/site-packages:/home/student48/ros2_tutorial_workspace/install/python_package_with_a_library/lib/python3.12/site-packages:/home/student48/ros2_tutorial_workspace/install/python_package_that_uses_the_services/lib/python3.12/site-packages:/home/student48/ros2_tutorial_workspace/install/python_package_that_uses_the_messages/lib/python3.12/site-packages:/home/student48/ros2_tutorial_workspace/install/python_package_that_uses_the_actions/lib/python3.12/site-packages:/home/student48/ros2_tutorial_workspace/install/python_package_that_uses_parameters_and_launch_files/lib/python3.12/site-packages:/home/student48/ros2_tutorial_workspace/install/package_with_interfaces/lib/python3.12/site-packages:/home/student48/ros2_tutorial_workspace/install/my_package/lib/python3.12/site-packages:/home/student48/ros2_tutorial_workspace/install/custom_subscriber_package/lib/python3.12/site-packages:/home/student48/ros2_tutorial_workspace/install/custom_server_package/lib/python3.12/site-packages:/home/student48/ros2_tutorial_workspace/install/custom_publisher_package/lib/python3.12/site-packages:/home/student48/ros2_tutorial_workspace/install/custom_package_with_node/lib/python3.12/site-packages:/home/student48/ros2_tutorial_workspace/install/custom_package_with_library/lib/python3.12/site-packages:/home/student48/ros2_tutorial_workspace/install/custom_client_package/lib/python3.12/site-packages:/home/student48/ros2_tutorial_workspace/install/custom_action_server_package/lib/python3.12/site-packages:/home/student48/ros2_tutorial_workspace/install/custom_action_client_package/lib/python3.12/site-packages:/home/student48/ros2_tutorial_workspace/install/another_package/lib/python3.12/site-packages:/home/student48/assessments/week4/src/install/volkswagen/lib/python3.12/site-packages:/home/student48/assessments/week4/src/install/building/lib/python3.12/site-packages:/opt/ros/jazzy/lib/python3.12/site-packages /usr/bin/python3 -W ignore:setup.py install is deprecated -W ignore:easy_install command is deprecated setup.py egg_info --egg-base ../../build/alpha_warrior_controller_pkg build --build-base /home/student48/assessments/coursework1/build/alpha_warrior_controller_pkg/build install --record /home/student48/assessments/coursework1/build/alpha_warrior_controller_pkg/install.log --single-version-externally-managed install_data
[5.412s] Level 1:colcon.colcon_core.environment:checking '/home/student48/assessments/coursework1/install/alpha_warrior_controller_pkg' for CMake config files
[5.414s] Level 1:colcon.colcon_core.environment:checking '/home/student48/assessments/coursework1/install/alpha_warrior_controller_pkg/lib'
[5.414s] Level 1:colcon.colcon_core.environment:checking '/home/student48/assessments/coursework1/install/alpha_warrior_controller_pkg/bin'
[5.414s] Level 1:colcon.colcon_core.environment:checking '/home/student48/assessments/coursework1/install/alpha_warrior_controller_pkg/lib/pkgconfig/alpha_warrior_controller_pkg.pc'
[5.415s] Level 1:colcon.colcon_core.environment:checking '/home/student48/assessments/coursework1/install/alpha_warrior_controller_pkg/lib/python3.12/site-packages'
[5.415s] Level 1:colcon.colcon_core.shell:create_environment_hook('alpha_warrior_controller_pkg', 'pythonpath')
[5.415s] INFO:colcon.colcon_core.shell:Creating environment hook '/home/student48/assessments/coursework1/install/alpha_warrior_controller_pkg/share/alpha_warrior_controller_pkg/hook/pythonpath.ps1'
[5.417s] INFO:colcon.colcon_core.shell:Creating environment descriptor '/home/student48/assessments/coursework1/install/alpha_warrior_controller_pkg/share/alpha_warrior_controller_pkg/hook/pythonpath.dsv'
[5.418s] INFO:colcon.colcon_core.shell:Creating environment hook '/home/student48/assessments/coursework1/install/alpha_warrior_controller_pkg/share/alpha_warrior_controller_pkg/hook/pythonpath.sh'
[5.420s] Level 1:colcon.colcon_core.environment:checking '/home/student48/assessments/coursework1/install/alpha_warrior_controller_pkg/bin'
[5.420s] Level 1:colcon.colcon_core.environment:create_environment_scripts_only(alpha_warrior_controller_pkg)
[5.421s] INFO:colcon.colcon_core.shell:Creating package script '/home/student48/assessments/coursework1/install/alpha_warrior_controller_pkg/share/alpha_warrior_controller_pkg/package.ps1'
[5.423s] INFO:colcon.colcon_core.shell:Creating package descriptor '/home/student48/assessments/coursework1/install/alpha_warrior_controller_pkg/share/alpha_warrior_controller_pkg/package.dsv'
[5.425s] INFO:colcon.colcon_core.shell:Creating package script '/home/student48/assessments/coursework1/install/alpha_warrior_controller_pkg/share/alpha_warrior_controller_pkg/package.sh'
[5.426s] INFO:colcon.colcon_core.shell:Creating package script '/home/student48/assessments/coursework1/install/alpha_warrior_controller_pkg/share/alpha_warrior_controller_pkg/package.bash'
[5.427s] INFO:colcon.colcon_core.shell:Creating package script '/home/student48/assessments/coursework1/install/alpha_warrior_controller_pkg/share/alpha_warrior_controller_pkg/package.zsh'
[5.428s] Level 1:colcon.colcon_core.environment:create_file_with_runtime_dependencies(/home/student48/assessments/coursework1/install/alpha_warrior_controller_pkg/share/colcon-core/packages/alpha_warrior_controller_pkg)
[5.429s] INFO:colcon.colcon_ros.task.ament_python.build:Building ROS package in '/home/student48/assessments/coursework1/src/alpha_warrior_launch_pkg' with build type 'ament_python'
[5.429s] Level 1:colcon.colcon_core.shell:create_environment_hook('alpha_warrior_launch_pkg', 'ament_prefix_path')
[5.430s] INFO:colcon.colcon_core.shell:Creating environment hook '/home/student48/assessments/coursework1/install/alpha_warrior_launch_pkg/share/alpha_warrior_launch_pkg/hook/ament_prefix_path.ps1'
[5.434s] INFO:colcon.colcon_core.shell:Creating environment descriptor '/home/student48/assessments/coursework1/install/alpha_warrior_launch_pkg/share/alpha_warrior_launch_pkg/hook/ament_prefix_path.dsv'
[5.436s] INFO:colcon.colcon_core.shell:Creating environment hook '/home/student48/assessments/coursework1/install/alpha_warrior_launch_pkg/share/alpha_warrior_launch_pkg/hook/ament_prefix_path.sh'
[5.439s] INFO:colcon.colcon_core.shell:Skip shell extension 'powershell' for command environment: Not usable outside of PowerShell
[5.439s] DEBUG:colcon.colcon_core.shell:Skip shell extension 'dsv' for command environment
[5.705s] INFO:colcon.colcon_core.task.python.build:Building Python package in '/home/student48/assessments/coursework1/src/alpha_warrior_launch_pkg'
[5.705s] INFO:colcon.colcon_core.shell:Skip shell extension 'powershell' for command environment: Not usable outside of PowerShell
[5.706s] DEBUG:colcon.colcon_core.shell:Skip shell extension 'dsv' for command environment
[6.296s] DEBUG:colcon.colcon_core.event_handler.log_command:Invoking command in '/home/student48/assessments/coursework1/src/alpha_warrior_launch_pkg': AMENT_PREFIX_PATH=/home/student48/assessments/coursework1/install/alpha_warrior_pkg:/home/student48/assessments/coursework1/install/alpha_warrior_controller_pkg:/home/student48/assessments/coursework1/install/alpha_warrior_launch_pkg:/home/student48/assessments/coursework1/install/sfr_coursework1_interface_package:/home/student48/ros2_tutorial_workspace/install/the_simplest_python_packagee:/home/student48/ros2_tutorial_workspace/install/the_simplest_python_package:/home/student48/ros2_tutorial_workspace/install/python_package_with_a_node:/home/student48/ros2_tutorial_workspace/install/python_package_that_uses_the_library:/home/student48/ros2_tutorial_workspace/install/python_package_with_a_library:/home/student48/ros2_tutorial_workspace/install/python_package_that_uses_the_services:/home/student48/ros2_tutorial_workspace/install/python_package_that_uses_the_messages:/home/student48/ros2_tutorial_workspace/install/python_package_that_uses_the_actions:/home/student48/ros2_tutorial_workspace/install/python_package_that_uses_parameters_and_launch_files:/home/student48/ros2_tutorial_workspace/install/package_with_interfaces:/home/student48/ros2_tutorial_workspace/install/my_package:/home/student48/ros2_tutorial_workspace/install/custom_subscriber_package:/home/student48/ros2_tutorial_workspace/install/custom_server_package:/home/student48/ros2_tutorial_workspace/install/custom_publisher_package:/home/student48/ros2_tutorial_workspace/install/custom_package_with_node:/home/student48/ros2_tutorial_workspace/install/custom_package_with_library:/home/student48/ros2_tutorial_workspace/install/custom_client_package:/home/student48/ros2_tutorial_workspace/install/custom_action_server_package:/home/student48/ros2_tutorial_workspace/install/custom_action_client_package:/home/student48/ros2_tutorial_workspace/install/another_package:/home/student48/assessments/week4/src/install/volkswagen:/home/student48/assessments/week4/src/install/building:/opt/ros/jazzy DEBUGINFOD_URLS=https://debuginfod.ubuntu.com PYTHONPATH=/home/student48/assessments/coursework1/build/alpha_warrior_launch_pkg/prefix_override:/usr/lib/python3/dist-packages/colcon_core/task/python/colcon_distutils_commands:/home/student48/assessments/coursework1/install/alpha_warrior_launch_pkg/lib/python3.12/site-packages:/home/student48/assessments/coursework1/install/alpha_warrior_pkg/lib/python3.12/site-packages:/home/student48/assessments/coursework1/install/alpha_warrior_controller_pkg/lib/python3.12/site-packages:/home/student48/assessments/coursework1/install/sfr_coursework1_interface_package/lib/python3.12/site-packages:/home/student48/assessments/coursework1/install/alpha_warrior_launch_pkg/lib/python3.12/site-packages:/home/student48/ros2_tutorial_workspace/install/the_simplest_python_packagee/lib/python3.12/site-packages:/home/student48/ros2_tutorial_workspace/install/the_simplest_python_package/lib/python3.12/site-packages:/home/student48/ros2_tutorial_workspace/install/python_package_with_a_node/lib/python3.12/site-packages:/home/student48/ros2_tutorial_workspace/install/python_package_that_uses_the_library/lib/python3.12/site-packages:/home/student48/ros2_tutorial_workspace/install/python_package_with_a_library/lib/python3.12/site-packages:/home/student48/ros2_tutorial_workspace/install/python_package_that_uses_the_services/lib/python3.12/site-packages:/home/student48/ros2_tutorial_workspace/install/python_package_that_uses_the_messages/lib/python3.12/site-packages:/home/student48/ros2_tutorial_workspace/install/python_package_that_uses_the_actions/lib/python3.12/site-packages:/home/student48/ros2_tutorial_workspace/install/python_package_that_uses_parameters_and_launch_files/lib/python3.12/site-packages:/home/student48/ros2_tutorial_workspace/install/package_with_interfaces/lib/python3.12/site-packages:/home/student48/ros2_tutorial_workspace/install/my_package/lib/python3.12/site-packages:/home/student48/ros2_tutorial_workspace/install/custom_subscriber_package/lib/python3.12/site-packages:/home/student48/ros2_tutorial_workspace/install/custom_server_package/lib/python3.12/site-packages:/home/student48/ros2_tutorial_workspace/install/custom_publisher_package/lib/python3.12/site-packages:/home/student48/ros2_tutorial_workspace/install/custom_package_with_node/lib/python3.12/site-packages:/home/student48/ros2_tutorial_workspace/install/custom_package_with_library/lib/python3.12/site-packages:/home/student48/ros2_tutorial_workspace/install/custom_client_package/lib/python3.12/site-packages:/home/student48/ros2_tutorial_workspace/install/custom_action_server_package/lib/python3.12/site-packages:/home/student48/ros2_tutorial_workspace/install/custom_action_client_package/lib/python3.12/site-packages:/home/student48/ros2_tutorial_workspace/install/another_package/lib/python3.12/site-packages:/home/student48/assessments/week4/src/install/volkswagen/lib/python3.12/site-packages:/home/student48/assessments/week4/src/install/building/lib/python3.12/site-packages:/opt/ros/jazzy/lib/python3.12/site-packages /usr/bin/python3 -W ignore:setup.py install is deprecated -W ignore:easy_install command is deprecated setup.py egg_info --egg-base ../../build/alpha_warrior_launch_pkg build --build-base /home/student48/assessments/coursework1/build/alpha_warrior_launch_pkg/build install --record /home/student48/assessments/coursework1/build/alpha_warrior_launch_pkg/install.log --single-version-externally-managed install_data
[6.905s] Level 1:colcon.colcon_core.environment:checking '/home/student48/assessments/coursework1/install/alpha_warrior_launch_pkg' for CMake module files
[6.906s] DEBUG:colcon.colcon_core.event_handler.log_command:Invoked command in '/home/student48/assessments/coursework1/src/alpha_warrior_launch_pkg' returned '0': AMENT_PREFIX_PATH=/home/student48/assessments/coursework1/install/alpha_warrior_pkg:/home/student48/assessments/coursework1/install/alpha_warrior_controller_pkg:/home/student48/assessments/coursework1/install/alpha_warrior_launch_pkg:/home/student48/assessments/coursework1/install/sfr_coursework1_interface_package:/home/student48/ros2_tutorial_workspace/install/the_simplest_python_packagee:/home/student48/ros2_tutorial_workspace/install/the_simplest_python_package:/home/student48/ros2_tutorial_workspace/install/python_package_with_a_node:/home/student48/ros2_tutorial_workspace/install/python_package_that_uses_the_library:/home/student48/ros2_tutorial_workspace/install/python_package_with_a_library:/home/student48/ros2_tutorial_workspace/install/python_package_that_uses_the_services:/home/student48/ros2_tutorial_workspace/install/python_package_that_uses_the_messages:/home/student48/ros2_tutorial_workspace/install/python_package_that_uses_the_actions:/home/student48/ros2_tutorial_workspace/install/python_package_that_uses_parameters_and_launch_files:/home/student48/ros2_tutorial_workspace/install/package_with_interfaces:/home/student48/ros2_tutorial_workspace/install/my_package:/home/student48/ros2_tutorial_workspace/install/custom_subscriber_package:/home/student48/ros2_tutorial_workspace/install/custom_server_package:/home/student48/ros2_tutorial_workspace/install/custom_publisher_package:/home/student48/ros2_tutorial_workspace/install/custom_package_with_node:/home/student48/ros2_tutorial_workspace/install/custom_package_with_library:/home/student48/ros2_tutorial_workspace/install/custom_client_package:/home/student48/ros2_tutorial_workspace/install/custom_action_server_package:/home/student48/ros2_tutorial_workspace/install/custom_action_client_package:/home/student48/ros2_tutorial_workspace/install/another_package:/home/student48/assessments/week4/src/install/volkswagen:/home/student48/assessments/week4/src/install/building:/opt/ros/jazzy DEBUGINFOD_URLS=https://debuginfod.ubuntu.com PYTHONPATH=/home/student48/assessments/coursework1/build/alpha_warrior_launch_pkg/prefix_override:/usr/lib/python3/dist-packages/colcon_core/task/python/colcon_distutils_commands:/home/student48/assessments/coursework1/install/alpha_warrior_launch_pkg/lib/python3.12/site-packages:/home/student48/assessments/coursework1/install/alpha_warrior_pkg/lib/python3.12/site-packages:/home/student48/assessments/coursework1/install/alpha_warrior_controller_pkg/lib/python3.12/site-packages:/home/student48/assessments/coursework1/install/sfr_coursework1_interface_package/lib/python3.12/site-packages:/home/student48/assessments/coursework1/install/alpha_warrior_launch_pkg/lib/python3.12/site-packages:/home/student48/ros2_tutorial_workspace/install/the_simplest_python_packagee/lib/python3.12/site-packages:/home/student48/ros2_tutorial_workspace/install/the_simplest_python_package/lib/python3.12/site-packages:/home/student48/ros2_tutorial_workspace/install/python_package_with_a_node/lib/python3.12/site-packages:/home/student48/ros2_tutorial_workspace/install/python_package_that_uses_the_library/lib/python3.12/site-packages:/home/student48/ros2_tutorial_workspace/install/python_package_with_a_library/lib/python3.12/site-packages:/home/student48/ros2_tutorial_workspace/install/python_package_that_uses_the_services/lib/python3.12/site-packages:/home/student48/ros2_tutorial_workspace/install/python_package_that_uses_the_messages/lib/python3.12/site-packages:/home/student48/ros2_tutorial_workspace/install/python_package_that_uses_the_actions/lib/python3.12/site-packages:/home/student48/ros2_tutorial_workspace/install/python_package_that_uses_parameters_and_launch_files/lib/python3.12/site-packages:/home/student48/ros2_tutorial_workspace/install/package_with_interfaces/lib/python3.12/site-packages:/home/student48/ros2_tutorial_workspace/install/my_package/lib/python3.12/site-packages:/home/student48/ros2_tutorial_workspace/install/custom_subscriber_package/lib/python3.12/site-packages:/home/student48/ros2_tutorial_workspace/install/custom_server_package/lib/python3.12/site-packages:/home/student48/ros2_tutorial_workspace/install/custom_publisher_package/lib/python3.12/site-packages:/home/student48/ros2_tutorial_workspace/install/custom_package_with_node/lib/python3.12/site-packages:/home/student48/ros2_tutorial_workspace/install/custom_package_with_library/lib/python3.12/site-packages:/home/student48/ros2_tutorial_workspace/install/custom_client_package/lib/python3.12/site-packages:/home/student48/ros2_tutorial_workspace/install/custom_action_server_package/lib/python3.12/site-packages:/home/student48/ros2_tutorial_workspace/install/custom_action_client_package/lib/python3.12/site-packages:/home/student48/ros2_tutorial_workspace/install/another_package/lib/python3.12/site-packages:/home/student48/assessments/week4/src/install/volkswagen/lib/python3.12/site-packages:/home/student48/assessments/week4/src/install/building/lib/python3.12/site-packages:/opt/ros/jazzy/lib/python3.12/site-packages /usr/bin/python3 -W ignore:setup.py install is deprecated -W ignore:easy_install command is deprecated setup.py egg_info --egg-base ../../build/alpha_warrior_launch_pkg build --build-base /home/student48/assessments/coursework1/build/alpha_warrior_launch_pkg/build install --record /home/student48/assessments/coursework1/build/alpha_warrior_launch_pkg/install.log --single-version-externally-managed install_data
[6.906s] Level 1:colcon.colcon_core.environment:checking '/home/student48/assessments/coursework1/install/alpha_warrior_launch_pkg' for CMake config files
[6.907s] Level 1:colcon.colcon_core.environment:checking '/home/student48/assessments/coursework1/install/alpha_warrior_launch_pkg/lib'
[6.907s] Level 1:colcon.colcon_core.environment:checking '/home/student48/assessments/coursework1/install/alpha_warrior_launch_pkg/bin'
[6.907s] Level 1:colcon.colcon_core.environment:checking '/home/student48/assessments/coursework1/install/alpha_warrior_launch_pkg/lib/pkgconfig/alpha_warrior_launch_pkg.pc'
[6.908s] Level 1:colcon.colcon_core.environment:checking '/home/student48/assessments/coursework1/install/alpha_warrior_launch_pkg/lib/python3.12/site-packages'
[6.908s] Level 1:colcon.colcon_core.shell:create_environment_hook('alpha_warrior_launch_pkg', 'pythonpath')
[6.908s] INFO:colcon.colcon_core.shell:Creating environment hook '/home/student48/assessments/coursework1/install/alpha_warrior_launch_pkg/share/alpha_warrior_launch_pkg/hook/pythonpath.ps1'
[6.909s] INFO:colcon.colcon_core.shell:Creating environment descriptor '/home/student48/assessments/coursework1/install/alpha_warrior_launch_pkg/share/alpha_warrior_launch_pkg/hook/pythonpath.dsv'
[6.910s] INFO:colcon.colcon_core.shell:Creating environment hook '/home/student48/assessments/coursework1/install/alpha_warrior_launch_pkg/share/alpha_warrior_launch_pkg/hook/pythonpath.sh'
[6.911s] Level 1:colcon.colcon_core.environment:checking '/home/student48/assessments/coursework1/install/alpha_warrior_launch_pkg/bin'
[6.911s] Level 1:colcon.colcon_core.environment:create_environment_scripts_only(alpha_warrior_launch_pkg)
[6.912s] INFO:colcon.colcon_core.shell:Creating package script '/home/student48/assessments/coursework1/install/alpha_warrior_launch_pkg/share/alpha_warrior_launch_pkg/package.ps1'
[6.913s] INFO:colcon.colcon_core.shell:Creating package descriptor '/home/student48/assessments/coursework1/install/alpha_warrior_launch_pkg/share/alpha_warrior_launch_pkg/package.dsv'
[6.914s] INFO:colcon.colcon_core.shell:Creating package script '/home/student48/assessments/coursework1/install/alpha_warrior_launch_pkg/share/alpha_warrior_launch_pkg/package.sh'
[6.915s] INFO:colcon.colcon_core.shell:Creating package script '/home/student48/assessments/coursework1/install/alpha_warrior_launch_pkg/share/alpha_warrior_launch_pkg/package.bash'
[6.916s] INFO:colcon.colcon_core.shell:Creating package script '/home/student48/assessments/coursework1/install/alpha_warrior_launch_pkg/share/alpha_warrior_launch_pkg/package.zsh'
[6.917s] Level 1:colcon.colcon_core.environment:create_file_with_runtime_dependencies(/home/student48/assessments/coursework1/install/alpha_warrior_launch_pkg/share/colcon-core/packages/alpha_warrior_launch_pkg)
[6.917s] DEBUG:colcon.colcon_parallel_executor.executor.parallel:closing loop
[6.918s] DEBUG:colcon.colcon_parallel_executor.executor.parallel:loop closed
[6.918s] DEBUG:colcon.colcon_parallel_executor.executor.parallel:run_until_complete finished with '0'
[6.918s] DEBUG:colcon.colcon_core.event_reactor:joining thread
[6.936s] INFO:colcon.colcon_core.plugin_system:Skipping extension 'colcon_notification.desktop_notification.terminal_notifier': Not used on non-Darwin systems
[6.936s] INFO:colcon.colcon_core.plugin_system:Skipping extension 'colcon_notification.desktop_notification.win32': Not used on non-Windows systems
[6.936s] INFO:colcon.colcon_notification.desktop_notification:Sending desktop notification using 'notify2'
[6.950s] DEBUG:colcon.colcon_core.event_reactor:joined thread
[6.950s] INFO:colcon.colcon_core.shell:Creating prefix script '/home/student48/assessments/coursework1/install/local_setup.ps1'
[6.951s] INFO:colcon.colcon_core.shell:Creating prefix util module '/home/student48/assessments/coursework1/install/_local_setup_util_ps1.py'
[6.953s] INFO:colcon.colcon_core.shell:Creating prefix chain script '/home/student48/assessments/coursework1/install/setup.ps1'
[6.955s] INFO:colcon.colcon_core.shell:Creating prefix script '/home/student48/assessments/coursework1/install/local_setup.sh'
[6.956s] INFO:colcon.colcon_core.shell:Creating prefix util module '/home/student48/assessments/coursework1/install/_local_setup_util_sh.py'
[6.956s] INFO:colcon.colcon_core.shell:Creating prefix chain script '/home/student48/assessments/coursework1/install/setup.sh'
[6.959s] INFO:colcon.colcon_core.shell:Creating prefix script '/home/student48/assessments/coursework1/install/local_setup.bash'
[6.959s] INFO:colcon.colcon_core.shell:Creating prefix chain script '/home/student48/assessments/coursework1/install/setup.bash'
[6.961s] INFO:colcon.colcon_core.shell:Creating prefix script '/home/student48/assessments/coursework1/install/local_setup.zsh'
[6.962s] INFO:colcon.colcon_core.shell:Creating prefix chain script '/home/student48/assessments/coursework1/install/setup.zsh'
