[0.567s] DEBUG:colcon:Command line arguments: ['/usr/bin/colcon', 'build']
[0.568s] DEBUG:colcon:Parsed command line arguments: Namespace(log_base=None, log_level=None, verb_name='build', build_base='build', install_base='install', merge_install=False, symlink_install=False, test_result_base=None, continue_on_error=False, executor='parallel', parallel_workers=12, event_handlers=None, ignore_user_meta=False, metas=['./colcon.meta'], base_paths=['.'], packages_ignore=None, packages_ignore_regex=None, paths=None, packages_up_to=None, packages_up_to_regex=None, packages_above=None, packages_above_and_dependencies=None, packages_above_depth=None, packages_select_by_dep=None, packages_skip_by_dep=None, packages_skip_up_to=None, packages_select_build_failed=False, packages_skip_build_finished=False, packages_select_test_failures=False, packages_skip_test_passed=False, packages_select=None, packages_skip=None, packages_select_regex=None, packages_skip_regex=None, packages_start=None, packages_end=None, allow_overriding=[], cmake_args=None, cmake_target=None, cmake_target_skip_unavailable=False, cmake_clean_cache=False, cmake_clean_first=False, cmake_force_configure=False, ament_cmake_args=None, catkin_cmake_args=None, catkin_skip_building_tests=False, mixin_files=None, mixin=None, verb_parser=<colcon_mixin.mixin.mixin_argument.MixinArgumentDecorator object at 0x7a5ff0f046e0>, verb_extension=<colcon_core.verb.build.BuildVerb object at 0x7a5ff0f043e0>, main=<bound method BuildVerb.main of <colcon_core.verb.build.BuildVerb object at 0x7a5ff0f043e0>>, mixin_verb=('build',))
[0.772s] Level 1:colcon.colcon_core.package_discovery:discover_packages(colcon_meta) check parameters
[0.774s] Level 1:colcon.colcon_core.package_discovery:discover_packages(recursive) check parameters
[0.774s] Level 1:colcon.colcon_core.package_discovery:discover_packages(ignore) check parameters
[0.775s] Level 1:colcon.colcon_core.package_discovery:discover_packages(path) check parameters
[0.775s] Level 1:colcon.colcon_core.package_discovery:discover_packages(colcon_meta) discover
[0.775s] Level 1:colcon.colcon_core.package_discovery:discover_packages(recursive) discover
[0.775s] INFO:colcon.colcon_core.package_discovery:Crawling recursively for packages in '/home/student48/assessments/week10'
[0.776s] Level 1:colcon.colcon_core.package_identification:_identify(.) by extensions ['ignore', 'ignore_ament_install']
[0.776s] Level 1:colcon.colcon_core.package_identification:_identify(.) by extension 'ignore'
[0.777s] Level 1:colcon.colcon_core.package_identification:_identify(.) by extension 'ignore_ament_install'
[0.777s] Level 1:colcon.colcon_core.package_identification:_identify(.) by extensions ['colcon_pkg']
[0.778s] Level 1:colcon.colcon_core.package_identification:_identify(.) by extension 'colcon_pkg'
[0.778s] Level 1:colcon.colcon_core.package_identification:_identify(.) by extensions ['colcon_meta']
[0.778s] Level 1:colcon.colcon_core.package_identification:_identify(.) by extension 'colcon_meta'
[0.778s] Level 1:colcon.colcon_core.package_identification:_identify(.) by extensions ['ros']
[0.778s] Level 1:colcon.colcon_core.package_identification:_identify(.) by extension 'ros'
[0.904s] Level 1:colcon.colcon_core.package_identification:_identify(.) by extensions ['cmake', 'python']
[0.904s] Level 1:colcon.colcon_core.package_identification:_identify(.) by extension 'cmake'
[0.904s] Level 1:colcon.colcon_core.package_identification:_identify(.) by extension 'python'
[0.905s] Level 1:colcon.colcon_core.package_identification:_identify(.) by extensions ['python_setup_py']
[0.905s] Level 1:colcon.colcon_core.package_identification:_identify(.) by extension 'python_setup_py'
[0.905s] Level 1:colcon.colcon_core.package_identification:_identify(build) by extensions ['ignore', 'ignore_ament_install']
[0.906s] Level 1:colcon.colcon_core.package_identification:_identify(build) by extension 'ignore'
[0.906s] Level 1:colcon.colcon_core.package_identification:_identify(build) ignored
[0.907s] Level 1:colcon.colcon_core.package_identification:_identify(install) by extensions ['ignore', 'ignore_ament_install']
[0.907s] Level 1:colcon.colcon_core.package_identification:_identify(install) by extension 'ignore'
[0.908s] Level 1:colcon.colcon_core.package_identification:_identify(install) ignored
[0.908s] Level 1:colcon.colcon_core.package_identification:_identify(log) by extensions ['ignore', 'ignore_ament_install']
[0.909s] Level 1:colcon.colcon_core.package_identification:_identify(log) by extension 'ignore'
[0.909s] Level 1:colcon.colcon_core.package_identification:_identify(log) ignored
[0.909s] Level 1:colcon.colcon_core.package_identification:_identify(src) by extensions ['ignore', 'ignore_ament_install']
[0.910s] Level 1:colcon.colcon_core.package_identification:_identify(src) by extension 'ignore'
[0.910s] Level 1:colcon.colcon_core.package_identification:_identify(src) by extension 'ignore_ament_install'
[0.910s] Level 1:colcon.colcon_core.package_identification:_identify(src) by extensions ['colcon_pkg']
[0.910s] Level 1:colcon.colcon_core.package_identification:_identify(src) by extension 'colcon_pkg'
[0.911s] Level 1:colcon.colcon_core.package_identification:_identify(src) by extensions ['colcon_meta']
[0.911s] Level 1:colcon.colcon_core.package_identification:_identify(src) by extension 'colcon_meta'
[0.911s] Level 1:colcon.colcon_core.package_identification:_identify(src) by extensions ['ros']
[0.911s] Level 1:colcon.colcon_core.package_identification:_identify(src) by extension 'ros'
[0.911s] Level 1:colcon.colcon_core.package_identification:_identify(src) by extensions ['cmake', 'python']
[0.912s] Level 1:colcon.colcon_core.package_identification:_identify(src) by extension 'cmake'
[0.912s] Level 1:colcon.colcon_core.package_identification:_identify(src) by extension 'python'
[0.912s] Level 1:colcon.colcon_core.package_identification:_identify(src) by extensions ['python_setup_py']
[0.912s] Level 1:colcon.colcon_core.package_identification:_identify(src) by extension 'python_setup_py'
[0.913s] Level 1:colcon.colcon_core.package_identification:_identify(src/the_revenant) by extensions ['ignore', 'ignore_ament_install']
[0.913s] Level 1:colcon.colcon_core.package_identification:_identify(src/the_revenant) by extension 'ignore'
[0.913s] Level 1:colcon.colcon_core.package_identification:_identify(src/the_revenant) by extension 'ignore_ament_install'
[0.913s] Level 1:colcon.colcon_core.package_identification:_identify(src/the_revenant) by extensions ['colcon_pkg']
[0.914s] Level 1:colcon.colcon_core.package_identification:_identify(src/the_revenant) by extension 'colcon_pkg'
[0.914s] Level 1:colcon.colcon_core.package_identification:_identify(src/the_revenant) by extensions ['colcon_meta']
[0.914s] Level 1:colcon.colcon_core.package_identification:_identify(src/the_revenant) by extension 'colcon_meta'
[0.914s] Level 1:colcon.colcon_core.package_identification:_identify(src/the_revenant) by extensions ['ros']
[0.914s] Level 1:colcon.colcon_core.package_identification:_identify(src/the_revenant) by extension 'ros'
[0.926s] DEBUG:colcon.colcon_core.package_identification:Package 'src/the_revenant' with type 'ros.ament_python' and name 'the_revenant'
[0.926s] Level 1:colcon.colcon_core.package_discovery:discover_packages(recursive) using defaults
[0.927s] Level 1:colcon.colcon_core.package_discovery:discover_packages(ignore) discover
[0.927s] Level 1:colcon.colcon_core.package_discovery:discover_packages(ignore) using defaults
[0.927s] Level 1:colcon.colcon_core.package_discovery:discover_packages(path) discover
[0.927s] Level 1:colcon.colcon_core.package_discovery:discover_packages(path) using defaults
[1.021s] Level 1:colcon.colcon_core.package_discovery:discover_packages(prefix_path) check parameters
[1.021s] Level 1:colcon.colcon_core.package_discovery:discover_packages(prefix_path) discover
[1.034s] DEBUG:colcon.colcon_installed_package_information.package_discovery:Found 1 installed packages in /home/student48/assessments/week10/install
[1.040s] DEBUG:colcon.colcon_installed_package_information.package_discovery:Found 26 installed packages in /home/student48/ros2_tutorial_workspace/install
[1.043s] DEBUG:colcon.colcon_installed_package_information.package_discovery:Found 2 installed packages in /home/student48/assessments/week4/src/install
[1.049s] DEBUG:colcon.colcon_installed_package_information.package_discovery:Found 386 installed packages in /opt/ros/jazzy
[1.053s] Level 1:colcon.colcon_core.package_discovery:discover_packages(prefix_path) using defaults
[1.265s] Level 5:colcon.colcon_core.verb:set package 'the_revenant' build argument 'cmake_args' from command line to 'None'
[1.265s] Level 5:colcon.colcon_core.verb:set package 'the_revenant' build argument 'cmake_target' from command line to 'None'
[1.265s] Level 5:colcon.colcon_core.verb:set package 'the_revenant' build argument 'cmake_target_skip_unavailable' from command line to 'False'
[1.266s] Level 5:colcon.colcon_core.verb:set package 'the_revenant' build argument 'cmake_clean_cache' from command line to 'False'
[1.266s] Level 5:colcon.colcon_core.verb:set package 'the_revenant' build argument 'cmake_clean_first' from command line to 'False'
[1.266s] Level 5:colcon.colcon_core.verb:set package 'the_revenant' build argument 'cmake_force_configure' from command line to 'False'
[1.266s] Level 5:colcon.colcon_core.verb:set package 'the_revenant' build argument 'ament_cmake_args' from command line to 'None'
[1.266s] Level 5:colcon.colcon_core.verb:set package 'the_revenant' build argument 'catkin_cmake_args' from command line to 'None'
[1.266s] Level 5:colcon.colcon_core.verb:set package 'the_revenant' build argument 'catkin_skip_building_tests' from command line to 'False'
[1.266s] DEBUG:colcon.colcon_core.verb:Building package 'the_revenant' with the following arguments: {'ament_cmake_args': None, 'build_base': '/home/student48/assessments/week10/build/the_revenant', 'catkin_cmake_args': None, 'catkin_skip_building_tests': False, 'cmake_args': None, 'cmake_clean_cache': False, 'cmake_clean_first': False, 'cmake_force_configure': False, 'cmake_target': None, 'cmake_target_skip_unavailable': False, 'install_base': '/home/student48/assessments/week10/install/the_revenant', 'merge_install': False, 'path': '/home/student48/assessments/week10/src/the_revenant', 'symlink_install': False, 'test_result_base': None}
[1.266s] INFO:colcon.colcon_core.executor:Executing jobs using 'parallel' executor
[1.268s] DEBUG:colcon.colcon_parallel_executor.executor.parallel:run_until_complete
[1.269s] INFO:colcon.colcon_ros.task.ament_python.build:Building ROS package in '/home/student48/assessments/week10/src/the_revenant' with build type 'ament_python'
[1.269s] Level 1:colcon.colcon_core.shell:create_environment_hook('the_revenant', 'ament_prefix_path')
[1.280s] INFO:colcon.colcon_core.plugin_system:Skipping extension 'colcon_core.shell.bat': Not used on non-Windows systems
[1.281s] INFO:colcon.colcon_core.shell:Creating environment hook '/home/student48/assessments/week10/install/the_revenant/share/the_revenant/hook/ament_prefix_path.ps1'
[1.284s] INFO:colcon.colcon_core.shell:Creating environment descriptor '/home/student48/assessments/week10/install/the_revenant/share/the_revenant/hook/ament_prefix_path.dsv'
[1.287s] INFO:colcon.colcon_core.shell:Creating environment hook '/home/student48/assessments/week10/install/the_revenant/share/the_revenant/hook/ament_prefix_path.sh'
[1.291s] INFO:colcon.colcon_core.shell:Skip shell extension 'powershell' for command environment: Not usable outside of PowerShell
[1.291s] DEBUG:colcon.colcon_core.shell:Skip shell extension 'dsv' for command environment
[2.616s] INFO:colcon.colcon_core.task.python.build:Building Python package in '/home/student48/assessments/week10/src/the_revenant'
[2.617s] INFO:colcon.colcon_core.shell:Skip shell extension 'powershell' for command environment: Not usable outside of PowerShell
[2.617s] DEBUG:colcon.colcon_core.shell:Skip shell extension 'dsv' for command environment
[6.096s] DEBUG:colcon.colcon_core.event_handler.log_command:Invoking command in '/home/student48/assessments/week10/src/the_revenant': DEBUGINFOD_URLS=https://debuginfod.ubuntu.com PYTHONPATH=/home/student48/assessments/week10/build/the_revenant/prefix_override:/usr/lib/python3/dist-packages/colcon_core/task/python/colcon_distutils_commands:/home/student48/assessments/week10/install/the_revenant/lib/python3.12/site-packages:${PYTHONPATH} /usr/bin/python3 -W ignore:setup.py install is deprecated -W ignore:easy_install command is deprecated setup.py egg_info --egg-base ../../build/the_revenant build --build-base /home/student48/assessments/week10/build/the_revenant/build install --record /home/student48/assessments/week10/build/the_revenant/install.log --single-version-externally-managed install_data
[9.346s] DEBUG:colcon.colcon_core.event_handler.log_command:Invoked command in '/home/student48/assessments/week10/src/the_revenant' returned '0': DEBUGINFOD_URLS=https://debuginfod.ubuntu.com PYTHONPATH=/home/student48/assessments/week10/build/the_revenant/prefix_override:/usr/lib/python3/dist-packages/colcon_core/task/python/colcon_distutils_commands:/home/student48/assessments/week10/install/the_revenant/lib/python3.12/site-packages:${PYTHONPATH} /usr/bin/python3 -W ignore:setup.py install is deprecated -W ignore:easy_install command is deprecated setup.py egg_info --egg-base ../../build/the_revenant build --build-base /home/student48/assessments/week10/build/the_revenant/build install --record /home/student48/assessments/week10/build/the_revenant/install.log --single-version-externally-managed install_data
[9.362s] Level 1:colcon.colcon_core.environment:checking '/home/student48/assessments/week10/install/the_revenant' for CMake module files
[9.365s] Level 1:colcon.colcon_core.environment:checking '/home/student48/assessments/week10/install/the_revenant' for CMake config files
[9.368s] Level 1:colcon.colcon_core.environment:checking '/home/student48/assessments/week10/install/the_revenant/lib'
[9.369s] Level 1:colcon.colcon_core.environment:checking '/home/student48/assessments/week10/install/the_revenant/bin'
[9.370s] Level 1:colcon.colcon_core.environment:checking '/home/student48/assessments/week10/install/the_revenant/lib/pkgconfig/the_revenant.pc'
[9.371s] Level 1:colcon.colcon_core.environment:checking '/home/student48/assessments/week10/install/the_revenant/lib/python3.12/site-packages'
[9.372s] Level 1:colcon.colcon_core.shell:create_environment_hook('the_revenant', 'pythonpath')
[9.374s] INFO:colcon.colcon_core.shell:Creating environment hook '/home/student48/assessments/week10/install/the_revenant/share/the_revenant/hook/pythonpath.ps1'
[9.377s] INFO:colcon.colcon_core.shell:Creating environment descriptor '/home/student48/assessments/week10/install/the_revenant/share/the_revenant/hook/pythonpath.dsv'
[9.379s] INFO:colcon.colcon_core.shell:Creating environment hook '/home/student48/assessments/week10/install/the_revenant/share/the_revenant/hook/pythonpath.sh'
[9.383s] Level 1:colcon.colcon_core.environment:checking '/home/student48/assessments/week10/install/the_revenant/bin'
[9.383s] Level 1:colcon.colcon_core.environment:create_environment_scripts_only(the_revenant)
[9.384s] INFO:colcon.colcon_core.shell:Creating package script '/home/student48/assessments/week10/install/the_revenant/share/the_revenant/package.ps1'
[9.389s] INFO:colcon.colcon_core.shell:Creating package descriptor '/home/student48/assessments/week10/install/the_revenant/share/the_revenant/package.dsv'
[9.393s] INFO:colcon.colcon_core.shell:Creating package script '/home/student48/assessments/week10/install/the_revenant/share/the_revenant/package.sh'
[9.397s] INFO:colcon.colcon_core.shell:Creating package script '/home/student48/assessments/week10/install/the_revenant/share/the_revenant/package.bash'
[9.401s] INFO:colcon.colcon_core.shell:Creating package script '/home/student48/assessments/week10/install/the_revenant/share/the_revenant/package.zsh'
[9.404s] Level 1:colcon.colcon_core.environment:create_file_with_runtime_dependencies(/home/student48/assessments/week10/install/the_revenant/share/colcon-core/packages/the_revenant)
[9.409s] DEBUG:colcon.colcon_parallel_executor.executor.parallel:closing loop
[9.410s] DEBUG:colcon.colcon_parallel_executor.executor.parallel:loop closed
[9.410s] DEBUG:colcon.colcon_parallel_executor.executor.parallel:run_until_complete finished with '0'
[9.410s] DEBUG:colcon.colcon_core.event_reactor:joining thread
[9.447s] INFO:colcon.colcon_core.plugin_system:Skipping extension 'colcon_notification.desktop_notification.terminal_notifier': Not used on non-Darwin systems
[9.447s] INFO:colcon.colcon_core.plugin_system:Skipping extension 'colcon_notification.desktop_notification.win32': Not used on non-Windows systems
[9.448s] INFO:colcon.colcon_notification.desktop_notification:Sending desktop notification using 'notify2'
[9.529s] DEBUG:colcon.colcon_core.event_reactor:joined thread
[9.530s] INFO:colcon.colcon_core.shell:Creating prefix script '/home/student48/assessments/week10/install/local_setup.ps1'
[9.534s] INFO:colcon.colcon_core.shell:Creating prefix util module '/home/student48/assessments/week10/install/_local_setup_util_ps1.py'
[9.541s] INFO:colcon.colcon_core.shell:Creating prefix chain script '/home/student48/assessments/week10/install/setup.ps1'
[9.554s] INFO:colcon.colcon_core.shell:Creating prefix script '/home/student48/assessments/week10/install/local_setup.sh'
[9.556s] INFO:colcon.colcon_core.shell:Creating prefix util module '/home/student48/assessments/week10/install/_local_setup_util_sh.py'
[9.560s] INFO:colcon.colcon_core.shell:Creating prefix chain script '/home/student48/assessments/week10/install/setup.sh'
[9.573s] INFO:colcon.colcon_core.shell:Creating prefix script '/home/student48/assessments/week10/install/local_setup.bash'
[9.576s] INFO:colcon.colcon_core.shell:Creating prefix chain script '/home/student48/assessments/week10/install/setup.bash'
[9.585s] INFO:colcon.colcon_core.shell:Creating prefix script '/home/student48/assessments/week10/install/local_setup.zsh'
[9.588s] INFO:colcon.colcon_core.shell:Creating prefix chain script '/home/student48/assessments/week10/install/setup.zsh'
