[0.145s] DEBUG:colcon:Command line arguments: ['/usr/bin/colcon', 'build']
[0.145s] DEBUG:colcon:Parsed command line arguments: Namespace(log_base=None, log_level=None, verb_name='build', build_base='build', install_base='install', merge_install=False, symlink_install=False, test_result_base=None, continue_on_error=False, executor='parallel', parallel_workers=12, event_handlers=None, ignore_user_meta=False, metas=['./colcon.meta'], base_paths=['.'], packages_ignore=None, packages_ignore_regex=None, paths=None, packages_up_to=None, packages_up_to_regex=None, packages_above=None, packages_above_and_dependencies=None, packages_above_depth=None, packages_select_by_dep=None, packages_skip_by_dep=None, packages_skip_up_to=None, packages_select_build_failed=False, packages_skip_build_finished=False, packages_select_test_failures=False, packages_skip_test_passed=False, packages_select=None, packages_skip=None, packages_select_regex=None, packages_skip_regex=None, packages_start=None, packages_end=None, allow_overriding=[], cmake_args=None, cmake_target=None, cmake_target_skip_unavailable=False, cmake_clean_cache=False, cmake_clean_first=False, cmake_force_configure=False, ament_cmake_args=None, catkin_cmake_args=None, catkin_skip_building_tests=False, mixin_files=None, mixin=None, verb_parser=<colcon_mixin.mixin.mixin_argument.MixinArgumentDecorator object at 0x75c5655ea180>, verb_extension=<colcon_core.verb.build.BuildVerb object at 0x75c5655e9df0>, main=<bound method BuildVerb.main of <colcon_core.verb.build.BuildVerb object at 0x75c5655e9df0>>, mixin_verb=('build',))
[0.222s] Level 1:colcon.colcon_core.package_discovery:discover_packages(colcon_meta) check parameters
[0.222s] Level 1:colcon.colcon_core.package_discovery:discover_packages(recursive) check parameters
[0.222s] Level 1:colcon.colcon_core.package_discovery:discover_packages(ignore) check parameters
[0.222s] Level 1:colcon.colcon_core.package_discovery:discover_packages(path) check parameters
[0.222s] Level 1:colcon.colcon_core.package_discovery:discover_packages(colcon_meta) discover
[0.222s] Level 1:colcon.colcon_core.package_discovery:discover_packages(recursive) discover
[0.222s] INFO:colcon.colcon_core.package_discovery:Crawling recursively for packages in '/home/student48/assessments/week5/src'
[0.222s] Level 1:colcon.colcon_core.package_identification:_identify(.) by extensions ['ignore', 'ignore_ament_install']
[0.223s] Level 1:colcon.colcon_core.package_identification:_identify(.) by extension 'ignore'
[0.223s] Level 1:colcon.colcon_core.package_identification:_identify(.) by extension 'ignore_ament_install'
[0.223s] Level 1:colcon.colcon_core.package_identification:_identify(.) by extensions ['colcon_pkg']
[0.223s] Level 1:colcon.colcon_core.package_identification:_identify(.) by extension 'colcon_pkg'
[0.223s] Level 1:colcon.colcon_core.package_identification:_identify(.) by extensions ['colcon_meta']
[0.223s] Level 1:colcon.colcon_core.package_identification:_identify(.) by extension 'colcon_meta'
[0.223s] Level 1:colcon.colcon_core.package_identification:_identify(.) by extensions ['ros']
[0.223s] Level 1:colcon.colcon_core.package_identification:_identify(.) by extension 'ros'
[0.256s] Level 1:colcon.colcon_core.package_identification:_identify(.) by extensions ['cmake', 'python']
[0.256s] Level 1:colcon.colcon_core.package_identification:_identify(.) by extension 'cmake'
[0.256s] Level 1:colcon.colcon_core.package_identification:_identify(.) by extension 'python'
[0.256s] Level 1:colcon.colcon_core.package_identification:_identify(.) by extensions ['python_setup_py']
[0.256s] Level 1:colcon.colcon_core.package_identification:_identify(.) by extension 'python_setup_py'
[0.256s] Level 1:colcon.colcon_core.package_identification:_identify(audi) by extensions ['ignore', 'ignore_ament_install']
[0.257s] Level 1:colcon.colcon_core.package_identification:_identify(audi) by extension 'ignore'
[0.257s] Level 1:colcon.colcon_core.package_identification:_identify(audi) by extension 'ignore_ament_install'
[0.257s] Level 1:colcon.colcon_core.package_identification:_identify(audi) by extensions ['colcon_pkg']
[0.257s] Level 1:colcon.colcon_core.package_identification:_identify(audi) by extension 'colcon_pkg'
[0.257s] Level 1:colcon.colcon_core.package_identification:_identify(audi) by extensions ['colcon_meta']
[0.257s] Level 1:colcon.colcon_core.package_identification:_identify(audi) by extension 'colcon_meta'
[0.257s] Level 1:colcon.colcon_core.package_identification:_identify(audi) by extensions ['ros']
[0.257s] Level 1:colcon.colcon_core.package_identification:_identify(audi) by extension 'ros'
[0.260s] DEBUG:colcon.colcon_core.package_identification:Package 'audi' with type 'ros.ament_python' and name 'audi'
[0.260s] Level 1:colcon.colcon_core.package_identification:_identify(build) by extensions ['ignore', 'ignore_ament_install']
[0.260s] Level 1:colcon.colcon_core.package_identification:_identify(build) by extension 'ignore'
[0.260s] Level 1:colcon.colcon_core.package_identification:_identify(build) ignored
[0.261s] Level 1:colcon.colcon_core.package_identification:_identify(cardiff) by extensions ['ignore', 'ignore_ament_install']
[0.261s] Level 1:colcon.colcon_core.package_identification:_identify(cardiff) by extension 'ignore'
[0.261s] Level 1:colcon.colcon_core.package_identification:_identify(cardiff) by extension 'ignore_ament_install'
[0.261s] Level 1:colcon.colcon_core.package_identification:_identify(cardiff) by extensions ['colcon_pkg']
[0.261s] Level 1:colcon.colcon_core.package_identification:_identify(cardiff) by extension 'colcon_pkg'
[0.261s] Level 1:colcon.colcon_core.package_identification:_identify(cardiff) by extensions ['colcon_meta']
[0.261s] Level 1:colcon.colcon_core.package_identification:_identify(cardiff) by extension 'colcon_meta'
[0.261s] Level 1:colcon.colcon_core.package_identification:_identify(cardiff) by extensions ['ros']
[0.261s] Level 1:colcon.colcon_core.package_identification:_identify(cardiff) by extension 'ros'
[0.262s] DEBUG:colcon.colcon_core.package_identification:Package 'cardiff' with type 'ros.ament_python' and name 'cardiff'
[0.262s] Level 1:colcon.colcon_core.package_identification:_identify(install) by extensions ['ignore', 'ignore_ament_install']
[0.262s] Level 1:colcon.colcon_core.package_identification:_identify(install) by extension 'ignore'
[0.262s] Level 1:colcon.colcon_core.package_identification:_identify(install) ignored
[0.262s] Level 1:colcon.colcon_core.package_identification:_identify(log) by extensions ['ignore', 'ignore_ament_install']
[0.262s] Level 1:colcon.colcon_core.package_identification:_identify(log) by extension 'ignore'
[0.262s] Level 1:colcon.colcon_core.package_identification:_identify(log) ignored
[0.262s] Level 1:colcon.colcon_core.package_discovery:discover_packages(recursive) using defaults
[0.262s] Level 1:colcon.colcon_core.package_discovery:discover_packages(ignore) discover
[0.262s] Level 1:colcon.colcon_core.package_discovery:discover_packages(ignore) using defaults
[0.262s] Level 1:colcon.colcon_core.package_discovery:discover_packages(path) discover
[0.262s] Level 1:colcon.colcon_core.package_discovery:discover_packages(path) using defaults
[0.286s] Level 1:colcon.colcon_core.package_discovery:discover_packages(prefix_path) check parameters
[0.286s] Level 1:colcon.colcon_core.package_discovery:discover_packages(prefix_path) discover
[0.288s] DEBUG:colcon.colcon_installed_package_information.package_discovery:Found 17 installed packages in /home/student48/ros2_tutorial_workspace/install
[0.290s] DEBUG:colcon.colcon_installed_package_information.package_discovery:Found 2 installed packages in /home/student48/assessments/week4/src/install
[0.291s] DEBUG:colcon.colcon_installed_package_information.package_discovery:Found 285 installed packages in /opt/ros/jazzy
[0.292s] Level 1:colcon.colcon_core.package_discovery:discover_packages(prefix_path) using defaults
[0.338s] Level 5:colcon.colcon_core.verb:set package 'audi' build argument 'cmake_args' from command line to 'None'
[0.338s] Level 5:colcon.colcon_core.verb:set package 'audi' build argument 'cmake_target' from command line to 'None'
[0.338s] Level 5:colcon.colcon_core.verb:set package 'audi' build argument 'cmake_target_skip_unavailable' from command line to 'False'
[0.338s] Level 5:colcon.colcon_core.verb:set package 'audi' build argument 'cmake_clean_cache' from command line to 'False'
[0.338s] Level 5:colcon.colcon_core.verb:set package 'audi' build argument 'cmake_clean_first' from command line to 'False'
[0.338s] Level 5:colcon.colcon_core.verb:set package 'audi' build argument 'cmake_force_configure' from command line to 'False'
[0.338s] Level 5:colcon.colcon_core.verb:set package 'audi' build argument 'ament_cmake_args' from command line to 'None'
[0.338s] Level 5:colcon.colcon_core.verb:set package 'audi' build argument 'catkin_cmake_args' from command line to 'None'
[0.338s] Level 5:colcon.colcon_core.verb:set package 'audi' build argument 'catkin_skip_building_tests' from command line to 'False'
[0.338s] DEBUG:colcon.colcon_core.verb:Building package 'audi' with the following arguments: {'ament_cmake_args': None, 'build_base': '/home/student48/assessments/week5/src/build/audi', 'catkin_cmake_args': None, 'catkin_skip_building_tests': False, 'cmake_args': None, 'cmake_clean_cache': False, 'cmake_clean_first': False, 'cmake_force_configure': False, 'cmake_target': None, 'cmake_target_skip_unavailable': False, 'install_base': '/home/student48/assessments/week5/src/install/audi', 'merge_install': False, 'path': '/home/student48/assessments/week5/src/audi', 'symlink_install': False, 'test_result_base': None}
[0.339s] Level 5:colcon.colcon_core.verb:set package 'cardiff' build argument 'cmake_args' from command line to 'None'
[0.339s] Level 5:colcon.colcon_core.verb:set package 'cardiff' build argument 'cmake_target' from command line to 'None'
[0.339s] Level 5:colcon.colcon_core.verb:set package 'cardiff' build argument 'cmake_target_skip_unavailable' from command line to 'False'
[0.339s] Level 5:colcon.colcon_core.verb:set package 'cardiff' build argument 'cmake_clean_cache' from command line to 'False'
[0.339s] Level 5:colcon.colcon_core.verb:set package 'cardiff' build argument 'cmake_clean_first' from command line to 'False'
[0.339s] Level 5:colcon.colcon_core.verb:set package 'cardiff' build argument 'cmake_force_configure' from command line to 'False'
[0.339s] Level 5:colcon.colcon_core.verb:set package 'cardiff' build argument 'ament_cmake_args' from command line to 'None'
[0.339s] Level 5:colcon.colcon_core.verb:set package 'cardiff' build argument 'catkin_cmake_args' from command line to 'None'
[0.339s] Level 5:colcon.colcon_core.verb:set package 'cardiff' build argument 'catkin_skip_building_tests' from command line to 'False'
[0.339s] DEBUG:colcon.colcon_core.verb:Building package 'cardiff' with the following arguments: {'ament_cmake_args': None, 'build_base': '/home/student48/assessments/week5/src/build/cardiff', 'catkin_cmake_args': None, 'catkin_skip_building_tests': False, 'cmake_args': None, 'cmake_clean_cache': False, 'cmake_clean_first': False, 'cmake_force_configure': False, 'cmake_target': None, 'cmake_target_skip_unavailable': False, 'install_base': '/home/student48/assessments/week5/src/install/cardiff', 'merge_install': False, 'path': '/home/student48/assessments/week5/src/cardiff', 'symlink_install': False, 'test_result_base': None}
[0.339s] INFO:colcon.colcon_core.executor:Executing jobs using 'parallel' executor
[0.340s] DEBUG:colcon.colcon_parallel_executor.executor.parallel:run_until_complete
[0.341s] INFO:colcon.colcon_ros.task.ament_python.build:Building ROS package in '/home/student48/assessments/week5/src/audi' with build type 'ament_python'
[0.341s] Level 1:colcon.colcon_core.shell:create_environment_hook('audi', 'ament_prefix_path')
[0.344s] INFO:colcon.colcon_core.plugin_system:Skipping extension 'colcon_core.shell.bat': Not used on non-Windows systems
[0.344s] INFO:colcon.colcon_core.shell:Creating environment hook '/home/student48/assessments/week5/src/install/audi/share/audi/hook/ament_prefix_path.ps1'
[0.345s] INFO:colcon.colcon_core.shell:Creating environment descriptor '/home/student48/assessments/week5/src/install/audi/share/audi/hook/ament_prefix_path.dsv'
[0.346s] INFO:colcon.colcon_core.shell:Creating environment hook '/home/student48/assessments/week5/src/install/audi/share/audi/hook/ament_prefix_path.sh'
[0.347s] INFO:colcon.colcon_core.shell:Skip shell extension 'powershell' for command environment: Not usable outside of PowerShell
[0.347s] DEBUG:colcon.colcon_core.shell:Skip shell extension 'dsv' for command environment
[0.354s] INFO:colcon.colcon_ros.task.ament_python.build:Building ROS package in '/home/student48/assessments/week5/src/cardiff' with build type 'ament_python'
[0.354s] Level 1:colcon.colcon_core.shell:create_environment_hook('cardiff', 'ament_prefix_path')
[0.355s] INFO:colcon.colcon_core.shell:Creating environment hook '/home/student48/assessments/week5/src/install/cardiff/share/cardiff/hook/ament_prefix_path.ps1'
[0.358s] INFO:colcon.colcon_core.shell:Creating environment descriptor '/home/student48/assessments/week5/src/install/cardiff/share/cardiff/hook/ament_prefix_path.dsv'
[0.360s] INFO:colcon.colcon_core.shell:Creating environment hook '/home/student48/assessments/week5/src/install/cardiff/share/cardiff/hook/ament_prefix_path.sh'
[0.361s] INFO:colcon.colcon_core.shell:Skip shell extension 'powershell' for command environment: Not usable outside of PowerShell
[0.361s] DEBUG:colcon.colcon_core.shell:Skip shell extension 'dsv' for command environment
[0.709s] INFO:colcon.colcon_core.task.python.build:Building Python package in '/home/student48/assessments/week5/src/audi'
[0.710s] INFO:colcon.colcon_core.shell:Skip shell extension 'powershell' for command environment: Not usable outside of PowerShell
[0.710s] DEBUG:colcon.colcon_core.shell:Skip shell extension 'dsv' for command environment
[1.034s] INFO:colcon.colcon_core.task.python.build:Building Python package in '/home/student48/assessments/week5/src/cardiff'
[1.035s] INFO:colcon.colcon_core.shell:Skip shell extension 'powershell' for command environment: Not usable outside of PowerShell
[1.035s] DEBUG:colcon.colcon_core.shell:Skip shell extension 'dsv' for command environment
[1.948s] DEBUG:colcon.colcon_core.event_handler.log_command:Invoking command in '/home/student48/assessments/week5/src/cardiff': DEBUGINFOD_URLS=https://debuginfod.ubuntu.com PYTHONPATH=/home/student48/assessments/week5/src/build/cardiff/prefix_override:/usr/lib/python3/dist-packages/colcon_core/task/python/colcon_distutils_commands:/home/student48/assessments/week5/src/install/cardiff/lib/python3.12/site-packages:${PYTHONPATH} /usr/bin/python3 -W ignore:setup.py install is deprecated -W ignore:easy_install command is deprecated setup.py egg_info --egg-base ../build/cardiff build --build-base /home/student48/assessments/week5/src/build/cardiff/build install --record /home/student48/assessments/week5/src/build/cardiff/install.log --single-version-externally-managed install_data
[2.013s] DEBUG:colcon.colcon_core.event_handler.log_command:Invoking command in '/home/student48/assessments/week5/src/audi': DEBUGINFOD_URLS=https://debuginfod.ubuntu.com PYTHONPATH=/home/student48/assessments/week5/src/build/audi/prefix_override:/usr/lib/python3/dist-packages/colcon_core/task/python/colcon_distutils_commands:/home/student48/assessments/week5/src/install/audi/lib/python3.12/site-packages:${PYTHONPATH} /usr/bin/python3 -W ignore:setup.py install is deprecated -W ignore:easy_install command is deprecated setup.py egg_info --egg-base ../build/audi build --build-base /home/student48/assessments/week5/src/build/audi/build install --record /home/student48/assessments/week5/src/build/audi/install.log --single-version-externally-managed install_data
[2.866s] DEBUG:colcon.colcon_core.event_handler.log_command:Invoked command in '/home/student48/assessments/week5/src/cardiff' returned '0': DEBUGINFOD_URLS=https://debuginfod.ubuntu.com PYTHONPATH=/home/student48/assessments/week5/src/build/cardiff/prefix_override:/usr/lib/python3/dist-packages/colcon_core/task/python/colcon_distutils_commands:/home/student48/assessments/week5/src/install/cardiff/lib/python3.12/site-packages:${PYTHONPATH} /usr/bin/python3 -W ignore:setup.py install is deprecated -W ignore:easy_install command is deprecated setup.py egg_info --egg-base ../build/cardiff build --build-base /home/student48/assessments/week5/src/build/cardiff/build install --record /home/student48/assessments/week5/src/build/cardiff/install.log --single-version-externally-managed install_data
[2.871s] Level 1:colcon.colcon_core.environment:checking '/home/student48/assessments/week5/src/install/cardiff' for CMake module files
[2.873s] Level 1:colcon.colcon_core.environment:checking '/home/student48/assessments/week5/src/install/cardiff' for CMake config files
[2.874s] Level 1:colcon.colcon_core.environment:checking '/home/student48/assessments/week5/src/install/cardiff/lib'
[2.874s] Level 1:colcon.colcon_core.environment:checking '/home/student48/assessments/week5/src/install/cardiff/bin'
[2.874s] Level 1:colcon.colcon_core.environment:checking '/home/student48/assessments/week5/src/install/cardiff/lib/pkgconfig/cardiff.pc'
[2.875s] Level 1:colcon.colcon_core.environment:checking '/home/student48/assessments/week5/src/install/cardiff/lib/python3.12/site-packages'
[2.875s] Level 1:colcon.colcon_core.shell:create_environment_hook('cardiff', 'pythonpath')
[2.876s] INFO:colcon.colcon_core.shell:Creating environment hook '/home/student48/assessments/week5/src/install/cardiff/share/cardiff/hook/pythonpath.ps1'
[2.877s] INFO:colcon.colcon_core.shell:Creating environment descriptor '/home/student48/assessments/week5/src/install/cardiff/share/cardiff/hook/pythonpath.dsv'
[2.877s] INFO:colcon.colcon_core.shell:Creating environment hook '/home/student48/assessments/week5/src/install/cardiff/share/cardiff/hook/pythonpath.sh'
[2.879s] Level 1:colcon.colcon_core.environment:checking '/home/student48/assessments/week5/src/install/cardiff/bin'
[2.879s] Level 1:colcon.colcon_core.environment:create_environment_scripts_only(cardiff)
[2.880s] INFO:colcon.colcon_core.shell:Creating package script '/home/student48/assessments/week5/src/install/cardiff/share/cardiff/package.ps1'
[2.882s] INFO:colcon.colcon_core.shell:Creating package descriptor '/home/student48/assessments/week5/src/install/cardiff/share/cardiff/package.dsv'
[2.884s] INFO:colcon.colcon_core.shell:Creating package script '/home/student48/assessments/week5/src/install/cardiff/share/cardiff/package.sh'
[2.886s] INFO:colcon.colcon_core.shell:Creating package script '/home/student48/assessments/week5/src/install/cardiff/share/cardiff/package.bash'
[2.889s] INFO:colcon.colcon_core.shell:Creating package script '/home/student48/assessments/week5/src/install/cardiff/share/cardiff/package.zsh'
[2.891s] Level 1:colcon.colcon_core.environment:create_file_with_runtime_dependencies(/home/student48/assessments/week5/src/install/cardiff/share/colcon-core/packages/cardiff)
[2.900s] Level 1:colcon.colcon_core.environment:checking '/home/student48/assessments/week5/src/install/audi' for CMake module files
[2.902s] DEBUG:colcon.colcon_core.event_handler.log_command:Invoked command in '/home/student48/assessments/week5/src/audi' returned '0': DEBUGINFOD_URLS=https://debuginfod.ubuntu.com PYTHONPATH=/home/student48/assessments/week5/src/build/audi/prefix_override:/usr/lib/python3/dist-packages/colcon_core/task/python/colcon_distutils_commands:/home/student48/assessments/week5/src/install/audi/lib/python3.12/site-packages:${PYTHONPATH} /usr/bin/python3 -W ignore:setup.py install is deprecated -W ignore:easy_install command is deprecated setup.py egg_info --egg-base ../build/audi build --build-base /home/student48/assessments/week5/src/build/audi/build install --record /home/student48/assessments/week5/src/build/audi/install.log --single-version-externally-managed install_data
[2.903s] Level 1:colcon.colcon_core.environment:checking '/home/student48/assessments/week5/src/install/audi' for CMake config files
[2.905s] Level 1:colcon.colcon_core.environment:checking '/home/student48/assessments/week5/src/install/audi/lib'
[2.905s] Level 1:colcon.colcon_core.environment:checking '/home/student48/assessments/week5/src/install/audi/bin'
[2.906s] Level 1:colcon.colcon_core.environment:checking '/home/student48/assessments/week5/src/install/audi/lib/pkgconfig/audi.pc'
[2.907s] Level 1:colcon.colcon_core.environment:checking '/home/student48/assessments/week5/src/install/audi/lib/python3.12/site-packages'
[2.907s] Level 1:colcon.colcon_core.shell:create_environment_hook('audi', 'pythonpath')
[2.908s] INFO:colcon.colcon_core.shell:Creating environment hook '/home/student48/assessments/week5/src/install/audi/share/audi/hook/pythonpath.ps1'
[2.909s] INFO:colcon.colcon_core.shell:Creating environment descriptor '/home/student48/assessments/week5/src/install/audi/share/audi/hook/pythonpath.dsv'
[2.910s] INFO:colcon.colcon_core.shell:Creating environment hook '/home/student48/assessments/week5/src/install/audi/share/audi/hook/pythonpath.sh'
[2.912s] Level 1:colcon.colcon_core.environment:checking '/home/student48/assessments/week5/src/install/audi/bin'
[2.912s] Level 1:colcon.colcon_core.environment:create_environment_scripts_only(audi)
[2.913s] INFO:colcon.colcon_core.shell:Creating package script '/home/student48/assessments/week5/src/install/audi/share/audi/package.ps1'
[2.914s] INFO:colcon.colcon_core.shell:Creating package descriptor '/home/student48/assessments/week5/src/install/audi/share/audi/package.dsv'
[2.916s] INFO:colcon.colcon_core.shell:Creating package script '/home/student48/assessments/week5/src/install/audi/share/audi/package.sh'
[2.917s] INFO:colcon.colcon_core.shell:Creating package script '/home/student48/assessments/week5/src/install/audi/share/audi/package.bash'
[2.918s] INFO:colcon.colcon_core.shell:Creating package script '/home/student48/assessments/week5/src/install/audi/share/audi/package.zsh'
[2.919s] Level 1:colcon.colcon_core.environment:create_file_with_runtime_dependencies(/home/student48/assessments/week5/src/install/audi/share/colcon-core/packages/audi)
[2.920s] DEBUG:colcon.colcon_parallel_executor.executor.parallel:closing loop
[2.920s] DEBUG:colcon.colcon_parallel_executor.executor.parallel:loop closed
[2.920s] DEBUG:colcon.colcon_parallel_executor.executor.parallel:run_until_complete finished with '0'
[2.920s] DEBUG:colcon.colcon_core.event_reactor:joining thread
[2.936s] INFO:colcon.colcon_core.plugin_system:Skipping extension 'colcon_notification.desktop_notification.terminal_notifier': Not used on non-Darwin systems
[2.937s] INFO:colcon.colcon_core.plugin_system:Skipping extension 'colcon_notification.desktop_notification.win32': Not used on non-Windows systems
[2.937s] INFO:colcon.colcon_notification.desktop_notification:Sending desktop notification using 'notify2'
[2.966s] DEBUG:colcon.colcon_core.event_reactor:joined thread
[2.967s] INFO:colcon.colcon_core.shell:Creating prefix script '/home/student48/assessments/week5/src/install/local_setup.ps1'
[2.970s] INFO:colcon.colcon_core.shell:Creating prefix util module '/home/student48/assessments/week5/src/install/_local_setup_util_ps1.py'
[2.974s] INFO:colcon.colcon_core.shell:Creating prefix chain script '/home/student48/assessments/week5/src/install/setup.ps1'
[2.982s] INFO:colcon.colcon_core.shell:Creating prefix script '/home/student48/assessments/week5/src/install/local_setup.sh'
[2.984s] INFO:colcon.colcon_core.shell:Creating prefix util module '/home/student48/assessments/week5/src/install/_local_setup_util_sh.py'
[2.986s] INFO:colcon.colcon_core.shell:Creating prefix chain script '/home/student48/assessments/week5/src/install/setup.sh'
[2.991s] INFO:colcon.colcon_core.shell:Creating prefix script '/home/student48/assessments/week5/src/install/local_setup.bash'
[2.992s] INFO:colcon.colcon_core.shell:Creating prefix chain script '/home/student48/assessments/week5/src/install/setup.bash'
[2.995s] INFO:colcon.colcon_core.shell:Creating prefix script '/home/student48/assessments/week5/src/install/local_setup.zsh'
[2.996s] INFO:colcon.colcon_core.shell:Creating prefix chain script '/home/student48/assessments/week5/src/install/setup.zsh'
