[0.575s] DEBUG:colcon:Command line arguments: ['/usr/bin/colcon', 'build']
[0.576s] DEBUG:colcon:Parsed command line arguments: Namespace(log_base=None, log_level=None, verb_name='build', build_base='build', install_base='install', merge_install=False, symlink_install=False, test_result_base=None, continue_on_error=False, executor='parallel', parallel_workers=12, event_handlers=None, ignore_user_meta=False, metas=['./colcon.meta'], base_paths=['.'], packages_ignore=None, packages_ignore_regex=None, paths=None, packages_up_to=None, packages_up_to_regex=None, packages_above=None, packages_above_and_dependencies=None, packages_above_depth=None, packages_select_by_dep=None, packages_skip_by_dep=None, packages_skip_up_to=None, packages_select_build_failed=False, packages_skip_build_finished=False, packages_select_test_failures=False, packages_skip_test_passed=False, packages_select=None, packages_skip=None, packages_select_regex=None, packages_skip_regex=None, packages_start=None, packages_end=None, allow_overriding=[], cmake_args=None, cmake_target=None, cmake_target_skip_unavailable=False, cmake_clean_cache=False, cmake_clean_first=False, cmake_force_configure=False, ament_cmake_args=None, catkin_cmake_args=None, catkin_skip_building_tests=False, mixin_files=None, mixin=None, verb_parser=<colcon_mixin.mixin.mixin_argument.MixinArgumentDecorator object at 0x769f1c508620>, verb_extension=<colcon_core.verb.build.BuildVerb object at 0x769f1c5082f0>, main=<bound method BuildVerb.main of <colcon_core.verb.build.BuildVerb object at 0x769f1c5082f0>>, mixin_verb=('build',))
[0.734s] Level 1:colcon.colcon_core.package_discovery:discover_packages(colcon_meta) check parameters
[0.735s] Level 1:colcon.colcon_core.package_discovery:discover_packages(recursive) check parameters
[0.735s] Level 1:colcon.colcon_core.package_discovery:discover_packages(ignore) check parameters
[0.735s] Level 1:colcon.colcon_core.package_discovery:discover_packages(path) check parameters
[0.735s] Level 1:colcon.colcon_core.package_discovery:discover_packages(colcon_meta) discover
[0.736s] Level 1:colcon.colcon_core.package_discovery:discover_packages(recursive) discover
[0.736s] INFO:colcon.colcon_core.package_discovery:Crawling recursively for packages in '/home/student48/assessments/coursework2'
[0.736s] Level 1:colcon.colcon_core.package_identification:_identify(.) by extensions ['ignore', 'ignore_ament_install']
[0.737s] Level 1:colcon.colcon_core.package_identification:_identify(.) by extension 'ignore'
[0.737s] Level 1:colcon.colcon_core.package_identification:_identify(.) by extension 'ignore_ament_install'
[0.737s] Level 1:colcon.colcon_core.package_identification:_identify(.) by extensions ['colcon_pkg']
[0.737s] Level 1:colcon.colcon_core.package_identification:_identify(.) by extension 'colcon_pkg'
[0.737s] Level 1:colcon.colcon_core.package_identification:_identify(.) by extensions ['colcon_meta']
[0.737s] Level 1:colcon.colcon_core.package_identification:_identify(.) by extension 'colcon_meta'
[0.738s] Level 1:colcon.colcon_core.package_identification:_identify(.) by extensions ['ros']
[0.738s] Level 1:colcon.colcon_core.package_identification:_identify(.) by extension 'ros'
[0.863s] Level 1:colcon.colcon_core.package_identification:_identify(.) by extensions ['cmake', 'python']
[0.863s] Level 1:colcon.colcon_core.package_identification:_identify(.) by extension 'cmake'
[0.863s] Level 1:colcon.colcon_core.package_identification:_identify(.) by extension 'python'
[0.863s] Level 1:colcon.colcon_core.package_identification:_identify(.) by extensions ['python_setup_py']
[0.863s] Level 1:colcon.colcon_core.package_identification:_identify(.) by extension 'python_setup_py'
[0.863s] Level 1:colcon.colcon_core.package_identification:_identify(build) by extensions ['ignore', 'ignore_ament_install']
[0.864s] Level 1:colcon.colcon_core.package_identification:_identify(build) by extension 'ignore'
[0.864s] Level 1:colcon.colcon_core.package_identification:_identify(build) ignored
[0.864s] Level 1:colcon.colcon_core.package_identification:_identify(install) by extensions ['ignore', 'ignore_ament_install']
[0.865s] Level 1:colcon.colcon_core.package_identification:_identify(install) by extension 'ignore'
[0.865s] Level 1:colcon.colcon_core.package_identification:_identify(install) ignored
[0.865s] Level 1:colcon.colcon_core.package_identification:_identify(log) by extensions ['ignore', 'ignore_ament_install']
[0.866s] Level 1:colcon.colcon_core.package_identification:_identify(log) by extension 'ignore'
[0.866s] Level 1:colcon.colcon_core.package_identification:_identify(log) ignored
[0.867s] Level 1:colcon.colcon_core.package_identification:_identify(src) by extensions ['ignore', 'ignore_ament_install']
[0.867s] Level 1:colcon.colcon_core.package_identification:_identify(src) by extension 'ignore'
[0.868s] Level 1:colcon.colcon_core.package_identification:_identify(src) by extension 'ignore_ament_install'
[0.868s] Level 1:colcon.colcon_core.package_identification:_identify(src) by extensions ['colcon_pkg']
[0.868s] Level 1:colcon.colcon_core.package_identification:_identify(src) by extension 'colcon_pkg'
[0.869s] Level 1:colcon.colcon_core.package_identification:_identify(src) by extensions ['colcon_meta']
[0.869s] Level 1:colcon.colcon_core.package_identification:_identify(src) by extension 'colcon_meta'
[0.869s] Level 1:colcon.colcon_core.package_identification:_identify(src) by extensions ['ros']
[0.869s] Level 1:colcon.colcon_core.package_identification:_identify(src) by extension 'ros'
[0.870s] Level 1:colcon.colcon_core.package_identification:_identify(src) by extensions ['cmake', 'python']
[0.870s] Level 1:colcon.colcon_core.package_identification:_identify(src) by extension 'cmake'
[0.871s] Level 1:colcon.colcon_core.package_identification:_identify(src) by extension 'python'
[0.871s] Level 1:colcon.colcon_core.package_identification:_identify(src) by extensions ['python_setup_py']
[0.871s] Level 1:colcon.colcon_core.package_identification:_identify(src) by extension 'python_setup_py'
[0.872s] Level 1:colcon.colcon_core.package_identification:_identify(src/gamma_system_bridge_pkg) by extensions ['ignore', 'ignore_ament_install']
[0.873s] Level 1:colcon.colcon_core.package_identification:_identify(src/gamma_system_bridge_pkg) by extension 'ignore'
[0.873s] Level 1:colcon.colcon_core.package_identification:_identify(src/gamma_system_bridge_pkg) by extension 'ignore_ament_install'
[0.873s] Level 1:colcon.colcon_core.package_identification:_identify(src/gamma_system_bridge_pkg) by extensions ['colcon_pkg']
[0.874s] Level 1:colcon.colcon_core.package_identification:_identify(src/gamma_system_bridge_pkg) by extension 'colcon_pkg'
[0.874s] Level 1:colcon.colcon_core.package_identification:_identify(src/gamma_system_bridge_pkg) by extensions ['colcon_meta']
[0.874s] Level 1:colcon.colcon_core.package_identification:_identify(src/gamma_system_bridge_pkg) by extension 'colcon_meta'
[0.874s] Level 1:colcon.colcon_core.package_identification:_identify(src/gamma_system_bridge_pkg) by extensions ['ros']
[0.874s] Level 1:colcon.colcon_core.package_identification:_identify(src/gamma_system_bridge_pkg) by extension 'ros'
[0.884s] DEBUG:colcon.colcon_core.package_identification:Package 'src/gamma_system_bridge_pkg' with type 'ros.ament_python' and name 'gamma_system_bridge_pkg'
[0.884s] Level 1:colcon.colcon_core.package_identification:_identify(src/gamma_system_controller_pkg) by extensions ['ignore', 'ignore_ament_install']
[0.884s] Level 1:colcon.colcon_core.package_identification:_identify(src/gamma_system_controller_pkg) by extension 'ignore'
[0.885s] Level 1:colcon.colcon_core.package_identification:_identify(src/gamma_system_controller_pkg) by extension 'ignore_ament_install'
[0.885s] Level 1:colcon.colcon_core.package_identification:_identify(src/gamma_system_controller_pkg) by extensions ['colcon_pkg']
[0.885s] Level 1:colcon.colcon_core.package_identification:_identify(src/gamma_system_controller_pkg) by extension 'colcon_pkg'
[0.885s] Level 1:colcon.colcon_core.package_identification:_identify(src/gamma_system_controller_pkg) by extensions ['colcon_meta']
[0.885s] Level 1:colcon.colcon_core.package_identification:_identify(src/gamma_system_controller_pkg) by extension 'colcon_meta'
[0.886s] Level 1:colcon.colcon_core.package_identification:_identify(src/gamma_system_controller_pkg) by extensions ['ros']
[0.886s] Level 1:colcon.colcon_core.package_identification:_identify(src/gamma_system_controller_pkg) by extension 'ros'
[0.890s] DEBUG:colcon.colcon_core.package_identification:Package 'src/gamma_system_controller_pkg' with type 'ros.ament_python' and name 'gamma_system_controller_pkg'
[0.891s] Level 1:colcon.colcon_core.package_identification:_identify(src/sfr_coursework2_interface_package) by extensions ['ignore', 'ignore_ament_install']
[0.891s] Level 1:colcon.colcon_core.package_identification:_identify(src/sfr_coursework2_interface_package) by extension 'ignore'
[0.892s] Level 1:colcon.colcon_core.package_identification:_identify(src/sfr_coursework2_interface_package) by extension 'ignore_ament_install'
[0.892s] Level 1:colcon.colcon_core.package_identification:_identify(src/sfr_coursework2_interface_package) by extensions ['colcon_pkg']
[0.893s] Level 1:colcon.colcon_core.package_identification:_identify(src/sfr_coursework2_interface_package) by extension 'colcon_pkg'
[0.893s] Level 1:colcon.colcon_core.package_identification:_identify(src/sfr_coursework2_interface_package) by extensions ['colcon_meta']
[0.893s] Level 1:colcon.colcon_core.package_identification:_identify(src/sfr_coursework2_interface_package) by extension 'colcon_meta'
[0.893s] Level 1:colcon.colcon_core.package_identification:_identify(src/sfr_coursework2_interface_package) by extensions ['ros']
[0.893s] Level 1:colcon.colcon_core.package_identification:_identify(src/sfr_coursework2_interface_package) by extension 'ros'
[0.896s] DEBUG:colcon.colcon_core.package_identification:Package 'src/sfr_coursework2_interface_package' with type 'ros.ament_cmake' and name 'sfr_coursework2_interface_package'
[0.896s] Level 1:colcon.colcon_core.package_discovery:discover_packages(recursive) using defaults
[0.896s] Level 1:colcon.colcon_core.package_discovery:discover_packages(ignore) discover
[0.896s] Level 1:colcon.colcon_core.package_discovery:discover_packages(ignore) using defaults
[0.896s] Level 1:colcon.colcon_core.package_discovery:discover_packages(path) discover
[0.896s] Level 1:colcon.colcon_core.package_discovery:discover_packages(path) using defaults
[0.992s] Level 1:colcon.colcon_core.package_discovery:discover_packages(prefix_path) check parameters
[0.992s] Level 1:colcon.colcon_core.package_discovery:discover_packages(prefix_path) discover
[1.006s] DEBUG:colcon.colcon_installed_package_information.package_discovery:Found 3 installed packages in /home/student48/assessments/coursework2/install
[1.009s] DEBUG:colcon.colcon_installed_package_information.package_discovery:Found 26 installed packages in /home/student48/ros2_tutorial_workspace/install
[1.011s] DEBUG:colcon.colcon_installed_package_information.package_discovery:Found 2 installed packages in /home/student48/assessments/week4/src/install
[1.021s] DEBUG:colcon.colcon_installed_package_information.package_discovery:Found 386 installed packages in /opt/ros/jazzy
[1.025s] Level 1:colcon.colcon_core.package_discovery:discover_packages(prefix_path) using defaults
[1.263s] Level 5:colcon.colcon_core.verb:set package 'gamma_system_bridge_pkg' build argument 'cmake_args' from command line to 'None'
[1.263s] Level 5:colcon.colcon_core.verb:set package 'gamma_system_bridge_pkg' build argument 'cmake_target' from command line to 'None'
[1.263s] Level 5:colcon.colcon_core.verb:set package 'gamma_system_bridge_pkg' build argument 'cmake_target_skip_unavailable' from command line to 'False'
[1.263s] Level 5:colcon.colcon_core.verb:set package 'gamma_system_bridge_pkg' build argument 'cmake_clean_cache' from command line to 'False'
[1.263s] Level 5:colcon.colcon_core.verb:set package 'gamma_system_bridge_pkg' build argument 'cmake_clean_first' from command line to 'False'
[1.264s] Level 5:colcon.colcon_core.verb:set package 'gamma_system_bridge_pkg' build argument 'cmake_force_configure' from command line to 'False'
[1.264s] Level 5:colcon.colcon_core.verb:set package 'gamma_system_bridge_pkg' build argument 'ament_cmake_args' from command line to 'None'
[1.264s] Level 5:colcon.colcon_core.verb:set package 'gamma_system_bridge_pkg' build argument 'catkin_cmake_args' from command line to 'None'
[1.264s] Level 5:colcon.colcon_core.verb:set package 'gamma_system_bridge_pkg' build argument 'catkin_skip_building_tests' from command line to 'False'
[1.264s] DEBUG:colcon.colcon_core.verb:Building package 'gamma_system_bridge_pkg' with the following arguments: {'ament_cmake_args': None, 'build_base': '/home/student48/assessments/coursework2/build/gamma_system_bridge_pkg', 'catkin_cmake_args': None, 'catkin_skip_building_tests': False, 'cmake_args': None, 'cmake_clean_cache': False, 'cmake_clean_first': False, 'cmake_force_configure': False, 'cmake_target': None, 'cmake_target_skip_unavailable': False, 'install_base': '/home/student48/assessments/coursework2/install/gamma_system_bridge_pkg', 'merge_install': False, 'path': '/home/student48/assessments/coursework2/src/gamma_system_bridge_pkg', 'symlink_install': False, 'test_result_base': None}
[1.267s] Level 5:colcon.colcon_core.verb:set package 'gamma_system_controller_pkg' build argument 'cmake_args' from command line to 'None'
[1.267s] Level 5:colcon.colcon_core.verb:set package 'gamma_system_controller_pkg' build argument 'cmake_target' from command line to 'None'
[1.267s] Level 5:colcon.colcon_core.verb:set package 'gamma_system_controller_pkg' build argument 'cmake_target_skip_unavailable' from command line to 'False'
[1.267s] Level 5:colcon.colcon_core.verb:set package 'gamma_system_controller_pkg' build argument 'cmake_clean_cache' from command line to 'False'
[1.268s] Level 5:colcon.colcon_core.verb:set package 'gamma_system_controller_pkg' build argument 'cmake_clean_first' from command line to 'False'
[1.268s] Level 5:colcon.colcon_core.verb:set package 'gamma_system_controller_pkg' build argument 'cmake_force_configure' from command line to 'False'
[1.268s] Level 5:colcon.colcon_core.verb:set package 'gamma_system_controller_pkg' build argument 'ament_cmake_args' from command line to 'None'
[1.268s] Level 5:colcon.colcon_core.verb:set package 'gamma_system_controller_pkg' build argument 'catkin_cmake_args' from command line to 'None'
[1.268s] Level 5:colcon.colcon_core.verb:set package 'gamma_system_controller_pkg' build argument 'catkin_skip_building_tests' from command line to 'False'
[1.268s] DEBUG:colcon.colcon_core.verb:Building package 'gamma_system_controller_pkg' with the following arguments: {'ament_cmake_args': None, 'build_base': '/home/student48/assessments/coursework2/build/gamma_system_controller_pkg', 'catkin_cmake_args': None, 'catkin_skip_building_tests': False, 'cmake_args': None, 'cmake_clean_cache': False, 'cmake_clean_first': False, 'cmake_force_configure': False, 'cmake_target': None, 'cmake_target_skip_unavailable': False, 'install_base': '/home/student48/assessments/coursework2/install/gamma_system_controller_pkg', 'merge_install': False, 'path': '/home/student48/assessments/coursework2/src/gamma_system_controller_pkg', 'symlink_install': False, 'test_result_base': None}
[1.270s] Level 5:colcon.colcon_core.verb:set package 'sfr_coursework2_interface_package' build argument 'cmake_args' from command line to 'None'
[1.271s] Level 5:colcon.colcon_core.verb:set package 'sfr_coursework2_interface_package' build argument 'cmake_target' from command line to 'None'
[1.271s] Level 5:colcon.colcon_core.verb:set package 'sfr_coursework2_interface_package' build argument 'cmake_target_skip_unavailable' from command line to 'False'
[1.271s] Level 5:colcon.colcon_core.verb:set package 'sfr_coursework2_interface_package' build argument 'cmake_clean_cache' from command line to 'False'
[1.271s] Level 5:colcon.colcon_core.verb:set package 'sfr_coursework2_interface_package' build argument 'cmake_clean_first' from command line to 'False'
[1.271s] Level 5:colcon.colcon_core.verb:set package 'sfr_coursework2_interface_package' build argument 'cmake_force_configure' from command line to 'False'
[1.272s] Level 5:colcon.colcon_core.verb:set package 'sfr_coursework2_interface_package' build argument 'ament_cmake_args' from command line to 'None'
[1.272s] Level 5:colcon.colcon_core.verb:set package 'sfr_coursework2_interface_package' build argument 'catkin_cmake_args' from command line to 'None'
[1.272s] Level 5:colcon.colcon_core.verb:set package 'sfr_coursework2_interface_package' build argument 'catkin_skip_building_tests' from command line to 'False'
[1.272s] DEBUG:colcon.colcon_core.verb:Building package 'sfr_coursework2_interface_package' with the following arguments: {'ament_cmake_args': None, 'build_base': '/home/student48/assessments/coursework2/build/sfr_coursework2_interface_package', 'catkin_cmake_args': None, 'catkin_skip_building_tests': False, 'cmake_args': None, 'cmake_clean_cache': False, 'cmake_clean_first': False, 'cmake_force_configure': False, 'cmake_target': None, 'cmake_target_skip_unavailable': False, 'install_base': '/home/student48/assessments/coursework2/install/sfr_coursework2_interface_package', 'merge_install': False, 'path': '/home/student48/assessments/coursework2/src/sfr_coursework2_interface_package', 'symlink_install': False, 'test_result_base': None}
[1.273s] INFO:colcon.colcon_core.executor:Executing jobs using 'parallel' executor
[1.275s] DEBUG:colcon.colcon_parallel_executor.executor.parallel:run_until_complete
[1.276s] INFO:colcon.colcon_ros.task.ament_python.build:Building ROS package in '/home/student48/assessments/coursework2/src/gamma_system_bridge_pkg' with build type 'ament_python'
[1.276s] Level 1:colcon.colcon_core.shell:create_environment_hook('gamma_system_bridge_pkg', 'ament_prefix_path')
[1.289s] INFO:colcon.colcon_core.plugin_system:Skipping extension 'colcon_core.shell.bat': Not used on non-Windows systems
[1.290s] INFO:colcon.colcon_core.shell:Creating environment hook '/home/student48/assessments/coursework2/install/gamma_system_bridge_pkg/share/gamma_system_bridge_pkg/hook/ament_prefix_path.ps1'
[1.293s] INFO:colcon.colcon_core.shell:Creating environment descriptor '/home/student48/assessments/coursework2/install/gamma_system_bridge_pkg/share/gamma_system_bridge_pkg/hook/ament_prefix_path.dsv'
[1.295s] INFO:colcon.colcon_core.shell:Creating environment hook '/home/student48/assessments/coursework2/install/gamma_system_bridge_pkg/share/gamma_system_bridge_pkg/hook/ament_prefix_path.sh'
[1.297s] INFO:colcon.colcon_core.shell:Skip shell extension 'powershell' for command environment: Not usable outside of PowerShell
[1.297s] DEBUG:colcon.colcon_core.shell:Skip shell extension 'dsv' for command environment
[1.328s] INFO:colcon.colcon_ros.task.ament_python.build:Building ROS package in '/home/student48/assessments/coursework2/src/gamma_system_controller_pkg' with build type 'ament_python'
[1.329s] Level 1:colcon.colcon_core.shell:create_environment_hook('gamma_system_controller_pkg', 'ament_prefix_path')
[1.329s] INFO:colcon.colcon_core.shell:Creating environment hook '/home/student48/assessments/coursework2/install/gamma_system_controller_pkg/share/gamma_system_controller_pkg/hook/ament_prefix_path.ps1'
[1.332s] INFO:colcon.colcon_core.shell:Creating environment descriptor '/home/student48/assessments/coursework2/install/gamma_system_controller_pkg/share/gamma_system_controller_pkg/hook/ament_prefix_path.dsv'
[1.336s] INFO:colcon.colcon_core.shell:Creating environment hook '/home/student48/assessments/coursework2/install/gamma_system_controller_pkg/share/gamma_system_controller_pkg/hook/ament_prefix_path.sh'
[1.340s] INFO:colcon.colcon_core.shell:Skip shell extension 'powershell' for command environment: Not usable outside of PowerShell
[1.340s] DEBUG:colcon.colcon_core.shell:Skip shell extension 'dsv' for command environment
[1.366s] INFO:colcon.colcon_ros.task.ament_cmake.build:Building ROS package in '/home/student48/assessments/coursework2/src/sfr_coursework2_interface_package' with build type 'ament_cmake'
[1.366s] INFO:colcon.colcon_cmake.task.cmake.build:Building CMake package in '/home/student48/assessments/coursework2/src/sfr_coursework2_interface_package'
[1.367s] INFO:colcon.colcon_core.shell:Skip shell extension 'powershell' for command environment: Not usable outside of PowerShell
[1.367s] DEBUG:colcon.colcon_core.shell:Skip shell extension 'dsv' for command environment
[2.722s] INFO:colcon.colcon_core.task.python.build:Building Python package in '/home/student48/assessments/coursework2/src/gamma_system_bridge_pkg'
[2.724s] INFO:colcon.colcon_core.shell:Skip shell extension 'powershell' for command environment: Not usable outside of PowerShell
[2.724s] DEBUG:colcon.colcon_core.shell:Skip shell extension 'dsv' for command environment
[3.993s] INFO:colcon.colcon_core.task.python.build:Building Python package in '/home/student48/assessments/coursework2/src/gamma_system_controller_pkg'
[3.994s] INFO:colcon.colcon_core.shell:Skip shell extension 'powershell' for command environment: Not usable outside of PowerShell
[3.994s] DEBUG:colcon.colcon_core.shell:Skip shell extension 'dsv' for command environment
[4.040s] DEBUG:colcon.colcon_core.event_handler.log_command:Invoking command in '/home/student48/assessments/coursework2/build/sfr_coursework2_interface_package': CMAKE_PREFIX_PATH=${CMAKE_PREFIX_PATH}:/home/student48/assessments/coursework2/install/gamma_system_controller_pkg:/home/student48/assessments/coursework2/install/gamma_system_bridge_pkg:/home/student48/ros2_tutorial_workspace/install/the_simplest_python_packagee:/home/student48/ros2_tutorial_workspace/install/the_simplest_python_package:/home/student48/ros2_tutorial_workspace/install/python_package_with_a_node:/home/student48/ros2_tutorial_workspace/install/python_package_that_uses_the_library:/home/student48/ros2_tutorial_workspace/install/python_package_with_a_library:/home/student48/ros2_tutorial_workspace/install/python_package_that_uses_the_services:/home/student48/ros2_tutorial_workspace/install/python_package_that_uses_the_messages:/home/student48/ros2_tutorial_workspace/install/python_package_that_uses_the_actions:/home/student48/ros2_tutorial_workspace/install/python_package_that_uses_tf2:/home/student48/ros2_tutorial_workspace/install/python_package_that_uses_parameters_and_launch_files:/home/student48/ros2_tutorial_workspace/install/python_package_that_uses_nav2:/home/student48/ros2_tutorial_workspace/install/python_package_that_uses_geometry_msgs:/home/student48/ros2_tutorial_workspace/install/python_package_that_uses_gazebo:/home/student48/ros2_tutorial_workspace/install/my_package:/home/student48/ros2_tutorial_workspace/install/custom_tf_package:/home/student48/ros2_tutorial_workspace/install/custom_tf_broadcaster_package:/home/student48/ros2_tutorial_workspace/install/custom_subscriber_package:/home/student48/ros2_tutorial_workspace/install/custom_server_package:/home/student48/ros2_tutorial_workspace/install/custom_publisher_package:/home/student48/ros2_tutorial_workspace/install/custom_package_with_node:/home/student48/ros2_tutorial_workspace/install/custom_package_with_library:/home/student48/ros2_tutorial_workspace/install/custom_client_package:/home/student48/ros2_tutorial_workspace/install/custom_action_server_package:/home/student48/ros2_tutorial_workspace/install/custom_action_client_package:/home/student48/ros2_tutorial_workspace/install/another_package:/home/student48/assessments/week4/src/install/volkswagen:/home/student48/assessments/week4/src/install/building:/opt/ros/jazzy DEBUGINFOD_URLS=https://debuginfod.ubuntu.com /usr/bin/cmake --build /home/student48/assessments/coursework2/build/sfr_coursework2_interface_package -- -j12 -l12
[7.430s] DEBUG:colcon.colcon_core.event_handler.log_command:Invoked command in '/home/student48/assessments/coursework2/build/sfr_coursework2_interface_package' returned '0': CMAKE_PREFIX_PATH=${CMAKE_PREFIX_PATH}:/home/student48/assessments/coursework2/install/gamma_system_controller_pkg:/home/student48/assessments/coursework2/install/gamma_system_bridge_pkg:/home/student48/ros2_tutorial_workspace/install/the_simplest_python_packagee:/home/student48/ros2_tutorial_workspace/install/the_simplest_python_package:/home/student48/ros2_tutorial_workspace/install/python_package_with_a_node:/home/student48/ros2_tutorial_workspace/install/python_package_that_uses_the_library:/home/student48/ros2_tutorial_workspace/install/python_package_with_a_library:/home/student48/ros2_tutorial_workspace/install/python_package_that_uses_the_services:/home/student48/ros2_tutorial_workspace/install/python_package_that_uses_the_messages:/home/student48/ros2_tutorial_workspace/install/python_package_that_uses_the_actions:/home/student48/ros2_tutorial_workspace/install/python_package_that_uses_tf2:/home/student48/ros2_tutorial_workspace/install/python_package_that_uses_parameters_and_launch_files:/home/student48/ros2_tutorial_workspace/install/python_package_that_uses_nav2:/home/student48/ros2_tutorial_workspace/install/python_package_that_uses_geometry_msgs:/home/student48/ros2_tutorial_workspace/install/python_package_that_uses_gazebo:/home/student48/ros2_tutorial_workspace/install/my_package:/home/student48/ros2_tutorial_workspace/install/custom_tf_package:/home/student48/ros2_tutorial_workspace/install/custom_tf_broadcaster_package:/home/student48/ros2_tutorial_workspace/install/custom_subscriber_package:/home/student48/ros2_tutorial_workspace/install/custom_server_package:/home/student48/ros2_tutorial_workspace/install/custom_publisher_package:/home/student48/ros2_tutorial_workspace/install/custom_package_with_node:/home/student48/ros2_tutorial_workspace/install/custom_package_with_library:/home/student48/ros2_tutorial_workspace/install/custom_client_package:/home/student48/ros2_tutorial_workspace/install/custom_action_server_package:/home/student48/ros2_tutorial_workspace/install/custom_action_client_package:/home/student48/ros2_tutorial_workspace/install/another_package:/home/student48/assessments/week4/src/install/volkswagen:/home/student48/assessments/week4/src/install/building:/opt/ros/jazzy DEBUGINFOD_URLS=https://debuginfod.ubuntu.com /usr/bin/cmake --build /home/student48/assessments/coursework2/build/sfr_coursework2_interface_package -- -j12 -l12
[7.471s] DEBUG:colcon.colcon_core.event_handler.log_command:Invoking command in '/home/student48/assessments/coursework2/build/sfr_coursework2_interface_package': CMAKE_PREFIX_PATH=${CMAKE_PREFIX_PATH}:/home/student48/assessments/coursework2/install/gamma_system_controller_pkg:/home/student48/assessments/coursework2/install/gamma_system_bridge_pkg:/home/student48/ros2_tutorial_workspace/install/the_simplest_python_packagee:/home/student48/ros2_tutorial_workspace/install/the_simplest_python_package:/home/student48/ros2_tutorial_workspace/install/python_package_with_a_node:/home/student48/ros2_tutorial_workspace/install/python_package_that_uses_the_library:/home/student48/ros2_tutorial_workspace/install/python_package_with_a_library:/home/student48/ros2_tutorial_workspace/install/python_package_that_uses_the_services:/home/student48/ros2_tutorial_workspace/install/python_package_that_uses_the_messages:/home/student48/ros2_tutorial_workspace/install/python_package_that_uses_the_actions:/home/student48/ros2_tutorial_workspace/install/python_package_that_uses_tf2:/home/student48/ros2_tutorial_workspace/install/python_package_that_uses_parameters_and_launch_files:/home/student48/ros2_tutorial_workspace/install/python_package_that_uses_nav2:/home/student48/ros2_tutorial_workspace/install/python_package_that_uses_geometry_msgs:/home/student48/ros2_tutorial_workspace/install/python_package_that_uses_gazebo:/home/student48/ros2_tutorial_workspace/install/my_package:/home/student48/ros2_tutorial_workspace/install/custom_tf_package:/home/student48/ros2_tutorial_workspace/install/custom_tf_broadcaster_package:/home/student48/ros2_tutorial_workspace/install/custom_subscriber_package:/home/student48/ros2_tutorial_workspace/install/custom_server_package:/home/student48/ros2_tutorial_workspace/install/custom_publisher_package:/home/student48/ros2_tutorial_workspace/install/custom_package_with_node:/home/student48/ros2_tutorial_workspace/install/custom_package_with_library:/home/student48/ros2_tutorial_workspace/install/custom_client_package:/home/student48/ros2_tutorial_workspace/install/custom_action_server_package:/home/student48/ros2_tutorial_workspace/install/custom_action_client_package:/home/student48/ros2_tutorial_workspace/install/another_package:/home/student48/assessments/week4/src/install/volkswagen:/home/student48/assessments/week4/src/install/building:/opt/ros/jazzy DEBUGINFOD_URLS=https://debuginfod.ubuntu.com /usr/bin/cmake --install /home/student48/assessments/coursework2/build/sfr_coursework2_interface_package
[7.531s] DEBUG:colcon.colcon_core.event_handler.log_command:Invoking command in '/home/student48/assessments/coursework2/src/gamma_system_bridge_pkg': DEBUGINFOD_URLS=https://debuginfod.ubuntu.com PYTHONPATH=/home/student48/assessments/coursework2/build/gamma_system_bridge_pkg/prefix_override:/usr/lib/python3/dist-packages/colcon_core/task/python/colcon_distutils_commands:/home/student48/assessments/coursework2/install/gamma_system_bridge_pkg/lib/python3.12/site-packages:${PYTHONPATH} /usr/bin/python3 -W ignore:setup.py install is deprecated -W ignore:easy_install command is deprecated setup.py egg_info --egg-base ../../build/gamma_system_bridge_pkg build --build-base /home/student48/assessments/coursework2/build/gamma_system_bridge_pkg/build install --record /home/student48/assessments/coursework2/build/gamma_system_bridge_pkg/install.log --single-version-externally-managed install_data
[7.538s] DEBUG:colcon.colcon_core.event_handler.log_command:Invoking command in '/home/student48/assessments/coursework2/src/gamma_system_controller_pkg': DEBUGINFOD_URLS=https://debuginfod.ubuntu.com PYTHONPATH=/home/student48/assessments/coursework2/build/gamma_system_controller_pkg/prefix_override:/usr/lib/python3/dist-packages/colcon_core/task/python/colcon_distutils_commands:/home/student48/assessments/coursework2/install/gamma_system_controller_pkg/lib/python3.12/site-packages:${PYTHONPATH} /usr/bin/python3 -W ignore:setup.py install is deprecated -W ignore:easy_install command is deprecated setup.py egg_info --egg-base ../../build/gamma_system_controller_pkg build --build-base /home/student48/assessments/coursework2/build/gamma_system_controller_pkg/build install --record /home/student48/assessments/coursework2/build/gamma_system_controller_pkg/install.log --single-version-externally-managed install_data
[7.748s] Level 1:colcon.colcon_core.environment:create_environment_scripts_only(sfr_coursework2_interface_package)
[7.752s] DEBUG:colcon.colcon_core.event_handler.log_command:Invoked command in '/home/student48/assessments/coursework2/build/sfr_coursework2_interface_package' returned '0': CMAKE_PREFIX_PATH=${CMAKE_PREFIX_PATH}:/home/student48/assessments/coursework2/install/gamma_system_controller_pkg:/home/student48/assessments/coursework2/install/gamma_system_bridge_pkg:/home/student48/ros2_tutorial_workspace/install/the_simplest_python_packagee:/home/student48/ros2_tutorial_workspace/install/the_simplest_python_package:/home/student48/ros2_tutorial_workspace/install/python_package_with_a_node:/home/student48/ros2_tutorial_workspace/install/python_package_that_uses_the_library:/home/student48/ros2_tutorial_workspace/install/python_package_with_a_library:/home/student48/ros2_tutorial_workspace/install/python_package_that_uses_the_services:/home/student48/ros2_tutorial_workspace/install/python_package_that_uses_the_messages:/home/student48/ros2_tutorial_workspace/install/python_package_that_uses_the_actions:/home/student48/ros2_tutorial_workspace/install/python_package_that_uses_tf2:/home/student48/ros2_tutorial_workspace/install/python_package_that_uses_parameters_and_launch_files:/home/student48/ros2_tutorial_workspace/install/python_package_that_uses_nav2:/home/student48/ros2_tutorial_workspace/install/python_package_that_uses_geometry_msgs:/home/student48/ros2_tutorial_workspace/install/python_package_that_uses_gazebo:/home/student48/ros2_tutorial_workspace/install/my_package:/home/student48/ros2_tutorial_workspace/install/custom_tf_package:/home/student48/ros2_tutorial_workspace/install/custom_tf_broadcaster_package:/home/student48/ros2_tutorial_workspace/install/custom_subscriber_package:/home/student48/ros2_tutorial_workspace/install/custom_server_package:/home/student48/ros2_tutorial_workspace/install/custom_publisher_package:/home/student48/ros2_tutorial_workspace/install/custom_package_with_node:/home/student48/ros2_tutorial_workspace/install/custom_package_with_library:/home/student48/ros2_tutorial_workspace/install/custom_client_package:/home/student48/ros2_tutorial_workspace/install/custom_action_server_package:/home/student48/ros2_tutorial_workspace/install/custom_action_client_package:/home/student48/ros2_tutorial_workspace/install/another_package:/home/student48/assessments/week4/src/install/volkswagen:/home/student48/assessments/week4/src/install/building:/opt/ros/jazzy DEBUGINFOD_URLS=https://debuginfod.ubuntu.com /usr/bin/cmake --install /home/student48/assessments/coursework2/build/sfr_coursework2_interface_package
[7.763s] Level 1:colcon.colcon_core.environment:checking '/home/student48/assessments/coursework2/install/sfr_coursework2_interface_package' for CMake module files
[7.770s] Level 1:colcon.colcon_core.environment:checking '/home/student48/assessments/coursework2/install/sfr_coursework2_interface_package' for CMake config files
[7.771s] Level 1:colcon.colcon_core.shell:create_environment_hook('sfr_coursework2_interface_package', 'cmake_prefix_path')
[7.772s] INFO:colcon.colcon_core.shell:Creating environment hook '/home/student48/assessments/coursework2/install/sfr_coursework2_interface_package/share/sfr_coursework2_interface_package/hook/cmake_prefix_path.ps1'
[7.773s] INFO:colcon.colcon_core.shell:Creating environment descriptor '/home/student48/assessments/coursework2/install/sfr_coursework2_interface_package/share/sfr_coursework2_interface_package/hook/cmake_prefix_path.dsv'
[7.775s] INFO:colcon.colcon_core.shell:Creating environment hook '/home/student48/assessments/coursework2/install/sfr_coursework2_interface_package/share/sfr_coursework2_interface_package/hook/cmake_prefix_path.sh'
[7.783s] Level 1:colcon.colcon_core.environment:checking '/home/student48/assessments/coursework2/install/sfr_coursework2_interface_package/lib'
[7.783s] Level 1:colcon.colcon_core.shell:create_environment_hook('sfr_coursework2_interface_package', 'ld_library_path_lib')
[7.784s] INFO:colcon.colcon_core.shell:Creating environment hook '/home/student48/assessments/coursework2/install/sfr_coursework2_interface_package/share/sfr_coursework2_interface_package/hook/ld_library_path_lib.ps1'
[7.786s] INFO:colcon.colcon_core.shell:Creating environment descriptor '/home/student48/assessments/coursework2/install/sfr_coursework2_interface_package/share/sfr_coursework2_interface_package/hook/ld_library_path_lib.dsv'
[7.787s] INFO:colcon.colcon_core.shell:Creating environment hook '/home/student48/assessments/coursework2/install/sfr_coursework2_interface_package/share/sfr_coursework2_interface_package/hook/ld_library_path_lib.sh'
[7.789s] Level 1:colcon.colcon_core.environment:checking '/home/student48/assessments/coursework2/install/sfr_coursework2_interface_package/bin'
[7.789s] Level 1:colcon.colcon_core.environment:checking '/home/student48/assessments/coursework2/install/sfr_coursework2_interface_package/lib/pkgconfig/sfr_coursework2_interface_package.pc'
[7.790s] Level 1:colcon.colcon_core.environment:checking '/home/student48/assessments/coursework2/install/sfr_coursework2_interface_package/lib/python3.12/site-packages'
[7.790s] Level 1:colcon.colcon_core.shell:create_environment_hook('sfr_coursework2_interface_package', 'pythonpath')
[7.791s] INFO:colcon.colcon_core.shell:Creating environment hook '/home/student48/assessments/coursework2/install/sfr_coursework2_interface_package/share/sfr_coursework2_interface_package/hook/pythonpath.ps1'
[7.792s] INFO:colcon.colcon_core.shell:Creating environment descriptor '/home/student48/assessments/coursework2/install/sfr_coursework2_interface_package/share/sfr_coursework2_interface_package/hook/pythonpath.dsv'
[7.794s] INFO:colcon.colcon_core.shell:Creating environment hook '/home/student48/assessments/coursework2/install/sfr_coursework2_interface_package/share/sfr_coursework2_interface_package/hook/pythonpath.sh'
[7.797s] Level 1:colcon.colcon_core.environment:checking '/home/student48/assessments/coursework2/install/sfr_coursework2_interface_package/bin'
[7.799s] INFO:colcon.colcon_core.shell:Creating package script '/home/student48/assessments/coursework2/install/sfr_coursework2_interface_package/share/sfr_coursework2_interface_package/package.ps1'
[7.801s] INFO:colcon.colcon_core.shell:Creating package descriptor '/home/student48/assessments/coursework2/install/sfr_coursework2_interface_package/share/sfr_coursework2_interface_package/package.dsv'
[7.805s] INFO:colcon.colcon_core.shell:Creating package script '/home/student48/assessments/coursework2/install/sfr_coursework2_interface_package/share/sfr_coursework2_interface_package/package.sh'
[7.807s] INFO:colcon.colcon_core.shell:Creating package script '/home/student48/assessments/coursework2/install/sfr_coursework2_interface_package/share/sfr_coursework2_interface_package/package.bash'
[7.808s] INFO:colcon.colcon_core.shell:Creating package script '/home/student48/assessments/coursework2/install/sfr_coursework2_interface_package/share/sfr_coursework2_interface_package/package.zsh'
[7.810s] Level 1:colcon.colcon_core.environment:create_file_with_runtime_dependencies(/home/student48/assessments/coursework2/install/sfr_coursework2_interface_package/share/colcon-core/packages/sfr_coursework2_interface_package)
[7.812s] Level 1:colcon.colcon_core.environment:create_environment_scripts_only(sfr_coursework2_interface_package)
[7.812s] Level 1:colcon.colcon_core.environment:checking '/home/student48/assessments/coursework2/install/sfr_coursework2_interface_package' for CMake module files
[7.814s] Level 1:colcon.colcon_core.environment:checking '/home/student48/assessments/coursework2/install/sfr_coursework2_interface_package' for CMake config files
[7.815s] Level 1:colcon.colcon_core.shell:create_environment_hook('sfr_coursework2_interface_package', 'cmake_prefix_path')
[7.815s] INFO:colcon.colcon_core.shell:Creating environment hook '/home/student48/assessments/coursework2/install/sfr_coursework2_interface_package/share/sfr_coursework2_interface_package/hook/cmake_prefix_path.ps1'
[7.816s] INFO:colcon.colcon_core.shell:Creating environment descriptor '/home/student48/assessments/coursework2/install/sfr_coursework2_interface_package/share/sfr_coursework2_interface_package/hook/cmake_prefix_path.dsv'
[7.817s] INFO:colcon.colcon_core.shell:Creating environment hook '/home/student48/assessments/coursework2/install/sfr_coursework2_interface_package/share/sfr_coursework2_interface_package/hook/cmake_prefix_path.sh'
[7.820s] Level 1:colcon.colcon_core.environment:checking '/home/student48/assessments/coursework2/install/sfr_coursework2_interface_package/lib'
[7.820s] Level 1:colcon.colcon_core.shell:create_environment_hook('sfr_coursework2_interface_package', 'ld_library_path_lib')
[7.821s] INFO:colcon.colcon_core.shell:Creating environment hook '/home/student48/assessments/coursework2/install/sfr_coursework2_interface_package/share/sfr_coursework2_interface_package/hook/ld_library_path_lib.ps1'
[7.823s] INFO:colcon.colcon_core.shell:Creating environment descriptor '/home/student48/assessments/coursework2/install/sfr_coursework2_interface_package/share/sfr_coursework2_interface_package/hook/ld_library_path_lib.dsv'
[7.824s] INFO:colcon.colcon_core.shell:Creating environment hook '/home/student48/assessments/coursework2/install/sfr_coursework2_interface_package/share/sfr_coursework2_interface_package/hook/ld_library_path_lib.sh'
[7.826s] Level 1:colcon.colcon_core.environment:checking '/home/student48/assessments/coursework2/install/sfr_coursework2_interface_package/bin'
[7.826s] Level 1:colcon.colcon_core.environment:checking '/home/student48/assessments/coursework2/install/sfr_coursework2_interface_package/lib/pkgconfig/sfr_coursework2_interface_package.pc'
[7.828s] Level 1:colcon.colcon_core.environment:checking '/home/student48/assessments/coursework2/install/sfr_coursework2_interface_package/lib/python3.12/site-packages'
[7.828s] Level 1:colcon.colcon_core.shell:create_environment_hook('sfr_coursework2_interface_package', 'pythonpath')
[7.829s] INFO:colcon.colcon_core.shell:Creating environment hook '/home/student48/assessments/coursework2/install/sfr_coursework2_interface_package/share/sfr_coursework2_interface_package/hook/pythonpath.ps1'
[7.830s] INFO:colcon.colcon_core.shell:Creating environment descriptor '/home/student48/assessments/coursework2/install/sfr_coursework2_interface_package/share/sfr_coursework2_interface_package/hook/pythonpath.dsv'
[7.832s] INFO:colcon.colcon_core.shell:Creating environment hook '/home/student48/assessments/coursework2/install/sfr_coursework2_interface_package/share/sfr_coursework2_interface_package/hook/pythonpath.sh'
[7.835s] Level 1:colcon.colcon_core.environment:checking '/home/student48/assessments/coursework2/install/sfr_coursework2_interface_package/bin'
[7.836s] INFO:colcon.colcon_core.shell:Creating package script '/home/student48/assessments/coursework2/install/sfr_coursework2_interface_package/share/sfr_coursework2_interface_package/package.ps1'
[7.839s] INFO:colcon.colcon_core.shell:Creating package descriptor '/home/student48/assessments/coursework2/install/sfr_coursework2_interface_package/share/sfr_coursework2_interface_package/package.dsv'
[7.840s] INFO:colcon.colcon_core.shell:Creating package script '/home/student48/assessments/coursework2/install/sfr_coursework2_interface_package/share/sfr_coursework2_interface_package/package.sh'
[7.841s] INFO:colcon.colcon_core.shell:Creating package script '/home/student48/assessments/coursework2/install/sfr_coursework2_interface_package/share/sfr_coursework2_interface_package/package.bash'
[7.842s] INFO:colcon.colcon_core.shell:Creating package script '/home/student48/assessments/coursework2/install/sfr_coursework2_interface_package/share/sfr_coursework2_interface_package/package.zsh'
[7.843s] Level 1:colcon.colcon_core.environment:create_file_with_runtime_dependencies(/home/student48/assessments/coursework2/install/sfr_coursework2_interface_package/share/colcon-core/packages/sfr_coursework2_interface_package)
[10.417s] Level 1:colcon.colcon_core.environment:checking '/home/student48/assessments/coursework2/install/gamma_system_bridge_pkg' for CMake module files
[10.419s] DEBUG:colcon.colcon_core.event_handler.log_command:Invoked command in '/home/student48/assessments/coursework2/src/gamma_system_bridge_pkg' returned '0': DEBUGINFOD_URLS=https://debuginfod.ubuntu.com PYTHONPATH=/home/student48/assessments/coursework2/build/gamma_system_bridge_pkg/prefix_override:/usr/lib/python3/dist-packages/colcon_core/task/python/colcon_distutils_commands:/home/student48/assessments/coursework2/install/gamma_system_bridge_pkg/lib/python3.12/site-packages:${PYTHONPATH} /usr/bin/python3 -W ignore:setup.py install is deprecated -W ignore:easy_install command is deprecated setup.py egg_info --egg-base ../../build/gamma_system_bridge_pkg build --build-base /home/student48/assessments/coursework2/build/gamma_system_bridge_pkg/build install --record /home/student48/assessments/coursework2/build/gamma_system_bridge_pkg/install.log --single-version-externally-managed install_data
[10.421s] Level 1:colcon.colcon_core.environment:checking '/home/student48/assessments/coursework2/install/gamma_system_bridge_pkg' for CMake config files
[10.423s] Level 1:colcon.colcon_core.environment:checking '/home/student48/assessments/coursework2/install/gamma_system_bridge_pkg/lib'
[10.423s] Level 1:colcon.colcon_core.environment:checking '/home/student48/assessments/coursework2/install/gamma_system_bridge_pkg/bin'
[10.423s] Level 1:colcon.colcon_core.environment:checking '/home/student48/assessments/coursework2/install/gamma_system_bridge_pkg/lib/pkgconfig/gamma_system_bridge_pkg.pc'
[10.425s] Level 1:colcon.colcon_core.environment:checking '/home/student48/assessments/coursework2/install/gamma_system_bridge_pkg/lib/python3.12/site-packages'
[10.426s] Level 1:colcon.colcon_core.shell:create_environment_hook('gamma_system_bridge_pkg', 'pythonpath')
[10.426s] INFO:colcon.colcon_core.shell:Creating environment hook '/home/student48/assessments/coursework2/install/gamma_system_bridge_pkg/share/gamma_system_bridge_pkg/hook/pythonpath.ps1'
[10.428s] INFO:colcon.colcon_core.shell:Creating environment descriptor '/home/student48/assessments/coursework2/install/gamma_system_bridge_pkg/share/gamma_system_bridge_pkg/hook/pythonpath.dsv'
[10.429s] INFO:colcon.colcon_core.shell:Creating environment hook '/home/student48/assessments/coursework2/install/gamma_system_bridge_pkg/share/gamma_system_bridge_pkg/hook/pythonpath.sh'
[10.432s] Level 1:colcon.colcon_core.environment:checking '/home/student48/assessments/coursework2/install/gamma_system_bridge_pkg/bin'
[10.432s] Level 1:colcon.colcon_core.environment:create_environment_scripts_only(gamma_system_bridge_pkg)
[10.432s] INFO:colcon.colcon_core.shell:Creating package script '/home/student48/assessments/coursework2/install/gamma_system_bridge_pkg/share/gamma_system_bridge_pkg/package.ps1'
[10.435s] INFO:colcon.colcon_core.shell:Creating package descriptor '/home/student48/assessments/coursework2/install/gamma_system_bridge_pkg/share/gamma_system_bridge_pkg/package.dsv'
[10.437s] INFO:colcon.colcon_core.shell:Creating package script '/home/student48/assessments/coursework2/install/gamma_system_bridge_pkg/share/gamma_system_bridge_pkg/package.sh'
[10.439s] INFO:colcon.colcon_core.shell:Creating package script '/home/student48/assessments/coursework2/install/gamma_system_bridge_pkg/share/gamma_system_bridge_pkg/package.bash'
[10.441s] INFO:colcon.colcon_core.shell:Creating package script '/home/student48/assessments/coursework2/install/gamma_system_bridge_pkg/share/gamma_system_bridge_pkg/package.zsh'
[10.442s] Level 1:colcon.colcon_core.environment:create_file_with_runtime_dependencies(/home/student48/assessments/coursework2/install/gamma_system_bridge_pkg/share/colcon-core/packages/gamma_system_bridge_pkg)
[10.621s] Level 1:colcon.colcon_core.environment:checking '/home/student48/assessments/coursework2/install/gamma_system_controller_pkg' for CMake module files
[10.623s] DEBUG:colcon.colcon_core.event_handler.log_command:Invoked command in '/home/student48/assessments/coursework2/src/gamma_system_controller_pkg' returned '0': DEBUGINFOD_URLS=https://debuginfod.ubuntu.com PYTHONPATH=/home/student48/assessments/coursework2/build/gamma_system_controller_pkg/prefix_override:/usr/lib/python3/dist-packages/colcon_core/task/python/colcon_distutils_commands:/home/student48/assessments/coursework2/install/gamma_system_controller_pkg/lib/python3.12/site-packages:${PYTHONPATH} /usr/bin/python3 -W ignore:setup.py install is deprecated -W ignore:easy_install command is deprecated setup.py egg_info --egg-base ../../build/gamma_system_controller_pkg build --build-base /home/student48/assessments/coursework2/build/gamma_system_controller_pkg/build install --record /home/student48/assessments/coursework2/build/gamma_system_controller_pkg/install.log --single-version-externally-managed install_data
[10.624s] Level 1:colcon.colcon_core.environment:checking '/home/student48/assessments/coursework2/install/gamma_system_controller_pkg' for CMake config files
[10.626s] Level 1:colcon.colcon_core.environment:checking '/home/student48/assessments/coursework2/install/gamma_system_controller_pkg/lib'
[10.627s] Level 1:colcon.colcon_core.environment:checking '/home/student48/assessments/coursework2/install/gamma_system_controller_pkg/bin'
[10.627s] Level 1:colcon.colcon_core.environment:checking '/home/student48/assessments/coursework2/install/gamma_system_controller_pkg/lib/pkgconfig/gamma_system_controller_pkg.pc'
[10.628s] Level 1:colcon.colcon_core.environment:checking '/home/student48/assessments/coursework2/install/gamma_system_controller_pkg/lib/python3.12/site-packages'
[10.628s] Level 1:colcon.colcon_core.shell:create_environment_hook('gamma_system_controller_pkg', 'pythonpath')
[10.629s] INFO:colcon.colcon_core.shell:Creating environment hook '/home/student48/assessments/coursework2/install/gamma_system_controller_pkg/share/gamma_system_controller_pkg/hook/pythonpath.ps1'
[10.630s] INFO:colcon.colcon_core.shell:Creating environment descriptor '/home/student48/assessments/coursework2/install/gamma_system_controller_pkg/share/gamma_system_controller_pkg/hook/pythonpath.dsv'
[10.631s] INFO:colcon.colcon_core.shell:Creating environment hook '/home/student48/assessments/coursework2/install/gamma_system_controller_pkg/share/gamma_system_controller_pkg/hook/pythonpath.sh'
[10.633s] Level 1:colcon.colcon_core.environment:checking '/home/student48/assessments/coursework2/install/gamma_system_controller_pkg/bin'
[10.634s] Level 1:colcon.colcon_core.environment:create_environment_scripts_only(gamma_system_controller_pkg)
[10.634s] INFO:colcon.colcon_core.shell:Creating package script '/home/student48/assessments/coursework2/install/gamma_system_controller_pkg/share/gamma_system_controller_pkg/package.ps1'
[10.636s] INFO:colcon.colcon_core.shell:Creating package descriptor '/home/student48/assessments/coursework2/install/gamma_system_controller_pkg/share/gamma_system_controller_pkg/package.dsv'
[10.638s] INFO:colcon.colcon_core.shell:Creating package script '/home/student48/assessments/coursework2/install/gamma_system_controller_pkg/share/gamma_system_controller_pkg/package.sh'
[10.640s] INFO:colcon.colcon_core.shell:Creating package script '/home/student48/assessments/coursework2/install/gamma_system_controller_pkg/share/gamma_system_controller_pkg/package.bash'
[10.642s] INFO:colcon.colcon_core.shell:Creating package script '/home/student48/assessments/coursework2/install/gamma_system_controller_pkg/share/gamma_system_controller_pkg/package.zsh'
[10.644s] Level 1:colcon.colcon_core.environment:create_file_with_runtime_dependencies(/home/student48/assessments/coursework2/install/gamma_system_controller_pkg/share/colcon-core/packages/gamma_system_controller_pkg)
[10.646s] DEBUG:colcon.colcon_parallel_executor.executor.parallel:closing loop
[10.647s] DEBUG:colcon.colcon_parallel_executor.executor.parallel:loop closed
[10.648s] DEBUG:colcon.colcon_parallel_executor.executor.parallel:run_until_complete finished with '0'
[10.648s] DEBUG:colcon.colcon_core.event_reactor:joining thread
[10.688s] INFO:colcon.colcon_core.plugin_system:Skipping extension 'colcon_notification.desktop_notification.terminal_notifier': Not used on non-Darwin systems
[10.688s] INFO:colcon.colcon_core.plugin_system:Skipping extension 'colcon_notification.desktop_notification.win32': Not used on non-Windows systems
[10.689s] INFO:colcon.colcon_notification.desktop_notification:Sending desktop notification using 'notify2'
[10.746s] DEBUG:colcon.colcon_core.event_reactor:joined thread
[10.747s] INFO:colcon.colcon_core.shell:Creating prefix script '/home/student48/assessments/coursework2/install/local_setup.ps1'
[10.751s] INFO:colcon.colcon_core.shell:Creating prefix util module '/home/student48/assessments/coursework2/install/_local_setup_util_ps1.py'
[10.754s] INFO:colcon.colcon_core.shell:Creating prefix chain script '/home/student48/assessments/coursework2/install/setup.ps1'
[10.759s] INFO:colcon.colcon_core.shell:Creating prefix script '/home/student48/assessments/coursework2/install/local_setup.sh'
[10.761s] INFO:colcon.colcon_core.shell:Creating prefix util module '/home/student48/assessments/coursework2/install/_local_setup_util_sh.py'
[10.762s] INFO:colcon.colcon_core.shell:Creating prefix chain script '/home/student48/assessments/coursework2/install/setup.sh'
[10.768s] INFO:colcon.colcon_core.shell:Creating prefix script '/home/student48/assessments/coursework2/install/local_setup.bash'
[10.770s] INFO:colcon.colcon_core.shell:Creating prefix chain script '/home/student48/assessments/coursework2/install/setup.bash'
[10.776s] INFO:colcon.colcon_core.shell:Creating prefix script '/home/student48/assessments/coursework2/install/local_setup.zsh'
[10.778s] INFO:colcon.colcon_core.shell:Creating prefix chain script '/home/student48/assessments/coursework2/install/setup.zsh'
