[6.341s] Invoking command in '/home/student48/assessments/coursework2/src/gamma_system_controller_pkg': DEBUGINFOD_URLS=https://debuginfod.ubuntu.com PYTHONPATH=/home/student48/assessments/coursework2/build/gamma_system_controller_pkg/prefix_override:/usr/lib/python3/dist-packages/colcon_core/task/python/colcon_distutils_commands:/home/student48/assessments/coursework2/install/gamma_system_controller_pkg/lib/python3.12/site-packages:${PYTHONPATH} /usr/bin/python3 -W ignore:setup.py install is deprecated -W ignore:easy_install command is deprecated setup.py egg_info --egg-base ../../build/gamma_system_controller_pkg build --build-base /home/student48/assessments/coursework2/build/gamma_system_controller_pkg/build install --record /home/student48/assessments/coursework2/build/gamma_system_controller_pkg/install.log --single-version-externally-managed install_data
[7.989s] running egg_info
[8.129s] writing ../../build/gamma_system_controller_pkg/gamma_system_controller_pkg.egg-info/PKG-INFO
[8.129s] writing dependency_links to ../../build/gamma_system_controller_pkg/gamma_system_controller_pkg.egg-info/dependency_links.txt
[8.131s] writing entry points to ../../build/gamma_system_controller_pkg/gamma_system_controller_pkg.egg-info/entry_points.txt
[8.132s] writing requirements to ../../build/gamma_system_controller_pkg/gamma_system_controller_pkg.egg-info/requires.txt
[8.133s] writing top-level names to ../../build/gamma_system_controller_pkg/gamma_system_controller_pkg.egg-info/top_level.txt
[8.423s] reading manifest file '../../build/gamma_system_controller_pkg/gamma_system_controller_pkg.egg-info/SOURCES.txt'
[8.424s] writing manifest file '../../build/gamma_system_controller_pkg/gamma_system_controller_pkg.egg-info/SOURCES.txt'
[8.426s] running build
[8.426s] running build_py
[8.426s] running install
[8.452s] running install_lib
[8.575s] running install_data
[8.576s] running install_egg_info
[8.714s] removing '/home/student48/assessments/coursework2/install/gamma_system_controller_pkg/lib/python3.12/site-packages/gamma_system_controller_pkg-0.0.0-py3.12.egg-info' (and everything under it)
[8.718s] Copying ../../build/gamma_system_controller_pkg/gamma_system_controller_pkg.egg-info to /home/student48/assessments/coursework2/install/gamma_system_controller_pkg/lib/python3.12/site-packages/gamma_system_controller_pkg-0.0.0-py3.12.egg-info
[8.730s] running install_scripts
[9.524s] Installing gamma_system_controller_node script to /home/student48/assessments/coursework2/install/gamma_system_controller_pkg/lib/gamma_system_controller_pkg
[9.526s] writing list of installed files to '/home/student48/assessments/coursework2/build/gamma_system_controller_pkg/install.log'
[9.709s] Invoked command in '/home/student48/assessments/coursework2/src/gamma_system_controller_pkg' returned '0': DEBUGINFOD_URLS=https://debuginfod.ubuntu.com PYTHONPATH=/home/student48/assessments/coursework2/build/gamma_system_controller_pkg/prefix_override:/usr/lib/python3/dist-packages/colcon_core/task/python/colcon_distutils_commands:/home/student48/assessments/coursework2/install/gamma_system_controller_pkg/lib/python3.12/site-packages:${PYTHONPATH} /usr/bin/python3 -W ignore:setup.py install is deprecated -W ignore:easy_install command is deprecated setup.py egg_info --egg-base ../../build/gamma_system_controller_pkg build --build-base /home/student48/assessments/coursework2/build/gamma_system_controller_pkg/build install --record /home/student48/assessments/coursework2/build/gamma_system_controller_pkg/install.log --single-version-externally-managed install_data
