[3.030s] Invoking command in '/home/student48/assessments/coursework2/build/sfr_coursework2_interface_package': CMAKE_PREFIX_PATH=${CMAKE_PREFIX_PATH}:/home/student48/ros2_tutorial_workspace/install/the_simplest_python_packagee:/home/student48/ros2_tutorial_workspace/install/the_simplest_python_package:/home/student48/ros2_tutorial_workspace/install/python_package_with_a_node:/home/student48/ros2_tutorial_workspace/install/python_package_that_uses_the_library:/home/student48/ros2_tutorial_workspace/install/python_package_with_a_library:/home/student48/ros2_tutorial_workspace/install/python_package_that_uses_the_services:/home/student48/ros2_tutorial_workspace/install/python_package_that_uses_the_messages:/home/student48/ros2_tutorial_workspace/install/python_package_that_uses_the_actions:/home/student48/ros2_tutorial_workspace/install/python_package_that_uses_tf2:/home/student48/ros2_tutorial_workspace/install/python_package_that_uses_parameters_and_launch_files:/home/student48/ros2_tutorial_workspace/install/python_package_that_uses_nav2:/home/student48/ros2_tutorial_workspace/install/python_package_that_uses_geometry_msgs:/home/student48/ros2_tutorial_workspace/install/python_package_that_uses_gazebo:/home/student48/ros2_tutorial_workspace/install/my_package:/home/student48/ros2_tutorial_workspace/install/custom_tf_package:/home/student48/ros2_tutorial_workspace/install/custom_tf_broadcaster_package:/home/student48/ros2_tutorial_workspace/install/custom_subscriber_package:/home/student48/ros2_tutorial_workspace/install/custom_server_package:/home/student48/ros2_tutorial_workspace/install/custom_publisher_package:/home/student48/ros2_tutorial_workspace/install/custom_package_with_node:/home/student48/ros2_tutorial_workspace/install/custom_package_with_library:/home/student48/ros2_tutorial_workspace/install/custom_client_package:/home/student48/ros2_tutorial_workspace/install/custom_action_server_package:/home/student48/ros2_tutorial_workspace/install/custom_action_client_package:/home/student48/ros2_tutorial_workspace/install/another_package:/home/student48/assessments/week4/src/install/volkswagen:/home/student48/assessments/week4/src/install/building:/opt/ros/jazzy DEBUGINFOD_URLS=https://debuginfod.ubuntu.com /usr/bin/cmake --build /home/student48/assessments/coursework2/build/sfr_coursework2_interface_package -- -j12 -l12
[3.330s] [  2%] Built target sfr_coursework2_interface_package__rosidl_generator_type_description
[3.453s] [  2%] Built target ament_cmake_python_copy_sfr_coursework2_interface_package
[3.548s] [ 17%] Built target sfr_coursework2_interface_package__rosidl_generator_c
[4.678s] running egg_info
[4.753s] writing sfr_coursework2_interface_package.egg-info/PKG-INFO
[4.754s] writing dependency_links to sfr_coursework2_interface_package.egg-info/dependency_links.txt
[4.755s] writing top-level names to sfr_coursework2_interface_package.egg-info/top_level.txt
[5.043s] reading manifest file 'sfr_coursework2_interface_package.egg-info/SOURCES.txt'
[5.054s] writing manifest file 'sfr_coursework2_interface_package.egg-info/SOURCES.txt'
[5.158s] [ 17%] Built target ament_cmake_python_build_sfr_coursework2_interface_package_egg
[5.249s] [ 26%] Built target sfr_coursework2_interface_package__rosidl_typesupport_c
[5.354s] [ 35%] Built target sfr_coursework2_interface_package__rosidl_typesupport_introspection_c
[5.454s] [ 44%] Built target sfr_coursework2_interface_package__rosidl_typesupport_fastrtps_c
[5.524s] [ 47%] Built target sfr_coursework2_interface_package__cpp
[5.614s] [ 55%] Built target sfr_coursework2_interface_package__rosidl_typesupport_cpp
[5.717s] [ 64%] Built target sfr_coursework2_interface_package__rosidl_typesupport_introspection_cpp
[5.795s] [ 73%] Built target sfr_coursework2_interface_package__rosidl_typesupport_fastrtps_cpp
[5.866s] [ 73%] Built target sfr_coursework2_interface_package
[5.951s] [ 76%] Built target sfr_coursework2_interface_package__py
[6.035s] [ 82%] Built target sfr_coursework2_interface_package__rosidl_generator_py
[6.118s] [ 88%] Built target sfr_coursework2_interface_package_s__rosidl_typesupport_fastrtps_c
[6.215s] [ 94%] Built target sfr_coursework2_interface_package_s__rosidl_typesupport_c
[6.278s] [100%] Built target sfr_coursework2_interface_package_s__rosidl_typesupport_introspection_c
[6.324s] Invoked command in '/home/student48/assessments/coursework2/build/sfr_coursework2_interface_package' returned '0': CMAKE_PREFIX_PATH=${CMAKE_PREFIX_PATH}:/home/student48/ros2_tutorial_workspace/install/the_simplest_python_packagee:/home/student48/ros2_tutorial_workspace/install/the_simplest_python_package:/home/student48/ros2_tutorial_workspace/install/python_package_with_a_node:/home/student48/ros2_tutorial_workspace/install/python_package_that_uses_the_library:/home/student48/ros2_tutorial_workspace/install/python_package_with_a_library:/home/student48/ros2_tutorial_workspace/install/python_package_that_uses_the_services:/home/student48/ros2_tutorial_workspace/install/python_package_that_uses_the_messages:/home/student48/ros2_tutorial_workspace/install/python_package_that_uses_the_actions:/home/student48/ros2_tutorial_workspace/install/python_package_that_uses_tf2:/home/student48/ros2_tutorial_workspace/install/python_package_that_uses_parameters_and_launch_files:/home/student48/ros2_tutorial_workspace/install/python_package_that_uses_nav2:/home/student48/ros2_tutorial_workspace/install/python_package_that_uses_geometry_msgs:/home/student48/ros2_tutorial_workspace/install/python_package_that_uses_gazebo:/home/student48/ros2_tutorial_workspace/install/my_package:/home/student48/ros2_tutorial_workspace/install/custom_tf_package:/home/student48/ros2_tutorial_workspace/install/custom_tf_broadcaster_package:/home/student48/ros2_tutorial_workspace/install/custom_subscriber_package:/home/student48/ros2_tutorial_workspace/install/custom_server_package:/home/student48/ros2_tutorial_workspace/install/custom_publisher_package:/home/student48/ros2_tutorial_workspace/install/custom_package_with_node:/home/student48/ros2_tutorial_workspace/install/custom_package_with_library:/home/student48/ros2_tutorial_workspace/install/custom_client_package:/home/student48/ros2_tutorial_workspace/install/custom_action_server_package:/home/student48/ros2_tutorial_workspace/install/custom_action_client_package:/home/student48/ros2_tutorial_workspace/install/another_package:/home/student48/assessments/week4/src/install/volkswagen:/home/student48/assessments/week4/src/install/building:/opt/ros/jazzy DEBUGINFOD_URLS=https://debuginfod.ubuntu.com /usr/bin/cmake --build /home/student48/assessments/coursework2/build/sfr_coursework2_interface_package -- -j12 -l12
[6.361s] Invoking command in '/home/student48/assessments/coursework2/build/sfr_coursework2_interface_package': CMAKE_PREFIX_PATH=${CMAKE_PREFIX_PATH}:/home/student48/ros2_tutorial_workspace/install/the_simplest_python_packagee:/home/student48/ros2_tutorial_workspace/install/the_simplest_python_package:/home/student48/ros2_tutorial_workspace/install/python_package_with_a_node:/home/student48/ros2_tutorial_workspace/install/python_package_that_uses_the_library:/home/student48/ros2_tutorial_workspace/install/python_package_with_a_library:/home/student48/ros2_tutorial_workspace/install/python_package_that_uses_the_services:/home/student48/ros2_tutorial_workspace/install/python_package_that_uses_the_messages:/home/student48/ros2_tutorial_workspace/install/python_package_that_uses_the_actions:/home/student48/ros2_tutorial_workspace/install/python_package_that_uses_tf2:/home/student48/ros2_tutorial_workspace/install/python_package_that_uses_parameters_and_launch_files:/home/student48/ros2_tutorial_workspace/install/python_package_that_uses_nav2:/home/student48/ros2_tutorial_workspace/install/python_package_that_uses_geometry_msgs:/home/student48/ros2_tutorial_workspace/install/python_package_that_uses_gazebo:/home/student48/ros2_tutorial_workspace/install/my_package:/home/student48/ros2_tutorial_workspace/install/custom_tf_package:/home/student48/ros2_tutorial_workspace/install/custom_tf_broadcaster_package:/home/student48/ros2_tutorial_workspace/install/custom_subscriber_package:/home/student48/ros2_tutorial_workspace/install/custom_server_package:/home/student48/ros2_tutorial_workspace/install/custom_publisher_package:/home/student48/ros2_tutorial_workspace/install/custom_package_with_node:/home/student48/ros2_tutorial_workspace/install/custom_package_with_library:/home/student48/ros2_tutorial_workspace/install/custom_client_package:/home/student48/ros2_tutorial_workspace/install/custom_action_server_package:/home/student48/ros2_tutorial_workspace/install/custom_action_client_package:/home/student48/ros2_tutorial_workspace/install/another_package:/home/student48/assessments/week4/src/install/volkswagen:/home/student48/assessments/week4/src/install/building:/opt/ros/jazzy DEBUGINFOD_URLS=https://debuginfod.ubuntu.com /usr/bin/cmake --install /home/student48/assessments/coursework2/build/sfr_coursework2_interface_package
[6.383s] -- Install configuration: ""
[6.383s] -- Up-to-date: /home/student48/assessments/coursework2/install/sfr_coursework2_interface_package/share/ament_index/resource_index/rosidl_interfaces/sfr_coursework2_interface_package
[6.383s] -- Up-to-date: /home/student48/assessments/coursework2/install/sfr_coursework2_interface_package/share/sfr_coursework2_interface_package/action/DroneControl.json
[6.384s] -- Up-to-date: /home/student48/assessments/coursework2/install/sfr_coursework2_interface_package/include/sfr_coursework2_interface_package/sfr_coursework2_interface_package
[6.384s] -- Up-to-date: /home/student48/assessments/coursework2/install/sfr_coursework2_interface_package/include/sfr_coursework2_interface_package/sfr_coursework2_interface_package/msg
[6.384s] -- Up-to-date: /home/student48/assessments/coursework2/install/sfr_coursework2_interface_package/include/sfr_coursework2_interface_package/sfr_coursework2_interface_package/msg/rosidl_generator_c__visibility_control.h
[6.385s] -- Up-to-date: /home/student48/assessments/coursework2/install/sfr_coursework2_interface_package/include/sfr_coursework2_interface_package/sfr_coursework2_interface_package/action
[6.387s] -- Up-to-date: /home/student48/assessments/coursework2/install/sfr_coursework2_interface_package/include/sfr_coursework2_interface_package/sfr_coursework2_interface_package/action/drone_control.h
[6.388s] -- Up-to-date: /home/student48/assessments/coursework2/install/sfr_coursework2_interface_package/include/sfr_coursework2_interface_package/sfr_coursework2_interface_package/action/detail
[6.389s] -- Up-to-date: /home/student48/assessments/coursework2/install/sfr_coursework2_interface_package/include/sfr_coursework2_interface_package/sfr_coursework2_interface_package/action/detail/drone_control__functions.h
[6.389s] -- Up-to-date: /home/student48/assessments/coursework2/install/sfr_coursework2_interface_package/include/sfr_coursework2_interface_package/sfr_coursework2_interface_package/action/detail/drone_control__functions.c
[6.389s] -- Up-to-date: /home/student48/assessments/coursework2/install/sfr_coursework2_interface_package/include/sfr_coursework2_interface_package/sfr_coursework2_interface_package/action/detail/drone_control__type_support.c
[6.395s] -- Up-to-date: /home/student48/assessments/coursework2/install/sfr_coursework2_interface_package/include/sfr_coursework2_interface_package/sfr_coursework2_interface_package/action/detail/drone_control__struct.h
[6.396s] -- Up-to-date: /home/student48/assessments/coursework2/install/sfr_coursework2_interface_package/include/sfr_coursework2_interface_package/sfr_coursework2_interface_package/action/detail/drone_control__description.c
[6.397s] -- Up-to-date: /home/student48/assessments/coursework2/install/sfr_coursework2_interface_package/include/sfr_coursework2_interface_package/sfr_coursework2_interface_package/action/detail/drone_control__type_support.h
[6.397s] -- Up-to-date: /home/student48/assessments/coursework2/install/sfr_coursework2_interface_package/share/sfr_coursework2_interface_package/environment/library_path.sh
[6.398s] -- Up-to-date: /home/student48/assessments/coursework2/install/sfr_coursework2_interface_package/share/sfr_coursework2_interface_package/environment/library_path.dsv
[6.399s] -- Up-to-date: /home/student48/assessments/coursework2/install/sfr_coursework2_interface_package/lib/libsfr_coursework2_interface_package__rosidl_generator_c.so
[6.400s] -- Up-to-date: /home/student48/assessments/coursework2/install/sfr_coursework2_interface_package/include/sfr_coursework2_interface_package/sfr_coursework2_interface_package
[6.400s] -- Up-to-date: /home/student48/assessments/coursework2/install/sfr_coursework2_interface_package/include/sfr_coursework2_interface_package/sfr_coursework2_interface_package/msg
[6.400s] -- Up-to-date: /home/student48/assessments/coursework2/install/sfr_coursework2_interface_package/include/sfr_coursework2_interface_package/sfr_coursework2_interface_package/msg/rosidl_typesupport_fastrtps_c__visibility_control.h
[6.400s] -- Up-to-date: /home/student48/assessments/coursework2/install/sfr_coursework2_interface_package/include/sfr_coursework2_interface_package/sfr_coursework2_interface_package/action
[6.401s] -- Up-to-date: /home/student48/assessments/coursework2/install/sfr_coursework2_interface_package/include/sfr_coursework2_interface_package/sfr_coursework2_interface_package/action/detail
[6.401s] -- Up-to-date: /home/student48/assessments/coursework2/install/sfr_coursework2_interface_package/include/sfr_coursework2_interface_package/sfr_coursework2_interface_package/action/detail/drone_control__rosidl_typesupport_fastrtps_c.h
[6.401s] -- Up-to-date: /home/student48/assessments/coursework2/install/sfr_coursework2_interface_package/lib/libsfr_coursework2_interface_package__rosidl_typesupport_fastrtps_c.so
[6.401s] -- Up-to-date: /home/student48/assessments/coursework2/install/sfr_coursework2_interface_package/include/sfr_coursework2_interface_package/sfr_coursework2_interface_package
[6.402s] -- Up-to-date: /home/student48/assessments/coursework2/install/sfr_coursework2_interface_package/include/sfr_coursework2_interface_package/sfr_coursework2_interface_package/msg
[6.405s] -- Up-to-date: /home/student48/assessments/coursework2/install/sfr_coursework2_interface_package/include/sfr_coursework2_interface_package/sfr_coursework2_interface_package/msg/rosidl_generator_cpp__visibility_control.hpp
[6.406s] -- Up-to-date: /home/student48/assessments/coursework2/install/sfr_coursework2_interface_package/include/sfr_coursework2_interface_package/sfr_coursework2_interface_package/action
[6.406s] -- Up-to-date: /home/student48/assessments/coursework2/install/sfr_coursework2_interface_package/include/sfr_coursework2_interface_package/sfr_coursework2_interface_package/action/detail
[6.406s] -- Up-to-date: /home/student48/assessments/coursework2/install/sfr_coursework2_interface_package/include/sfr_coursework2_interface_package/sfr_coursework2_interface_package/action/detail/drone_control__type_support.hpp
[6.407s] -- Up-to-date: /home/student48/assessments/coursework2/install/sfr_coursework2_interface_package/include/sfr_coursework2_interface_package/sfr_coursework2_interface_package/action/detail/drone_control__struct.hpp
[6.407s] -- Up-to-date: /home/student48/assessments/coursework2/install/sfr_coursework2_interface_package/include/sfr_coursework2_interface_package/sfr_coursework2_interface_package/action/detail/drone_control__traits.hpp
[6.407s] -- Up-to-date: /home/student48/assessments/coursework2/install/sfr_coursework2_interface_package/include/sfr_coursework2_interface_package/sfr_coursework2_interface_package/action/detail/drone_control__builder.hpp
[6.407s] -- Up-to-date: /home/student48/assessments/coursework2/install/sfr_coursework2_interface_package/include/sfr_coursework2_interface_package/sfr_coursework2_interface_package/action/drone_control.hpp
[6.407s] -- Up-to-date: /home/student48/assessments/coursework2/install/sfr_coursework2_interface_package/include/sfr_coursework2_interface_package/sfr_coursework2_interface_package
[6.408s] -- Up-to-date: /home/student48/assessments/coursework2/install/sfr_coursework2_interface_package/include/sfr_coursework2_interface_package/sfr_coursework2_interface_package/msg
[6.408s] -- Up-to-date: /home/student48/assessments/coursework2/install/sfr_coursework2_interface_package/include/sfr_coursework2_interface_package/sfr_coursework2_interface_package/msg/rosidl_typesupport_fastrtps_cpp__visibility_control.h
[6.408s] -- Up-to-date: /home/student48/assessments/coursework2/install/sfr_coursework2_interface_package/include/sfr_coursework2_interface_package/sfr_coursework2_interface_package/action
[6.408s] -- Up-to-date: /home/student48/assessments/coursework2/install/sfr_coursework2_interface_package/include/sfr_coursework2_interface_package/sfr_coursework2_interface_package/action/detail
[6.408s] -- Up-to-date: /home/student48/assessments/coursework2/install/sfr_coursework2_interface_package/include/sfr_coursework2_interface_package/sfr_coursework2_interface_package/action/detail/drone_control__rosidl_typesupport_fastrtps_cpp.hpp
[6.409s] -- Up-to-date: /home/student48/assessments/coursework2/install/sfr_coursework2_interface_package/include/sfr_coursework2_interface_package/sfr_coursework2_interface_package/action/detail/dds_fastrtps
[6.409s] -- Up-to-date: /home/student48/assessments/coursework2/install/sfr_coursework2_interface_package/lib/libsfr_coursework2_interface_package__rosidl_typesupport_fastrtps_cpp.so
[6.409s] -- Up-to-date: /home/student48/assessments/coursework2/install/sfr_coursework2_interface_package/include/sfr_coursework2_interface_package/sfr_coursework2_interface_package
[6.410s] -- Up-to-date: /home/student48/assessments/coursework2/install/sfr_coursework2_interface_package/include/sfr_coursework2_interface_package/sfr_coursework2_interface_package/msg
[6.410s] -- Up-to-date: /home/student48/assessments/coursework2/install/sfr_coursework2_interface_package/include/sfr_coursework2_interface_package/sfr_coursework2_interface_package/msg/rosidl_typesupport_introspection_c__visibility_control.h
[6.410s] -- Up-to-date: /home/student48/assessments/coursework2/install/sfr_coursework2_interface_package/include/sfr_coursework2_interface_package/sfr_coursework2_interface_package/action
[6.410s] -- Up-to-date: /home/student48/assessments/coursework2/install/sfr_coursework2_interface_package/include/sfr_coursework2_interface_package/sfr_coursework2_interface_package/action/detail
[6.411s] -- Up-to-date: /home/student48/assessments/coursework2/install/sfr_coursework2_interface_package/include/sfr_coursework2_interface_package/sfr_coursework2_interface_package/action/detail/drone_control__type_support.c
[6.411s] -- Up-to-date: /home/student48/assessments/coursework2/install/sfr_coursework2_interface_package/include/sfr_coursework2_interface_package/sfr_coursework2_interface_package/action/detail/drone_control__rosidl_typesupport_introspection_c.h
[6.411s] -- Up-to-date: /home/student48/assessments/coursework2/install/sfr_coursework2_interface_package/lib/libsfr_coursework2_interface_package__rosidl_typesupport_introspection_c.so
[6.411s] -- Up-to-date: /home/student48/assessments/coursework2/install/sfr_coursework2_interface_package/lib/libsfr_coursework2_interface_package__rosidl_typesupport_c.so
[6.412s] -- Up-to-date: /home/student48/assessments/coursework2/install/sfr_coursework2_interface_package/include/sfr_coursework2_interface_package/sfr_coursework2_interface_package
[6.414s] -- Up-to-date: /home/student48/assessments/coursework2/install/sfr_coursework2_interface_package/include/sfr_coursework2_interface_package/sfr_coursework2_interface_package/action
[6.416s] -- Up-to-date: /home/student48/assessments/coursework2/install/sfr_coursework2_interface_package/include/sfr_coursework2_interface_package/sfr_coursework2_interface_package/action/detail
[6.417s] -- Up-to-date: /home/student48/assessments/coursework2/install/sfr_coursework2_interface_package/include/sfr_coursework2_interface_package/sfr_coursework2_interface_package/action/detail/drone_control__type_support.cpp
[6.417s] -- Up-to-date: /home/student48/assessments/coursework2/install/sfr_coursework2_interface_package/include/sfr_coursework2_interface_package/sfr_coursework2_interface_package/action/detail/drone_control__rosidl_typesupport_introspection_cpp.hpp
[6.417s] -- Up-to-date: /home/student48/assessments/coursework2/install/sfr_coursework2_interface_package/lib/libsfr_coursework2_interface_package__rosidl_typesupport_introspection_cpp.so
[6.418s] -- Up-to-date: /home/student48/assessments/coursework2/install/sfr_coursework2_interface_package/lib/libsfr_coursework2_interface_package__rosidl_typesupport_cpp.so
[6.418s] -- Up-to-date: /home/student48/assessments/coursework2/install/sfr_coursework2_interface_package/share/sfr_coursework2_interface_package/environment/pythonpath.sh
[6.418s] -- Up-to-date: /home/student48/assessments/coursework2/install/sfr_coursework2_interface_package/share/sfr_coursework2_interface_package/environment/pythonpath.dsv
[6.418s] -- Up-to-date: /home/student48/assessments/coursework2/install/sfr_coursework2_interface_package/lib/python3.12/site-packages/sfr_coursework2_interface_package-0.0.0-py3.12.egg-info
[6.418s] -- Installing: /home/student48/assessments/coursework2/install/sfr_coursework2_interface_package/lib/python3.12/site-packages/sfr_coursework2_interface_package-0.0.0-py3.12.egg-info/top_level.txt
[6.419s] -- Installing: /home/student48/assessments/coursework2/install/sfr_coursework2_interface_package/lib/python3.12/site-packages/sfr_coursework2_interface_package-0.0.0-py3.12.egg-info/SOURCES.txt
[6.420s] -- Installing: /home/student48/assessments/coursework2/install/sfr_coursework2_interface_package/lib/python3.12/site-packages/sfr_coursework2_interface_package-0.0.0-py3.12.egg-info/PKG-INFO
[6.423s] -- Installing: /home/student48/assessments/coursework2/install/sfr_coursework2_interface_package/lib/python3.12/site-packages/sfr_coursework2_interface_package-0.0.0-py3.12.egg-info/dependency_links.txt
[6.423s] -- Up-to-date: /home/student48/assessments/coursework2/install/sfr_coursework2_interface_package/lib/python3.12/site-packages/sfr_coursework2_interface_package
[6.424s] -- Up-to-date: /home/student48/assessments/coursework2/install/sfr_coursework2_interface_package/lib/python3.12/site-packages/sfr_coursework2_interface_package/sfr_coursework2_interface_package_s__rosidl_typesupport_introspection_c.so
[6.424s] -- Up-to-date: /home/student48/assessments/coursework2/install/sfr_coursework2_interface_package/lib/python3.12/site-packages/sfr_coursework2_interface_package/_sfr_coursework2_interface_package_s.ep.rosidl_typesupport_introspection_c.c
[6.424s] -- Up-to-date: /home/student48/assessments/coursework2/install/sfr_coursework2_interface_package/lib/python3.12/site-packages/sfr_coursework2_interface_package/_sfr_coursework2_interface_package_s.ep.rosidl_typesupport_fastrtps_c.c
[6.425s] -- Up-to-date: /home/student48/assessments/coursework2/install/sfr_coursework2_interface_package/lib/python3.12/site-packages/sfr_coursework2_interface_package/action
[6.426s] -- Up-to-date: /home/student48/assessments/coursework2/install/sfr_coursework2_interface_package/lib/python3.12/site-packages/sfr_coursework2_interface_package/action/_drone_control_s.c
[6.426s] -- Up-to-date: /home/student48/assessments/coursework2/install/sfr_coursework2_interface_package/lib/python3.12/site-packages/sfr_coursework2_interface_package/action/_drone_control.py
[6.428s] -- Up-to-date: /home/student48/assessments/coursework2/install/sfr_coursework2_interface_package/lib/python3.12/site-packages/sfr_coursework2_interface_package/action/__init__.py
[6.429s] -- Up-to-date: /home/student48/assessments/coursework2/install/sfr_coursework2_interface_package/lib/python3.12/site-packages/sfr_coursework2_interface_package/_sfr_coursework2_interface_package_s.ep.rosidl_typesupport_c.c
[6.430s] -- Up-to-date: /home/student48/assessments/coursework2/install/sfr_coursework2_interface_package/lib/python3.12/site-packages/sfr_coursework2_interface_package/sfr_coursework2_interface_package_s__rosidl_typesupport_fastrtps_c.so
[6.430s] -- Up-to-date: /home/student48/assessments/coursework2/install/sfr_coursework2_interface_package/lib/python3.12/site-packages/sfr_coursework2_interface_package/sfr_coursework2_interface_package_s__rosidl_typesupport_c.so
[6.432s] -- Up-to-date: /home/student48/assessments/coursework2/install/sfr_coursework2_interface_package/lib/python3.12/site-packages/sfr_coursework2_interface_package/__init__.py
[6.576s] Listing '/home/student48/assessments/coursework2/install/sfr_coursework2_interface_package/lib/python3.12/site-packages/sfr_coursework2_interface_package'...
[6.576s] Listing '/home/student48/assessments/coursework2/install/sfr_coursework2_interface_package/lib/python3.12/site-packages/sfr_coursework2_interface_package/action'...
[6.598s] -- Up-to-date: /home/student48/assessments/coursework2/install/sfr_coursework2_interface_package/lib/python3.12/site-packages/sfr_coursework2_interface_package/sfr_coursework2_interface_package_s__rosidl_typesupport_fastrtps_c.so
[6.601s] -- Up-to-date: /home/student48/assessments/coursework2/install/sfr_coursework2_interface_package/lib/python3.12/site-packages/sfr_coursework2_interface_package/sfr_coursework2_interface_package_s__rosidl_typesupport_introspection_c.so
[6.604s] -- Up-to-date: /home/student48/assessments/coursework2/install/sfr_coursework2_interface_package/lib/python3.12/site-packages/sfr_coursework2_interface_package/sfr_coursework2_interface_package_s__rosidl_typesupport_c.so
[6.606s] -- Up-to-date: /home/student48/assessments/coursework2/install/sfr_coursework2_interface_package/lib/libsfr_coursework2_interface_package__rosidl_generator_py.so
[6.611s] -- Up-to-date: /home/student48/assessments/coursework2/install/sfr_coursework2_interface_package/share/sfr_coursework2_interface_package/action/DroneControl.idl
[6.612s] -- Up-to-date: /home/student48/assessments/coursework2/install/sfr_coursework2_interface_package/share/sfr_coursework2_interface_package/action/DroneControl.action
[6.612s] -- Up-to-date: /home/student48/assessments/coursework2/install/sfr_coursework2_interface_package/share/ament_index/resource_index/package_run_dependencies/sfr_coursework2_interface_package
[6.613s] -- Up-to-date: /home/student48/assessments/coursework2/install/sfr_coursework2_interface_package/share/ament_index/resource_index/parent_prefix_path/sfr_coursework2_interface_package
[6.613s] -- Up-to-date: /home/student48/assessments/coursework2/install/sfr_coursework2_interface_package/share/sfr_coursework2_interface_package/environment/ament_prefix_path.sh
[6.613s] -- Up-to-date: /home/student48/assessments/coursework2/install/sfr_coursework2_interface_package/share/sfr_coursework2_interface_package/environment/ament_prefix_path.dsv
[6.614s] -- Up-to-date: /home/student48/assessments/coursework2/install/sfr_coursework2_interface_package/share/sfr_coursework2_interface_package/environment/path.sh
[6.615s] -- Up-to-date: /home/student48/assessments/coursework2/install/sfr_coursework2_interface_package/share/sfr_coursework2_interface_package/environment/path.dsv
[6.615s] -- Up-to-date: /home/student48/assessments/coursework2/install/sfr_coursework2_interface_package/share/sfr_coursework2_interface_package/local_setup.bash
[6.616s] -- Up-to-date: /home/student48/assessments/coursework2/install/sfr_coursework2_interface_package/share/sfr_coursework2_interface_package/local_setup.sh
[6.619s] -- Up-to-date: /home/student48/assessments/coursework2/install/sfr_coursework2_interface_package/share/sfr_coursework2_interface_package/local_setup.zsh
[6.622s] -- Up-to-date: /home/student48/assessments/coursework2/install/sfr_coursework2_interface_package/share/sfr_coursework2_interface_package/local_setup.dsv
[6.622s] -- Installing: /home/student48/assessments/coursework2/install/sfr_coursework2_interface_package/share/sfr_coursework2_interface_package/package.dsv
[6.623s] -- Up-to-date: /home/student48/assessments/coursework2/install/sfr_coursework2_interface_package/share/ament_index/resource_index/packages/sfr_coursework2_interface_package
[6.623s] -- Up-to-date: /home/student48/assessments/coursework2/install/sfr_coursework2_interface_package/share/sfr_coursework2_interface_package/cmake/export_sfr_coursework2_interface_package__rosidl_generator_cExport.cmake
[6.624s] -- Up-to-date: /home/student48/assessments/coursework2/install/sfr_coursework2_interface_package/share/sfr_coursework2_interface_package/cmake/export_sfr_coursework2_interface_package__rosidl_generator_cExport-noconfig.cmake
[6.624s] -- Up-to-date: /home/student48/assessments/coursework2/install/sfr_coursework2_interface_package/share/sfr_coursework2_interface_package/cmake/export_sfr_coursework2_interface_package__rosidl_typesupport_fastrtps_cExport.cmake
[6.624s] -- Up-to-date: /home/student48/assessments/coursework2/install/sfr_coursework2_interface_package/share/sfr_coursework2_interface_package/cmake/export_sfr_coursework2_interface_package__rosidl_typesupport_fastrtps_cExport-noconfig.cmake
[6.625s] -- Up-to-date: /home/student48/assessments/coursework2/install/sfr_coursework2_interface_package/share/sfr_coursework2_interface_package/cmake/export_sfr_coursework2_interface_package__rosidl_generator_cppExport.cmake
[6.625s] -- Up-to-date: /home/student48/assessments/coursework2/install/sfr_coursework2_interface_package/share/sfr_coursework2_interface_package/cmake/export_sfr_coursework2_interface_package__rosidl_typesupport_fastrtps_cppExport.cmake
[6.625s] -- Up-to-date: /home/student48/assessments/coursework2/install/sfr_coursework2_interface_package/share/sfr_coursework2_interface_package/cmake/export_sfr_coursework2_interface_package__rosidl_typesupport_fastrtps_cppExport-noconfig.cmake
[6.625s] -- Up-to-date: /home/student48/assessments/coursework2/install/sfr_coursework2_interface_package/share/sfr_coursework2_interface_package/cmake/sfr_coursework2_interface_package__rosidl_typesupport_introspection_cExport.cmake
[6.626s] -- Up-to-date: /home/student48/assessments/coursework2/install/sfr_coursework2_interface_package/share/sfr_coursework2_interface_package/cmake/sfr_coursework2_interface_package__rosidl_typesupport_introspection_cExport-noconfig.cmake
[6.630s] -- Up-to-date: /home/student48/assessments/coursework2/install/sfr_coursework2_interface_package/share/sfr_coursework2_interface_package/cmake/sfr_coursework2_interface_package__rosidl_typesupport_cExport.cmake
[6.632s] -- Up-to-date: /home/student48/assessments/coursework2/install/sfr_coursework2_interface_package/share/sfr_coursework2_interface_package/cmake/sfr_coursework2_interface_package__rosidl_typesupport_cExport-noconfig.cmake
[6.634s] -- Up-to-date: /home/student48/assessments/coursework2/install/sfr_coursework2_interface_package/share/sfr_coursework2_interface_package/cmake/sfr_coursework2_interface_package__rosidl_typesupport_introspection_cppExport.cmake
[6.634s] -- Up-to-date: /home/student48/assessments/coursework2/install/sfr_coursework2_interface_package/share/sfr_coursework2_interface_package/cmake/sfr_coursework2_interface_package__rosidl_typesupport_introspection_cppExport-noconfig.cmake
[6.637s] -- Up-to-date: /home/student48/assessments/coursework2/install/sfr_coursework2_interface_package/share/sfr_coursework2_interface_package/cmake/sfr_coursework2_interface_package__rosidl_typesupport_cppExport.cmake
[6.638s] -- Up-to-date: /home/student48/assessments/coursework2/install/sfr_coursework2_interface_package/share/sfr_coursework2_interface_package/cmake/sfr_coursework2_interface_package__rosidl_typesupport_cppExport-noconfig.cmake
[6.638s] -- Up-to-date: /home/student48/assessments/coursework2/install/sfr_coursework2_interface_package/share/sfr_coursework2_interface_package/cmake/export_sfr_coursework2_interface_package__rosidl_generator_pyExport.cmake
[6.639s] -- Up-to-date: /home/student48/assessments/coursework2/install/sfr_coursework2_interface_package/share/sfr_coursework2_interface_package/cmake/export_sfr_coursework2_interface_package__rosidl_generator_pyExport-noconfig.cmake
[6.644s] -- Up-to-date: /home/student48/assessments/coursework2/install/sfr_coursework2_interface_package/share/sfr_coursework2_interface_package/cmake/rosidl_cmake-extras.cmake
[6.645s] -- Up-to-date: /home/student48/assessments/coursework2/install/sfr_coursework2_interface_package/share/sfr_coursework2_interface_package/cmake/ament_cmake_export_dependencies-extras.cmake
[6.645s] -- Up-to-date: /home/student48/assessments/coursework2/install/sfr_coursework2_interface_package/share/sfr_coursework2_interface_package/cmake/ament_cmake_export_include_directories-extras.cmake
[6.646s] -- Up-to-date: /home/student48/assessments/coursework2/install/sfr_coursework2_interface_package/share/sfr_coursework2_interface_package/cmake/ament_cmake_export_libraries-extras.cmake
[6.646s] -- Up-to-date: /home/student48/assessments/coursework2/install/sfr_coursework2_interface_package/share/sfr_coursework2_interface_package/cmake/ament_cmake_export_targets-extras.cmake
[6.647s] -- Up-to-date: /home/student48/assessments/coursework2/install/sfr_coursework2_interface_package/share/sfr_coursework2_interface_package/cmake/rosidl_cmake_export_typesupport_targets-extras.cmake
[6.649s] -- Up-to-date: /home/student48/assessments/coursework2/install/sfr_coursework2_interface_package/share/sfr_coursework2_interface_package/cmake/rosidl_cmake_export_typesupport_libraries-extras.cmake
[6.650s] -- Up-to-date: /home/student48/assessments/coursework2/install/sfr_coursework2_interface_package/share/sfr_coursework2_interface_package/cmake/sfr_coursework2_interface_packageConfig.cmake
[6.650s] -- Up-to-date: /home/student48/assessments/coursework2/install/sfr_coursework2_interface_package/share/sfr_coursework2_interface_package/cmake/sfr_coursework2_interface_packageConfig-version.cmake
[6.651s] -- Up-to-date: /home/student48/assessments/coursework2/install/sfr_coursework2_interface_package/share/sfr_coursework2_interface_package/package.xml
[6.669s] Invoked command in '/home/student48/assessments/coursework2/build/sfr_coursework2_interface_package' returned '0': CMAKE_PREFIX_PATH=${CMAKE_PREFIX_PATH}:/home/student48/ros2_tutorial_workspace/install/the_simplest_python_packagee:/home/student48/ros2_tutorial_workspace/install/the_simplest_python_package:/home/student48/ros2_tutorial_workspace/install/python_package_with_a_node:/home/student48/ros2_tutorial_workspace/install/python_package_that_uses_the_library:/home/student48/ros2_tutorial_workspace/install/python_package_with_a_library:/home/student48/ros2_tutorial_workspace/install/python_package_that_uses_the_services:/home/student48/ros2_tutorial_workspace/install/python_package_that_uses_the_messages:/home/student48/ros2_tutorial_workspace/install/python_package_that_uses_the_actions:/home/student48/ros2_tutorial_workspace/install/python_package_that_uses_tf2:/home/student48/ros2_tutorial_workspace/install/python_package_that_uses_parameters_and_launch_files:/home/student48/ros2_tutorial_workspace/install/python_package_that_uses_nav2:/home/student48/ros2_tutorial_workspace/install/python_package_that_uses_geometry_msgs:/home/student48/ros2_tutorial_workspace/install/python_package_that_uses_gazebo:/home/student48/ros2_tutorial_workspace/install/my_package:/home/student48/ros2_tutorial_workspace/install/custom_tf_package:/home/student48/ros2_tutorial_workspace/install/custom_tf_broadcaster_package:/home/student48/ros2_tutorial_workspace/install/custom_subscriber_package:/home/student48/ros2_tutorial_workspace/install/custom_server_package:/home/student48/ros2_tutorial_workspace/install/custom_publisher_package:/home/student48/ros2_tutorial_workspace/install/custom_package_with_node:/home/student48/ros2_tutorial_workspace/install/custom_package_with_library:/home/student48/ros2_tutorial_workspace/install/custom_client_package:/home/student48/ros2_tutorial_workspace/install/custom_action_server_package:/home/student48/ros2_tutorial_workspace/install/custom_action_client_package:/home/student48/ros2_tutorial_workspace/install/another_package:/home/student48/assessments/week4/src/install/volkswagen:/home/student48/assessments/week4/src/install/building:/opt/ros/jazzy DEBUGINFOD_URLS=https://debuginfod.ubuntu.com /usr/bin/cmake --install /home/student48/assessments/coursework2/build/sfr_coursework2_interface_package
