[0.133s] DEBUG:colcon:Command line arguments: ['/usr/bin/colcon', 'build']
[0.133s] DEBUG:colcon:Parsed command line arguments: Namespace(log_base=None, log_level=None, verb_name='build', build_base='build', install_base='install', merge_install=False, symlink_install=False, test_result_base=None, continue_on_error=False, executor='parallel', parallel_workers=12, event_handlers=None, ignore_user_meta=False, metas=['./colcon.meta'], base_paths=['.'], packages_ignore=None, packages_ignore_regex=None, paths=None, packages_up_to=None, packages_up_to_regex=None, packages_above=None, packages_above_and_dependencies=None, packages_above_depth=None, packages_select_by_dep=None, packages_skip_by_dep=None, packages_skip_up_to=None, packages_select_build_failed=False, packages_skip_build_finished=False, packages_select_test_failures=False, packages_skip_test_passed=False, packages_select=None, packages_skip=None, packages_select_regex=None, packages_skip_regex=None, packages_start=None, packages_end=None, allow_overriding=[], cmake_args=None, cmake_target=None, cmake_target_skip_unavailable=False, cmake_clean_cache=False, cmake_clean_first=False, cmake_force_configure=False, ament_cmake_args=None, catkin_cmake_args=None, catkin_skip_building_tests=False, mixin_files=None, mixin=None, verb_parser=<colcon_mixin.mixin.mixin_argument.MixinArgumentDecorator object at 0x742195ce2300>, verb_extension=<colcon_core.verb.build.BuildVerb object at 0x742195ce1fa0>, main=<bound method BuildVerb.main of <colcon_core.verb.build.BuildVerb object at 0x742195ce1fa0>>, mixin_verb=('build',))
[0.202s] Level 1:colcon.colcon_core.package_discovery:discover_packages(colcon_meta) check parameters
[0.203s] Level 1:colcon.colcon_core.package_discovery:discover_packages(recursive) check parameters
[0.203s] Level 1:colcon.colcon_core.package_discovery:discover_packages(ignore) check parameters
[0.203s] Level 1:colcon.colcon_core.package_discovery:discover_packages(path) check parameters
[0.203s] Level 1:colcon.colcon_core.package_discovery:discover_packages(colcon_meta) discover
[0.203s] Level 1:colcon.colcon_core.package_discovery:discover_packages(recursive) discover
[0.203s] INFO:colcon.colcon_core.package_discovery:Crawling recursively for packages in '/home/student48/assessments/week7/src'
[0.203s] Level 1:colcon.colcon_core.package_identification:_identify(.) by extensions ['ignore', 'ignore_ament_install']
[0.203s] Level 1:colcon.colcon_core.package_identification:_identify(.) by extension 'ignore'
[0.203s] Level 1:colcon.colcon_core.package_identification:_identify(.) by extension 'ignore_ament_install'
[0.203s] Level 1:colcon.colcon_core.package_identification:_identify(.) by extensions ['colcon_pkg']
[0.203s] Level 1:colcon.colcon_core.package_identification:_identify(.) by extension 'colcon_pkg'
[0.203s] Level 1:colcon.colcon_core.package_identification:_identify(.) by extensions ['colcon_meta']
[0.203s] Level 1:colcon.colcon_core.package_identification:_identify(.) by extension 'colcon_meta'
[0.203s] Level 1:colcon.colcon_core.package_identification:_identify(.) by extensions ['ros']
[0.203s] Level 1:colcon.colcon_core.package_identification:_identify(.) by extension 'ros'
[0.234s] Level 1:colcon.colcon_core.package_identification:_identify(.) by extensions ['cmake', 'python']
[0.234s] Level 1:colcon.colcon_core.package_identification:_identify(.) by extension 'cmake'
[0.234s] Level 1:colcon.colcon_core.package_identification:_identify(.) by extension 'python'
[0.234s] Level 1:colcon.colcon_core.package_identification:_identify(.) by extensions ['python_setup_py']
[0.234s] Level 1:colcon.colcon_core.package_identification:_identify(.) by extension 'python_setup_py'
[0.234s] Level 1:colcon.colcon_core.package_identification:_identify(build) by extensions ['ignore', 'ignore_ament_install']
[0.235s] Level 1:colcon.colcon_core.package_identification:_identify(build) by extension 'ignore'
[0.235s] Level 1:colcon.colcon_core.package_identification:_identify(build) ignored
[0.235s] Level 1:colcon.colcon_core.package_identification:_identify(install) by extensions ['ignore', 'ignore_ament_install']
[0.235s] Level 1:colcon.colcon_core.package_identification:_identify(install) by extension 'ignore'
[0.235s] Level 1:colcon.colcon_core.package_identification:_identify(install) ignored
[0.235s] Level 1:colcon.colcon_core.package_identification:_identify(log) by extensions ['ignore', 'ignore_ament_install']
[0.235s] Level 1:colcon.colcon_core.package_identification:_identify(log) by extension 'ignore'
[0.235s] Level 1:colcon.colcon_core.package_identification:_identify(log) ignored
[0.235s] Level 1:colcon.colcon_core.package_identification:_identify(sfr_ca7_interface_package) by extensions ['ignore', 'ignore_ament_install']
[0.235s] Level 1:colcon.colcon_core.package_identification:_identify(sfr_ca7_interface_package) by extension 'ignore'
[0.235s] Level 1:colcon.colcon_core.package_identification:_identify(sfr_ca7_interface_package) by extension 'ignore_ament_install'
[0.235s] Level 1:colcon.colcon_core.package_identification:_identify(sfr_ca7_interface_package) by extensions ['colcon_pkg']
[0.235s] Level 1:colcon.colcon_core.package_identification:_identify(sfr_ca7_interface_package) by extension 'colcon_pkg'
[0.235s] Level 1:colcon.colcon_core.package_identification:_identify(sfr_ca7_interface_package) by extensions ['colcon_meta']
[0.235s] Level 1:colcon.colcon_core.package_identification:_identify(sfr_ca7_interface_package) by extension 'colcon_meta'
[0.235s] Level 1:colcon.colcon_core.package_identification:_identify(sfr_ca7_interface_package) by extensions ['ros']
[0.235s] Level 1:colcon.colcon_core.package_identification:_identify(sfr_ca7_interface_package) by extension 'ros'
[0.238s] DEBUG:colcon.colcon_core.package_identification:Package 'sfr_ca7_interface_package' with type 'ros.ament_cmake' and name 'sfr_ca7_interface_package'
[0.238s] Level 1:colcon.colcon_core.package_identification:_identify(sheffield) by extensions ['ignore', 'ignore_ament_install']
[0.238s] Level 1:colcon.colcon_core.package_identification:_identify(sheffield) by extension 'ignore'
[0.239s] Level 1:colcon.colcon_core.package_identification:_identify(sheffield) by extension 'ignore_ament_install'
[0.239s] Level 1:colcon.colcon_core.package_identification:_identify(sheffield) by extensions ['colcon_pkg']
[0.239s] Level 1:colcon.colcon_core.package_identification:_identify(sheffield) by extension 'colcon_pkg'
[0.239s] Level 1:colcon.colcon_core.package_identification:_identify(sheffield) by extensions ['colcon_meta']
[0.239s] Level 1:colcon.colcon_core.package_identification:_identify(sheffield) by extension 'colcon_meta'
[0.239s] Level 1:colcon.colcon_core.package_identification:_identify(sheffield) by extensions ['ros']
[0.239s] Level 1:colcon.colcon_core.package_identification:_identify(sheffield) by extension 'ros'
[0.240s] DEBUG:colcon.colcon_core.package_identification:Package 'sheffield' with type 'ros.ament_python' and name 'sheffield'
[0.240s] Level 1:colcon.colcon_core.package_identification:_identify(tesla) by extensions ['ignore', 'ignore_ament_install']
[0.240s] Level 1:colcon.colcon_core.package_identification:_identify(tesla) by extension 'ignore'
[0.240s] Level 1:colcon.colcon_core.package_identification:_identify(tesla) by extension 'ignore_ament_install'
[0.240s] Level 1:colcon.colcon_core.package_identification:_identify(tesla) by extensions ['colcon_pkg']
[0.240s] Level 1:colcon.colcon_core.package_identification:_identify(tesla) by extension 'colcon_pkg'
[0.240s] Level 1:colcon.colcon_core.package_identification:_identify(tesla) by extensions ['colcon_meta']
[0.240s] Level 1:colcon.colcon_core.package_identification:_identify(tesla) by extension 'colcon_meta'
[0.240s] Level 1:colcon.colcon_core.package_identification:_identify(tesla) by extensions ['ros']
[0.240s] Level 1:colcon.colcon_core.package_identification:_identify(tesla) by extension 'ros'
[0.241s] DEBUG:colcon.colcon_core.package_identification:Package 'tesla' with type 'ros.ament_python' and name 'tesla'
[0.241s] Level 1:colcon.colcon_core.package_discovery:discover_packages(recursive) using defaults
[0.241s] Level 1:colcon.colcon_core.package_discovery:discover_packages(ignore) discover
[0.241s] Level 1:colcon.colcon_core.package_discovery:discover_packages(ignore) using defaults
[0.241s] Level 1:colcon.colcon_core.package_discovery:discover_packages(path) discover
[0.241s] Level 1:colcon.colcon_core.package_discovery:discover_packages(path) using defaults
[0.264s] Level 1:colcon.colcon_core.package_discovery:discover_packages(prefix_path) check parameters
[0.264s] Level 1:colcon.colcon_core.package_discovery:discover_packages(prefix_path) discover
[0.266s] DEBUG:colcon.colcon_installed_package_information.package_discovery:Found 20 installed packages in /home/student48/ros2_tutorial_workspace/install
[0.268s] DEBUG:colcon.colcon_installed_package_information.package_discovery:Found 2 installed packages in /home/student48/assessments/week4/src/install
[0.269s] DEBUG:colcon.colcon_installed_package_information.package_discovery:Found 285 installed packages in /opt/ros/jazzy
[0.270s] Level 1:colcon.colcon_core.package_discovery:discover_packages(prefix_path) using defaults
[0.312s] Level 5:colcon.colcon_core.verb:set package 'sfr_ca7_interface_package' build argument 'cmake_args' from command line to 'None'
[0.312s] Level 5:colcon.colcon_core.verb:set package 'sfr_ca7_interface_package' build argument 'cmake_target' from command line to 'None'
[0.312s] Level 5:colcon.colcon_core.verb:set package 'sfr_ca7_interface_package' build argument 'cmake_target_skip_unavailable' from command line to 'False'
[0.312s] Level 5:colcon.colcon_core.verb:set package 'sfr_ca7_interface_package' build argument 'cmake_clean_cache' from command line to 'False'
[0.312s] Level 5:colcon.colcon_core.verb:set package 'sfr_ca7_interface_package' build argument 'cmake_clean_first' from command line to 'False'
[0.312s] Level 5:colcon.colcon_core.verb:set package 'sfr_ca7_interface_package' build argument 'cmake_force_configure' from command line to 'False'
[0.312s] Level 5:colcon.colcon_core.verb:set package 'sfr_ca7_interface_package' build argument 'ament_cmake_args' from command line to 'None'
[0.312s] Level 5:colcon.colcon_core.verb:set package 'sfr_ca7_interface_package' build argument 'catkin_cmake_args' from command line to 'None'
[0.312s] Level 5:colcon.colcon_core.verb:set package 'sfr_ca7_interface_package' build argument 'catkin_skip_building_tests' from command line to 'False'
[0.313s] DEBUG:colcon.colcon_core.verb:Building package 'sfr_ca7_interface_package' with the following arguments: {'ament_cmake_args': None, 'build_base': '/home/student48/assessments/week7/src/build/sfr_ca7_interface_package', 'catkin_cmake_args': None, 'catkin_skip_building_tests': False, 'cmake_args': None, 'cmake_clean_cache': False, 'cmake_clean_first': False, 'cmake_force_configure': False, 'cmake_target': None, 'cmake_target_skip_unavailable': False, 'install_base': '/home/student48/assessments/week7/src/install/sfr_ca7_interface_package', 'merge_install': False, 'path': '/home/student48/assessments/week7/src/sfr_ca7_interface_package', 'symlink_install': False, 'test_result_base': None}
[0.313s] Level 5:colcon.colcon_core.verb:set package 'sheffield' build argument 'cmake_args' from command line to 'None'
[0.313s] Level 5:colcon.colcon_core.verb:set package 'sheffield' build argument 'cmake_target' from command line to 'None'
[0.313s] Level 5:colcon.colcon_core.verb:set package 'sheffield' build argument 'cmake_target_skip_unavailable' from command line to 'False'
[0.313s] Level 5:colcon.colcon_core.verb:set package 'sheffield' build argument 'cmake_clean_cache' from command line to 'False'
[0.313s] Level 5:colcon.colcon_core.verb:set package 'sheffield' build argument 'cmake_clean_first' from command line to 'False'
[0.313s] Level 5:colcon.colcon_core.verb:set package 'sheffield' build argument 'cmake_force_configure' from command line to 'False'
[0.313s] Level 5:colcon.colcon_core.verb:set package 'sheffield' build argument 'ament_cmake_args' from command line to 'None'
[0.313s] Level 5:colcon.colcon_core.verb:set package 'sheffield' build argument 'catkin_cmake_args' from command line to 'None'
[0.313s] Level 5:colcon.colcon_core.verb:set package 'sheffield' build argument 'catkin_skip_building_tests' from command line to 'False'
[0.313s] DEBUG:colcon.colcon_core.verb:Building package 'sheffield' with the following arguments: {'ament_cmake_args': None, 'build_base': '/home/student48/assessments/week7/src/build/sheffield', 'catkin_cmake_args': None, 'catkin_skip_building_tests': False, 'cmake_args': None, 'cmake_clean_cache': False, 'cmake_clean_first': False, 'cmake_force_configure': False, 'cmake_target': None, 'cmake_target_skip_unavailable': False, 'install_base': '/home/student48/assessments/week7/src/install/sheffield', 'merge_install': False, 'path': '/home/student48/assessments/week7/src/sheffield', 'symlink_install': False, 'test_result_base': None}
[0.313s] Level 5:colcon.colcon_core.verb:set package 'tesla' build argument 'cmake_args' from command line to 'None'
[0.313s] Level 5:colcon.colcon_core.verb:set package 'tesla' build argument 'cmake_target' from command line to 'None'
[0.313s] Level 5:colcon.colcon_core.verb:set package 'tesla' build argument 'cmake_target_skip_unavailable' from command line to 'False'
[0.313s] Level 5:colcon.colcon_core.verb:set package 'tesla' build argument 'cmake_clean_cache' from command line to 'False'
[0.313s] Level 5:colcon.colcon_core.verb:set package 'tesla' build argument 'cmake_clean_first' from command line to 'False'
[0.313s] Level 5:colcon.colcon_core.verb:set package 'tesla' build argument 'cmake_force_configure' from command line to 'False'
[0.313s] Level 5:colcon.colcon_core.verb:set package 'tesla' build argument 'ament_cmake_args' from command line to 'None'
[0.313s] Level 5:colcon.colcon_core.verb:set package 'tesla' build argument 'catkin_cmake_args' from command line to 'None'
[0.313s] Level 5:colcon.colcon_core.verb:set package 'tesla' build argument 'catkin_skip_building_tests' from command line to 'False'
[0.313s] DEBUG:colcon.colcon_core.verb:Building package 'tesla' with the following arguments: {'ament_cmake_args': None, 'build_base': '/home/student48/assessments/week7/src/build/tesla', 'catkin_cmake_args': None, 'catkin_skip_building_tests': False, 'cmake_args': None, 'cmake_clean_cache': False, 'cmake_clean_first': False, 'cmake_force_configure': False, 'cmake_target': None, 'cmake_target_skip_unavailable': False, 'install_base': '/home/student48/assessments/week7/src/install/tesla', 'merge_install': False, 'path': '/home/student48/assessments/week7/src/tesla', 'symlink_install': False, 'test_result_base': None}
[0.314s] INFO:colcon.colcon_core.executor:Executing jobs using 'parallel' executor
[0.315s] DEBUG:colcon.colcon_parallel_executor.executor.parallel:run_until_complete
[0.315s] INFO:colcon.colcon_ros.task.ament_cmake.build:Building ROS package in '/home/student48/assessments/week7/src/sfr_ca7_interface_package' with build type 'ament_cmake'
[0.315s] INFO:colcon.colcon_cmake.task.cmake.build:Building CMake package in '/home/student48/assessments/week7/src/sfr_ca7_interface_package'
[0.318s] INFO:colcon.colcon_core.plugin_system:Skipping extension 'colcon_core.shell.bat': Not used on non-Windows systems
[0.318s] INFO:colcon.colcon_core.shell:Skip shell extension 'powershell' for command environment: Not usable outside of PowerShell
[0.318s] DEBUG:colcon.colcon_core.shell:Skip shell extension 'dsv' for command environment
[0.337s] DEBUG:colcon.colcon_core.event_handler.log_command:Invoking command in '/home/student48/assessments/week7/src/build/sfr_ca7_interface_package': CMAKE_PREFIX_PATH=${CMAKE_PREFIX_PATH}:/home/student48/ros2_tutorial_workspace/install/custom_action_client_package:/home/student48/ros2_tutorial_workspace/install/custom_action_server_package:/home/student48/ros2_tutorial_workspace/install/the_simplest_python_packagee:/home/student48/ros2_tutorial_workspace/install/the_simplest_python_package:/home/student48/ros2_tutorial_workspace/install/python_package_with_a_node:/home/student48/ros2_tutorial_workspace/install/python_package_that_uses_the_library:/home/student48/ros2_tutorial_workspace/install/python_package_with_a_library:/home/student48/ros2_tutorial_workspace/install/python_package_that_uses_the_services:/home/student48/ros2_tutorial_workspace/install/python_package_that_uses_the_messages:/home/student48/ros2_tutorial_workspace/install/python_package_that_uses_the_actions:/home/student48/ros2_tutorial_workspace/install/python_package_that_uses_parameters_and_launch_files:/home/student48/ros2_tutorial_workspace/install/my_package:/home/student48/ros2_tutorial_workspace/install/custom_subscriber_package:/home/student48/ros2_tutorial_workspace/install/custom_server_package:/home/student48/ros2_tutorial_workspace/install/custom_publisher_package:/home/student48/ros2_tutorial_workspace/install/custom_package_with_node:/home/student48/ros2_tutorial_workspace/install/custom_package_with_library:/home/student48/ros2_tutorial_workspace/install/custom_client_package:/home/student48/ros2_tutorial_workspace/install/another_package:/home/student48/assessments/week4/src/install/volkswagen:/home/student48/assessments/week4/src/install/building:/opt/ros/jazzy DEBUGINFOD_URLS=https://debuginfod.ubuntu.com /usr/bin/cmake /home/student48/assessments/week7/src/sfr_ca7_interface_package -DCMAKE_INSTALL_PREFIX=/home/student48/assessments/week7/src/install/sfr_ca7_interface_package
[6.685s] DEBUG:colcon.colcon_core.event_handler.log_command:Invoked command in '/home/student48/assessments/week7/src/build/sfr_ca7_interface_package' returned '0': CMAKE_PREFIX_PATH=${CMAKE_PREFIX_PATH}:/home/student48/ros2_tutorial_workspace/install/custom_action_client_package:/home/student48/ros2_tutorial_workspace/install/custom_action_server_package:/home/student48/ros2_tutorial_workspace/install/the_simplest_python_packagee:/home/student48/ros2_tutorial_workspace/install/the_simplest_python_package:/home/student48/ros2_tutorial_workspace/install/python_package_with_a_node:/home/student48/ros2_tutorial_workspace/install/python_package_that_uses_the_library:/home/student48/ros2_tutorial_workspace/install/python_package_with_a_library:/home/student48/ros2_tutorial_workspace/install/python_package_that_uses_the_services:/home/student48/ros2_tutorial_workspace/install/python_package_that_uses_the_messages:/home/student48/ros2_tutorial_workspace/install/python_package_that_uses_the_actions:/home/student48/ros2_tutorial_workspace/install/python_package_that_uses_parameters_and_launch_files:/home/student48/ros2_tutorial_workspace/install/my_package:/home/student48/ros2_tutorial_workspace/install/custom_subscriber_package:/home/student48/ros2_tutorial_workspace/install/custom_server_package:/home/student48/ros2_tutorial_workspace/install/custom_publisher_package:/home/student48/ros2_tutorial_workspace/install/custom_package_with_node:/home/student48/ros2_tutorial_workspace/install/custom_package_with_library:/home/student48/ros2_tutorial_workspace/install/custom_client_package:/home/student48/ros2_tutorial_workspace/install/another_package:/home/student48/assessments/week4/src/install/volkswagen:/home/student48/assessments/week4/src/install/building:/opt/ros/jazzy DEBUGINFOD_URLS=https://debuginfod.ubuntu.com /usr/bin/cmake /home/student48/assessments/week7/src/sfr_ca7_interface_package -DCMAKE_INSTALL_PREFIX=/home/student48/assessments/week7/src/install/sfr_ca7_interface_package
[6.688s] DEBUG:colcon.colcon_core.event_handler.log_command:Invoking command in '/home/student48/assessments/week7/src/build/sfr_ca7_interface_package': CMAKE_PREFIX_PATH=${CMAKE_PREFIX_PATH}:/home/student48/ros2_tutorial_workspace/install/custom_action_client_package:/home/student48/ros2_tutorial_workspace/install/custom_action_server_package:/home/student48/ros2_tutorial_workspace/install/the_simplest_python_packagee:/home/student48/ros2_tutorial_workspace/install/the_simplest_python_package:/home/student48/ros2_tutorial_workspace/install/python_package_with_a_node:/home/student48/ros2_tutorial_workspace/install/python_package_that_uses_the_library:/home/student48/ros2_tutorial_workspace/install/python_package_with_a_library:/home/student48/ros2_tutorial_workspace/install/python_package_that_uses_the_services:/home/student48/ros2_tutorial_workspace/install/python_package_that_uses_the_messages:/home/student48/ros2_tutorial_workspace/install/python_package_that_uses_the_actions:/home/student48/ros2_tutorial_workspace/install/python_package_that_uses_parameters_and_launch_files:/home/student48/ros2_tutorial_workspace/install/my_package:/home/student48/ros2_tutorial_workspace/install/custom_subscriber_package:/home/student48/ros2_tutorial_workspace/install/custom_server_package:/home/student48/ros2_tutorial_workspace/install/custom_publisher_package:/home/student48/ros2_tutorial_workspace/install/custom_package_with_node:/home/student48/ros2_tutorial_workspace/install/custom_package_with_library:/home/student48/ros2_tutorial_workspace/install/custom_client_package:/home/student48/ros2_tutorial_workspace/install/another_package:/home/student48/assessments/week4/src/install/volkswagen:/home/student48/assessments/week4/src/install/building:/opt/ros/jazzy DEBUGINFOD_URLS=https://debuginfod.ubuntu.com /usr/bin/cmake --build /home/student48/assessments/week7/src/build/sfr_ca7_interface_package -- -j12 -l12
[13.279s] DEBUG:colcon.colcon_core.event_handler.log_command:Invoked command in '/home/student48/assessments/week7/src/build/sfr_ca7_interface_package' returned '0': CMAKE_PREFIX_PATH=${CMAKE_PREFIX_PATH}:/home/student48/ros2_tutorial_workspace/install/custom_action_client_package:/home/student48/ros2_tutorial_workspace/install/custom_action_server_package:/home/student48/ros2_tutorial_workspace/install/the_simplest_python_packagee:/home/student48/ros2_tutorial_workspace/install/the_simplest_python_package:/home/student48/ros2_tutorial_workspace/install/python_package_with_a_node:/home/student48/ros2_tutorial_workspace/install/python_package_that_uses_the_library:/home/student48/ros2_tutorial_workspace/install/python_package_with_a_library:/home/student48/ros2_tutorial_workspace/install/python_package_that_uses_the_services:/home/student48/ros2_tutorial_workspace/install/python_package_that_uses_the_messages:/home/student48/ros2_tutorial_workspace/install/python_package_that_uses_the_actions:/home/student48/ros2_tutorial_workspace/install/python_package_that_uses_parameters_and_launch_files:/home/student48/ros2_tutorial_workspace/install/my_package:/home/student48/ros2_tutorial_workspace/install/custom_subscriber_package:/home/student48/ros2_tutorial_workspace/install/custom_server_package:/home/student48/ros2_tutorial_workspace/install/custom_publisher_package:/home/student48/ros2_tutorial_workspace/install/custom_package_with_node:/home/student48/ros2_tutorial_workspace/install/custom_package_with_library:/home/student48/ros2_tutorial_workspace/install/custom_client_package:/home/student48/ros2_tutorial_workspace/install/another_package:/home/student48/assessments/week4/src/install/volkswagen:/home/student48/assessments/week4/src/install/building:/opt/ros/jazzy DEBUGINFOD_URLS=https://debuginfod.ubuntu.com /usr/bin/cmake --build /home/student48/assessments/week7/src/build/sfr_ca7_interface_package -- -j12 -l12
[13.295s] DEBUG:colcon.colcon_core.event_handler.log_command:Invoking command in '/home/student48/assessments/week7/src/build/sfr_ca7_interface_package': CMAKE_PREFIX_PATH=${CMAKE_PREFIX_PATH}:/home/student48/ros2_tutorial_workspace/install/custom_action_client_package:/home/student48/ros2_tutorial_workspace/install/custom_action_server_package:/home/student48/ros2_tutorial_workspace/install/the_simplest_python_packagee:/home/student48/ros2_tutorial_workspace/install/the_simplest_python_package:/home/student48/ros2_tutorial_workspace/install/python_package_with_a_node:/home/student48/ros2_tutorial_workspace/install/python_package_that_uses_the_library:/home/student48/ros2_tutorial_workspace/install/python_package_with_a_library:/home/student48/ros2_tutorial_workspace/install/python_package_that_uses_the_services:/home/student48/ros2_tutorial_workspace/install/python_package_that_uses_the_messages:/home/student48/ros2_tutorial_workspace/install/python_package_that_uses_the_actions:/home/student48/ros2_tutorial_workspace/install/python_package_that_uses_parameters_and_launch_files:/home/student48/ros2_tutorial_workspace/install/my_package:/home/student48/ros2_tutorial_workspace/install/custom_subscriber_package:/home/student48/ros2_tutorial_workspace/install/custom_server_package:/home/student48/ros2_tutorial_workspace/install/custom_publisher_package:/home/student48/ros2_tutorial_workspace/install/custom_package_with_node:/home/student48/ros2_tutorial_workspace/install/custom_package_with_library:/home/student48/ros2_tutorial_workspace/install/custom_client_package:/home/student48/ros2_tutorial_workspace/install/another_package:/home/student48/assessments/week4/src/install/volkswagen:/home/student48/assessments/week4/src/install/building:/opt/ros/jazzy DEBUGINFOD_URLS=https://debuginfod.ubuntu.com /usr/bin/cmake --install /home/student48/assessments/week7/src/build/sfr_ca7_interface_package
[13.445s] Level 1:colcon.colcon_core.environment:create_environment_scripts_only(sfr_ca7_interface_package)
[13.446s] DEBUG:colcon.colcon_core.event_handler.log_command:Invoked command in '/home/student48/assessments/week7/src/build/sfr_ca7_interface_package' returned '0': CMAKE_PREFIX_PATH=${CMAKE_PREFIX_PATH}:/home/student48/ros2_tutorial_workspace/install/custom_action_client_package:/home/student48/ros2_tutorial_workspace/install/custom_action_server_package:/home/student48/ros2_tutorial_workspace/install/the_simplest_python_packagee:/home/student48/ros2_tutorial_workspace/install/the_simplest_python_package:/home/student48/ros2_tutorial_workspace/install/python_package_with_a_node:/home/student48/ros2_tutorial_workspace/install/python_package_that_uses_the_library:/home/student48/ros2_tutorial_workspace/install/python_package_with_a_library:/home/student48/ros2_tutorial_workspace/install/python_package_that_uses_the_services:/home/student48/ros2_tutorial_workspace/install/python_package_that_uses_the_messages:/home/student48/ros2_tutorial_workspace/install/python_package_that_uses_the_actions:/home/student48/ros2_tutorial_workspace/install/python_package_that_uses_parameters_and_launch_files:/home/student48/ros2_tutorial_workspace/install/my_package:/home/student48/ros2_tutorial_workspace/install/custom_subscriber_package:/home/student48/ros2_tutorial_workspace/install/custom_server_package:/home/student48/ros2_tutorial_workspace/install/custom_publisher_package:/home/student48/ros2_tutorial_workspace/install/custom_package_with_node:/home/student48/ros2_tutorial_workspace/install/custom_package_with_library:/home/student48/ros2_tutorial_workspace/install/custom_client_package:/home/student48/ros2_tutorial_workspace/install/another_package:/home/student48/assessments/week4/src/install/volkswagen:/home/student48/assessments/week4/src/install/building:/opt/ros/jazzy DEBUGINFOD_URLS=https://debuginfod.ubuntu.com /usr/bin/cmake --install /home/student48/assessments/week7/src/build/sfr_ca7_interface_package
[13.450s] Level 1:colcon.colcon_core.environment:checking '/home/student48/assessments/week7/src/install/sfr_ca7_interface_package' for CMake module files
[13.451s] Level 1:colcon.colcon_core.environment:checking '/home/student48/assessments/week7/src/install/sfr_ca7_interface_package' for CMake config files
[13.452s] Level 1:colcon.colcon_core.shell:create_environment_hook('sfr_ca7_interface_package', 'cmake_prefix_path')
[13.452s] INFO:colcon.colcon_core.shell:Creating environment hook '/home/student48/assessments/week7/src/install/sfr_ca7_interface_package/share/sfr_ca7_interface_package/hook/cmake_prefix_path.ps1'
[13.453s] INFO:colcon.colcon_core.shell:Creating environment descriptor '/home/student48/assessments/week7/src/install/sfr_ca7_interface_package/share/sfr_ca7_interface_package/hook/cmake_prefix_path.dsv'
[13.454s] INFO:colcon.colcon_core.shell:Creating environment hook '/home/student48/assessments/week7/src/install/sfr_ca7_interface_package/share/sfr_ca7_interface_package/hook/cmake_prefix_path.sh'
[13.455s] Level 1:colcon.colcon_core.environment:checking '/home/student48/assessments/week7/src/install/sfr_ca7_interface_package/lib'
[13.456s] Level 1:colcon.colcon_core.shell:create_environment_hook('sfr_ca7_interface_package', 'ld_library_path_lib')
[13.456s] INFO:colcon.colcon_core.shell:Creating environment hook '/home/student48/assessments/week7/src/install/sfr_ca7_interface_package/share/sfr_ca7_interface_package/hook/ld_library_path_lib.ps1'
[13.456s] INFO:colcon.colcon_core.shell:Creating environment descriptor '/home/student48/assessments/week7/src/install/sfr_ca7_interface_package/share/sfr_ca7_interface_package/hook/ld_library_path_lib.dsv'
[13.457s] INFO:colcon.colcon_core.shell:Creating environment hook '/home/student48/assessments/week7/src/install/sfr_ca7_interface_package/share/sfr_ca7_interface_package/hook/ld_library_path_lib.sh'
[13.457s] Level 1:colcon.colcon_core.environment:checking '/home/student48/assessments/week7/src/install/sfr_ca7_interface_package/bin'
[13.457s] Level 1:colcon.colcon_core.environment:checking '/home/student48/assessments/week7/src/install/sfr_ca7_interface_package/lib/pkgconfig/sfr_ca7_interface_package.pc'
[13.457s] Level 1:colcon.colcon_core.environment:checking '/home/student48/assessments/week7/src/install/sfr_ca7_interface_package/lib/python3.12/site-packages'
[13.458s] Level 1:colcon.colcon_core.shell:create_environment_hook('sfr_ca7_interface_package', 'pythonpath')
[13.458s] INFO:colcon.colcon_core.shell:Creating environment hook '/home/student48/assessments/week7/src/install/sfr_ca7_interface_package/share/sfr_ca7_interface_package/hook/pythonpath.ps1'
[13.458s] INFO:colcon.colcon_core.shell:Creating environment descriptor '/home/student48/assessments/week7/src/install/sfr_ca7_interface_package/share/sfr_ca7_interface_package/hook/pythonpath.dsv'
[13.458s] INFO:colcon.colcon_core.shell:Creating environment hook '/home/student48/assessments/week7/src/install/sfr_ca7_interface_package/share/sfr_ca7_interface_package/hook/pythonpath.sh'
[13.459s] Level 1:colcon.colcon_core.environment:checking '/home/student48/assessments/week7/src/install/sfr_ca7_interface_package/bin'
[13.459s] INFO:colcon.colcon_core.shell:Creating package script '/home/student48/assessments/week7/src/install/sfr_ca7_interface_package/share/sfr_ca7_interface_package/package.ps1'
[13.460s] INFO:colcon.colcon_core.shell:Creating package descriptor '/home/student48/assessments/week7/src/install/sfr_ca7_interface_package/share/sfr_ca7_interface_package/package.dsv'
[13.461s] INFO:colcon.colcon_core.shell:Creating package script '/home/student48/assessments/week7/src/install/sfr_ca7_interface_package/share/sfr_ca7_interface_package/package.sh'
[13.462s] INFO:colcon.colcon_core.shell:Creating package script '/home/student48/assessments/week7/src/install/sfr_ca7_interface_package/share/sfr_ca7_interface_package/package.bash'
[13.463s] INFO:colcon.colcon_core.shell:Creating package script '/home/student48/assessments/week7/src/install/sfr_ca7_interface_package/share/sfr_ca7_interface_package/package.zsh'
[13.463s] Level 1:colcon.colcon_core.environment:create_file_with_runtime_dependencies(/home/student48/assessments/week7/src/install/sfr_ca7_interface_package/share/colcon-core/packages/sfr_ca7_interface_package)
[13.464s] Level 1:colcon.colcon_core.environment:create_environment_scripts_only(sfr_ca7_interface_package)
[13.464s] Level 1:colcon.colcon_core.environment:checking '/home/student48/assessments/week7/src/install/sfr_ca7_interface_package' for CMake module files
[13.465s] Level 1:colcon.colcon_core.environment:checking '/home/student48/assessments/week7/src/install/sfr_ca7_interface_package' for CMake config files
[13.465s] Level 1:colcon.colcon_core.shell:create_environment_hook('sfr_ca7_interface_package', 'cmake_prefix_path')
[13.465s] INFO:colcon.colcon_core.shell:Creating environment hook '/home/student48/assessments/week7/src/install/sfr_ca7_interface_package/share/sfr_ca7_interface_package/hook/cmake_prefix_path.ps1'
[13.466s] INFO:colcon.colcon_core.shell:Creating environment descriptor '/home/student48/assessments/week7/src/install/sfr_ca7_interface_package/share/sfr_ca7_interface_package/hook/cmake_prefix_path.dsv'
[13.466s] INFO:colcon.colcon_core.shell:Creating environment hook '/home/student48/assessments/week7/src/install/sfr_ca7_interface_package/share/sfr_ca7_interface_package/hook/cmake_prefix_path.sh'
[13.467s] Level 1:colcon.colcon_core.environment:checking '/home/student48/assessments/week7/src/install/sfr_ca7_interface_package/lib'
[13.467s] Level 1:colcon.colcon_core.shell:create_environment_hook('sfr_ca7_interface_package', 'ld_library_path_lib')
[13.467s] INFO:colcon.colcon_core.shell:Creating environment hook '/home/student48/assessments/week7/src/install/sfr_ca7_interface_package/share/sfr_ca7_interface_package/hook/ld_library_path_lib.ps1'
[13.468s] INFO:colcon.colcon_core.shell:Creating environment descriptor '/home/student48/assessments/week7/src/install/sfr_ca7_interface_package/share/sfr_ca7_interface_package/hook/ld_library_path_lib.dsv'
[13.468s] INFO:colcon.colcon_core.shell:Creating environment hook '/home/student48/assessments/week7/src/install/sfr_ca7_interface_package/share/sfr_ca7_interface_package/hook/ld_library_path_lib.sh'
[13.469s] Level 1:colcon.colcon_core.environment:checking '/home/student48/assessments/week7/src/install/sfr_ca7_interface_package/bin'
[13.469s] Level 1:colcon.colcon_core.environment:checking '/home/student48/assessments/week7/src/install/sfr_ca7_interface_package/lib/pkgconfig/sfr_ca7_interface_package.pc'
[13.469s] Level 1:colcon.colcon_core.environment:checking '/home/student48/assessments/week7/src/install/sfr_ca7_interface_package/lib/python3.12/site-packages'
[13.469s] Level 1:colcon.colcon_core.shell:create_environment_hook('sfr_ca7_interface_package', 'pythonpath')
[13.470s] INFO:colcon.colcon_core.shell:Creating environment hook '/home/student48/assessments/week7/src/install/sfr_ca7_interface_package/share/sfr_ca7_interface_package/hook/pythonpath.ps1'
[13.470s] INFO:colcon.colcon_core.shell:Creating environment descriptor '/home/student48/assessments/week7/src/install/sfr_ca7_interface_package/share/sfr_ca7_interface_package/hook/pythonpath.dsv'
[13.471s] INFO:colcon.colcon_core.shell:Creating environment hook '/home/student48/assessments/week7/src/install/sfr_ca7_interface_package/share/sfr_ca7_interface_package/hook/pythonpath.sh'
[13.471s] Level 1:colcon.colcon_core.environment:checking '/home/student48/assessments/week7/src/install/sfr_ca7_interface_package/bin'
[13.472s] INFO:colcon.colcon_core.shell:Creating package script '/home/student48/assessments/week7/src/install/sfr_ca7_interface_package/share/sfr_ca7_interface_package/package.ps1'
[13.473s] INFO:colcon.colcon_core.shell:Creating package descriptor '/home/student48/assessments/week7/src/install/sfr_ca7_interface_package/share/sfr_ca7_interface_package/package.dsv'
[13.473s] INFO:colcon.colcon_core.shell:Creating package script '/home/student48/assessments/week7/src/install/sfr_ca7_interface_package/share/sfr_ca7_interface_package/package.sh'
[13.474s] INFO:colcon.colcon_core.shell:Creating package script '/home/student48/assessments/week7/src/install/sfr_ca7_interface_package/share/sfr_ca7_interface_package/package.bash'
[13.475s] INFO:colcon.colcon_core.shell:Creating package script '/home/student48/assessments/week7/src/install/sfr_ca7_interface_package/share/sfr_ca7_interface_package/package.zsh'
[13.475s] Level 1:colcon.colcon_core.environment:create_file_with_runtime_dependencies(/home/student48/assessments/week7/src/install/sfr_ca7_interface_package/share/colcon-core/packages/sfr_ca7_interface_package)
[13.476s] INFO:colcon.colcon_ros.task.ament_python.build:Building ROS package in '/home/student48/assessments/week7/src/sheffield' with build type 'ament_python'
[13.476s] Level 1:colcon.colcon_core.shell:create_environment_hook('sheffield', 'ament_prefix_path')
[13.476s] INFO:colcon.colcon_core.shell:Creating environment hook '/home/student48/assessments/week7/src/install/sheffield/share/sheffield/hook/ament_prefix_path.ps1'
[13.477s] INFO:colcon.colcon_core.shell:Creating environment descriptor '/home/student48/assessments/week7/src/install/sheffield/share/sheffield/hook/ament_prefix_path.dsv'
[13.478s] INFO:colcon.colcon_core.shell:Creating environment hook '/home/student48/assessments/week7/src/install/sheffield/share/sheffield/hook/ament_prefix_path.sh'
[13.478s] INFO:colcon.colcon_core.shell:Skip shell extension 'powershell' for command environment: Not usable outside of PowerShell
[13.479s] DEBUG:colcon.colcon_core.shell:Skip shell extension 'dsv' for command environment
[13.484s] INFO:colcon.colcon_ros.task.ament_python.build:Building ROS package in '/home/student48/assessments/week7/src/tesla' with build type 'ament_python'
[13.484s] Level 1:colcon.colcon_core.shell:create_environment_hook('tesla', 'ament_prefix_path')
[13.484s] INFO:colcon.colcon_core.shell:Creating environment hook '/home/student48/assessments/week7/src/install/tesla/share/tesla/hook/ament_prefix_path.ps1'
[13.485s] INFO:colcon.colcon_core.shell:Creating environment descriptor '/home/student48/assessments/week7/src/install/tesla/share/tesla/hook/ament_prefix_path.dsv'
[13.485s] INFO:colcon.colcon_core.shell:Creating environment hook '/home/student48/assessments/week7/src/install/tesla/share/tesla/hook/ament_prefix_path.sh'
[13.486s] INFO:colcon.colcon_core.shell:Skip shell extension 'powershell' for command environment: Not usable outside of PowerShell
[13.486s] DEBUG:colcon.colcon_core.shell:Skip shell extension 'dsv' for command environment
[13.883s] INFO:colcon.colcon_core.task.python.build:Building Python package in '/home/student48/assessments/week7/src/sheffield'
[13.884s] INFO:colcon.colcon_core.shell:Skip shell extension 'powershell' for command environment: Not usable outside of PowerShell
[13.884s] DEBUG:colcon.colcon_core.shell:Skip shell extension 'dsv' for command environment
[14.238s] INFO:colcon.colcon_core.task.python.build:Building Python package in '/home/student48/assessments/week7/src/tesla'
[14.239s] INFO:colcon.colcon_core.shell:Skip shell extension 'powershell' for command environment: Not usable outside of PowerShell
[14.239s] DEBUG:colcon.colcon_core.shell:Skip shell extension 'dsv' for command environment
[15.090s] DEBUG:colcon.colcon_core.event_handler.log_command:Invoking command in '/home/student48/assessments/week7/src/sheffield': AMENT_PREFIX_PATH=/home/student48/assessments/week7/src/install/sfr_ca7_interface_package:${AMENT_PREFIX_PATH} CMAKE_PREFIX_PATH=/home/student48/assessments/week7/src/install/sfr_ca7_interface_package:${CMAKE_PREFIX_PATH} DEBUGINFOD_URLS=https://debuginfod.ubuntu.com LD_LIBRARY_PATH=/home/student48/assessments/week7/src/install/sfr_ca7_interface_package/lib:${LD_LIBRARY_PATH} PYTHONPATH=/home/student48/assessments/week7/src/build/sheffield/prefix_override:/usr/lib/python3/dist-packages/colcon_core/task/python/colcon_distutils_commands:/home/student48/assessments/week7/src/install/sheffield/lib/python3.12/site-packages:/home/student48/assessments/week7/src/install/sfr_ca7_interface_package/lib/python3.12/site-packages:${PYTHONPATH} /usr/bin/python3 -W ignore:setup.py install is deprecated -W ignore:easy_install command is deprecated setup.py egg_info --egg-base ../build/sheffield build --build-base /home/student48/assessments/week7/src/build/sheffield/build install --record /home/student48/assessments/week7/src/build/sheffield/install.log --single-version-externally-managed install_data
[15.178s] DEBUG:colcon.colcon_core.event_handler.log_command:Invoking command in '/home/student48/assessments/week7/src/tesla': AMENT_PREFIX_PATH=/home/student48/assessments/week7/src/install/sfr_ca7_interface_package:${AMENT_PREFIX_PATH} CMAKE_PREFIX_PATH=/home/student48/assessments/week7/src/install/sfr_ca7_interface_package:${CMAKE_PREFIX_PATH} DEBUGINFOD_URLS=https://debuginfod.ubuntu.com LD_LIBRARY_PATH=/home/student48/assessments/week7/src/install/sfr_ca7_interface_package/lib:${LD_LIBRARY_PATH} PYTHONPATH=/home/student48/assessments/week7/src/build/tesla/prefix_override:/usr/lib/python3/dist-packages/colcon_core/task/python/colcon_distutils_commands:/home/student48/assessments/week7/src/install/tesla/lib/python3.12/site-packages:/home/student48/assessments/week7/src/install/sfr_ca7_interface_package/lib/python3.12/site-packages:${PYTHONPATH} /usr/bin/python3 -W ignore:setup.py install is deprecated -W ignore:easy_install command is deprecated setup.py egg_info --egg-base ../build/tesla build --build-base /home/student48/assessments/week7/src/build/tesla/build install --record /home/student48/assessments/week7/src/build/tesla/install.log --single-version-externally-managed install_data
[16.050s] Level 1:colcon.colcon_core.environment:checking '/home/student48/assessments/week7/src/install/sheffield' for CMake module files
[16.051s] DEBUG:colcon.colcon_core.event_handler.log_command:Invoked command in '/home/student48/assessments/week7/src/sheffield' returned '0': AMENT_PREFIX_PATH=/home/student48/assessments/week7/src/install/sfr_ca7_interface_package:${AMENT_PREFIX_PATH} CMAKE_PREFIX_PATH=/home/student48/assessments/week7/src/install/sfr_ca7_interface_package:${CMAKE_PREFIX_PATH} DEBUGINFOD_URLS=https://debuginfod.ubuntu.com LD_LIBRARY_PATH=/home/student48/assessments/week7/src/install/sfr_ca7_interface_package/lib:${LD_LIBRARY_PATH} PYTHONPATH=/home/student48/assessments/week7/src/build/sheffield/prefix_override:/usr/lib/python3/dist-packages/colcon_core/task/python/colcon_distutils_commands:/home/student48/assessments/week7/src/install/sheffield/lib/python3.12/site-packages:/home/student48/assessments/week7/src/install/sfr_ca7_interface_package/lib/python3.12/site-packages:${PYTHONPATH} /usr/bin/python3 -W ignore:setup.py install is deprecated -W ignore:easy_install command is deprecated setup.py egg_info --egg-base ../build/sheffield build --build-base /home/student48/assessments/week7/src/build/sheffield/build install --record /home/student48/assessments/week7/src/build/sheffield/install.log --single-version-externally-managed install_data
[16.052s] Level 1:colcon.colcon_core.environment:checking '/home/student48/assessments/week7/src/install/sheffield' for CMake config files
[16.053s] Level 1:colcon.colcon_core.environment:checking '/home/student48/assessments/week7/src/install/sheffield/lib'
[16.053s] Level 1:colcon.colcon_core.environment:checking '/home/student48/assessments/week7/src/install/sheffield/bin'
[16.053s] Level 1:colcon.colcon_core.environment:checking '/home/student48/assessments/week7/src/install/sheffield/lib/pkgconfig/sheffield.pc'
[16.054s] Level 1:colcon.colcon_core.environment:checking '/home/student48/assessments/week7/src/install/sheffield/lib/python3.12/site-packages'
[16.054s] Level 1:colcon.colcon_core.shell:create_environment_hook('sheffield', 'pythonpath')
[16.054s] INFO:colcon.colcon_core.shell:Creating environment hook '/home/student48/assessments/week7/src/install/sheffield/share/sheffield/hook/pythonpath.ps1'
[16.055s] INFO:colcon.colcon_core.shell:Creating environment descriptor '/home/student48/assessments/week7/src/install/sheffield/share/sheffield/hook/pythonpath.dsv'
[16.055s] INFO:colcon.colcon_core.shell:Creating environment hook '/home/student48/assessments/week7/src/install/sheffield/share/sheffield/hook/pythonpath.sh'
[16.056s] Level 1:colcon.colcon_core.environment:checking '/home/student48/assessments/week7/src/install/sheffield/bin'
[16.057s] Level 1:colcon.colcon_core.environment:create_environment_scripts_only(sheffield)
[16.057s] INFO:colcon.colcon_core.shell:Creating package script '/home/student48/assessments/week7/src/install/sheffield/share/sheffield/package.ps1'
[16.059s] INFO:colcon.colcon_core.shell:Creating package descriptor '/home/student48/assessments/week7/src/install/sheffield/share/sheffield/package.dsv'
[16.060s] INFO:colcon.colcon_core.shell:Creating package script '/home/student48/assessments/week7/src/install/sheffield/share/sheffield/package.sh'
[16.061s] INFO:colcon.colcon_core.shell:Creating package script '/home/student48/assessments/week7/src/install/sheffield/share/sheffield/package.bash'
[16.062s] INFO:colcon.colcon_core.shell:Creating package script '/home/student48/assessments/week7/src/install/sheffield/share/sheffield/package.zsh'
[16.062s] Level 1:colcon.colcon_core.environment:create_file_with_runtime_dependencies(/home/student48/assessments/week7/src/install/sheffield/share/colcon-core/packages/sheffield)
[16.065s] Level 1:colcon.colcon_core.environment:checking '/home/student48/assessments/week7/src/install/tesla' for CMake module files
[16.067s] DEBUG:colcon.colcon_core.event_handler.log_command:Invoked command in '/home/student48/assessments/week7/src/tesla' returned '0': AMENT_PREFIX_PATH=/home/student48/assessments/week7/src/install/sfr_ca7_interface_package:${AMENT_PREFIX_PATH} CMAKE_PREFIX_PATH=/home/student48/assessments/week7/src/install/sfr_ca7_interface_package:${CMAKE_PREFIX_PATH} DEBUGINFOD_URLS=https://debuginfod.ubuntu.com LD_LIBRARY_PATH=/home/student48/assessments/week7/src/install/sfr_ca7_interface_package/lib:${LD_LIBRARY_PATH} PYTHONPATH=/home/student48/assessments/week7/src/build/tesla/prefix_override:/usr/lib/python3/dist-packages/colcon_core/task/python/colcon_distutils_commands:/home/student48/assessments/week7/src/install/tesla/lib/python3.12/site-packages:/home/student48/assessments/week7/src/install/sfr_ca7_interface_package/lib/python3.12/site-packages:${PYTHONPATH} /usr/bin/python3 -W ignore:setup.py install is deprecated -W ignore:easy_install command is deprecated setup.py egg_info --egg-base ../build/tesla build --build-base /home/student48/assessments/week7/src/build/tesla/build install --record /home/student48/assessments/week7/src/build/tesla/install.log --single-version-externally-managed install_data
[16.068s] Level 1:colcon.colcon_core.environment:checking '/home/student48/assessments/week7/src/install/tesla' for CMake config files
[16.070s] Level 1:colcon.colcon_core.environment:checking '/home/student48/assessments/week7/src/install/tesla/lib'
[16.070s] Level 1:colcon.colcon_core.environment:checking '/home/student48/assessments/week7/src/install/tesla/bin'
[16.070s] Level 1:colcon.colcon_core.environment:checking '/home/student48/assessments/week7/src/install/tesla/lib/pkgconfig/tesla.pc'
[16.071s] Level 1:colcon.colcon_core.environment:checking '/home/student48/assessments/week7/src/install/tesla/lib/python3.12/site-packages'
[16.072s] Level 1:colcon.colcon_core.shell:create_environment_hook('tesla', 'pythonpath')
[16.072s] INFO:colcon.colcon_core.shell:Creating environment hook '/home/student48/assessments/week7/src/install/tesla/share/tesla/hook/pythonpath.ps1'
[16.075s] INFO:colcon.colcon_core.shell:Creating environment descriptor '/home/student48/assessments/week7/src/install/tesla/share/tesla/hook/pythonpath.dsv'
[16.076s] INFO:colcon.colcon_core.shell:Creating environment hook '/home/student48/assessments/week7/src/install/tesla/share/tesla/hook/pythonpath.sh'
[16.077s] Level 1:colcon.colcon_core.environment:checking '/home/student48/assessments/week7/src/install/tesla/bin'
[16.078s] Level 1:colcon.colcon_core.environment:create_environment_scripts_only(tesla)
[16.078s] INFO:colcon.colcon_core.shell:Creating package script '/home/student48/assessments/week7/src/install/tesla/share/tesla/package.ps1'
[16.078s] INFO:colcon.colcon_core.shell:Creating package descriptor '/home/student48/assessments/week7/src/install/tesla/share/tesla/package.dsv'
[16.079s] INFO:colcon.colcon_core.shell:Creating package script '/home/student48/assessments/week7/src/install/tesla/share/tesla/package.sh'
[16.079s] INFO:colcon.colcon_core.shell:Creating package script '/home/student48/assessments/week7/src/install/tesla/share/tesla/package.bash'
[16.080s] INFO:colcon.colcon_core.shell:Creating package script '/home/student48/assessments/week7/src/install/tesla/share/tesla/package.zsh'
[16.080s] Level 1:colcon.colcon_core.environment:create_file_with_runtime_dependencies(/home/student48/assessments/week7/src/install/tesla/share/colcon-core/packages/tesla)
[16.080s] DEBUG:colcon.colcon_parallel_executor.executor.parallel:closing loop
[16.081s] DEBUG:colcon.colcon_parallel_executor.executor.parallel:loop closed
[16.081s] DEBUG:colcon.colcon_parallel_executor.executor.parallel:run_until_complete finished with '0'
[16.081s] DEBUG:colcon.colcon_core.event_reactor:joining thread
[16.100s] INFO:colcon.colcon_core.plugin_system:Skipping extension 'colcon_notification.desktop_notification.terminal_notifier': Not used on non-Darwin systems
[16.101s] INFO:colcon.colcon_core.plugin_system:Skipping extension 'colcon_notification.desktop_notification.win32': Not used on non-Windows systems
[16.102s] INFO:colcon.colcon_notification.desktop_notification:Sending desktop notification using 'notify2'
[16.138s] DEBUG:colcon.colcon_core.event_reactor:joined thread
[16.139s] INFO:colcon.colcon_core.shell:Creating prefix script '/home/student48/assessments/week7/src/install/local_setup.ps1'
[16.140s] INFO:colcon.colcon_core.shell:Creating prefix util module '/home/student48/assessments/week7/src/install/_local_setup_util_ps1.py'
[16.142s] INFO:colcon.colcon_core.shell:Creating prefix chain script '/home/student48/assessments/week7/src/install/setup.ps1'
[16.145s] INFO:colcon.colcon_core.shell:Creating prefix script '/home/student48/assessments/week7/src/install/local_setup.sh'
[16.145s] INFO:colcon.colcon_core.shell:Creating prefix util module '/home/student48/assessments/week7/src/install/_local_setup_util_sh.py'
[16.146s] INFO:colcon.colcon_core.shell:Creating prefix chain script '/home/student48/assessments/week7/src/install/setup.sh'
[16.149s] INFO:colcon.colcon_core.shell:Creating prefix script '/home/student48/assessments/week7/src/install/local_setup.bash'
[16.149s] INFO:colcon.colcon_core.shell:Creating prefix chain script '/home/student48/assessments/week7/src/install/setup.bash'
[16.152s] INFO:colcon.colcon_core.shell:Creating prefix script '/home/student48/assessments/week7/src/install/local_setup.zsh'
[16.153s] INFO:colcon.colcon_core.shell:Creating prefix chain script '/home/student48/assessments/week7/src/install/setup.zsh'
