[0.143s] DEBUG:colcon:Command line arguments: ['/usr/bin/colcon', 'build']
[0.143s] DEBUG:colcon:Parsed command line arguments: Namespace(log_base=None, log_level=None, verb_name='build', build_base='build', install_base='install', merge_install=False, symlink_install=False, test_result_base=None, continue_on_error=False, executor='parallel', parallel_workers=12, event_handlers=None, ignore_user_meta=False, metas=['./colcon.meta'], base_paths=['.'], packages_ignore=None, packages_ignore_regex=None, paths=None, packages_up_to=None, packages_up_to_regex=None, packages_above=None, packages_above_and_dependencies=None, packages_above_depth=None, packages_select_by_dep=None, packages_skip_by_dep=None, packages_skip_up_to=None, packages_select_build_failed=False, packages_skip_build_finished=False, packages_select_test_failures=False, packages_skip_test_passed=False, packages_select=None, packages_skip=None, packages_select_regex=None, packages_skip_regex=None, packages_start=None, packages_end=None, allow_overriding=[], cmake_args=None, cmake_target=None, cmake_target_skip_unavailable=False, cmake_clean_cache=False, cmake_clean_first=False, cmake_force_configure=False, ament_cmake_args=None, catkin_cmake_args=None, catkin_skip_building_tests=False, mixin_files=None, mixin=None, verb_parser=<colcon_mixin.mixin.mixin_argument.MixinArgumentDecorator object at 0x7c1046bd7110>, verb_extension=<colcon_core.verb.build.BuildVerb object at 0x7c1046bd6e10>, main=<bound method BuildVerb.main of <colcon_core.verb.build.BuildVerb object at 0x7c1046bd6e10>>, mixin_verb=('build',))
[0.190s] Level 1:colcon.colcon_core.package_discovery:discover_packages(colcon_meta) check parameters
[0.190s] Level 1:colcon.colcon_core.package_discovery:discover_packages(recursive) check parameters
[0.190s] Level 1:colcon.colcon_core.package_discovery:discover_packages(ignore) check parameters
[0.190s] Level 1:colcon.colcon_core.package_discovery:discover_packages(path) check parameters
[0.190s] Level 1:colcon.colcon_core.package_discovery:discover_packages(colcon_meta) discover
[0.190s] Level 1:colcon.colcon_core.package_discovery:discover_packages(recursive) discover
[0.190s] INFO:colcon.colcon_core.package_discovery:Crawling recursively for packages in '/home/student48/assessments/week8'
[0.190s] Level 1:colcon.colcon_core.package_identification:_identify(.) by extensions ['ignore', 'ignore_ament_install']
[0.190s] Level 1:colcon.colcon_core.package_identification:_identify(.) by extension 'ignore'
[0.190s] Level 1:colcon.colcon_core.package_identification:_identify(.) by extension 'ignore_ament_install'
[0.191s] Level 1:colcon.colcon_core.package_identification:_identify(.) by extensions ['colcon_pkg']
[0.191s] Level 1:colcon.colcon_core.package_identification:_identify(.) by extension 'colcon_pkg'
[0.191s] Level 1:colcon.colcon_core.package_identification:_identify(.) by extensions ['colcon_meta']
[0.191s] Level 1:colcon.colcon_core.package_identification:_identify(.) by extension 'colcon_meta'
[0.191s] Level 1:colcon.colcon_core.package_identification:_identify(.) by extensions ['ros']
[0.191s] Level 1:colcon.colcon_core.package_identification:_identify(.) by extension 'ros'
[0.220s] Level 1:colcon.colcon_core.package_identification:_identify(.) by extensions ['cmake', 'python']
[0.220s] Level 1:colcon.colcon_core.package_identification:_identify(.) by extension 'cmake'
[0.220s] Level 1:colcon.colcon_core.package_identification:_identify(.) by extension 'python'
[0.220s] Level 1:colcon.colcon_core.package_identification:_identify(.) by extensions ['python_setup_py']
[0.220s] Level 1:colcon.colcon_core.package_identification:_identify(.) by extension 'python_setup_py'
[0.220s] Level 1:colcon.colcon_core.package_identification:_identify(build) by extensions ['ignore', 'ignore_ament_install']
[0.220s] Level 1:colcon.colcon_core.package_identification:_identify(build) by extension 'ignore'
[0.220s] Level 1:colcon.colcon_core.package_identification:_identify(build) ignored
[0.220s] Level 1:colcon.colcon_core.package_identification:_identify(install) by extensions ['ignore', 'ignore_ament_install']
[0.220s] Level 1:colcon.colcon_core.package_identification:_identify(install) by extension 'ignore'
[0.220s] Level 1:colcon.colcon_core.package_identification:_identify(install) ignored
[0.221s] Level 1:colcon.colcon_core.package_identification:_identify(log) by extensions ['ignore', 'ignore_ament_install']
[0.221s] Level 1:colcon.colcon_core.package_identification:_identify(log) by extension 'ignore'
[0.221s] Level 1:colcon.colcon_core.package_identification:_identify(log) ignored
[0.221s] Level 1:colcon.colcon_core.package_identification:_identify(src) by extensions ['ignore', 'ignore_ament_install']
[0.221s] Level 1:colcon.colcon_core.package_identification:_identify(src) by extension 'ignore'
[0.221s] Level 1:colcon.colcon_core.package_identification:_identify(src) by extension 'ignore_ament_install'
[0.221s] Level 1:colcon.colcon_core.package_identification:_identify(src) by extensions ['colcon_pkg']
[0.221s] Level 1:colcon.colcon_core.package_identification:_identify(src) by extension 'colcon_pkg'
[0.221s] Level 1:colcon.colcon_core.package_identification:_identify(src) by extensions ['colcon_meta']
[0.221s] Level 1:colcon.colcon_core.package_identification:_identify(src) by extension 'colcon_meta'
[0.221s] Level 1:colcon.colcon_core.package_identification:_identify(src) by extensions ['ros']
[0.221s] Level 1:colcon.colcon_core.package_identification:_identify(src) by extension 'ros'
[0.221s] Level 1:colcon.colcon_core.package_identification:_identify(src) by extensions ['cmake', 'python']
[0.221s] Level 1:colcon.colcon_core.package_identification:_identify(src) by extension 'cmake'
[0.221s] Level 1:colcon.colcon_core.package_identification:_identify(src) by extension 'python'
[0.221s] Level 1:colcon.colcon_core.package_identification:_identify(src) by extensions ['python_setup_py']
[0.221s] Level 1:colcon.colcon_core.package_identification:_identify(src) by extension 'python_setup_py'
[0.221s] Level 1:colcon.colcon_core.package_identification:_identify(src/london) by extensions ['ignore', 'ignore_ament_install']
[0.221s] Level 1:colcon.colcon_core.package_identification:_identify(src/london) by extension 'ignore'
[0.221s] Level 1:colcon.colcon_core.package_identification:_identify(src/london) by extension 'ignore_ament_install'
[0.222s] Level 1:colcon.colcon_core.package_identification:_identify(src/london) by extensions ['colcon_pkg']
[0.222s] Level 1:colcon.colcon_core.package_identification:_identify(src/london) by extension 'colcon_pkg'
[0.222s] Level 1:colcon.colcon_core.package_identification:_identify(src/london) by extensions ['colcon_meta']
[0.222s] Level 1:colcon.colcon_core.package_identification:_identify(src/london) by extension 'colcon_meta'
[0.222s] Level 1:colcon.colcon_core.package_identification:_identify(src/london) by extensions ['ros']
[0.222s] Level 1:colcon.colcon_core.package_identification:_identify(src/london) by extension 'ros'
[0.224s] DEBUG:colcon.colcon_core.package_identification:Package 'src/london' with type 'ros.ament_python' and name 'london'
[0.224s] Level 1:colcon.colcon_core.package_identification:_identify(src/toyota) by extensions ['ignore', 'ignore_ament_install']
[0.225s] Level 1:colcon.colcon_core.package_identification:_identify(src/toyota) by extension 'ignore'
[0.225s] Level 1:colcon.colcon_core.package_identification:_identify(src/toyota) by extension 'ignore_ament_install'
[0.225s] Level 1:colcon.colcon_core.package_identification:_identify(src/toyota) by extensions ['colcon_pkg']
[0.225s] Level 1:colcon.colcon_core.package_identification:_identify(src/toyota) by extension 'colcon_pkg'
[0.225s] Level 1:colcon.colcon_core.package_identification:_identify(src/toyota) by extensions ['colcon_meta']
[0.225s] Level 1:colcon.colcon_core.package_identification:_identify(src/toyota) by extension 'colcon_meta'
[0.225s] Level 1:colcon.colcon_core.package_identification:_identify(src/toyota) by extensions ['ros']
[0.225s] Level 1:colcon.colcon_core.package_identification:_identify(src/toyota) by extension 'ros'
[0.225s] DEBUG:colcon.colcon_core.package_identification:Package 'src/toyota' with type 'ros.ament_python' and name 'toyota'
[0.226s] Level 1:colcon.colcon_core.package_discovery:discover_packages(recursive) using defaults
[0.226s] Level 1:colcon.colcon_core.package_discovery:discover_packages(ignore) discover
[0.226s] Level 1:colcon.colcon_core.package_discovery:discover_packages(ignore) using defaults
[0.226s] Level 1:colcon.colcon_core.package_discovery:discover_packages(path) discover
[0.226s] Level 1:colcon.colcon_core.package_discovery:discover_packages(path) using defaults
[0.249s] Level 1:colcon.colcon_core.package_discovery:discover_packages(prefix_path) check parameters
[0.249s] Level 1:colcon.colcon_core.package_discovery:discover_packages(prefix_path) discover
[0.252s] DEBUG:colcon.colcon_installed_package_information.package_discovery:Found 2 installed packages in /home/student48/assessments/week8/install
[0.253s] DEBUG:colcon.colcon_installed_package_information.package_discovery:Found 24 installed packages in /home/student48/ros2_tutorial_workspace/install
[0.255s] DEBUG:colcon.colcon_installed_package_information.package_discovery:Found 2 installed packages in /home/student48/assessments/week4/src/install
[0.256s] DEBUG:colcon.colcon_installed_package_information.package_discovery:Found 285 installed packages in /opt/ros/jazzy
[0.257s] Level 1:colcon.colcon_core.package_discovery:discover_packages(prefix_path) using defaults
[0.298s] Level 5:colcon.colcon_core.verb:set package 'london' build argument 'cmake_args' from command line to 'None'
[0.298s] Level 5:colcon.colcon_core.verb:set package 'london' build argument 'cmake_target' from command line to 'None'
[0.298s] Level 5:colcon.colcon_core.verb:set package 'london' build argument 'cmake_target_skip_unavailable' from command line to 'False'
[0.298s] Level 5:colcon.colcon_core.verb:set package 'london' build argument 'cmake_clean_cache' from command line to 'False'
[0.298s] Level 5:colcon.colcon_core.verb:set package 'london' build argument 'cmake_clean_first' from command line to 'False'
[0.298s] Level 5:colcon.colcon_core.verb:set package 'london' build argument 'cmake_force_configure' from command line to 'False'
[0.298s] Level 5:colcon.colcon_core.verb:set package 'london' build argument 'ament_cmake_args' from command line to 'None'
[0.298s] Level 5:colcon.colcon_core.verb:set package 'london' build argument 'catkin_cmake_args' from command line to 'None'
[0.298s] Level 5:colcon.colcon_core.verb:set package 'london' build argument 'catkin_skip_building_tests' from command line to 'False'
[0.298s] DEBUG:colcon.colcon_core.verb:Building package 'london' with the following arguments: {'ament_cmake_args': None, 'build_base': '/home/student48/assessments/week8/build/london', 'catkin_cmake_args': None, 'catkin_skip_building_tests': False, 'cmake_args': None, 'cmake_clean_cache': False, 'cmake_clean_first': False, 'cmake_force_configure': False, 'cmake_target': None, 'cmake_target_skip_unavailable': False, 'install_base': '/home/student48/assessments/week8/install/london', 'merge_install': False, 'path': '/home/student48/assessments/week8/src/london', 'symlink_install': False, 'test_result_base': None}
[0.299s] Level 5:colcon.colcon_core.verb:set package 'toyota' build argument 'cmake_args' from command line to 'None'
[0.299s] Level 5:colcon.colcon_core.verb:set package 'toyota' build argument 'cmake_target' from command line to 'None'
[0.299s] Level 5:colcon.colcon_core.verb:set package 'toyota' build argument 'cmake_target_skip_unavailable' from command line to 'False'
[0.299s] Level 5:colcon.colcon_core.verb:set package 'toyota' build argument 'cmake_clean_cache' from command line to 'False'
[0.299s] Level 5:colcon.colcon_core.verb:set package 'toyota' build argument 'cmake_clean_first' from command line to 'False'
[0.299s] Level 5:colcon.colcon_core.verb:set package 'toyota' build argument 'cmake_force_configure' from command line to 'False'
[0.299s] Level 5:colcon.colcon_core.verb:set package 'toyota' build argument 'ament_cmake_args' from command line to 'None'
[0.299s] Level 5:colcon.colcon_core.verb:set package 'toyota' build argument 'catkin_cmake_args' from command line to 'None'
[0.299s] Level 5:colcon.colcon_core.verb:set package 'toyota' build argument 'catkin_skip_building_tests' from command line to 'False'
[0.299s] DEBUG:colcon.colcon_core.verb:Building package 'toyota' with the following arguments: {'ament_cmake_args': None, 'build_base': '/home/student48/assessments/week8/build/toyota', 'catkin_cmake_args': None, 'catkin_skip_building_tests': False, 'cmake_args': None, 'cmake_clean_cache': False, 'cmake_clean_first': False, 'cmake_force_configure': False, 'cmake_target': None, 'cmake_target_skip_unavailable': False, 'install_base': '/home/student48/assessments/week8/install/toyota', 'merge_install': False, 'path': '/home/student48/assessments/week8/src/toyota', 'symlink_install': False, 'test_result_base': None}
[0.299s] INFO:colcon.colcon_core.executor:Executing jobs using 'parallel' executor
[0.300s] DEBUG:colcon.colcon_parallel_executor.executor.parallel:run_until_complete
[0.301s] INFO:colcon.colcon_ros.task.ament_python.build:Building ROS package in '/home/student48/assessments/week8/src/london' with build type 'ament_python'
[0.301s] Level 1:colcon.colcon_core.shell:create_environment_hook('london', 'ament_prefix_path')
[0.303s] INFO:colcon.colcon_core.plugin_system:Skipping extension 'colcon_core.shell.bat': Not used on non-Windows systems
[0.304s] INFO:colcon.colcon_core.shell:Creating environment hook '/home/student48/assessments/week8/install/london/share/london/hook/ament_prefix_path.ps1'
[0.304s] INFO:colcon.colcon_core.shell:Creating environment descriptor '/home/student48/assessments/week8/install/london/share/london/hook/ament_prefix_path.dsv'
[0.305s] INFO:colcon.colcon_core.shell:Creating environment hook '/home/student48/assessments/week8/install/london/share/london/hook/ament_prefix_path.sh'
[0.307s] INFO:colcon.colcon_core.shell:Skip shell extension 'powershell' for command environment: Not usable outside of PowerShell
[0.307s] DEBUG:colcon.colcon_core.shell:Skip shell extension 'dsv' for command environment
[0.314s] INFO:colcon.colcon_ros.task.ament_python.build:Building ROS package in '/home/student48/assessments/week8/src/toyota' with build type 'ament_python'
[0.316s] Level 1:colcon.colcon_core.shell:create_environment_hook('toyota', 'ament_prefix_path')
[0.316s] INFO:colcon.colcon_core.shell:Creating environment hook '/home/student48/assessments/week8/install/toyota/share/toyota/hook/ament_prefix_path.ps1'
[0.317s] INFO:colcon.colcon_core.shell:Creating environment descriptor '/home/student48/assessments/week8/install/toyota/share/toyota/hook/ament_prefix_path.dsv'
[0.318s] INFO:colcon.colcon_core.shell:Creating environment hook '/home/student48/assessments/week8/install/toyota/share/toyota/hook/ament_prefix_path.sh'
[0.319s] INFO:colcon.colcon_core.shell:Skip shell extension 'powershell' for command environment: Not usable outside of PowerShell
[0.319s] DEBUG:colcon.colcon_core.shell:Skip shell extension 'dsv' for command environment
[0.667s] INFO:colcon.colcon_core.task.python.build:Building Python package in '/home/student48/assessments/week8/src/london'
[0.667s] INFO:colcon.colcon_core.shell:Skip shell extension 'powershell' for command environment: Not usable outside of PowerShell
[0.668s] DEBUG:colcon.colcon_core.shell:Skip shell extension 'dsv' for command environment
[1.042s] INFO:colcon.colcon_core.task.python.build:Building Python package in '/home/student48/assessments/week8/src/toyota'
[1.043s] INFO:colcon.colcon_core.shell:Skip shell extension 'powershell' for command environment: Not usable outside of PowerShell
[1.043s] DEBUG:colcon.colcon_core.shell:Skip shell extension 'dsv' for command environment
[1.956s] DEBUG:colcon.colcon_core.event_handler.log_command:Invoking command in '/home/student48/assessments/week8/src/toyota': DEBUGINFOD_URLS=https://debuginfod.ubuntu.com PYTHONPATH=/home/student48/assessments/week8/build/toyota/prefix_override:/usr/lib/python3/dist-packages/colcon_core/task/python/colcon_distutils_commands:/home/student48/assessments/week8/install/toyota/lib/python3.12/site-packages:${PYTHONPATH} /usr/bin/python3 -W ignore:setup.py install is deprecated -W ignore:easy_install command is deprecated setup.py egg_info --egg-base ../../build/toyota build --build-base /home/student48/assessments/week8/build/toyota/build install --record /home/student48/assessments/week8/build/toyota/install.log --single-version-externally-managed install_data
[1.966s] DEBUG:colcon.colcon_core.event_handler.log_command:Invoking command in '/home/student48/assessments/week8/src/london': DEBUGINFOD_URLS=https://debuginfod.ubuntu.com PYTHONPATH=/home/student48/assessments/week8/build/london/prefix_override:/usr/lib/python3/dist-packages/colcon_core/task/python/colcon_distutils_commands:/home/student48/assessments/week8/install/london/lib/python3.12/site-packages:${PYTHONPATH} /usr/bin/python3 -W ignore:setup.py install is deprecated -W ignore:easy_install command is deprecated setup.py egg_info --egg-base ../../build/london build --build-base /home/student48/assessments/week8/build/london/build install --record /home/student48/assessments/week8/build/london/install.log --single-version-externally-managed install_data
[2.801s] DEBUG:colcon.colcon_core.event_handler.log_command:Invoked command in '/home/student48/assessments/week8/src/london' returned '0': DEBUGINFOD_URLS=https://debuginfod.ubuntu.com PYTHONPATH=/home/student48/assessments/week8/build/london/prefix_override:/usr/lib/python3/dist-packages/colcon_core/task/python/colcon_distutils_commands:/home/student48/assessments/week8/install/london/lib/python3.12/site-packages:${PYTHONPATH} /usr/bin/python3 -W ignore:setup.py install is deprecated -W ignore:easy_install command is deprecated setup.py egg_info --egg-base ../../build/london build --build-base /home/student48/assessments/week8/build/london/build install --record /home/student48/assessments/week8/build/london/install.log --single-version-externally-managed install_data
[2.807s] Level 1:colcon.colcon_core.environment:checking '/home/student48/assessments/week8/install/london' for CMake module files
[2.808s] Level 1:colcon.colcon_core.environment:checking '/home/student48/assessments/week8/install/london' for CMake config files
[2.810s] Level 1:colcon.colcon_core.environment:checking '/home/student48/assessments/week8/install/london/lib'
[2.811s] Level 1:colcon.colcon_core.environment:checking '/home/student48/assessments/week8/install/london/bin'
[2.811s] Level 1:colcon.colcon_core.environment:checking '/home/student48/assessments/week8/install/london/lib/pkgconfig/london.pc'
[2.812s] Level 1:colcon.colcon_core.environment:checking '/home/student48/assessments/week8/install/london/lib/python3.12/site-packages'
[2.812s] Level 1:colcon.colcon_core.shell:create_environment_hook('london', 'pythonpath')
[2.813s] INFO:colcon.colcon_core.shell:Creating environment hook '/home/student48/assessments/week8/install/london/share/london/hook/pythonpath.ps1'
[2.814s] INFO:colcon.colcon_core.shell:Creating environment descriptor '/home/student48/assessments/week8/install/london/share/london/hook/pythonpath.dsv'
[2.815s] INFO:colcon.colcon_core.shell:Creating environment hook '/home/student48/assessments/week8/install/london/share/london/hook/pythonpath.sh'
[2.816s] Level 1:colcon.colcon_core.environment:checking '/home/student48/assessments/week8/install/london/bin'
[2.817s] Level 1:colcon.colcon_core.environment:create_environment_scripts_only(london)
[2.817s] INFO:colcon.colcon_core.shell:Creating package script '/home/student48/assessments/week8/install/london/share/london/package.ps1'
[2.820s] INFO:colcon.colcon_core.shell:Creating package descriptor '/home/student48/assessments/week8/install/london/share/london/package.dsv'
[2.822s] INFO:colcon.colcon_core.shell:Creating package script '/home/student48/assessments/week8/install/london/share/london/package.sh'
[2.824s] INFO:colcon.colcon_core.shell:Creating package script '/home/student48/assessments/week8/install/london/share/london/package.bash'
[2.826s] INFO:colcon.colcon_core.shell:Creating package script '/home/student48/assessments/week8/install/london/share/london/package.zsh'
[2.828s] Level 1:colcon.colcon_core.environment:create_file_with_runtime_dependencies(/home/student48/assessments/week8/install/london/share/colcon-core/packages/london)
[2.833s] Level 1:colcon.colcon_core.environment:checking '/home/student48/assessments/week8/install/toyota' for CMake module files
[2.835s] DEBUG:colcon.colcon_core.event_handler.log_command:Invoked command in '/home/student48/assessments/week8/src/toyota' returned '0': DEBUGINFOD_URLS=https://debuginfod.ubuntu.com PYTHONPATH=/home/student48/assessments/week8/build/toyota/prefix_override:/usr/lib/python3/dist-packages/colcon_core/task/python/colcon_distutils_commands:/home/student48/assessments/week8/install/toyota/lib/python3.12/site-packages:${PYTHONPATH} /usr/bin/python3 -W ignore:setup.py install is deprecated -W ignore:easy_install command is deprecated setup.py egg_info --egg-base ../../build/toyota build --build-base /home/student48/assessments/week8/build/toyota/build install --record /home/student48/assessments/week8/build/toyota/install.log --single-version-externally-managed install_data
[2.838s] Level 1:colcon.colcon_core.environment:checking '/home/student48/assessments/week8/install/toyota' for CMake config files
[2.840s] Level 1:colcon.colcon_core.environment:checking '/home/student48/assessments/week8/install/toyota/lib'
[2.841s] Level 1:colcon.colcon_core.environment:checking '/home/student48/assessments/week8/install/toyota/bin'
[2.841s] Level 1:colcon.colcon_core.environment:checking '/home/student48/assessments/week8/install/toyota/lib/pkgconfig/toyota.pc'
[2.842s] Level 1:colcon.colcon_core.environment:checking '/home/student48/assessments/week8/install/toyota/lib/python3.12/site-packages'
[2.843s] Level 1:colcon.colcon_core.shell:create_environment_hook('toyota', 'pythonpath')
[2.844s] INFO:colcon.colcon_core.shell:Creating environment hook '/home/student48/assessments/week8/install/toyota/share/toyota/hook/pythonpath.ps1'
[2.845s] INFO:colcon.colcon_core.shell:Creating environment descriptor '/home/student48/assessments/week8/install/toyota/share/toyota/hook/pythonpath.dsv'
[2.846s] INFO:colcon.colcon_core.shell:Creating environment hook '/home/student48/assessments/week8/install/toyota/share/toyota/hook/pythonpath.sh'
[2.848s] Level 1:colcon.colcon_core.environment:checking '/home/student48/assessments/week8/install/toyota/bin'
[2.848s] Level 1:colcon.colcon_core.environment:create_environment_scripts_only(toyota)
[2.849s] INFO:colcon.colcon_core.shell:Creating package script '/home/student48/assessments/week8/install/toyota/share/toyota/package.ps1'
[2.851s] INFO:colcon.colcon_core.shell:Creating package descriptor '/home/student48/assessments/week8/install/toyota/share/toyota/package.dsv'
[2.852s] INFO:colcon.colcon_core.shell:Creating package script '/home/student48/assessments/week8/install/toyota/share/toyota/package.sh'
[2.853s] INFO:colcon.colcon_core.shell:Creating package script '/home/student48/assessments/week8/install/toyota/share/toyota/package.bash'
[2.854s] INFO:colcon.colcon_core.shell:Creating package script '/home/student48/assessments/week8/install/toyota/share/toyota/package.zsh'
[2.855s] Level 1:colcon.colcon_core.environment:create_file_with_runtime_dependencies(/home/student48/assessments/week8/install/toyota/share/colcon-core/packages/toyota)
[2.856s] DEBUG:colcon.colcon_parallel_executor.executor.parallel:closing loop
[2.856s] DEBUG:colcon.colcon_parallel_executor.executor.parallel:loop closed
[2.856s] DEBUG:colcon.colcon_parallel_executor.executor.parallel:run_until_complete finished with '0'
[2.856s] DEBUG:colcon.colcon_core.event_reactor:joining thread
[2.869s] INFO:colcon.colcon_core.plugin_system:Skipping extension 'colcon_notification.desktop_notification.terminal_notifier': Not used on non-Darwin systems
[2.870s] INFO:colcon.colcon_core.plugin_system:Skipping extension 'colcon_notification.desktop_notification.win32': Not used on non-Windows systems
[2.870s] INFO:colcon.colcon_notification.desktop_notification:Sending desktop notification using 'notify2'
[2.886s] DEBUG:colcon.colcon_core.event_reactor:joined thread
[2.886s] INFO:colcon.colcon_core.shell:Creating prefix script '/home/student48/assessments/week8/install/local_setup.ps1'
[2.889s] INFO:colcon.colcon_core.shell:Creating prefix util module '/home/student48/assessments/week8/install/_local_setup_util_ps1.py'
[2.894s] INFO:colcon.colcon_core.shell:Creating prefix chain script '/home/student48/assessments/week8/install/setup.ps1'
[2.901s] INFO:colcon.colcon_core.shell:Creating prefix script '/home/student48/assessments/week8/install/local_setup.sh'
[2.904s] INFO:colcon.colcon_core.shell:Creating prefix util module '/home/student48/assessments/week8/install/_local_setup_util_sh.py'
[2.906s] INFO:colcon.colcon_core.shell:Creating prefix chain script '/home/student48/assessments/week8/install/setup.sh'
[2.913s] INFO:colcon.colcon_core.shell:Creating prefix script '/home/student48/assessments/week8/install/local_setup.bash'
[2.914s] INFO:colcon.colcon_core.shell:Creating prefix chain script '/home/student48/assessments/week8/install/setup.bash'
[2.917s] INFO:colcon.colcon_core.shell:Creating prefix script '/home/student48/assessments/week8/install/local_setup.zsh'
[2.918s] INFO:colcon.colcon_core.shell:Creating prefix chain script '/home/student48/assessments/week8/install/setup.zsh'
