[0.542s] DEBUG:colcon:Command line arguments: ['/usr/bin/colcon', 'build']
[0.543s] DEBUG:colcon:Parsed command line arguments: Namespace(log_base=None, log_level=None, verb_name='build', build_base='build', install_base='install', merge_install=False, symlink_install=False, test_result_base=None, continue_on_error=False, executor='parallel', parallel_workers=12, event_handlers=None, ignore_user_meta=False, metas=['./colcon.meta'], base_paths=['.'], packages_ignore=None, packages_ignore_regex=None, paths=None, packages_up_to=None, packages_up_to_regex=None, packages_above=None, packages_above_and_dependencies=None, packages_above_depth=None, packages_select_by_dep=None, packages_skip_by_dep=None, packages_skip_up_to=None, packages_select_build_failed=False, packages_skip_build_finished=False, packages_select_test_failures=False, packages_skip_test_passed=False, packages_select=None, packages_skip=None, packages_select_regex=None, packages_skip_regex=None, packages_start=None, packages_end=None, allow_overriding=[], cmake_args=None, cmake_target=None, cmake_target_skip_unavailable=False, cmake_clean_cache=False, cmake_clean_first=False, cmake_force_configure=False, ament_cmake_args=None, catkin_cmake_args=None, catkin_skip_building_tests=False, mixin_files=None, mixin=None, verb_parser=<colcon_mixin.mixin.mixin_argument.MixinArgumentDecorator object at 0x79919ef08aa0>, verb_extension=<colcon_core.verb.build.BuildVerb object at 0x79919ef082c0>, main=<bound method BuildVerb.main of <colcon_core.verb.build.BuildVerb object at 0x79919ef082c0>>, mixin_verb=('build',))
[0.722s] Level 1:colcon.colcon_core.package_discovery:discover_packages(colcon_meta) check parameters
[0.723s] Level 1:colcon.colcon_core.package_discovery:discover_packages(recursive) check parameters
[0.723s] Level 1:colcon.colcon_core.package_discovery:discover_packages(ignore) check parameters
[0.723s] Level 1:colcon.colcon_core.package_discovery:discover_packages(path) check parameters
[0.723s] Level 1:colcon.colcon_core.package_discovery:discover_packages(colcon_meta) discover
[0.723s] Level 1:colcon.colcon_core.package_discovery:discover_packages(recursive) discover
[0.723s] INFO:colcon.colcon_core.package_discovery:Crawling recursively for packages in '/home/student48/assessments/coursework2'
[0.723s] Level 1:colcon.colcon_core.package_identification:_identify(.) by extensions ['ignore', 'ignore_ament_install']
[0.724s] Level 1:colcon.colcon_core.package_identification:_identify(.) by extension 'ignore'
[0.724s] Level 1:colcon.colcon_core.package_identification:_identify(.) by extension 'ignore_ament_install'
[0.724s] Level 1:colcon.colcon_core.package_identification:_identify(.) by extensions ['colcon_pkg']
[0.724s] Level 1:colcon.colcon_core.package_identification:_identify(.) by extension 'colcon_pkg'
[0.724s] Level 1:colcon.colcon_core.package_identification:_identify(.) by extensions ['colcon_meta']
[0.725s] Level 1:colcon.colcon_core.package_identification:_identify(.) by extension 'colcon_meta'
[0.725s] Level 1:colcon.colcon_core.package_identification:_identify(.) by extensions ['ros']
[0.725s] Level 1:colcon.colcon_core.package_identification:_identify(.) by extension 'ros'
[0.839s] Level 1:colcon.colcon_core.package_identification:_identify(.) by extensions ['cmake', 'python']
[0.839s] Level 1:colcon.colcon_core.package_identification:_identify(.) by extension 'cmake'
[0.840s] Level 1:colcon.colcon_core.package_identification:_identify(.) by extension 'python'
[0.840s] Level 1:colcon.colcon_core.package_identification:_identify(.) by extensions ['python_setup_py']
[0.840s] Level 1:colcon.colcon_core.package_identification:_identify(.) by extension 'python_setup_py'
[0.840s] Level 1:colcon.colcon_core.package_identification:_identify(build) by extensions ['ignore', 'ignore_ament_install']
[0.841s] Level 1:colcon.colcon_core.package_identification:_identify(build) by extension 'ignore'
[0.841s] Level 1:colcon.colcon_core.package_identification:_identify(build) ignored
[0.841s] Level 1:colcon.colcon_core.package_identification:_identify(install) by extensions ['ignore', 'ignore_ament_install']
[0.842s] Level 1:colcon.colcon_core.package_identification:_identify(install) by extension 'ignore'
[0.842s] Level 1:colcon.colcon_core.package_identification:_identify(install) ignored
[0.842s] Level 1:colcon.colcon_core.package_identification:_identify(log) by extensions ['ignore', 'ignore_ament_install']
[0.843s] Level 1:colcon.colcon_core.package_identification:_identify(log) by extension 'ignore'
[0.843s] Level 1:colcon.colcon_core.package_identification:_identify(log) ignored
[0.843s] Level 1:colcon.colcon_core.package_identification:_identify(src) by extensions ['ignore', 'ignore_ament_install']
[0.844s] Level 1:colcon.colcon_core.package_identification:_identify(src) by extension 'ignore'
[0.844s] Level 1:colcon.colcon_core.package_identification:_identify(src) by extension 'ignore_ament_install'
[0.844s] Level 1:colcon.colcon_core.package_identification:_identify(src) by extensions ['colcon_pkg']
[0.844s] Level 1:colcon.colcon_core.package_identification:_identify(src) by extension 'colcon_pkg'
[0.844s] Level 1:colcon.colcon_core.package_identification:_identify(src) by extensions ['colcon_meta']
[0.844s] Level 1:colcon.colcon_core.package_identification:_identify(src) by extension 'colcon_meta'
[0.845s] Level 1:colcon.colcon_core.package_identification:_identify(src) by extensions ['ros']
[0.845s] Level 1:colcon.colcon_core.package_identification:_identify(src) by extension 'ros'
[0.845s] Level 1:colcon.colcon_core.package_identification:_identify(src) by extensions ['cmake', 'python']
[0.845s] Level 1:colcon.colcon_core.package_identification:_identify(src) by extension 'cmake'
[0.845s] Level 1:colcon.colcon_core.package_identification:_identify(src) by extension 'python'
[0.846s] Level 1:colcon.colcon_core.package_identification:_identify(src) by extensions ['python_setup_py']
[0.846s] Level 1:colcon.colcon_core.package_identification:_identify(src) by extension 'python_setup_py'
[0.846s] Level 1:colcon.colcon_core.package_identification:_identify(src/gamma_system_bridge_pkg) by extensions ['ignore', 'ignore_ament_install']
[0.846s] Level 1:colcon.colcon_core.package_identification:_identify(src/gamma_system_bridge_pkg) by extension 'ignore'
[0.846s] Level 1:colcon.colcon_core.package_identification:_identify(src/gamma_system_bridge_pkg) by extension 'ignore_ament_install'
[0.847s] Level 1:colcon.colcon_core.package_identification:_identify(src/gamma_system_bridge_pkg) by extensions ['colcon_pkg']
[0.847s] Level 1:colcon.colcon_core.package_identification:_identify(src/gamma_system_bridge_pkg) by extension 'colcon_pkg'
[0.847s] Level 1:colcon.colcon_core.package_identification:_identify(src/gamma_system_bridge_pkg) by extensions ['colcon_meta']
[0.847s] Level 1:colcon.colcon_core.package_identification:_identify(src/gamma_system_bridge_pkg) by extension 'colcon_meta'
[0.847s] Level 1:colcon.colcon_core.package_identification:_identify(src/gamma_system_bridge_pkg) by extensions ['ros']
[0.847s] Level 1:colcon.colcon_core.package_identification:_identify(src/gamma_system_bridge_pkg) by extension 'ros'
[0.857s] DEBUG:colcon.colcon_core.package_identification:Package 'src/gamma_system_bridge_pkg' with type 'ros.ament_python' and name 'gamma_system_bridge_pkg'
[0.858s] Level 1:colcon.colcon_core.package_identification:_identify(src/gamma_system_controller_pkg) by extensions ['ignore', 'ignore_ament_install']
[0.858s] Level 1:colcon.colcon_core.package_identification:_identify(src/gamma_system_controller_pkg) by extension 'ignore'
[0.859s] Level 1:colcon.colcon_core.package_identification:_identify(src/gamma_system_controller_pkg) by extension 'ignore_ament_install'
[0.859s] Level 1:colcon.colcon_core.package_identification:_identify(src/gamma_system_controller_pkg) by extensions ['colcon_pkg']
[0.859s] Level 1:colcon.colcon_core.package_identification:_identify(src/gamma_system_controller_pkg) by extension 'colcon_pkg'
[0.859s] Level 1:colcon.colcon_core.package_identification:_identify(src/gamma_system_controller_pkg) by extensions ['colcon_meta']
[0.859s] Level 1:colcon.colcon_core.package_identification:_identify(src/gamma_system_controller_pkg) by extension 'colcon_meta'
[0.860s] Level 1:colcon.colcon_core.package_identification:_identify(src/gamma_system_controller_pkg) by extensions ['ros']
[0.860s] Level 1:colcon.colcon_core.package_identification:_identify(src/gamma_system_controller_pkg) by extension 'ros'
[0.862s] DEBUG:colcon.colcon_core.package_identification:Package 'src/gamma_system_controller_pkg' with type 'ros.ament_python' and name 'gamma_system_controller_pkg'
[0.862s] Level 1:colcon.colcon_core.package_identification:_identify(src/sfr_coursework2_interface_package) by extensions ['ignore', 'ignore_ament_install']
[0.862s] Level 1:colcon.colcon_core.package_identification:_identify(src/sfr_coursework2_interface_package) by extension 'ignore'
[0.863s] Level 1:colcon.colcon_core.package_identification:_identify(src/sfr_coursework2_interface_package) by extension 'ignore_ament_install'
[0.863s] Level 1:colcon.colcon_core.package_identification:_identify(src/sfr_coursework2_interface_package) by extensions ['colcon_pkg']
[0.863s] Level 1:colcon.colcon_core.package_identification:_identify(src/sfr_coursework2_interface_package) by extension 'colcon_pkg'
[0.863s] Level 1:colcon.colcon_core.package_identification:_identify(src/sfr_coursework2_interface_package) by extensions ['colcon_meta']
[0.863s] Level 1:colcon.colcon_core.package_identification:_identify(src/sfr_coursework2_interface_package) by extension 'colcon_meta'
[0.863s] Level 1:colcon.colcon_core.package_identification:_identify(src/sfr_coursework2_interface_package) by extensions ['ros']
[0.863s] Level 1:colcon.colcon_core.package_identification:_identify(src/sfr_coursework2_interface_package) by extension 'ros'
[0.865s] DEBUG:colcon.colcon_core.package_identification:Package 'src/sfr_coursework2_interface_package' with type 'ros.ament_cmake' and name 'sfr_coursework2_interface_package'
[0.865s] Level 1:colcon.colcon_core.package_discovery:discover_packages(recursive) using defaults
[0.865s] Level 1:colcon.colcon_core.package_discovery:discover_packages(ignore) discover
[0.866s] Level 1:colcon.colcon_core.package_discovery:discover_packages(ignore) using defaults
[0.866s] Level 1:colcon.colcon_core.package_discovery:discover_packages(path) discover
[0.866s] Level 1:colcon.colcon_core.package_discovery:discover_packages(path) using defaults
[0.949s] Level 1:colcon.colcon_core.package_discovery:discover_packages(prefix_path) check parameters
[0.949s] Level 1:colcon.colcon_core.package_discovery:discover_packages(prefix_path) discover
[0.958s] DEBUG:colcon.colcon_installed_package_information.package_discovery:Found 3 installed packages in /home/student48/assessments/coursework2/install
[0.963s] DEBUG:colcon.colcon_installed_package_information.package_discovery:Found 26 installed packages in /home/student48/ros2_tutorial_workspace/install
[0.967s] DEBUG:colcon.colcon_installed_package_information.package_discovery:Found 2 installed packages in /home/student48/assessments/week4/src/install
[0.973s] DEBUG:colcon.colcon_installed_package_information.package_discovery:Found 386 installed packages in /opt/ros/jazzy
[0.977s] Level 1:colcon.colcon_core.package_discovery:discover_packages(prefix_path) using defaults
[1.187s] Level 5:colcon.colcon_core.verb:set package 'gamma_system_bridge_pkg' build argument 'cmake_args' from command line to 'None'
[1.187s] Level 5:colcon.colcon_core.verb:set package 'gamma_system_bridge_pkg' build argument 'cmake_target' from command line to 'None'
[1.187s] Level 5:colcon.colcon_core.verb:set package 'gamma_system_bridge_pkg' build argument 'cmake_target_skip_unavailable' from command line to 'False'
[1.187s] Level 5:colcon.colcon_core.verb:set package 'gamma_system_bridge_pkg' build argument 'cmake_clean_cache' from command line to 'False'
[1.187s] Level 5:colcon.colcon_core.verb:set package 'gamma_system_bridge_pkg' build argument 'cmake_clean_first' from command line to 'False'
[1.187s] Level 5:colcon.colcon_core.verb:set package 'gamma_system_bridge_pkg' build argument 'cmake_force_configure' from command line to 'False'
[1.187s] Level 5:colcon.colcon_core.verb:set package 'gamma_system_bridge_pkg' build argument 'ament_cmake_args' from command line to 'None'
[1.188s] Level 5:colcon.colcon_core.verb:set package 'gamma_system_bridge_pkg' build argument 'catkin_cmake_args' from command line to 'None'
[1.188s] Level 5:colcon.colcon_core.verb:set package 'gamma_system_bridge_pkg' build argument 'catkin_skip_building_tests' from command line to 'False'
[1.188s] DEBUG:colcon.colcon_core.verb:Building package 'gamma_system_bridge_pkg' with the following arguments: {'ament_cmake_args': None, 'build_base': '/home/student48/assessments/coursework2/build/gamma_system_bridge_pkg', 'catkin_cmake_args': None, 'catkin_skip_building_tests': False, 'cmake_args': None, 'cmake_clean_cache': False, 'cmake_clean_first': False, 'cmake_force_configure': False, 'cmake_target': None, 'cmake_target_skip_unavailable': False, 'install_base': '/home/student48/assessments/coursework2/install/gamma_system_bridge_pkg', 'merge_install': False, 'path': '/home/student48/assessments/coursework2/src/gamma_system_bridge_pkg', 'symlink_install': False, 'test_result_base': None}
[1.189s] Level 5:colcon.colcon_core.verb:set package 'gamma_system_controller_pkg' build argument 'cmake_args' from command line to 'None'
[1.189s] Level 5:colcon.colcon_core.verb:set package 'gamma_system_controller_pkg' build argument 'cmake_target' from command line to 'None'
[1.189s] Level 5:colcon.colcon_core.verb:set package 'gamma_system_controller_pkg' build argument 'cmake_target_skip_unavailable' from command line to 'False'
[1.189s] Level 5:colcon.colcon_core.verb:set package 'gamma_system_controller_pkg' build argument 'cmake_clean_cache' from command line to 'False'
[1.189s] Level 5:colcon.colcon_core.verb:set package 'gamma_system_controller_pkg' build argument 'cmake_clean_first' from command line to 'False'
[1.189s] Level 5:colcon.colcon_core.verb:set package 'gamma_system_controller_pkg' build argument 'cmake_force_configure' from command line to 'False'
[1.189s] Level 5:colcon.colcon_core.verb:set package 'gamma_system_controller_pkg' build argument 'ament_cmake_args' from command line to 'None'
[1.189s] Level 5:colcon.colcon_core.verb:set package 'gamma_system_controller_pkg' build argument 'catkin_cmake_args' from command line to 'None'
[1.189s] Level 5:colcon.colcon_core.verb:set package 'gamma_system_controller_pkg' build argument 'catkin_skip_building_tests' from command line to 'False'
[1.189s] DEBUG:colcon.colcon_core.verb:Building package 'gamma_system_controller_pkg' with the following arguments: {'ament_cmake_args': None, 'build_base': '/home/student48/assessments/coursework2/build/gamma_system_controller_pkg', 'catkin_cmake_args': None, 'catkin_skip_building_tests': False, 'cmake_args': None, 'cmake_clean_cache': False, 'cmake_clean_first': False, 'cmake_force_configure': False, 'cmake_target': None, 'cmake_target_skip_unavailable': False, 'install_base': '/home/student48/assessments/coursework2/install/gamma_system_controller_pkg', 'merge_install': False, 'path': '/home/student48/assessments/coursework2/src/gamma_system_controller_pkg', 'symlink_install': False, 'test_result_base': None}
[1.190s] Level 5:colcon.colcon_core.verb:set package 'sfr_coursework2_interface_package' build argument 'cmake_args' from command line to 'None'
[1.191s] Level 5:colcon.colcon_core.verb:set package 'sfr_coursework2_interface_package' build argument 'cmake_target' from command line to 'None'
[1.191s] Level 5:colcon.colcon_core.verb:set package 'sfr_coursework2_interface_package' build argument 'cmake_target_skip_unavailable' from command line to 'False'
[1.191s] Level 5:colcon.colcon_core.verb:set package 'sfr_coursework2_interface_package' build argument 'cmake_clean_cache' from command line to 'False'
[1.191s] Level 5:colcon.colcon_core.verb:set package 'sfr_coursework2_interface_package' build argument 'cmake_clean_first' from command line to 'False'
[1.191s] Level 5:colcon.colcon_core.verb:set package 'sfr_coursework2_interface_package' build argument 'cmake_force_configure' from command line to 'False'
[1.191s] Level 5:colcon.colcon_core.verb:set package 'sfr_coursework2_interface_package' build argument 'ament_cmake_args' from command line to 'None'
[1.191s] Level 5:colcon.colcon_core.verb:set package 'sfr_coursework2_interface_package' build argument 'catkin_cmake_args' from command line to 'None'
[1.191s] Level 5:colcon.colcon_core.verb:set package 'sfr_coursework2_interface_package' build argument 'catkin_skip_building_tests' from command line to 'False'
[1.191s] DEBUG:colcon.colcon_core.verb:Building package 'sfr_coursework2_interface_package' with the following arguments: {'ament_cmake_args': None, 'build_base': '/home/student48/assessments/coursework2/build/sfr_coursework2_interface_package', 'catkin_cmake_args': None, 'catkin_skip_building_tests': False, 'cmake_args': None, 'cmake_clean_cache': False, 'cmake_clean_first': False, 'cmake_force_configure': False, 'cmake_target': None, 'cmake_target_skip_unavailable': False, 'install_base': '/home/student48/assessments/coursework2/install/sfr_coursework2_interface_package', 'merge_install': False, 'path': '/home/student48/assessments/coursework2/src/sfr_coursework2_interface_package', 'symlink_install': False, 'test_result_base': None}
[1.192s] INFO:colcon.colcon_core.executor:Executing jobs using 'parallel' executor
[1.197s] DEBUG:colcon.colcon_parallel_executor.executor.parallel:run_until_complete
[1.198s] INFO:colcon.colcon_ros.task.ament_python.build:Building ROS package in '/home/student48/assessments/coursework2/src/gamma_system_bridge_pkg' with build type 'ament_python'
[1.198s] Level 1:colcon.colcon_core.shell:create_environment_hook('gamma_system_bridge_pkg', 'ament_prefix_path')
[1.206s] INFO:colcon.colcon_core.plugin_system:Skipping extension 'colcon_core.shell.bat': Not used on non-Windows systems
[1.207s] INFO:colcon.colcon_core.shell:Creating environment hook '/home/student48/assessments/coursework2/install/gamma_system_bridge_pkg/share/gamma_system_bridge_pkg/hook/ament_prefix_path.ps1'
[1.210s] INFO:colcon.colcon_core.shell:Creating environment descriptor '/home/student48/assessments/coursework2/install/gamma_system_bridge_pkg/share/gamma_system_bridge_pkg/hook/ament_prefix_path.dsv'
[1.212s] INFO:colcon.colcon_core.shell:Creating environment hook '/home/student48/assessments/coursework2/install/gamma_system_bridge_pkg/share/gamma_system_bridge_pkg/hook/ament_prefix_path.sh'
[1.215s] INFO:colcon.colcon_core.shell:Skip shell extension 'powershell' for command environment: Not usable outside of PowerShell
[1.215s] DEBUG:colcon.colcon_core.shell:Skip shell extension 'dsv' for command environment
[1.238s] INFO:colcon.colcon_ros.task.ament_python.build:Building ROS package in '/home/student48/assessments/coursework2/src/gamma_system_controller_pkg' with build type 'ament_python'
[1.238s] Level 1:colcon.colcon_core.shell:create_environment_hook('gamma_system_controller_pkg', 'ament_prefix_path')
[1.239s] INFO:colcon.colcon_core.shell:Creating environment hook '/home/student48/assessments/coursework2/install/gamma_system_controller_pkg/share/gamma_system_controller_pkg/hook/ament_prefix_path.ps1'
[1.240s] INFO:colcon.colcon_core.shell:Creating environment descriptor '/home/student48/assessments/coursework2/install/gamma_system_controller_pkg/share/gamma_system_controller_pkg/hook/ament_prefix_path.dsv'
[1.242s] INFO:colcon.colcon_core.shell:Creating environment hook '/home/student48/assessments/coursework2/install/gamma_system_controller_pkg/share/gamma_system_controller_pkg/hook/ament_prefix_path.sh'
[1.245s] INFO:colcon.colcon_core.shell:Skip shell extension 'powershell' for command environment: Not usable outside of PowerShell
[1.245s] DEBUG:colcon.colcon_core.shell:Skip shell extension 'dsv' for command environment
[1.269s] INFO:colcon.colcon_ros.task.ament_cmake.build:Building ROS package in '/home/student48/assessments/coursework2/src/sfr_coursework2_interface_package' with build type 'ament_cmake'
[1.270s] INFO:colcon.colcon_cmake.task.cmake.build:Building CMake package in '/home/student48/assessments/coursework2/src/sfr_coursework2_interface_package'
[1.270s] INFO:colcon.colcon_core.shell:Skip shell extension 'powershell' for command environment: Not usable outside of PowerShell
[1.270s] DEBUG:colcon.colcon_core.shell:Skip shell extension 'dsv' for command environment
[2.410s] INFO:colcon.colcon_core.task.python.build:Building Python package in '/home/student48/assessments/coursework2/src/gamma_system_bridge_pkg'
[2.411s] INFO:colcon.colcon_core.shell:Skip shell extension 'powershell' for command environment: Not usable outside of PowerShell
[2.411s] DEBUG:colcon.colcon_core.shell:Skip shell extension 'dsv' for command environment
[3.505s] INFO:colcon.colcon_core.task.python.build:Building Python package in '/home/student48/assessments/coursework2/src/gamma_system_controller_pkg'
[3.506s] INFO:colcon.colcon_core.shell:Skip shell extension 'powershell' for command environment: Not usable outside of PowerShell
[3.507s] DEBUG:colcon.colcon_core.shell:Skip shell extension 'dsv' for command environment
[3.538s] DEBUG:colcon.colcon_core.event_handler.log_command:Invoking command in '/home/student48/assessments/coursework2/build/sfr_coursework2_interface_package': CMAKE_PREFIX_PATH=${CMAKE_PREFIX_PATH}:/home/student48/assessments/coursework2/install/gamma_system_controller_pkg:/home/student48/assessments/coursework2/install/gamma_system_bridge_pkg:/home/student48/ros2_tutorial_workspace/install/the_simplest_python_packagee:/home/student48/ros2_tutorial_workspace/install/the_simplest_python_package:/home/student48/ros2_tutorial_workspace/install/python_package_with_a_node:/home/student48/ros2_tutorial_workspace/install/python_package_that_uses_the_library:/home/student48/ros2_tutorial_workspace/install/python_package_with_a_library:/home/student48/ros2_tutorial_workspace/install/python_package_that_uses_the_services:/home/student48/ros2_tutorial_workspace/install/python_package_that_uses_the_messages:/home/student48/ros2_tutorial_workspace/install/python_package_that_uses_the_actions:/home/student48/ros2_tutorial_workspace/install/python_package_that_uses_tf2:/home/student48/ros2_tutorial_workspace/install/python_package_that_uses_parameters_and_launch_files:/home/student48/ros2_tutorial_workspace/install/python_package_that_uses_nav2:/home/student48/ros2_tutorial_workspace/install/python_package_that_uses_geometry_msgs:/home/student48/ros2_tutorial_workspace/install/python_package_that_uses_gazebo:/home/student48/ros2_tutorial_workspace/install/my_package:/home/student48/ros2_tutorial_workspace/install/custom_tf_package:/home/student48/ros2_tutorial_workspace/install/custom_tf_broadcaster_package:/home/student48/ros2_tutorial_workspace/install/custom_subscriber_package:/home/student48/ros2_tutorial_workspace/install/custom_server_package:/home/student48/ros2_tutorial_workspace/install/custom_publisher_package:/home/student48/ros2_tutorial_workspace/install/custom_package_with_node:/home/student48/ros2_tutorial_workspace/install/custom_package_with_library:/home/student48/ros2_tutorial_workspace/install/custom_client_package:/home/student48/ros2_tutorial_workspace/install/custom_action_server_package:/home/student48/ros2_tutorial_workspace/install/custom_action_client_package:/home/student48/ros2_tutorial_workspace/install/another_package:/home/student48/assessments/week4/src/install/volkswagen:/home/student48/assessments/week4/src/install/building:/opt/ros/jazzy DEBUGINFOD_URLS=https://debuginfod.ubuntu.com /usr/bin/cmake --build /home/student48/assessments/coursework2/build/sfr_coursework2_interface_package -- -j12 -l12
[5.663s] DEBUG:colcon.colcon_core.event_handler.log_command:Invoked command in '/home/student48/assessments/coursework2/build/sfr_coursework2_interface_package' returned '0': CMAKE_PREFIX_PATH=${CMAKE_PREFIX_PATH}:/home/student48/assessments/coursework2/install/gamma_system_controller_pkg:/home/student48/assessments/coursework2/install/gamma_system_bridge_pkg:/home/student48/ros2_tutorial_workspace/install/the_simplest_python_packagee:/home/student48/ros2_tutorial_workspace/install/the_simplest_python_package:/home/student48/ros2_tutorial_workspace/install/python_package_with_a_node:/home/student48/ros2_tutorial_workspace/install/python_package_that_uses_the_library:/home/student48/ros2_tutorial_workspace/install/python_package_with_a_library:/home/student48/ros2_tutorial_workspace/install/python_package_that_uses_the_services:/home/student48/ros2_tutorial_workspace/install/python_package_that_uses_the_messages:/home/student48/ros2_tutorial_workspace/install/python_package_that_uses_the_actions:/home/student48/ros2_tutorial_workspace/install/python_package_that_uses_tf2:/home/student48/ros2_tutorial_workspace/install/python_package_that_uses_parameters_and_launch_files:/home/student48/ros2_tutorial_workspace/install/python_package_that_uses_nav2:/home/student48/ros2_tutorial_workspace/install/python_package_that_uses_geometry_msgs:/home/student48/ros2_tutorial_workspace/install/python_package_that_uses_gazebo:/home/student48/ros2_tutorial_workspace/install/my_package:/home/student48/ros2_tutorial_workspace/install/custom_tf_package:/home/student48/ros2_tutorial_workspace/install/custom_tf_broadcaster_package:/home/student48/ros2_tutorial_workspace/install/custom_subscriber_package:/home/student48/ros2_tutorial_workspace/install/custom_server_package:/home/student48/ros2_tutorial_workspace/install/custom_publisher_package:/home/student48/ros2_tutorial_workspace/install/custom_package_with_node:/home/student48/ros2_tutorial_workspace/install/custom_package_with_library:/home/student48/ros2_tutorial_workspace/install/custom_client_package:/home/student48/ros2_tutorial_workspace/install/custom_action_server_package:/home/student48/ros2_tutorial_workspace/install/custom_action_client_package:/home/student48/ros2_tutorial_workspace/install/another_package:/home/student48/assessments/week4/src/install/volkswagen:/home/student48/assessments/week4/src/install/building:/opt/ros/jazzy DEBUGINFOD_URLS=https://debuginfod.ubuntu.com /usr/bin/cmake --build /home/student48/assessments/coursework2/build/sfr_coursework2_interface_package -- -j12 -l12
[5.696s] DEBUG:colcon.colcon_core.event_handler.log_command:Invoking command in '/home/student48/assessments/coursework2/build/sfr_coursework2_interface_package': CMAKE_PREFIX_PATH=${CMAKE_PREFIX_PATH}:/home/student48/assessments/coursework2/install/gamma_system_controller_pkg:/home/student48/assessments/coursework2/install/gamma_system_bridge_pkg:/home/student48/ros2_tutorial_workspace/install/the_simplest_python_packagee:/home/student48/ros2_tutorial_workspace/install/the_simplest_python_package:/home/student48/ros2_tutorial_workspace/install/python_package_with_a_node:/home/student48/ros2_tutorial_workspace/install/python_package_that_uses_the_library:/home/student48/ros2_tutorial_workspace/install/python_package_with_a_library:/home/student48/ros2_tutorial_workspace/install/python_package_that_uses_the_services:/home/student48/ros2_tutorial_workspace/install/python_package_that_uses_the_messages:/home/student48/ros2_tutorial_workspace/install/python_package_that_uses_the_actions:/home/student48/ros2_tutorial_workspace/install/python_package_that_uses_tf2:/home/student48/ros2_tutorial_workspace/install/python_package_that_uses_parameters_and_launch_files:/home/student48/ros2_tutorial_workspace/install/python_package_that_uses_nav2:/home/student48/ros2_tutorial_workspace/install/python_package_that_uses_geometry_msgs:/home/student48/ros2_tutorial_workspace/install/python_package_that_uses_gazebo:/home/student48/ros2_tutorial_workspace/install/my_package:/home/student48/ros2_tutorial_workspace/install/custom_tf_package:/home/student48/ros2_tutorial_workspace/install/custom_tf_broadcaster_package:/home/student48/ros2_tutorial_workspace/install/custom_subscriber_package:/home/student48/ros2_tutorial_workspace/install/custom_server_package:/home/student48/ros2_tutorial_workspace/install/custom_publisher_package:/home/student48/ros2_tutorial_workspace/install/custom_package_with_node:/home/student48/ros2_tutorial_workspace/install/custom_package_with_library:/home/student48/ros2_tutorial_workspace/install/custom_client_package:/home/student48/ros2_tutorial_workspace/install/custom_action_server_package:/home/student48/ros2_tutorial_workspace/install/custom_action_client_package:/home/student48/ros2_tutorial_workspace/install/another_package:/home/student48/assessments/week4/src/install/volkswagen:/home/student48/assessments/week4/src/install/building:/opt/ros/jazzy DEBUGINFOD_URLS=https://debuginfod.ubuntu.com /usr/bin/cmake --install /home/student48/assessments/coursework2/build/sfr_coursework2_interface_package
[5.935s] Level 1:colcon.colcon_core.environment:create_environment_scripts_only(sfr_coursework2_interface_package)
[5.936s] DEBUG:colcon.colcon_core.event_handler.log_command:Invoked command in '/home/student48/assessments/coursework2/build/sfr_coursework2_interface_package' returned '0': CMAKE_PREFIX_PATH=${CMAKE_PREFIX_PATH}:/home/student48/assessments/coursework2/install/gamma_system_controller_pkg:/home/student48/assessments/coursework2/install/gamma_system_bridge_pkg:/home/student48/ros2_tutorial_workspace/install/the_simplest_python_packagee:/home/student48/ros2_tutorial_workspace/install/the_simplest_python_package:/home/student48/ros2_tutorial_workspace/install/python_package_with_a_node:/home/student48/ros2_tutorial_workspace/install/python_package_that_uses_the_library:/home/student48/ros2_tutorial_workspace/install/python_package_with_a_library:/home/student48/ros2_tutorial_workspace/install/python_package_that_uses_the_services:/home/student48/ros2_tutorial_workspace/install/python_package_that_uses_the_messages:/home/student48/ros2_tutorial_workspace/install/python_package_that_uses_the_actions:/home/student48/ros2_tutorial_workspace/install/python_package_that_uses_tf2:/home/student48/ros2_tutorial_workspace/install/python_package_that_uses_parameters_and_launch_files:/home/student48/ros2_tutorial_workspace/install/python_package_that_uses_nav2:/home/student48/ros2_tutorial_workspace/install/python_package_that_uses_geometry_msgs:/home/student48/ros2_tutorial_workspace/install/python_package_that_uses_gazebo:/home/student48/ros2_tutorial_workspace/install/my_package:/home/student48/ros2_tutorial_workspace/install/custom_tf_package:/home/student48/ros2_tutorial_workspace/install/custom_tf_broadcaster_package:/home/student48/ros2_tutorial_workspace/install/custom_subscriber_package:/home/student48/ros2_tutorial_workspace/install/custom_server_package:/home/student48/ros2_tutorial_workspace/install/custom_publisher_package:/home/student48/ros2_tutorial_workspace/install/custom_package_with_node:/home/student48/ros2_tutorial_workspace/install/custom_package_with_library:/home/student48/ros2_tutorial_workspace/install/custom_client_package:/home/student48/ros2_tutorial_workspace/install/custom_action_server_package:/home/student48/ros2_tutorial_workspace/install/custom_action_client_package:/home/student48/ros2_tutorial_workspace/install/another_package:/home/student48/assessments/week4/src/install/volkswagen:/home/student48/assessments/week4/src/install/building:/opt/ros/jazzy DEBUGINFOD_URLS=https://debuginfod.ubuntu.com /usr/bin/cmake --install /home/student48/assessments/coursework2/build/sfr_coursework2_interface_package
[5.971s] Level 1:colcon.colcon_core.environment:checking '/home/student48/assessments/coursework2/install/sfr_coursework2_interface_package' for CMake module files
[5.975s] Level 1:colcon.colcon_core.environment:checking '/home/student48/assessments/coursework2/install/sfr_coursework2_interface_package' for CMake config files
[5.977s] Level 1:colcon.colcon_core.shell:create_environment_hook('sfr_coursework2_interface_package', 'cmake_prefix_path')
[5.977s] INFO:colcon.colcon_core.shell:Creating environment hook '/home/student48/assessments/coursework2/install/sfr_coursework2_interface_package/share/sfr_coursework2_interface_package/hook/cmake_prefix_path.ps1'
[5.979s] INFO:colcon.colcon_core.shell:Creating environment descriptor '/home/student48/assessments/coursework2/install/sfr_coursework2_interface_package/share/sfr_coursework2_interface_package/hook/cmake_prefix_path.dsv'
[5.980s] INFO:colcon.colcon_core.shell:Creating environment hook '/home/student48/assessments/coursework2/install/sfr_coursework2_interface_package/share/sfr_coursework2_interface_package/hook/cmake_prefix_path.sh'
[5.981s] Level 1:colcon.colcon_core.environment:checking '/home/student48/assessments/coursework2/install/sfr_coursework2_interface_package/lib'
[5.982s] Level 1:colcon.colcon_core.shell:create_environment_hook('sfr_coursework2_interface_package', 'ld_library_path_lib')
[5.982s] INFO:colcon.colcon_core.shell:Creating environment hook '/home/student48/assessments/coursework2/install/sfr_coursework2_interface_package/share/sfr_coursework2_interface_package/hook/ld_library_path_lib.ps1'
[5.983s] INFO:colcon.colcon_core.shell:Creating environment descriptor '/home/student48/assessments/coursework2/install/sfr_coursework2_interface_package/share/sfr_coursework2_interface_package/hook/ld_library_path_lib.dsv'
[5.985s] INFO:colcon.colcon_core.shell:Creating environment hook '/home/student48/assessments/coursework2/install/sfr_coursework2_interface_package/share/sfr_coursework2_interface_package/hook/ld_library_path_lib.sh'
[5.986s] Level 1:colcon.colcon_core.environment:checking '/home/student48/assessments/coursework2/install/sfr_coursework2_interface_package/bin'
[5.986s] Level 1:colcon.colcon_core.environment:checking '/home/student48/assessments/coursework2/install/sfr_coursework2_interface_package/lib/pkgconfig/sfr_coursework2_interface_package.pc'
[5.987s] Level 1:colcon.colcon_core.environment:checking '/home/student48/assessments/coursework2/install/sfr_coursework2_interface_package/lib/python3.12/site-packages'
[5.987s] Level 1:colcon.colcon_core.shell:create_environment_hook('sfr_coursework2_interface_package', 'pythonpath')
[5.988s] INFO:colcon.colcon_core.shell:Creating environment hook '/home/student48/assessments/coursework2/install/sfr_coursework2_interface_package/share/sfr_coursework2_interface_package/hook/pythonpath.ps1'
[5.990s] INFO:colcon.colcon_core.shell:Creating environment descriptor '/home/student48/assessments/coursework2/install/sfr_coursework2_interface_package/share/sfr_coursework2_interface_package/hook/pythonpath.dsv'
[5.991s] INFO:colcon.colcon_core.shell:Creating environment hook '/home/student48/assessments/coursework2/install/sfr_coursework2_interface_package/share/sfr_coursework2_interface_package/hook/pythonpath.sh'
[5.993s] Level 1:colcon.colcon_core.environment:checking '/home/student48/assessments/coursework2/install/sfr_coursework2_interface_package/bin'
[5.994s] INFO:colcon.colcon_core.shell:Creating package script '/home/student48/assessments/coursework2/install/sfr_coursework2_interface_package/share/sfr_coursework2_interface_package/package.ps1'
[5.996s] INFO:colcon.colcon_core.shell:Creating package descriptor '/home/student48/assessments/coursework2/install/sfr_coursework2_interface_package/share/sfr_coursework2_interface_package/package.dsv'
[5.998s] INFO:colcon.colcon_core.shell:Creating package script '/home/student48/assessments/coursework2/install/sfr_coursework2_interface_package/share/sfr_coursework2_interface_package/package.sh'
[6.000s] INFO:colcon.colcon_core.shell:Creating package script '/home/student48/assessments/coursework2/install/sfr_coursework2_interface_package/share/sfr_coursework2_interface_package/package.bash'
[6.002s] INFO:colcon.colcon_core.shell:Creating package script '/home/student48/assessments/coursework2/install/sfr_coursework2_interface_package/share/sfr_coursework2_interface_package/package.zsh'
[6.003s] Level 1:colcon.colcon_core.environment:create_file_with_runtime_dependencies(/home/student48/assessments/coursework2/install/sfr_coursework2_interface_package/share/colcon-core/packages/sfr_coursework2_interface_package)
[6.004s] Level 1:colcon.colcon_core.environment:create_environment_scripts_only(sfr_coursework2_interface_package)
[6.005s] Level 1:colcon.colcon_core.environment:checking '/home/student48/assessments/coursework2/install/sfr_coursework2_interface_package' for CMake module files
[6.006s] Level 1:colcon.colcon_core.environment:checking '/home/student48/assessments/coursework2/install/sfr_coursework2_interface_package' for CMake config files
[6.007s] Level 1:colcon.colcon_core.shell:create_environment_hook('sfr_coursework2_interface_package', 'cmake_prefix_path')
[6.008s] INFO:colcon.colcon_core.shell:Creating environment hook '/home/student48/assessments/coursework2/install/sfr_coursework2_interface_package/share/sfr_coursework2_interface_package/hook/cmake_prefix_path.ps1'
[6.008s] INFO:colcon.colcon_core.shell:Creating environment descriptor '/home/student48/assessments/coursework2/install/sfr_coursework2_interface_package/share/sfr_coursework2_interface_package/hook/cmake_prefix_path.dsv'
[6.009s] INFO:colcon.colcon_core.shell:Creating environment hook '/home/student48/assessments/coursework2/install/sfr_coursework2_interface_package/share/sfr_coursework2_interface_package/hook/cmake_prefix_path.sh'
[6.010s] Level 1:colcon.colcon_core.environment:checking '/home/student48/assessments/coursework2/install/sfr_coursework2_interface_package/lib'
[6.010s] Level 1:colcon.colcon_core.shell:create_environment_hook('sfr_coursework2_interface_package', 'ld_library_path_lib')
[6.011s] INFO:colcon.colcon_core.shell:Creating environment hook '/home/student48/assessments/coursework2/install/sfr_coursework2_interface_package/share/sfr_coursework2_interface_package/hook/ld_library_path_lib.ps1'
[6.012s] INFO:colcon.colcon_core.shell:Creating environment descriptor '/home/student48/assessments/coursework2/install/sfr_coursework2_interface_package/share/sfr_coursework2_interface_package/hook/ld_library_path_lib.dsv'
[6.012s] INFO:colcon.colcon_core.shell:Creating environment hook '/home/student48/assessments/coursework2/install/sfr_coursework2_interface_package/share/sfr_coursework2_interface_package/hook/ld_library_path_lib.sh'
[6.013s] Level 1:colcon.colcon_core.environment:checking '/home/student48/assessments/coursework2/install/sfr_coursework2_interface_package/bin'
[6.013s] Level 1:colcon.colcon_core.environment:checking '/home/student48/assessments/coursework2/install/sfr_coursework2_interface_package/lib/pkgconfig/sfr_coursework2_interface_package.pc'
[6.014s] Level 1:colcon.colcon_core.environment:checking '/home/student48/assessments/coursework2/install/sfr_coursework2_interface_package/lib/python3.12/site-packages'
[6.014s] Level 1:colcon.colcon_core.shell:create_environment_hook('sfr_coursework2_interface_package', 'pythonpath')
[6.014s] INFO:colcon.colcon_core.shell:Creating environment hook '/home/student48/assessments/coursework2/install/sfr_coursework2_interface_package/share/sfr_coursework2_interface_package/hook/pythonpath.ps1'
[6.016s] INFO:colcon.colcon_core.shell:Creating environment descriptor '/home/student48/assessments/coursework2/install/sfr_coursework2_interface_package/share/sfr_coursework2_interface_package/hook/pythonpath.dsv'
[6.019s] INFO:colcon.colcon_core.shell:Creating environment hook '/home/student48/assessments/coursework2/install/sfr_coursework2_interface_package/share/sfr_coursework2_interface_package/hook/pythonpath.sh'
[6.022s] Level 1:colcon.colcon_core.environment:checking '/home/student48/assessments/coursework2/install/sfr_coursework2_interface_package/bin'
[6.023s] INFO:colcon.colcon_core.shell:Creating package script '/home/student48/assessments/coursework2/install/sfr_coursework2_interface_package/share/sfr_coursework2_interface_package/package.ps1'
[6.025s] INFO:colcon.colcon_core.shell:Creating package descriptor '/home/student48/assessments/coursework2/install/sfr_coursework2_interface_package/share/sfr_coursework2_interface_package/package.dsv'
[6.026s] INFO:colcon.colcon_core.shell:Creating package script '/home/student48/assessments/coursework2/install/sfr_coursework2_interface_package/share/sfr_coursework2_interface_package/package.sh'
[6.027s] INFO:colcon.colcon_core.shell:Creating package script '/home/student48/assessments/coursework2/install/sfr_coursework2_interface_package/share/sfr_coursework2_interface_package/package.bash'
[6.028s] INFO:colcon.colcon_core.shell:Creating package script '/home/student48/assessments/coursework2/install/sfr_coursework2_interface_package/share/sfr_coursework2_interface_package/package.zsh'
[6.029s] Level 1:colcon.colcon_core.environment:create_file_with_runtime_dependencies(/home/student48/assessments/coursework2/install/sfr_coursework2_interface_package/share/colcon-core/packages/sfr_coursework2_interface_package)
[6.809s] DEBUG:colcon.colcon_core.event_handler.log_command:Invoking command in '/home/student48/assessments/coursework2/src/gamma_system_controller_pkg': DEBUGINFOD_URLS=https://debuginfod.ubuntu.com PYTHONPATH=/home/student48/assessments/coursework2/build/gamma_system_controller_pkg/prefix_override:/usr/lib/python3/dist-packages/colcon_core/task/python/colcon_distutils_commands:/home/student48/assessments/coursework2/install/gamma_system_controller_pkg/lib/python3.12/site-packages:${PYTHONPATH} /usr/bin/python3 -W ignore:setup.py install is deprecated -W ignore:easy_install command is deprecated setup.py egg_info --egg-base ../../build/gamma_system_controller_pkg build --build-base /home/student48/assessments/coursework2/build/gamma_system_controller_pkg/build install --record /home/student48/assessments/coursework2/build/gamma_system_controller_pkg/install.log --single-version-externally-managed install_data
[6.823s] DEBUG:colcon.colcon_core.event_handler.log_command:Invoking command in '/home/student48/assessments/coursework2/src/gamma_system_bridge_pkg': DEBUGINFOD_URLS=https://debuginfod.ubuntu.com PYTHONPATH=/home/student48/assessments/coursework2/build/gamma_system_bridge_pkg/prefix_override:/usr/lib/python3/dist-packages/colcon_core/task/python/colcon_distutils_commands:/home/student48/assessments/coursework2/install/gamma_system_bridge_pkg/lib/python3.12/site-packages:${PYTHONPATH} /usr/bin/python3 -W ignore:setup.py install is deprecated -W ignore:easy_install command is deprecated setup.py egg_info --egg-base ../../build/gamma_system_bridge_pkg build --build-base /home/student48/assessments/coursework2/build/gamma_system_bridge_pkg/build install --record /home/student48/assessments/coursework2/build/gamma_system_bridge_pkg/install.log --single-version-externally-managed install_data
[9.771s] Level 1:colcon.colcon_core.environment:checking '/home/student48/assessments/coursework2/install/gamma_system_bridge_pkg' for CMake module files
[9.772s] Level 1:colcon.colcon_core.environment:checking '/home/student48/assessments/coursework2/install/gamma_system_bridge_pkg' for CMake config files
[9.775s] DEBUG:colcon.colcon_core.event_handler.log_command:Invoked command in '/home/student48/assessments/coursework2/src/gamma_system_bridge_pkg' returned '0': DEBUGINFOD_URLS=https://debuginfod.ubuntu.com PYTHONPATH=/home/student48/assessments/coursework2/build/gamma_system_bridge_pkg/prefix_override:/usr/lib/python3/dist-packages/colcon_core/task/python/colcon_distutils_commands:/home/student48/assessments/coursework2/install/gamma_system_bridge_pkg/lib/python3.12/site-packages:${PYTHONPATH} /usr/bin/python3 -W ignore:setup.py install is deprecated -W ignore:easy_install command is deprecated setup.py egg_info --egg-base ../../build/gamma_system_bridge_pkg build --build-base /home/student48/assessments/coursework2/build/gamma_system_bridge_pkg/build install --record /home/student48/assessments/coursework2/build/gamma_system_bridge_pkg/install.log --single-version-externally-managed install_data
[9.781s] Level 1:colcon.colcon_core.environment:checking '/home/student48/assessments/coursework2/install/gamma_system_bridge_pkg/lib'
[9.781s] Level 1:colcon.colcon_core.environment:checking '/home/student48/assessments/coursework2/install/gamma_system_bridge_pkg/bin'
[9.782s] Level 1:colcon.colcon_core.environment:checking '/home/student48/assessments/coursework2/install/gamma_system_bridge_pkg/lib/pkgconfig/gamma_system_bridge_pkg.pc'
[9.782s] Level 1:colcon.colcon_core.environment:checking '/home/student48/assessments/coursework2/install/gamma_system_bridge_pkg/lib/python3.12/site-packages'
[9.783s] Level 1:colcon.colcon_core.shell:create_environment_hook('gamma_system_bridge_pkg', 'pythonpath')
[9.785s] INFO:colcon.colcon_core.shell:Creating environment hook '/home/student48/assessments/coursework2/install/gamma_system_bridge_pkg/share/gamma_system_bridge_pkg/hook/pythonpath.ps1'
[9.788s] INFO:colcon.colcon_core.shell:Creating environment descriptor '/home/student48/assessments/coursework2/install/gamma_system_bridge_pkg/share/gamma_system_bridge_pkg/hook/pythonpath.dsv'
[9.790s] INFO:colcon.colcon_core.shell:Creating environment hook '/home/student48/assessments/coursework2/install/gamma_system_bridge_pkg/share/gamma_system_bridge_pkg/hook/pythonpath.sh'
[9.793s] Level 1:colcon.colcon_core.environment:checking '/home/student48/assessments/coursework2/install/gamma_system_bridge_pkg/bin'
[9.793s] Level 1:colcon.colcon_core.environment:create_environment_scripts_only(gamma_system_bridge_pkg)
[9.794s] INFO:colcon.colcon_core.shell:Creating package script '/home/student48/assessments/coursework2/install/gamma_system_bridge_pkg/share/gamma_system_bridge_pkg/package.ps1'
[9.796s] INFO:colcon.colcon_core.shell:Creating package descriptor '/home/student48/assessments/coursework2/install/gamma_system_bridge_pkg/share/gamma_system_bridge_pkg/package.dsv'
[9.799s] INFO:colcon.colcon_core.shell:Creating package script '/home/student48/assessments/coursework2/install/gamma_system_bridge_pkg/share/gamma_system_bridge_pkg/package.sh'
[9.803s] INFO:colcon.colcon_core.shell:Creating package script '/home/student48/assessments/coursework2/install/gamma_system_bridge_pkg/share/gamma_system_bridge_pkg/package.bash'
[9.805s] INFO:colcon.colcon_core.shell:Creating package script '/home/student48/assessments/coursework2/install/gamma_system_bridge_pkg/share/gamma_system_bridge_pkg/package.zsh'
[9.806s] Level 1:colcon.colcon_core.environment:create_file_with_runtime_dependencies(/home/student48/assessments/coursework2/install/gamma_system_bridge_pkg/share/colcon-core/packages/gamma_system_bridge_pkg)
[9.810s] Level 1:colcon.colcon_core.environment:checking '/home/student48/assessments/coursework2/install/gamma_system_controller_pkg' for CMake module files
[9.811s] DEBUG:colcon.colcon_core.event_handler.log_command:Invoked command in '/home/student48/assessments/coursework2/src/gamma_system_controller_pkg' returned '0': DEBUGINFOD_URLS=https://debuginfod.ubuntu.com PYTHONPATH=/home/student48/assessments/coursework2/build/gamma_system_controller_pkg/prefix_override:/usr/lib/python3/dist-packages/colcon_core/task/python/colcon_distutils_commands:/home/student48/assessments/coursework2/install/gamma_system_controller_pkg/lib/python3.12/site-packages:${PYTHONPATH} /usr/bin/python3 -W ignore:setup.py install is deprecated -W ignore:easy_install command is deprecated setup.py egg_info --egg-base ../../build/gamma_system_controller_pkg build --build-base /home/student48/assessments/coursework2/build/gamma_system_controller_pkg/build install --record /home/student48/assessments/coursework2/build/gamma_system_controller_pkg/install.log --single-version-externally-managed install_data
[9.812s] Level 1:colcon.colcon_core.environment:checking '/home/student48/assessments/coursework2/install/gamma_system_controller_pkg' for CMake config files
[9.814s] Level 1:colcon.colcon_core.environment:checking '/home/student48/assessments/coursework2/install/gamma_system_controller_pkg/lib'
[9.814s] Level 1:colcon.colcon_core.environment:checking '/home/student48/assessments/coursework2/install/gamma_system_controller_pkg/bin'
[9.814s] Level 1:colcon.colcon_core.environment:checking '/home/student48/assessments/coursework2/install/gamma_system_controller_pkg/lib/pkgconfig/gamma_system_controller_pkg.pc'
[9.815s] Level 1:colcon.colcon_core.environment:checking '/home/student48/assessments/coursework2/install/gamma_system_controller_pkg/lib/python3.12/site-packages'
[9.815s] Level 1:colcon.colcon_core.shell:create_environment_hook('gamma_system_controller_pkg', 'pythonpath')
[9.816s] INFO:colcon.colcon_core.shell:Creating environment hook '/home/student48/assessments/coursework2/install/gamma_system_controller_pkg/share/gamma_system_controller_pkg/hook/pythonpath.ps1'
[9.818s] INFO:colcon.colcon_core.shell:Creating environment descriptor '/home/student48/assessments/coursework2/install/gamma_system_controller_pkg/share/gamma_system_controller_pkg/hook/pythonpath.dsv'
[9.819s] INFO:colcon.colcon_core.shell:Creating environment hook '/home/student48/assessments/coursework2/install/gamma_system_controller_pkg/share/gamma_system_controller_pkg/hook/pythonpath.sh'
[9.821s] Level 1:colcon.colcon_core.environment:checking '/home/student48/assessments/coursework2/install/gamma_system_controller_pkg/bin'
[9.821s] Level 1:colcon.colcon_core.environment:create_environment_scripts_only(gamma_system_controller_pkg)
[9.822s] INFO:colcon.colcon_core.shell:Creating package script '/home/student48/assessments/coursework2/install/gamma_system_controller_pkg/share/gamma_system_controller_pkg/package.ps1'
[9.823s] INFO:colcon.colcon_core.shell:Creating package descriptor '/home/student48/assessments/coursework2/install/gamma_system_controller_pkg/share/gamma_system_controller_pkg/package.dsv'
[9.824s] INFO:colcon.colcon_core.shell:Creating package script '/home/student48/assessments/coursework2/install/gamma_system_controller_pkg/share/gamma_system_controller_pkg/package.sh'
[9.825s] INFO:colcon.colcon_core.shell:Creating package script '/home/student48/assessments/coursework2/install/gamma_system_controller_pkg/share/gamma_system_controller_pkg/package.bash'
[9.826s] INFO:colcon.colcon_core.shell:Creating package script '/home/student48/assessments/coursework2/install/gamma_system_controller_pkg/share/gamma_system_controller_pkg/package.zsh'
[9.826s] Level 1:colcon.colcon_core.environment:create_file_with_runtime_dependencies(/home/student48/assessments/coursework2/install/gamma_system_controller_pkg/share/colcon-core/packages/gamma_system_controller_pkg)
[9.828s] DEBUG:colcon.colcon_parallel_executor.executor.parallel:closing loop
[9.830s] DEBUG:colcon.colcon_parallel_executor.executor.parallel:loop closed
[9.830s] DEBUG:colcon.colcon_parallel_executor.executor.parallel:run_until_complete finished with '0'
[9.831s] DEBUG:colcon.colcon_core.event_reactor:joining thread
[9.878s] INFO:colcon.colcon_core.plugin_system:Skipping extension 'colcon_notification.desktop_notification.terminal_notifier': Not used on non-Darwin systems
[9.878s] INFO:colcon.colcon_core.plugin_system:Skipping extension 'colcon_notification.desktop_notification.win32': Not used on non-Windows systems
[9.879s] INFO:colcon.colcon_notification.desktop_notification:Sending desktop notification using 'notify2'
[9.908s] DEBUG:colcon.colcon_core.event_reactor:joined thread
[9.909s] INFO:colcon.colcon_core.shell:Creating prefix script '/home/student48/assessments/coursework2/install/local_setup.ps1'
[9.911s] INFO:colcon.colcon_core.shell:Creating prefix util module '/home/student48/assessments/coursework2/install/_local_setup_util_ps1.py'
[9.915s] INFO:colcon.colcon_core.shell:Creating prefix chain script '/home/student48/assessments/coursework2/install/setup.ps1'
[9.921s] INFO:colcon.colcon_core.shell:Creating prefix script '/home/student48/assessments/coursework2/install/local_setup.sh'
[9.922s] INFO:colcon.colcon_core.shell:Creating prefix util module '/home/student48/assessments/coursework2/install/_local_setup_util_sh.py'
[9.923s] INFO:colcon.colcon_core.shell:Creating prefix chain script '/home/student48/assessments/coursework2/install/setup.sh'
[9.928s] INFO:colcon.colcon_core.shell:Creating prefix script '/home/student48/assessments/coursework2/install/local_setup.bash'
[9.931s] INFO:colcon.colcon_core.shell:Creating prefix chain script '/home/student48/assessments/coursework2/install/setup.bash'
[9.941s] INFO:colcon.colcon_core.shell:Creating prefix script '/home/student48/assessments/coursework2/install/local_setup.zsh'
[9.945s] INFO:colcon.colcon_core.shell:Creating prefix chain script '/home/student48/assessments/coursework2/install/setup.zsh'
