running egg_info
creating ../../build/alpha_warrior_launch_pkg/alpha_warrior_launch_pkg.egg-info
writing ../../build/alpha_warrior_launch_pkg/alpha_warrior_launch_pkg.egg-info/PKG-INFO
writing dependency_links to ../../build/alpha_warrior_launch_pkg/alpha_warrior_launch_pkg.egg-info/dependency_links.txt
writing entry points to ../../build/alpha_warrior_launch_pkg/alpha_warrior_launch_pkg.egg-info/entry_points.txt
writing requirements to ../../build/alpha_warrior_launch_pkg/alpha_warrior_launch_pkg.egg-info/requires.txt
writing top-level names to ../../build/alpha_warrior_launch_pkg/alpha_warrior_launch_pkg.egg-info/top_level.txt
writing manifest file '../../build/alpha_warrior_launch_pkg/alpha_warrior_launch_pkg.egg-info/SOURCES.txt'
reading manifest file '../../build/alpha_warrior_launch_pkg/alpha_warrior_launch_pkg.egg-info/SOURCES.txt'
writing manifest file '../../build/alpha_warrior_launch_pkg/alpha_warrior_launch_pkg.egg-info/SOURCES.txt'
running build
running build_py
creating /home/student48/assessments/coursework1/build/alpha_warrior_launch_pkg/build
creating /home/student48/assessments/coursework1/build/alpha_warrior_launch_pkg/build/lib
creating /home/student48/assessments/coursework1/build/alpha_warrior_launch_pkg/build/lib/alpha_warrior_launch_pkg
copying alpha_warrior_launch_pkg/alpha_warrior_launch.py -> /home/student48/assessments/coursework1/build/alpha_warrior_launch_pkg/build/lib/alpha_warrior_launch_pkg
copying alpha_warrior_launch_pkg/__init__.py -> /home/student48/assessments/coursework1/build/alpha_warrior_launch_pkg/build/lib/alpha_warrior_launch_pkg
copying alpha_warrior_launch_pkg/alpha_warrior_controller_launch.py -> /home/student48/assessments/coursework1/build/alpha_warrior_launch_pkg/build/lib/alpha_warrior_launch_pkg
running install
running install_lib
creating /home/student48/assessments/coursework1/install/alpha_warrior_launch_pkg/lib/python3.12/site-packages/alpha_warrior_launch_pkg
copying /home/student48/assessments/coursework1/build/alpha_warrior_launch_pkg/build/lib/alpha_warrior_launch_pkg/alpha_warrior_launch.py -> /home/student48/assessments/coursework1/install/alpha_warrior_launch_pkg/lib/python3.12/site-packages/alpha_warrior_launch_pkg
copying /home/student48/assessments/coursework1/build/alpha_warrior_launch_pkg/build/lib/alpha_warrior_launch_pkg/__init__.py -> /home/student48/assessments/coursework1/install/alpha_warrior_launch_pkg/lib/python3.12/site-packages/alpha_warrior_launch_pkg
copying /home/student48/assessments/coursework1/build/alpha_warrior_launch_pkg/build/lib/alpha_warrior_launch_pkg/alpha_warrior_controller_launch.py -> /home/student48/assessments/coursework1/install/alpha_warrior_launch_pkg/lib/python3.12/site-packages/alpha_warrior_launch_pkg
byte-compiling /home/student48/assessments/coursework1/install/alpha_warrior_launch_pkg/lib/python3.12/site-packages/alpha_warrior_launch_pkg/alpha_warrior_launch.py to alpha_warrior_launch.cpython-312.pyc
byte-compiling /home/student48/assessments/coursework1/install/alpha_warrior_launch_pkg/lib/python3.12/site-packages/alpha_warrior_launch_pkg/__init__.py to __init__.cpython-312.pyc
byte-compiling /home/student48/assessments/coursework1/install/alpha_warrior_launch_pkg/lib/python3.12/site-packages/alpha_warrior_launch_pkg/alpha_warrior_controller_launch.py to alpha_warrior_controller_launch.cpython-312.pyc
running install_data
creating /home/student48/assessments/coursework1/install/alpha_warrior_launch_pkg/share/ament_index
creating /home/student48/assessments/coursework1/install/alpha_warrior_launch_pkg/share/ament_index/resource_index
creating /home/student48/assessments/coursework1/install/alpha_warrior_launch_pkg/share/ament_index/resource_index/packages
copying resource/alpha_warrior_launch_pkg -> /home/student48/assessments/coursework1/install/alpha_warrior_launch_pkg/share/ament_index/resource_index/packages
copying package.xml -> /home/student48/assessments/coursework1/install/alpha_warrior_launch_pkg/share/alpha_warrior_launch_pkg
creating /home/student48/assessments/coursework1/install/alpha_warrior_launch_pkg/share/alpha_warrior_launch_pkg/launch
running install_egg_info
Copying ../../build/alpha_warrior_launch_pkg/alpha_warrior_launch_pkg.egg-info to /home/student48/assessments/coursework1/install/alpha_warrior_launch_pkg/lib/python3.12/site-packages/alpha_warrior_launch_pkg-0.0.0-py3.12.egg-info
running install_scripts
Installing alpha_warrior_controller_node script to /home/student48/assessments/coursework1/install/alpha_warrior_launch_pkg/lib/alpha_warrior_launch_pkg
Installing alpha_warrior_node script to /home/student48/assessments/coursework1/install/alpha_warrior_launch_pkg/lib/alpha_warrior_launch_pkg
writing list of installed files to '/home/student48/assessments/coursework1/build/alpha_warrior_launch_pkg/install.log'
