[1.431s] Invoking command in '/home/student48/assessments/week3/src/dormitory': DEBUGINFOD_URLS=https://debuginfod.ubuntu.com PYTHONPATH=/home/student48/assessments/week3/build/dormitory/prefix_override:/usr/lib/python3/dist-packages/colcon_core/task/python/colcon_distutils_commands:/home/student48/assessments/week3/install/dormitory/lib/python3.12/site-packages:${PYTHONPATH} /usr/bin/python3 -W ignore:setup.py install is deprecated -W ignore:easy_install command is deprecated setup.py egg_info --egg-base ../../build/dormitory build --build-base /home/student48/assessments/week3/build/dormitory/build install --record /home/student48/assessments/week3/build/dormitory/install.log --single-version-externally-managed install_data
[1.793s] running egg_info
[1.820s] writing ../../build/dormitory/dormitory.egg-info/PKG-INFO
[1.821s] writing dependency_links to ../../build/dormitory/dormitory.egg-info/dependency_links.txt
[1.821s] writing entry points to ../../build/dormitory/dormitory.egg-info/entry_points.txt
[1.821s] writing requirements to ../../build/dormitory/dormitory.egg-info/requires.txt
[1.821s] writing top-level names to ../../build/dormitory/dormitory.egg-info/top_level.txt
[1.876s] reading manifest file '../../build/dormitory/dormitory.egg-info/SOURCES.txt'
[1.877s] writing manifest file '../../build/dormitory/dormitory.egg-info/SOURCES.txt'
[1.877s] running build
[1.878s] running build_py
[1.878s] running install
[1.886s] running install_lib
[1.914s] running install_data
[1.914s] running install_egg_info
[1.948s] removing '/home/student48/assessments/week3/install/dormitory/lib/python3.12/site-packages/dormitory-0.0.0-py3.12.egg-info' (and everything under it)
[1.949s] Copying ../../build/dormitory/dormitory.egg-info to /home/student48/assessments/week3/install/dormitory/lib/python3.12/site-packages/dormitory-0.0.0-py3.12.egg-info
[1.952s] running install_scripts
[2.170s] Installing team_locker script to /home/student48/assessments/week3/install/dormitory/lib/dormitory
[2.170s] writing list of installed files to '/home/student48/assessments/week3/build/dormitory/install.log'
[2.210s] Invoked command in '/home/student48/assessments/week3/src/dormitory' returned '0': DEBUGINFOD_URLS=https://debuginfod.ubuntu.com PYTHONPATH=/home/student48/assessments/week3/build/dormitory/prefix_override:/usr/lib/python3/dist-packages/colcon_core/task/python/colcon_distutils_commands:/home/student48/assessments/week3/install/dormitory/lib/python3.12/site-packages:${PYTHONPATH} /usr/bin/python3 -W ignore:setup.py install is deprecated -W ignore:easy_install command is deprecated setup.py egg_info --egg-base ../../build/dormitory build --build-base /home/student48/assessments/week3/build/dormitory/build install --record /home/student48/assessments/week3/build/dormitory/install.log --single-version-externally-managed install_data
