[1.421s] Invoking command in '/home/student48/assessments/week10/src/the_revenant': DEBUGINFOD_URLS=https://debuginfod.ubuntu.com PYTHONPATH=/home/student48/assessments/week10/build/the_revenant/prefix_override:/usr/lib/python3/dist-packages/colcon_core/task/python/colcon_distutils_commands:/home/student48/assessments/week10/install/the_revenant/lib/python3.12/site-packages:${PYTHONPATH} /usr/bin/python3 -W ignore:setup.py install is deprecated -W ignore:easy_install command is deprecated setup.py egg_info --egg-base ../../build/the_revenant build --build-base /home/student48/assessments/week10/build/the_revenant/build install --record /home/student48/assessments/week10/build/the_revenant/install.log --single-version-externally-managed install_data
[1.897s] running egg_info
[1.927s] writing ../../build/the_revenant/the_revenant.egg-info/PKG-INFO
[1.928s] writing dependency_links to ../../build/the_revenant/the_revenant.egg-info/dependency_links.txt
[1.928s] writing entry points to ../../build/the_revenant/the_revenant.egg-info/entry_points.txt
[1.929s] writing requirements to ../../build/the_revenant/the_revenant.egg-info/requires.txt
[1.929s] writing top-level names to ../../build/the_revenant/the_revenant.egg-info/top_level.txt
[2.001s] reading manifest file '../../build/the_revenant/the_revenant.egg-info/SOURCES.txt'
[2.002s] writing manifest file '../../build/the_revenant/the_revenant.egg-info/SOURCES.txt'
[2.002s] running build
[2.003s] running build_py
[2.003s] copying the_revenant/acknowledge.py -> /home/student48/assessments/week10/build/the_revenant/build/lib/the_revenant
[2.004s] running install
[2.016s] running install_lib
[2.072s] copying /home/student48/assessments/week10/build/the_revenant/build/lib/the_revenant/acknowledge.py -> /home/student48/assessments/week10/install/the_revenant/lib/python3.12/site-packages/the_revenant
[2.074s] byte-compiling /home/student48/assessments/week10/install/the_revenant/lib/python3.12/site-packages/the_revenant/acknowledge.py to acknowledge.cpython-312.pyc
[2.077s] running install_data
[2.077s] running install_egg_info
[2.147s] removing '/home/student48/assessments/week10/install/the_revenant/lib/python3.12/site-packages/the_revenant-0.0.0-py3.12.egg-info' (and everything under it)
[2.147s] Copying ../../build/the_revenant/the_revenant.egg-info to /home/student48/assessments/week10/install/the_revenant/lib/python3.12/site-packages/the_revenant-0.0.0-py3.12.egg-info
[2.150s] running install_scripts
[2.412s] Installing acknowledge script to /home/student48/assessments/week10/install/the_revenant/lib/the_revenant
[2.413s] writing list of installed files to '/home/student48/assessments/week10/build/the_revenant/install.log'
[2.454s] Invoked command in '/home/student48/assessments/week10/src/the_revenant' returned '0': DEBUGINFOD_URLS=https://debuginfod.ubuntu.com PYTHONPATH=/home/student48/assessments/week10/build/the_revenant/prefix_override:/usr/lib/python3/dist-packages/colcon_core/task/python/colcon_distutils_commands:/home/student48/assessments/week10/install/the_revenant/lib/python3.12/site-packages:${PYTHONPATH} /usr/bin/python3 -W ignore:setup.py install is deprecated -W ignore:easy_install command is deprecated setup.py egg_info --egg-base ../../build/the_revenant build --build-base /home/student48/assessments/week10/build/the_revenant/build install --record /home/student48/assessments/week10/build/the_revenant/install.log --single-version-externally-managed install_data
