[1.723s] Invoking command in '/home/student48/assessments/week5/src/cardiff': DEBUGINFOD_URLS=https://debuginfod.ubuntu.com PYTHONPATH=/home/student48/assessments/week5/src/build/cardiff/prefix_override:/usr/lib/python3/dist-packages/colcon_core/task/python/colcon_distutils_commands:/home/student48/assessments/week5/src/install/cardiff/lib/python3.12/site-packages:${PYTHONPATH} /usr/bin/python3 -W ignore:setup.py install is deprecated -W ignore:easy_install command is deprecated setup.py egg_info --egg-base ../build/cardiff build --build-base /home/student48/assessments/week5/src/build/cardiff/build install --record /home/student48/assessments/week5/src/build/cardiff/install.log --single-version-externally-managed install_data
[2.122s] running egg_info
[2.152s] writing ../build/cardiff/cardiff.egg-info/PKG-INFO
[2.152s] writing dependency_links to ../build/cardiff/cardiff.egg-info/dependency_links.txt
[2.152s] writing entry points to ../build/cardiff/cardiff.egg-info/entry_points.txt
[2.153s] writing requirements to ../build/cardiff/cardiff.egg-info/requires.txt
[2.153s] writing top-level names to ../build/cardiff/cardiff.egg-info/top_level.txt
[2.218s] reading manifest file '../build/cardiff/cardiff.egg-info/SOURCES.txt'
[2.219s] writing manifest file '../build/cardiff/cardiff.egg-info/SOURCES.txt'
[2.219s] running build
[2.220s] running build_py
[2.220s] running install
[2.228s] running install_lib
[2.257s] running install_data
[2.257s] running install_egg_info
[2.286s] removing '/home/student48/assessments/week5/src/install/cardiff/lib/python3.12/site-packages/cardiff-0.0.0-py3.12.egg-info' (and everything under it)
[2.287s] Copying ../build/cardiff/cardiff.egg-info to /home/student48/assessments/week5/src/install/cardiff/lib/python3.12/site-packages/cardiff-0.0.0-py3.12.egg-info
[2.288s] running install_scripts
[2.529s] Installing grape script to /home/student48/assessments/week5/src/install/cardiff/lib/cardiff
[2.529s] writing list of installed files to '/home/student48/assessments/week5/src/build/cardiff/install.log'
[2.581s] Invoked command in '/home/student48/assessments/week5/src/cardiff' returned '0': DEBUGINFOD_URLS=https://debuginfod.ubuntu.com PYTHONPATH=/home/student48/assessments/week5/src/build/cardiff/prefix_override:/usr/lib/python3/dist-packages/colcon_core/task/python/colcon_distutils_commands:/home/student48/assessments/week5/src/install/cardiff/lib/python3.12/site-packages:${PYTHONPATH} /usr/bin/python3 -W ignore:setup.py install is deprecated -W ignore:easy_install command is deprecated setup.py egg_info --egg-base ../build/cardiff build --build-base /home/student48/assessments/week5/src/build/cardiff/build install --record /home/student48/assessments/week5/src/build/cardiff/install.log --single-version-externally-managed install_data
