[0.684s] DEBUG:colcon:Command line arguments: ['/usr/bin/colcon', 'list', '-p', '--base-paths', '/home/student48/assessments/week9']
[0.684s] DEBUG:colcon:Parsed command line arguments: Namespace(log_base=None, log_level=None, verb_name='list', build_base='build', ignore_user_meta=False, metas=['./colcon.meta'], base_paths=['/home/student48/assessments/week9'], packages_ignore=None, packages_ignore_regex=None, paths=None, packages_up_to=None, packages_up_to_regex=None, packages_above=None, packages_above_and_dependencies=None, packages_above_depth=None, packages_select_by_dep=None, packages_skip_by_dep=None, packages_skip_up_to=None, packages_select_build_failed=False, packages_skip_build_finished=False, packages_select_test_failures=False, packages_skip_test_passed=False, packages_select=None, packages_skip=None, packages_select_regex=None, packages_skip_regex=None, packages_start=None, packages_end=None, allow_overriding=[], topological_order=False, names_only=False, paths_only=True, topological_graph=False, topological_graph_dot=False, topological_graph_density=False, topological_graph_legend=False, topological_graph_dot_cluster=False, topological_graph_dot_include_skipped=False, mixin_files=None, mixin=None, verb_parser=<colcon_mixin.mixin.mixin_argument.MixinArgumentDecorator object at 0x7ede5f2fc6e0>, verb_extension=<colcon_package_information.verb.list.ListVerb object at 0x7ede5f3ff980>, main=<bound method ListVerb.main of <colcon_package_information.verb.list.ListVerb object at 0x7ede5f3ff980>>, mixin_verb=('list',))
[0.897s] Level 1:colcon.colcon_core.package_discovery:discover_packages(colcon_meta) check parameters
[0.898s] Level 1:colcon.colcon_core.package_discovery:discover_packages(recursive) check parameters
[0.898s] Level 1:colcon.colcon_core.package_discovery:discover_packages(ignore) check parameters
[0.899s] Level 1:colcon.colcon_core.package_discovery:discover_packages(path) check parameters
[0.899s] Level 1:colcon.colcon_core.package_discovery:discover_packages(recursive) discover
[0.899s] INFO:colcon.colcon_core.package_discovery:Crawling recursively for packages in '/home/student48/assessments/week9'
[0.900s] Level 1:colcon.colcon_core.package_identification:_identify(/home/student48/assessments/week9) by extensions ['ignore', 'ignore_ament_install']
[0.900s] Level 1:colcon.colcon_core.package_identification:_identify(/home/student48/assessments/week9) by extension 'ignore'
[0.901s] Level 1:colcon.colcon_core.package_identification:_identify(/home/student48/assessments/week9) by extension 'ignore_ament_install'
[0.901s] Level 1:colcon.colcon_core.package_identification:_identify(/home/student48/assessments/week9) by extensions ['colcon_pkg']
[0.901s] Level 1:colcon.colcon_core.package_identification:_identify(/home/student48/assessments/week9) by extension 'colcon_pkg'
[0.902s] Level 1:colcon.colcon_core.package_identification:_identify(/home/student48/assessments/week9) by extensions ['colcon_meta']
[0.902s] Level 1:colcon.colcon_core.package_identification:_identify(/home/student48/assessments/week9) by extension 'colcon_meta'
[0.902s] Level 1:colcon.colcon_core.package_identification:_identify(/home/student48/assessments/week9) by extensions ['ros']
[0.902s] Level 1:colcon.colcon_core.package_identification:_identify(/home/student48/assessments/week9) by extension 'ros'
[1.057s] Level 1:colcon.colcon_core.package_identification:_identify(/home/student48/assessments/week9) by extensions ['cmake', 'python']
[1.057s] Level 1:colcon.colcon_core.package_identification:_identify(/home/student48/assessments/week9) by extension 'cmake'
[1.057s] Level 1:colcon.colcon_core.package_identification:_identify(/home/student48/assessments/week9) by extension 'python'
[1.058s] Level 1:colcon.colcon_core.package_identification:_identify(/home/student48/assessments/week9) by extensions ['python_setup_py']
[1.058s] Level 1:colcon.colcon_core.package_identification:_identify(/home/student48/assessments/week9) by extension 'python_setup_py'
[1.059s] Level 1:colcon.colcon_core.package_identification:_identify(/home/student48/assessments/week9/build) by extensions ['ignore', 'ignore_ament_install']
[1.059s] Level 1:colcon.colcon_core.package_identification:_identify(/home/student48/assessments/week9/build) by extension 'ignore'
[1.060s] Level 1:colcon.colcon_core.package_identification:_identify(/home/student48/assessments/week9/build) ignored
[1.061s] Level 1:colcon.colcon_core.package_identification:_identify(/home/student48/assessments/week9/install) by extensions ['ignore', 'ignore_ament_install']
[1.061s] Level 1:colcon.colcon_core.package_identification:_identify(/home/student48/assessments/week9/install) by extension 'ignore'
[1.061s] Level 1:colcon.colcon_core.package_identification:_identify(/home/student48/assessments/week9/install) ignored
[1.062s] Level 1:colcon.colcon_core.package_identification:_identify(/home/student48/assessments/week9/log) by extensions ['ignore', 'ignore_ament_install']
[1.063s] Level 1:colcon.colcon_core.package_identification:_identify(/home/student48/assessments/week9/log) by extension 'ignore'
[1.063s] Level 1:colcon.colcon_core.package_identification:_identify(/home/student48/assessments/week9/log) ignored
[1.063s] Level 1:colcon.colcon_core.package_identification:_identify(/home/student48/assessments/week9/src) by extensions ['ignore', 'ignore_ament_install']
[1.064s] Level 1:colcon.colcon_core.package_identification:_identify(/home/student48/assessments/week9/src) by extension 'ignore'
[1.064s] Level 1:colcon.colcon_core.package_identification:_identify(/home/student48/assessments/week9/src) by extension 'ignore_ament_install'
[1.065s] Level 1:colcon.colcon_core.package_identification:_identify(/home/student48/assessments/week9/src) by extensions ['colcon_pkg']
[1.065s] Level 1:colcon.colcon_core.package_identification:_identify(/home/student48/assessments/week9/src) by extension 'colcon_pkg'
[1.065s] Level 1:colcon.colcon_core.package_identification:_identify(/home/student48/assessments/week9/src) by extensions ['colcon_meta']
[1.065s] Level 1:colcon.colcon_core.package_identification:_identify(/home/student48/assessments/week9/src) by extension 'colcon_meta'
[1.065s] Level 1:colcon.colcon_core.package_identification:_identify(/home/student48/assessments/week9/src) by extensions ['ros']
[1.065s] Level 1:colcon.colcon_core.package_identification:_identify(/home/student48/assessments/week9/src) by extension 'ros'
[1.066s] Level 1:colcon.colcon_core.package_identification:_identify(/home/student48/assessments/week9/src) by extensions ['cmake', 'python']
[1.066s] Level 1:colcon.colcon_core.package_identification:_identify(/home/student48/assessments/week9/src) by extension 'cmake'
[1.066s] Level 1:colcon.colcon_core.package_identification:_identify(/home/student48/assessments/week9/src) by extension 'python'
[1.067s] Level 1:colcon.colcon_core.package_identification:_identify(/home/student48/assessments/week9/src) by extensions ['python_setup_py']
[1.067s] Level 1:colcon.colcon_core.package_identification:_identify(/home/student48/assessments/week9/src) by extension 'python_setup_py'
[1.067s] Level 1:colcon.colcon_core.package_identification:_identify(/home/student48/assessments/week9/src/leeds) by extensions ['ignore', 'ignore_ament_install']
[1.068s] Level 1:colcon.colcon_core.package_identification:_identify(/home/student48/assessments/week9/src/leeds) by extension 'ignore'
[1.068s] Level 1:colcon.colcon_core.package_identification:_identify(/home/student48/assessments/week9/src/leeds) by extension 'ignore_ament_install'
[1.068s] Level 1:colcon.colcon_core.package_identification:_identify(/home/student48/assessments/week9/src/leeds) by extensions ['colcon_pkg']
[1.069s] Level 1:colcon.colcon_core.package_identification:_identify(/home/student48/assessments/week9/src/leeds) by extension 'colcon_pkg'
[1.069s] Level 1:colcon.colcon_core.package_identification:_identify(/home/student48/assessments/week9/src/leeds) by extensions ['colcon_meta']
[1.069s] Level 1:colcon.colcon_core.package_identification:_identify(/home/student48/assessments/week9/src/leeds) by extension 'colcon_meta'
[1.069s] Level 1:colcon.colcon_core.package_identification:_identify(/home/student48/assessments/week9/src/leeds) by extensions ['ros']
[1.069s] Level 1:colcon.colcon_core.package_identification:_identify(/home/student48/assessments/week9/src/leeds) by extension 'ros'
[1.084s] DEBUG:colcon.colcon_core.package_identification:Package '/home/student48/assessments/week9/src/leeds' with type 'ros.ament_python' and name 'leeds'
[1.084s] Level 1:colcon.colcon_core.package_identification:_identify(/home/student48/assessments/week9/src/toyota) by extensions ['ignore', 'ignore_ament_install']
[1.085s] Level 1:colcon.colcon_core.package_identification:_identify(/home/student48/assessments/week9/src/toyota) by extension 'ignore'
[1.085s] Level 1:colcon.colcon_core.package_identification:_identify(/home/student48/assessments/week9/src/toyota) by extension 'ignore_ament_install'
[1.086s] Level 1:colcon.colcon_core.package_identification:_identify(/home/student48/assessments/week9/src/toyota) by extensions ['colcon_pkg']
[1.086s] Level 1:colcon.colcon_core.package_identification:_identify(/home/student48/assessments/week9/src/toyota) by extension 'colcon_pkg'
[1.086s] Level 1:colcon.colcon_core.package_identification:_identify(/home/student48/assessments/week9/src/toyota) by extensions ['colcon_meta']
[1.086s] Level 1:colcon.colcon_core.package_identification:_identify(/home/student48/assessments/week9/src/toyota) by extension 'colcon_meta'
[1.087s] Level 1:colcon.colcon_core.package_identification:_identify(/home/student48/assessments/week9/src/toyota) by extensions ['ros']
[1.087s] Level 1:colcon.colcon_core.package_identification:_identify(/home/student48/assessments/week9/src/toyota) by extension 'ros'
[1.090s] DEBUG:colcon.colcon_core.package_identification:Package '/home/student48/assessments/week9/src/toyota' with type 'ros.ament_python' and name 'toyota'
[1.091s] Level 1:colcon.colcon_core.package_discovery:discover_packages(recursive) using defaults
