running egg_info
writing ../../build/gamma_system_controller_pkg/gamma_system_controller_pkg.egg-info/PKG-INFO
writing dependency_links to ../../build/gamma_system_controller_pkg/gamma_system_controller_pkg.egg-info/dependency_links.txt
writing entry points to ../../build/gamma_system_controller_pkg/gamma_system_controller_pkg.egg-info/entry_points.txt
writing requirements to ../../build/gamma_system_controller_pkg/gamma_system_controller_pkg.egg-info/requires.txt
writing top-level names to ../../build/gamma_system_controller_pkg/gamma_system_controller_pkg.egg-info/top_level.txt
reading manifest file '../../build/gamma_system_controller_pkg/gamma_system_controller_pkg.egg-info/SOURCES.txt'
writing manifest file '../../build/gamma_system_controller_pkg/gamma_system_controller_pkg.egg-info/SOURCES.txt'
running build
running build_py
copying gamma_system_controller_pkg/gamma_system_controller_node.py -> /home/student48/assessments/coursework2/build/gamma_system_controller_pkg/build/lib/gamma_system_controller_pkg
running install
running install_lib
copying /home/student48/assessments/coursework2/build/gamma_system_controller_pkg/build/lib/gamma_system_controller_pkg/gamma_system_controller_node.py -> /home/student48/assessments/coursework2/install/gamma_system_controller_pkg/lib/python3.12/site-packages/gamma_system_controller_pkg
byte-compiling /home/student48/assessments/coursework2/install/gamma_system_controller_pkg/lib/python3.12/site-packages/gamma_system_controller_pkg/gamma_system_controller_node.py to gamma_system_controller_node.cpython-312.pyc
Sorry: IndentationError: unexpected indent (gamma_system_controller_node.py, line 55)
running install_data
running install_egg_info
removing '/home/student48/assessments/coursework2/install/gamma_system_controller_pkg/lib/python3.12/site-packages/gamma_system_controller_pkg-0.0.0-py3.12.egg-info' (and everything under it)
Copying ../../build/gamma_system_controller_pkg/gamma_system_controller_pkg.egg-info to /home/student48/assessments/coursework2/install/gamma_system_controller_pkg/lib/python3.12/site-packages/gamma_system_controller_pkg-0.0.0-py3.12.egg-info
running install_scripts
Installing gamma_system_controller_node script to /home/student48/assessments/coursework2/install/gamma_system_controller_pkg/lib/gamma_system_controller_pkg
writing list of installed files to '/home/student48/assessments/coursework2/build/gamma_system_controller_pkg/install.log'
