[1.229s] Invoking command in '/home/student48/assessments/coursework2/src/gamma_system_controller_pkg': DEBUGINFOD_URLS=https://debuginfod.ubuntu.com PYTHONPATH=/home/student48/assessments/coursework2/build/gamma_system_controller_pkg/prefix_override:/usr/lib/python3/dist-packages/colcon_core/task/python/colcon_distutils_commands:/home/student48/assessments/coursework2/install/gamma_system_controller_pkg/lib/python3.12/site-packages:${PYTHONPATH} /usr/bin/python3 -W ignore:setup.py install is deprecated -W ignore:easy_install command is deprecated setup.py egg_info --egg-base ../../build/gamma_system_controller_pkg build --build-base /home/student48/assessments/coursework2/build/gamma_system_controller_pkg/build install --record /home/student48/assessments/coursework2/build/gamma_system_controller_pkg/install.log --single-version-externally-managed install_data
[1.491s] running egg_info
[1.508s] writing ../../build/gamma_system_controller_pkg/gamma_system_controller_pkg.egg-info/PKG-INFO
[1.508s] writing dependency_links to ../../build/gamma_system_controller_pkg/gamma_system_controller_pkg.egg-info/dependency_links.txt
[1.509s] writing entry points to ../../build/gamma_system_controller_pkg/gamma_system_controller_pkg.egg-info/entry_points.txt
[1.509s] writing requirements to ../../build/gamma_system_controller_pkg/gamma_system_controller_pkg.egg-info/requires.txt
[1.509s] writing top-level names to ../../build/gamma_system_controller_pkg/gamma_system_controller_pkg.egg-info/top_level.txt
[1.551s] reading manifest file '../../build/gamma_system_controller_pkg/gamma_system_controller_pkg.egg-info/SOURCES.txt'
[1.551s] writing manifest file '../../build/gamma_system_controller_pkg/gamma_system_controller_pkg.egg-info/SOURCES.txt'
[1.552s] running build
[1.552s] running build_py
[1.552s] copying gamma_system_controller_pkg/gamma_system_controller_node.py -> /home/student48/assessments/coursework2/build/gamma_system_controller_pkg/build/lib/gamma_system_controller_pkg
[1.552s] running install
[1.557s] running install_lib
[1.574s] copying /home/student48/assessments/coursework2/build/gamma_system_controller_pkg/build/lib/gamma_system_controller_pkg/gamma_system_controller_node.py -> /home/student48/assessments/coursework2/install/gamma_system_controller_pkg/lib/python3.12/site-packages/gamma_system_controller_pkg
[1.575s] byte-compiling /home/student48/assessments/coursework2/install/gamma_system_controller_pkg/lib/python3.12/site-packages/gamma_system_controller_pkg/gamma_system_controller_node.py to gamma_system_controller_node.cpython-312.pyc
[1.577s] running install_data
[1.577s] running install_egg_info
[1.595s] removing '/home/student48/assessments/coursework2/install/gamma_system_controller_pkg/lib/python3.12/site-packages/gamma_system_controller_pkg-0.0.0-py3.12.egg-info' (and everything under it)
[1.595s] Copying ../../build/gamma_system_controller_pkg/gamma_system_controller_pkg.egg-info to /home/student48/assessments/coursework2/install/gamma_system_controller_pkg/lib/python3.12/site-packages/gamma_system_controller_pkg-0.0.0-py3.12.egg-info
[1.596s] running install_scripts
[1.737s] Installing gamma_system_controller_node script to /home/student48/assessments/coursework2/install/gamma_system_controller_pkg/lib/gamma_system_controller_pkg
[1.738s] writing list of installed files to '/home/student48/assessments/coursework2/build/gamma_system_controller_pkg/install.log'
[1.771s] Invoked command in '/home/student48/assessments/coursework2/src/gamma_system_controller_pkg' returned '0': DEBUGINFOD_URLS=https://debuginfod.ubuntu.com PYTHONPATH=/home/student48/assessments/coursework2/build/gamma_system_controller_pkg/prefix_override:/usr/lib/python3/dist-packages/colcon_core/task/python/colcon_distutils_commands:/home/student48/assessments/coursework2/install/gamma_system_controller_pkg/lib/python3.12/site-packages:${PYTHONPATH} /usr/bin/python3 -W ignore:setup.py install is deprecated -W ignore:easy_install command is deprecated setup.py egg_info --egg-base ../../build/gamma_system_controller_pkg build --build-base /home/student48/assessments/coursework2/build/gamma_system_controller_pkg/build install --record /home/student48/assessments/coursework2/build/gamma_system_controller_pkg/install.log --single-version-externally-managed install_data
