[0.132s] DEBUG:colcon:Command line arguments: ['/usr/bin/colcon', 'build']
[0.132s] DEBUG:colcon:Parsed command line arguments: Namespace(log_base=None, log_level=None, verb_name='build', build_base='build', install_base='install', merge_install=False, symlink_install=False, test_result_base=None, continue_on_error=False, executor='parallel', parallel_workers=12, event_handlers=None, ignore_user_meta=False, metas=['./colcon.meta'], base_paths=['.'], packages_ignore=None, packages_ignore_regex=None, paths=None, packages_up_to=None, packages_up_to_regex=None, packages_above=None, packages_above_and_dependencies=None, packages_above_depth=None, packages_select_by_dep=None, packages_skip_by_dep=None, packages_skip_up_to=None, packages_select_build_failed=False, packages_skip_build_finished=False, packages_select_test_failures=False, packages_skip_test_passed=False, packages_select=None, packages_skip=None, packages_select_regex=None, packages_skip_regex=None, packages_start=None, packages_end=None, allow_overriding=[], cmake_args=None, cmake_target=None, cmake_target_skip_unavailable=False, cmake_clean_cache=False, cmake_clean_first=False, cmake_force_configure=False, ament_cmake_args=None, catkin_cmake_args=None, catkin_skip_building_tests=False, mixin_files=None, mixin=None, verb_parser=<colcon_mixin.mixin.mixin_argument.MixinArgumentDecorator object at 0x73dc18ec2d80>, verb_extension=<colcon_core.verb.build.BuildVerb object at 0x73dc18ec2a20>, main=<bound method BuildVerb.main of <colcon_core.verb.build.BuildVerb object at 0x73dc18ec2a20>>, mixin_verb=('build',))
[0.175s] Level 1:colcon.colcon_core.package_discovery:discover_packages(colcon_meta) check parameters
[0.175s] Level 1:colcon.colcon_core.package_discovery:discover_packages(recursive) check parameters
[0.175s] Level 1:colcon.colcon_core.package_discovery:discover_packages(ignore) check parameters
[0.175s] Level 1:colcon.colcon_core.package_discovery:discover_packages(path) check parameters
[0.175s] Level 1:colcon.colcon_core.package_discovery:discover_packages(colcon_meta) discover
[0.175s] Level 1:colcon.colcon_core.package_discovery:discover_packages(recursive) discover
[0.175s] INFO:colcon.colcon_core.package_discovery:Crawling recursively for packages in '/home/student48/assessments/coursework1'
[0.175s] Level 1:colcon.colcon_core.package_identification:_identify(.) by extensions ['ignore', 'ignore_ament_install']
[0.176s] Level 1:colcon.colcon_core.package_identification:_identify(.) by extension 'ignore'
[0.176s] Level 1:colcon.colcon_core.package_identification:_identify(.) by extension 'ignore_ament_install'
[0.176s] Level 1:colcon.colcon_core.package_identification:_identify(.) by extensions ['colcon_pkg']
[0.176s] Level 1:colcon.colcon_core.package_identification:_identify(.) by extension 'colcon_pkg'
[0.176s] Level 1:colcon.colcon_core.package_identification:_identify(.) by extensions ['colcon_meta']
[0.176s] Level 1:colcon.colcon_core.package_identification:_identify(.) by extension 'colcon_meta'
[0.176s] Level 1:colcon.colcon_core.package_identification:_identify(.) by extensions ['ros']
[0.176s] Level 1:colcon.colcon_core.package_identification:_identify(.) by extension 'ros'
[0.200s] Level 1:colcon.colcon_core.package_identification:_identify(.) by extensions ['cmake', 'python']
[0.200s] Level 1:colcon.colcon_core.package_identification:_identify(.) by extension 'cmake'
[0.200s] Level 1:colcon.colcon_core.package_identification:_identify(.) by extension 'python'
[0.200s] Level 1:colcon.colcon_core.package_identification:_identify(.) by extensions ['python_setup_py']
[0.200s] Level 1:colcon.colcon_core.package_identification:_identify(.) by extension 'python_setup_py'
[0.200s] Level 1:colcon.colcon_core.package_identification:_identify(build) by extensions ['ignore', 'ignore_ament_install']
[0.201s] Level 1:colcon.colcon_core.package_identification:_identify(build) by extension 'ignore'
[0.201s] Level 1:colcon.colcon_core.package_identification:_identify(build) ignored
[0.201s] Level 1:colcon.colcon_core.package_identification:_identify(install) by extensions ['ignore', 'ignore_ament_install']
[0.201s] Level 1:colcon.colcon_core.package_identification:_identify(install) by extension 'ignore'
[0.201s] Level 1:colcon.colcon_core.package_identification:_identify(install) ignored
[0.201s] Level 1:colcon.colcon_core.package_identification:_identify(log) by extensions ['ignore', 'ignore_ament_install']
[0.201s] Level 1:colcon.colcon_core.package_identification:_identify(log) by extension 'ignore'
[0.201s] Level 1:colcon.colcon_core.package_identification:_identify(log) ignored
[0.201s] Level 1:colcon.colcon_core.package_identification:_identify(src) by extensions ['ignore', 'ignore_ament_install']
[0.201s] Level 1:colcon.colcon_core.package_identification:_identify(src) by extension 'ignore'
[0.201s] Level 1:colcon.colcon_core.package_identification:_identify(src) by extension 'ignore_ament_install'
[0.201s] Level 1:colcon.colcon_core.package_identification:_identify(src) by extensions ['colcon_pkg']
[0.201s] Level 1:colcon.colcon_core.package_identification:_identify(src) by extension 'colcon_pkg'
[0.201s] Level 1:colcon.colcon_core.package_identification:_identify(src) by extensions ['colcon_meta']
[0.201s] Level 1:colcon.colcon_core.package_identification:_identify(src) by extension 'colcon_meta'
[0.201s] Level 1:colcon.colcon_core.package_identification:_identify(src) by extensions ['ros']
[0.201s] Level 1:colcon.colcon_core.package_identification:_identify(src) by extension 'ros'
[0.201s] Level 1:colcon.colcon_core.package_identification:_identify(src) by extensions ['cmake', 'python']
[0.201s] Level 1:colcon.colcon_core.package_identification:_identify(src) by extension 'cmake'
[0.201s] Level 1:colcon.colcon_core.package_identification:_identify(src) by extension 'python'
[0.201s] Level 1:colcon.colcon_core.package_identification:_identify(src) by extensions ['python_setup_py']
[0.201s] Level 1:colcon.colcon_core.package_identification:_identify(src) by extension 'python_setup_py'
[0.201s] Level 1:colcon.colcon_core.package_identification:_identify(src/alpha_warrior_controller_pkg) by extensions ['ignore', 'ignore_ament_install']
[0.202s] Level 1:colcon.colcon_core.package_identification:_identify(src/alpha_warrior_controller_pkg) by extension 'ignore'
[0.202s] Level 1:colcon.colcon_core.package_identification:_identify(src/alpha_warrior_controller_pkg) by extension 'ignore_ament_install'
[0.202s] Level 1:colcon.colcon_core.package_identification:_identify(src/alpha_warrior_controller_pkg) by extensions ['colcon_pkg']
[0.202s] Level 1:colcon.colcon_core.package_identification:_identify(src/alpha_warrior_controller_pkg) by extension 'colcon_pkg'
[0.202s] Level 1:colcon.colcon_core.package_identification:_identify(src/alpha_warrior_controller_pkg) by extensions ['colcon_meta']
[0.202s] Level 1:colcon.colcon_core.package_identification:_identify(src/alpha_warrior_controller_pkg) by extension 'colcon_meta'
[0.202s] Level 1:colcon.colcon_core.package_identification:_identify(src/alpha_warrior_controller_pkg) by extensions ['ros']
[0.202s] Level 1:colcon.colcon_core.package_identification:_identify(src/alpha_warrior_controller_pkg) by extension 'ros'
[0.204s] DEBUG:colcon.colcon_core.package_identification:Package 'src/alpha_warrior_controller_pkg' with type 'ros.ament_python' and name 'alpha_warrior_controller_pkg'
[0.204s] Level 1:colcon.colcon_core.package_identification:_identify(src/alpha_warrior_launch_pkg) by extensions ['ignore', 'ignore_ament_install']
[0.204s] Level 1:colcon.colcon_core.package_identification:_identify(src/alpha_warrior_launch_pkg) by extension 'ignore'
[0.204s] Level 1:colcon.colcon_core.package_identification:_identify(src/alpha_warrior_launch_pkg) by extension 'ignore_ament_install'
[0.204s] Level 1:colcon.colcon_core.package_identification:_identify(src/alpha_warrior_launch_pkg) by extensions ['colcon_pkg']
[0.204s] Level 1:colcon.colcon_core.package_identification:_identify(src/alpha_warrior_launch_pkg) by extension 'colcon_pkg'
[0.204s] Level 1:colcon.colcon_core.package_identification:_identify(src/alpha_warrior_launch_pkg) by extensions ['colcon_meta']
[0.204s] Level 1:colcon.colcon_core.package_identification:_identify(src/alpha_warrior_launch_pkg) by extension 'colcon_meta'
[0.204s] Level 1:colcon.colcon_core.package_identification:_identify(src/alpha_warrior_launch_pkg) by extensions ['ros']
[0.205s] Level 1:colcon.colcon_core.package_identification:_identify(src/alpha_warrior_launch_pkg) by extension 'ros'
[0.205s] DEBUG:colcon.colcon_core.package_identification:Package 'src/alpha_warrior_launch_pkg' with type 'ros.ament_python' and name 'alpha_warrior_launch_pkg'
[0.205s] Level 1:colcon.colcon_core.package_identification:_identify(src/alpha_warrior_pkg) by extensions ['ignore', 'ignore_ament_install']
[0.205s] Level 1:colcon.colcon_core.package_identification:_identify(src/alpha_warrior_pkg) by extension 'ignore'
[0.205s] Level 1:colcon.colcon_core.package_identification:_identify(src/alpha_warrior_pkg) by extension 'ignore_ament_install'
[0.205s] Level 1:colcon.colcon_core.package_identification:_identify(src/alpha_warrior_pkg) by extensions ['colcon_pkg']
[0.205s] Level 1:colcon.colcon_core.package_identification:_identify(src/alpha_warrior_pkg) by extension 'colcon_pkg'
[0.206s] Level 1:colcon.colcon_core.package_identification:_identify(src/alpha_warrior_pkg) by extensions ['colcon_meta']
[0.206s] Level 1:colcon.colcon_core.package_identification:_identify(src/alpha_warrior_pkg) by extension 'colcon_meta'
[0.206s] Level 1:colcon.colcon_core.package_identification:_identify(src/alpha_warrior_pkg) by extensions ['ros']
[0.206s] Level 1:colcon.colcon_core.package_identification:_identify(src/alpha_warrior_pkg) by extension 'ros'
[0.206s] DEBUG:colcon.colcon_core.package_identification:Package 'src/alpha_warrior_pkg' with type 'ros.ament_python' and name 'alpha_warrior_pkg'
[0.206s] Level 1:colcon.colcon_core.package_identification:_identify(src/sfr_coursework1_interface_package) by extensions ['ignore', 'ignore_ament_install']
[0.206s] Level 1:colcon.colcon_core.package_identification:_identify(src/sfr_coursework1_interface_package) by extension 'ignore'
[0.206s] Level 1:colcon.colcon_core.package_identification:_identify(src/sfr_coursework1_interface_package) by extension 'ignore_ament_install'
[0.206s] Level 1:colcon.colcon_core.package_identification:_identify(src/sfr_coursework1_interface_package) by extensions ['colcon_pkg']
[0.206s] Level 1:colcon.colcon_core.package_identification:_identify(src/sfr_coursework1_interface_package) by extension 'colcon_pkg'
[0.206s] Level 1:colcon.colcon_core.package_identification:_identify(src/sfr_coursework1_interface_package) by extensions ['colcon_meta']
[0.206s] Level 1:colcon.colcon_core.package_identification:_identify(src/sfr_coursework1_interface_package) by extension 'colcon_meta'
[0.206s] Level 1:colcon.colcon_core.package_identification:_identify(src/sfr_coursework1_interface_package) by extensions ['ros']
[0.206s] Level 1:colcon.colcon_core.package_identification:_identify(src/sfr_coursework1_interface_package) by extension 'ros'
[0.207s] DEBUG:colcon.colcon_core.package_identification:Package 'src/sfr_coursework1_interface_package' with type 'ros.ament_cmake' and name 'sfr_coursework1_interface_package'
[0.207s] Level 1:colcon.colcon_core.package_discovery:discover_packages(recursive) using defaults
[0.207s] Level 1:colcon.colcon_core.package_discovery:discover_packages(ignore) discover
[0.207s] Level 1:colcon.colcon_core.package_discovery:discover_packages(ignore) using defaults
[0.207s] Level 1:colcon.colcon_core.package_discovery:discover_packages(path) discover
[0.207s] Level 1:colcon.colcon_core.package_discovery:discover_packages(path) using defaults
[0.225s] Level 1:colcon.colcon_core.package_discovery:discover_packages(prefix_path) check parameters
[0.226s] Level 1:colcon.colcon_core.package_discovery:discover_packages(prefix_path) discover
[0.229s] DEBUG:colcon.colcon_installed_package_information.package_discovery:Found 4 installed packages in /home/student48/assessments/coursework1/install
[0.229s] DEBUG:colcon.colcon_installed_package_information.package_discovery:Found 20 installed packages in /home/student48/ros2_tutorial_workspace/install
[0.230s] DEBUG:colcon.colcon_installed_package_information.package_discovery:Found 2 installed packages in /home/student48/assessments/week4/src/install
[0.231s] DEBUG:colcon.colcon_installed_package_information.package_discovery:Found 285 installed packages in /opt/ros/jazzy
[0.231s] Level 1:colcon.colcon_core.package_discovery:discover_packages(prefix_path) using defaults
[0.273s] Level 5:colcon.colcon_core.verb:set package 'sfr_coursework1_interface_package' build argument 'cmake_args' from command line to 'None'
[0.273s] Level 5:colcon.colcon_core.verb:set package 'sfr_coursework1_interface_package' build argument 'cmake_target' from command line to 'None'
[0.273s] Level 5:colcon.colcon_core.verb:set package 'sfr_coursework1_interface_package' build argument 'cmake_target_skip_unavailable' from command line to 'False'
[0.273s] Level 5:colcon.colcon_core.verb:set package 'sfr_coursework1_interface_package' build argument 'cmake_clean_cache' from command line to 'False'
[0.273s] Level 5:colcon.colcon_core.verb:set package 'sfr_coursework1_interface_package' build argument 'cmake_clean_first' from command line to 'False'
[0.273s] Level 5:colcon.colcon_core.verb:set package 'sfr_coursework1_interface_package' build argument 'cmake_force_configure' from command line to 'False'
[0.273s] Level 5:colcon.colcon_core.verb:set package 'sfr_coursework1_interface_package' build argument 'ament_cmake_args' from command line to 'None'
[0.273s] Level 5:colcon.colcon_core.verb:set package 'sfr_coursework1_interface_package' build argument 'catkin_cmake_args' from command line to 'None'
[0.273s] Level 5:colcon.colcon_core.verb:set package 'sfr_coursework1_interface_package' build argument 'catkin_skip_building_tests' from command line to 'False'
[0.273s] DEBUG:colcon.colcon_core.verb:Building package 'sfr_coursework1_interface_package' with the following arguments: {'ament_cmake_args': None, 'build_base': '/home/student48/assessments/coursework1/build/sfr_coursework1_interface_package', 'catkin_cmake_args': None, 'catkin_skip_building_tests': False, 'cmake_args': None, 'cmake_clean_cache': False, 'cmake_clean_first': False, 'cmake_force_configure': False, 'cmake_target': None, 'cmake_target_skip_unavailable': False, 'install_base': '/home/student48/assessments/coursework1/install/sfr_coursework1_interface_package', 'merge_install': False, 'path': '/home/student48/assessments/coursework1/src/sfr_coursework1_interface_package', 'symlink_install': False, 'test_result_base': None}
[0.274s] Level 5:colcon.colcon_core.verb:set package 'alpha_warrior_controller_pkg' build argument 'cmake_args' from command line to 'None'
[0.274s] Level 5:colcon.colcon_core.verb:set package 'alpha_warrior_controller_pkg' build argument 'cmake_target' from command line to 'None'
[0.274s] Level 5:colcon.colcon_core.verb:set package 'alpha_warrior_controller_pkg' build argument 'cmake_target_skip_unavailable' from command line to 'False'
[0.274s] Level 5:colcon.colcon_core.verb:set package 'alpha_warrior_controller_pkg' build argument 'cmake_clean_cache' from command line to 'False'
[0.274s] Level 5:colcon.colcon_core.verb:set package 'alpha_warrior_controller_pkg' build argument 'cmake_clean_first' from command line to 'False'
[0.274s] Level 5:colcon.colcon_core.verb:set package 'alpha_warrior_controller_pkg' build argument 'cmake_force_configure' from command line to 'False'
[0.274s] Level 5:colcon.colcon_core.verb:set package 'alpha_warrior_controller_pkg' build argument 'ament_cmake_args' from command line to 'None'
[0.274s] Level 5:colcon.colcon_core.verb:set package 'alpha_warrior_controller_pkg' build argument 'catkin_cmake_args' from command line to 'None'
[0.274s] Level 5:colcon.colcon_core.verb:set package 'alpha_warrior_controller_pkg' build argument 'catkin_skip_building_tests' from command line to 'False'
[0.274s] DEBUG:colcon.colcon_core.verb:Building package 'alpha_warrior_controller_pkg' with the following arguments: {'ament_cmake_args': None, 'build_base': '/home/student48/assessments/coursework1/build/alpha_warrior_controller_pkg', 'catkin_cmake_args': None, 'catkin_skip_building_tests': False, 'cmake_args': None, 'cmake_clean_cache': False, 'cmake_clean_first': False, 'cmake_force_configure': False, 'cmake_target': None, 'cmake_target_skip_unavailable': False, 'install_base': '/home/student48/assessments/coursework1/install/alpha_warrior_controller_pkg', 'merge_install': False, 'path': '/home/student48/assessments/coursework1/src/alpha_warrior_controller_pkg', 'symlink_install': False, 'test_result_base': None}
[0.274s] Level 5:colcon.colcon_core.verb:set package 'alpha_warrior_pkg' build argument 'cmake_args' from command line to 'None'
[0.274s] Level 5:colcon.colcon_core.verb:set package 'alpha_warrior_pkg' build argument 'cmake_target' from command line to 'None'
[0.274s] Level 5:colcon.colcon_core.verb:set package 'alpha_warrior_pkg' build argument 'cmake_target_skip_unavailable' from command line to 'False'
[0.274s] Level 5:colcon.colcon_core.verb:set package 'alpha_warrior_pkg' build argument 'cmake_clean_cache' from command line to 'False'
[0.274s] Level 5:colcon.colcon_core.verb:set package 'alpha_warrior_pkg' build argument 'cmake_clean_first' from command line to 'False'
[0.274s] Level 5:colcon.colcon_core.verb:set package 'alpha_warrior_pkg' build argument 'cmake_force_configure' from command line to 'False'
[0.274s] Level 5:colcon.colcon_core.verb:set package 'alpha_warrior_pkg' build argument 'ament_cmake_args' from command line to 'None'
[0.274s] Level 5:colcon.colcon_core.verb:set package 'alpha_warrior_pkg' build argument 'catkin_cmake_args' from command line to 'None'
[0.274s] Level 5:colcon.colcon_core.verb:set package 'alpha_warrior_pkg' build argument 'catkin_skip_building_tests' from command line to 'False'
[0.274s] DEBUG:colcon.colcon_core.verb:Building package 'alpha_warrior_pkg' with the following arguments: {'ament_cmake_args': None, 'build_base': '/home/student48/assessments/coursework1/build/alpha_warrior_pkg', 'catkin_cmake_args': None, 'catkin_skip_building_tests': False, 'cmake_args': None, 'cmake_clean_cache': False, 'cmake_clean_first': False, 'cmake_force_configure': False, 'cmake_target': None, 'cmake_target_skip_unavailable': False, 'install_base': '/home/student48/assessments/coursework1/install/alpha_warrior_pkg', 'merge_install': False, 'path': '/home/student48/assessments/coursework1/src/alpha_warrior_pkg', 'symlink_install': False, 'test_result_base': None}
[0.274s] Level 5:colcon.colcon_core.verb:set package 'alpha_warrior_launch_pkg' build argument 'cmake_args' from command line to 'None'
[0.274s] Level 5:colcon.colcon_core.verb:set package 'alpha_warrior_launch_pkg' build argument 'cmake_target' from command line to 'None'
[0.274s] Level 5:colcon.colcon_core.verb:set package 'alpha_warrior_launch_pkg' build argument 'cmake_target_skip_unavailable' from command line to 'False'
[0.274s] Level 5:colcon.colcon_core.verb:set package 'alpha_warrior_launch_pkg' build argument 'cmake_clean_cache' from command line to 'False'
[0.274s] Level 5:colcon.colcon_core.verb:set package 'alpha_warrior_launch_pkg' build argument 'cmake_clean_first' from command line to 'False'
[0.274s] Level 5:colcon.colcon_core.verb:set package 'alpha_warrior_launch_pkg' build argument 'cmake_force_configure' from command line to 'False'
[0.274s] Level 5:colcon.colcon_core.verb:set package 'alpha_warrior_launch_pkg' build argument 'ament_cmake_args' from command line to 'None'
[0.274s] Level 5:colcon.colcon_core.verb:set package 'alpha_warrior_launch_pkg' build argument 'catkin_cmake_args' from command line to 'None'
[0.274s] Level 5:colcon.colcon_core.verb:set package 'alpha_warrior_launch_pkg' build argument 'catkin_skip_building_tests' from command line to 'False'
[0.274s] DEBUG:colcon.colcon_core.verb:Building package 'alpha_warrior_launch_pkg' with the following arguments: {'ament_cmake_args': None, 'build_base': '/home/student48/assessments/coursework1/build/alpha_warrior_launch_pkg', 'catkin_cmake_args': None, 'catkin_skip_building_tests': False, 'cmake_args': None, 'cmake_clean_cache': False, 'cmake_clean_first': False, 'cmake_force_configure': False, 'cmake_target': None, 'cmake_target_skip_unavailable': False, 'install_base': '/home/student48/assessments/coursework1/install/alpha_warrior_launch_pkg', 'merge_install': False, 'path': '/home/student48/assessments/coursework1/src/alpha_warrior_launch_pkg', 'symlink_install': False, 'test_result_base': None}
[0.275s] INFO:colcon.colcon_core.executor:Executing jobs using 'parallel' executor
[0.276s] DEBUG:colcon.colcon_parallel_executor.executor.parallel:run_until_complete
[0.276s] INFO:colcon.colcon_ros.task.ament_cmake.build:Building ROS package in '/home/student48/assessments/coursework1/src/sfr_coursework1_interface_package' with build type 'ament_cmake'
[0.276s] INFO:colcon.colcon_cmake.task.cmake.build:Building CMake package in '/home/student48/assessments/coursework1/src/sfr_coursework1_interface_package'
[0.280s] INFO:colcon.colcon_core.plugin_system:Skipping extension 'colcon_core.shell.bat': Not used on non-Windows systems
[0.281s] INFO:colcon.colcon_core.shell:Skip shell extension 'powershell' for command environment: Not usable outside of PowerShell
[0.281s] DEBUG:colcon.colcon_core.shell:Skip shell extension 'dsv' for command environment
[0.304s] DEBUG:colcon.colcon_core.event_handler.log_command:Invoking command in '/home/student48/assessments/coursework1/build/sfr_coursework1_interface_package': CMAKE_PREFIX_PATH=${CMAKE_PREFIX_PATH}:/home/student48/assessments/coursework1/install/alpha_warrior_launch_pkg:/home/student48/assessments/coursework1/install/alpha_warrior_pkg:/home/student48/assessments/coursework1/install/alpha_warrior_controller_pkg:/home/student48/ros2_tutorial_workspace/install/the_simplest_python_packagee:/home/student48/ros2_tutorial_workspace/install/the_simplest_python_package:/home/student48/ros2_tutorial_workspace/install/python_package_with_a_node:/home/student48/ros2_tutorial_workspace/install/python_package_that_uses_the_library:/home/student48/ros2_tutorial_workspace/install/python_package_with_a_library:/home/student48/ros2_tutorial_workspace/install/python_package_that_uses_the_services:/home/student48/ros2_tutorial_workspace/install/python_package_that_uses_the_messages:/home/student48/ros2_tutorial_workspace/install/python_package_that_uses_the_actions:/home/student48/ros2_tutorial_workspace/install/python_package_that_uses_parameters_and_launch_files:/home/student48/ros2_tutorial_workspace/install/my_package:/home/student48/ros2_tutorial_workspace/install/custom_subscriber_package:/home/student48/ros2_tutorial_workspace/install/custom_server_package:/home/student48/ros2_tutorial_workspace/install/custom_publisher_package:/home/student48/ros2_tutorial_workspace/install/custom_package_with_node:/home/student48/ros2_tutorial_workspace/install/custom_package_with_library:/home/student48/ros2_tutorial_workspace/install/custom_client_package:/home/student48/ros2_tutorial_workspace/install/custom_action_server_package:/home/student48/ros2_tutorial_workspace/install/custom_action_client_package:/home/student48/ros2_tutorial_workspace/install/another_package:/home/student48/assessments/week4/src/install/volkswagen:/home/student48/assessments/week4/src/install/building:/opt/ros/jazzy DEBUGINFOD_URLS=https://debuginfod.ubuntu.com /usr/bin/cmake --build /home/student48/assessments/coursework1/build/sfr_coursework1_interface_package -- -j12 -l12
[1.029s] DEBUG:colcon.colcon_core.event_handler.log_command:Invoked command in '/home/student48/assessments/coursework1/build/sfr_coursework1_interface_package' returned '0': CMAKE_PREFIX_PATH=${CMAKE_PREFIX_PATH}:/home/student48/assessments/coursework1/install/alpha_warrior_launch_pkg:/home/student48/assessments/coursework1/install/alpha_warrior_pkg:/home/student48/assessments/coursework1/install/alpha_warrior_controller_pkg:/home/student48/ros2_tutorial_workspace/install/the_simplest_python_packagee:/home/student48/ros2_tutorial_workspace/install/the_simplest_python_package:/home/student48/ros2_tutorial_workspace/install/python_package_with_a_node:/home/student48/ros2_tutorial_workspace/install/python_package_that_uses_the_library:/home/student48/ros2_tutorial_workspace/install/python_package_with_a_library:/home/student48/ros2_tutorial_workspace/install/python_package_that_uses_the_services:/home/student48/ros2_tutorial_workspace/install/python_package_that_uses_the_messages:/home/student48/ros2_tutorial_workspace/install/python_package_that_uses_the_actions:/home/student48/ros2_tutorial_workspace/install/python_package_that_uses_parameters_and_launch_files:/home/student48/ros2_tutorial_workspace/install/my_package:/home/student48/ros2_tutorial_workspace/install/custom_subscriber_package:/home/student48/ros2_tutorial_workspace/install/custom_server_package:/home/student48/ros2_tutorial_workspace/install/custom_publisher_package:/home/student48/ros2_tutorial_workspace/install/custom_package_with_node:/home/student48/ros2_tutorial_workspace/install/custom_package_with_library:/home/student48/ros2_tutorial_workspace/install/custom_client_package:/home/student48/ros2_tutorial_workspace/install/custom_action_server_package:/home/student48/ros2_tutorial_workspace/install/custom_action_client_package:/home/student48/ros2_tutorial_workspace/install/another_package:/home/student48/assessments/week4/src/install/volkswagen:/home/student48/assessments/week4/src/install/building:/opt/ros/jazzy DEBUGINFOD_URLS=https://debuginfod.ubuntu.com /usr/bin/cmake --build /home/student48/assessments/coursework1/build/sfr_coursework1_interface_package -- -j12 -l12
[1.048s] DEBUG:colcon.colcon_core.event_handler.log_command:Invoking command in '/home/student48/assessments/coursework1/build/sfr_coursework1_interface_package': CMAKE_PREFIX_PATH=${CMAKE_PREFIX_PATH}:/home/student48/assessments/coursework1/install/alpha_warrior_launch_pkg:/home/student48/assessments/coursework1/install/alpha_warrior_pkg:/home/student48/assessments/coursework1/install/alpha_warrior_controller_pkg:/home/student48/ros2_tutorial_workspace/install/the_simplest_python_packagee:/home/student48/ros2_tutorial_workspace/install/the_simplest_python_package:/home/student48/ros2_tutorial_workspace/install/python_package_with_a_node:/home/student48/ros2_tutorial_workspace/install/python_package_that_uses_the_library:/home/student48/ros2_tutorial_workspace/install/python_package_with_a_library:/home/student48/ros2_tutorial_workspace/install/python_package_that_uses_the_services:/home/student48/ros2_tutorial_workspace/install/python_package_that_uses_the_messages:/home/student48/ros2_tutorial_workspace/install/python_package_that_uses_the_actions:/home/student48/ros2_tutorial_workspace/install/python_package_that_uses_parameters_and_launch_files:/home/student48/ros2_tutorial_workspace/install/my_package:/home/student48/ros2_tutorial_workspace/install/custom_subscriber_package:/home/student48/ros2_tutorial_workspace/install/custom_server_package:/home/student48/ros2_tutorial_workspace/install/custom_publisher_package:/home/student48/ros2_tutorial_workspace/install/custom_package_with_node:/home/student48/ros2_tutorial_workspace/install/custom_package_with_library:/home/student48/ros2_tutorial_workspace/install/custom_client_package:/home/student48/ros2_tutorial_workspace/install/custom_action_server_package:/home/student48/ros2_tutorial_workspace/install/custom_action_client_package:/home/student48/ros2_tutorial_workspace/install/another_package:/home/student48/assessments/week4/src/install/volkswagen:/home/student48/assessments/week4/src/install/building:/opt/ros/jazzy DEBUGINFOD_URLS=https://debuginfod.ubuntu.com /usr/bin/cmake --install /home/student48/assessments/coursework1/build/sfr_coursework1_interface_package
[1.158s] Level 1:colcon.colcon_core.environment:create_environment_scripts_only(sfr_coursework1_interface_package)
[1.159s] DEBUG:colcon.colcon_core.event_handler.log_command:Invoked command in '/home/student48/assessments/coursework1/build/sfr_coursework1_interface_package' returned '0': CMAKE_PREFIX_PATH=${CMAKE_PREFIX_PATH}:/home/student48/assessments/coursework1/install/alpha_warrior_launch_pkg:/home/student48/assessments/coursework1/install/alpha_warrior_pkg:/home/student48/assessments/coursework1/install/alpha_warrior_controller_pkg:/home/student48/ros2_tutorial_workspace/install/the_simplest_python_packagee:/home/student48/ros2_tutorial_workspace/install/the_simplest_python_package:/home/student48/ros2_tutorial_workspace/install/python_package_with_a_node:/home/student48/ros2_tutorial_workspace/install/python_package_that_uses_the_library:/home/student48/ros2_tutorial_workspace/install/python_package_with_a_library:/home/student48/ros2_tutorial_workspace/install/python_package_that_uses_the_services:/home/student48/ros2_tutorial_workspace/install/python_package_that_uses_the_messages:/home/student48/ros2_tutorial_workspace/install/python_package_that_uses_the_actions:/home/student48/ros2_tutorial_workspace/install/python_package_that_uses_parameters_and_launch_files:/home/student48/ros2_tutorial_workspace/install/my_package:/home/student48/ros2_tutorial_workspace/install/custom_subscriber_package:/home/student48/ros2_tutorial_workspace/install/custom_server_package:/home/student48/ros2_tutorial_workspace/install/custom_publisher_package:/home/student48/ros2_tutorial_workspace/install/custom_package_with_node:/home/student48/ros2_tutorial_workspace/install/custom_package_with_library:/home/student48/ros2_tutorial_workspace/install/custom_client_package:/home/student48/ros2_tutorial_workspace/install/custom_action_server_package:/home/student48/ros2_tutorial_workspace/install/custom_action_client_package:/home/student48/ros2_tutorial_workspace/install/another_package:/home/student48/assessments/week4/src/install/volkswagen:/home/student48/assessments/week4/src/install/building:/opt/ros/jazzy DEBUGINFOD_URLS=https://debuginfod.ubuntu.com /usr/bin/cmake --install /home/student48/assessments/coursework1/build/sfr_coursework1_interface_package
[1.166s] Level 1:colcon.colcon_core.environment:checking '/home/student48/assessments/coursework1/install/sfr_coursework1_interface_package' for CMake module files
[1.167s] Level 1:colcon.colcon_core.environment:checking '/home/student48/assessments/coursework1/install/sfr_coursework1_interface_package' for CMake config files
[1.168s] Level 1:colcon.colcon_core.shell:create_environment_hook('sfr_coursework1_interface_package', 'cmake_prefix_path')
[1.168s] INFO:colcon.colcon_core.shell:Creating environment hook '/home/student48/assessments/coursework1/install/sfr_coursework1_interface_package/share/sfr_coursework1_interface_package/hook/cmake_prefix_path.ps1'
[1.169s] INFO:colcon.colcon_core.shell:Creating environment descriptor '/home/student48/assessments/coursework1/install/sfr_coursework1_interface_package/share/sfr_coursework1_interface_package/hook/cmake_prefix_path.dsv'
[1.169s] INFO:colcon.colcon_core.shell:Creating environment hook '/home/student48/assessments/coursework1/install/sfr_coursework1_interface_package/share/sfr_coursework1_interface_package/hook/cmake_prefix_path.sh'
[1.171s] Level 1:colcon.colcon_core.environment:checking '/home/student48/assessments/coursework1/install/sfr_coursework1_interface_package/lib'
[1.172s] Level 1:colcon.colcon_core.shell:create_environment_hook('sfr_coursework1_interface_package', 'ld_library_path_lib')
[1.172s] INFO:colcon.colcon_core.shell:Creating environment hook '/home/student48/assessments/coursework1/install/sfr_coursework1_interface_package/share/sfr_coursework1_interface_package/hook/ld_library_path_lib.ps1'
[1.172s] INFO:colcon.colcon_core.shell:Creating environment descriptor '/home/student48/assessments/coursework1/install/sfr_coursework1_interface_package/share/sfr_coursework1_interface_package/hook/ld_library_path_lib.dsv'
[1.173s] INFO:colcon.colcon_core.shell:Creating environment hook '/home/student48/assessments/coursework1/install/sfr_coursework1_interface_package/share/sfr_coursework1_interface_package/hook/ld_library_path_lib.sh'
[1.173s] Level 1:colcon.colcon_core.environment:checking '/home/student48/assessments/coursework1/install/sfr_coursework1_interface_package/bin'
[1.173s] Level 1:colcon.colcon_core.environment:checking '/home/student48/assessments/coursework1/install/sfr_coursework1_interface_package/lib/pkgconfig/sfr_coursework1_interface_package.pc'
[1.174s] Level 1:colcon.colcon_core.environment:checking '/home/student48/assessments/coursework1/install/sfr_coursework1_interface_package/lib/python3.12/site-packages'
[1.174s] Level 1:colcon.colcon_core.shell:create_environment_hook('sfr_coursework1_interface_package', 'pythonpath')
[1.174s] INFO:colcon.colcon_core.shell:Creating environment hook '/home/student48/assessments/coursework1/install/sfr_coursework1_interface_package/share/sfr_coursework1_interface_package/hook/pythonpath.ps1'
[1.175s] INFO:colcon.colcon_core.shell:Creating environment descriptor '/home/student48/assessments/coursework1/install/sfr_coursework1_interface_package/share/sfr_coursework1_interface_package/hook/pythonpath.dsv'
[1.175s] INFO:colcon.colcon_core.shell:Creating environment hook '/home/student48/assessments/coursework1/install/sfr_coursework1_interface_package/share/sfr_coursework1_interface_package/hook/pythonpath.sh'
[1.176s] Level 1:colcon.colcon_core.environment:checking '/home/student48/assessments/coursework1/install/sfr_coursework1_interface_package/bin'
[1.176s] INFO:colcon.colcon_core.shell:Creating package script '/home/student48/assessments/coursework1/install/sfr_coursework1_interface_package/share/sfr_coursework1_interface_package/package.ps1'
[1.178s] INFO:colcon.colcon_core.shell:Creating package descriptor '/home/student48/assessments/coursework1/install/sfr_coursework1_interface_package/share/sfr_coursework1_interface_package/package.dsv'
[1.178s] INFO:colcon.colcon_core.shell:Creating package script '/home/student48/assessments/coursework1/install/sfr_coursework1_interface_package/share/sfr_coursework1_interface_package/package.sh'
[1.180s] INFO:colcon.colcon_core.shell:Creating package script '/home/student48/assessments/coursework1/install/sfr_coursework1_interface_package/share/sfr_coursework1_interface_package/package.bash'
[1.181s] INFO:colcon.colcon_core.shell:Creating package script '/home/student48/assessments/coursework1/install/sfr_coursework1_interface_package/share/sfr_coursework1_interface_package/package.zsh'
[1.181s] Level 1:colcon.colcon_core.environment:create_file_with_runtime_dependencies(/home/student48/assessments/coursework1/install/sfr_coursework1_interface_package/share/colcon-core/packages/sfr_coursework1_interface_package)
[1.182s] Level 1:colcon.colcon_core.environment:create_environment_scripts_only(sfr_coursework1_interface_package)
[1.182s] Level 1:colcon.colcon_core.environment:checking '/home/student48/assessments/coursework1/install/sfr_coursework1_interface_package' for CMake module files
[1.183s] Level 1:colcon.colcon_core.environment:checking '/home/student48/assessments/coursework1/install/sfr_coursework1_interface_package' for CMake config files
[1.184s] Level 1:colcon.colcon_core.shell:create_environment_hook('sfr_coursework1_interface_package', 'cmake_prefix_path')
[1.184s] INFO:colcon.colcon_core.shell:Creating environment hook '/home/student48/assessments/coursework1/install/sfr_coursework1_interface_package/share/sfr_coursework1_interface_package/hook/cmake_prefix_path.ps1'
[1.185s] INFO:colcon.colcon_core.shell:Creating environment descriptor '/home/student48/assessments/coursework1/install/sfr_coursework1_interface_package/share/sfr_coursework1_interface_package/hook/cmake_prefix_path.dsv'
[1.186s] INFO:colcon.colcon_core.shell:Creating environment hook '/home/student48/assessments/coursework1/install/sfr_coursework1_interface_package/share/sfr_coursework1_interface_package/hook/cmake_prefix_path.sh'
[1.186s] Level 1:colcon.colcon_core.environment:checking '/home/student48/assessments/coursework1/install/sfr_coursework1_interface_package/lib'
[1.187s] Level 1:colcon.colcon_core.shell:create_environment_hook('sfr_coursework1_interface_package', 'ld_library_path_lib')
[1.187s] INFO:colcon.colcon_core.shell:Creating environment hook '/home/student48/assessments/coursework1/install/sfr_coursework1_interface_package/share/sfr_coursework1_interface_package/hook/ld_library_path_lib.ps1'
[1.188s] INFO:colcon.colcon_core.shell:Creating environment descriptor '/home/student48/assessments/coursework1/install/sfr_coursework1_interface_package/share/sfr_coursework1_interface_package/hook/ld_library_path_lib.dsv'
[1.188s] INFO:colcon.colcon_core.shell:Creating environment hook '/home/student48/assessments/coursework1/install/sfr_coursework1_interface_package/share/sfr_coursework1_interface_package/hook/ld_library_path_lib.sh'
[1.188s] Level 1:colcon.colcon_core.environment:checking '/home/student48/assessments/coursework1/install/sfr_coursework1_interface_package/bin'
[1.188s] Level 1:colcon.colcon_core.environment:checking '/home/student48/assessments/coursework1/install/sfr_coursework1_interface_package/lib/pkgconfig/sfr_coursework1_interface_package.pc'
[1.188s] Level 1:colcon.colcon_core.environment:checking '/home/student48/assessments/coursework1/install/sfr_coursework1_interface_package/lib/python3.12/site-packages'
[1.189s] Level 1:colcon.colcon_core.shell:create_environment_hook('sfr_coursework1_interface_package', 'pythonpath')
[1.189s] INFO:colcon.colcon_core.shell:Creating environment hook '/home/student48/assessments/coursework1/install/sfr_coursework1_interface_package/share/sfr_coursework1_interface_package/hook/pythonpath.ps1'
[1.189s] INFO:colcon.colcon_core.shell:Creating environment descriptor '/home/student48/assessments/coursework1/install/sfr_coursework1_interface_package/share/sfr_coursework1_interface_package/hook/pythonpath.dsv'
[1.189s] INFO:colcon.colcon_core.shell:Creating environment hook '/home/student48/assessments/coursework1/install/sfr_coursework1_interface_package/share/sfr_coursework1_interface_package/hook/pythonpath.sh'
[1.190s] Level 1:colcon.colcon_core.environment:checking '/home/student48/assessments/coursework1/install/sfr_coursework1_interface_package/bin'
[1.190s] INFO:colcon.colcon_core.shell:Creating package script '/home/student48/assessments/coursework1/install/sfr_coursework1_interface_package/share/sfr_coursework1_interface_package/package.ps1'
[1.190s] INFO:colcon.colcon_core.shell:Creating package descriptor '/home/student48/assessments/coursework1/install/sfr_coursework1_interface_package/share/sfr_coursework1_interface_package/package.dsv'
[1.191s] INFO:colcon.colcon_core.shell:Creating package script '/home/student48/assessments/coursework1/install/sfr_coursework1_interface_package/share/sfr_coursework1_interface_package/package.sh'
[1.191s] INFO:colcon.colcon_core.shell:Creating package script '/home/student48/assessments/coursework1/install/sfr_coursework1_interface_package/share/sfr_coursework1_interface_package/package.bash'
[1.192s] INFO:colcon.colcon_core.shell:Creating package script '/home/student48/assessments/coursework1/install/sfr_coursework1_interface_package/share/sfr_coursework1_interface_package/package.zsh'
[1.192s] Level 1:colcon.colcon_core.environment:create_file_with_runtime_dependencies(/home/student48/assessments/coursework1/install/sfr_coursework1_interface_package/share/colcon-core/packages/sfr_coursework1_interface_package)
[1.192s] INFO:colcon.colcon_ros.task.ament_python.build:Building ROS package in '/home/student48/assessments/coursework1/src/alpha_warrior_controller_pkg' with build type 'ament_python'
[1.192s] Level 1:colcon.colcon_core.shell:create_environment_hook('alpha_warrior_controller_pkg', 'ament_prefix_path')
[1.193s] INFO:colcon.colcon_core.shell:Creating environment hook '/home/student48/assessments/coursework1/install/alpha_warrior_controller_pkg/share/alpha_warrior_controller_pkg/hook/ament_prefix_path.ps1'
[1.194s] INFO:colcon.colcon_core.shell:Creating environment descriptor '/home/student48/assessments/coursework1/install/alpha_warrior_controller_pkg/share/alpha_warrior_controller_pkg/hook/ament_prefix_path.dsv'
[1.195s] INFO:colcon.colcon_core.shell:Creating environment hook '/home/student48/assessments/coursework1/install/alpha_warrior_controller_pkg/share/alpha_warrior_controller_pkg/hook/ament_prefix_path.sh'
[1.196s] INFO:colcon.colcon_core.shell:Skip shell extension 'powershell' for command environment: Not usable outside of PowerShell
[1.196s] DEBUG:colcon.colcon_core.shell:Skip shell extension 'dsv' for command environment
[1.200s] INFO:colcon.colcon_ros.task.ament_python.build:Building ROS package in '/home/student48/assessments/coursework1/src/alpha_warrior_pkg' with build type 'ament_python'
[1.200s] Level 1:colcon.colcon_core.shell:create_environment_hook('alpha_warrior_pkg', 'ament_prefix_path')
[1.201s] INFO:colcon.colcon_core.shell:Creating environment hook '/home/student48/assessments/coursework1/install/alpha_warrior_pkg/share/alpha_warrior_pkg/hook/ament_prefix_path.ps1'
[1.202s] INFO:colcon.colcon_core.shell:Creating environment descriptor '/home/student48/assessments/coursework1/install/alpha_warrior_pkg/share/alpha_warrior_pkg/hook/ament_prefix_path.dsv'
[1.202s] INFO:colcon.colcon_core.shell:Creating environment hook '/home/student48/assessments/coursework1/install/alpha_warrior_pkg/share/alpha_warrior_pkg/hook/ament_prefix_path.sh'
[1.203s] INFO:colcon.colcon_core.shell:Skip shell extension 'powershell' for command environment: Not usable outside of PowerShell
[1.203s] DEBUG:colcon.colcon_core.shell:Skip shell extension 'dsv' for command environment
[1.475s] INFO:colcon.colcon_core.task.python.build:Building Python package in '/home/student48/assessments/coursework1/src/alpha_warrior_controller_pkg'
[1.476s] INFO:colcon.colcon_core.shell:Skip shell extension 'powershell' for command environment: Not usable outside of PowerShell
[1.476s] DEBUG:colcon.colcon_core.shell:Skip shell extension 'dsv' for command environment
[1.731s] INFO:colcon.colcon_core.task.python.build:Building Python package in '/home/student48/assessments/coursework1/src/alpha_warrior_pkg'
[1.731s] INFO:colcon.colcon_core.shell:Skip shell extension 'powershell' for command environment: Not usable outside of PowerShell
[1.731s] DEBUG:colcon.colcon_core.shell:Skip shell extension 'dsv' for command environment
[2.541s] DEBUG:colcon.colcon_core.event_handler.log_command:Invoking command in '/home/student48/assessments/coursework1/src/alpha_warrior_controller_pkg': DEBUGINFOD_URLS=https://debuginfod.ubuntu.com PYTHONPATH=/home/student48/assessments/coursework1/build/alpha_warrior_controller_pkg/prefix_override:/usr/lib/python3/dist-packages/colcon_core/task/python/colcon_distutils_commands:/home/student48/assessments/coursework1/install/alpha_warrior_controller_pkg/lib/python3.12/site-packages:/home/student48/assessments/coursework1/install/sfr_coursework1_interface_package/lib/python3.12/site-packages:/home/student48/assessments/coursework1/install/alpha_warrior_launch_pkg/lib/python3.12/site-packages:/home/student48/assessments/coursework1/install/alpha_warrior_pkg/lib/python3.12/site-packages:/home/student48/assessments/coursework1/install/alpha_warrior_controller_pkg/lib/python3.12/site-packages:/home/student48/ros2_tutorial_workspace/install/the_simplest_python_packagee/lib/python3.12/site-packages:/home/student48/ros2_tutorial_workspace/install/the_simplest_python_package/lib/python3.12/site-packages:/home/student48/ros2_tutorial_workspace/install/python_package_with_a_node/lib/python3.12/site-packages:/home/student48/ros2_tutorial_workspace/install/python_package_that_uses_the_library/lib/python3.12/site-packages:/home/student48/ros2_tutorial_workspace/install/python_package_with_a_library/lib/python3.12/site-packages:/home/student48/ros2_tutorial_workspace/install/python_package_that_uses_the_services/lib/python3.12/site-packages:/home/student48/ros2_tutorial_workspace/install/python_package_that_uses_the_messages/lib/python3.12/site-packages:/home/student48/ros2_tutorial_workspace/install/python_package_that_uses_the_actions/lib/python3.12/site-packages:/home/student48/ros2_tutorial_workspace/install/python_package_that_uses_parameters_and_launch_files/lib/python3.12/site-packages:/home/student48/ros2_tutorial_workspace/install/package_with_interfaces/lib/python3.12/site-packages:/home/student48/ros2_tutorial_workspace/install/my_package/lib/python3.12/site-packages:/home/student48/ros2_tutorial_workspace/install/custom_subscriber_package/lib/python3.12/site-packages:/home/student48/ros2_tutorial_workspace/install/custom_server_package/lib/python3.12/site-packages:/home/student48/ros2_tutorial_workspace/install/custom_publisher_package/lib/python3.12/site-packages:/home/student48/ros2_tutorial_workspace/install/custom_package_with_node/lib/python3.12/site-packages:/home/student48/ros2_tutorial_workspace/install/custom_package_with_library/lib/python3.12/site-packages:/home/student48/ros2_tutorial_workspace/install/custom_client_package/lib/python3.12/site-packages:/home/student48/ros2_tutorial_workspace/install/custom_action_server_package/lib/python3.12/site-packages:/home/student48/ros2_tutorial_workspace/install/custom_action_client_package/lib/python3.12/site-packages:/home/student48/ros2_tutorial_workspace/install/another_package/lib/python3.12/site-packages:/home/student48/assessments/week4/src/install/volkswagen/lib/python3.12/site-packages:/home/student48/assessments/week4/src/install/building/lib/python3.12/site-packages:/opt/ros/jazzy/lib/python3.12/site-packages /usr/bin/python3 -W ignore:setup.py install is deprecated -W ignore:easy_install command is deprecated setup.py egg_info --egg-base ../../build/alpha_warrior_controller_pkg build --build-base /home/student48/assessments/coursework1/build/alpha_warrior_controller_pkg/build install --record /home/student48/assessments/coursework1/build/alpha_warrior_controller_pkg/install.log --single-version-externally-managed install_data
[2.578s] DEBUG:colcon.colcon_core.event_handler.log_command:Invoking command in '/home/student48/assessments/coursework1/src/alpha_warrior_pkg': DEBUGINFOD_URLS=https://debuginfod.ubuntu.com PYTHONPATH=/home/student48/assessments/coursework1/build/alpha_warrior_pkg/prefix_override:/usr/lib/python3/dist-packages/colcon_core/task/python/colcon_distutils_commands:/home/student48/assessments/coursework1/install/alpha_warrior_pkg/lib/python3.12/site-packages:/home/student48/assessments/coursework1/install/sfr_coursework1_interface_package/lib/python3.12/site-packages:/home/student48/assessments/coursework1/install/alpha_warrior_launch_pkg/lib/python3.12/site-packages:/home/student48/assessments/coursework1/install/alpha_warrior_pkg/lib/python3.12/site-packages:/home/student48/assessments/coursework1/install/alpha_warrior_controller_pkg/lib/python3.12/site-packages:/home/student48/ros2_tutorial_workspace/install/the_simplest_python_packagee/lib/python3.12/site-packages:/home/student48/ros2_tutorial_workspace/install/the_simplest_python_package/lib/python3.12/site-packages:/home/student48/ros2_tutorial_workspace/install/python_package_with_a_node/lib/python3.12/site-packages:/home/student48/ros2_tutorial_workspace/install/python_package_that_uses_the_library/lib/python3.12/site-packages:/home/student48/ros2_tutorial_workspace/install/python_package_with_a_library/lib/python3.12/site-packages:/home/student48/ros2_tutorial_workspace/install/python_package_that_uses_the_services/lib/python3.12/site-packages:/home/student48/ros2_tutorial_workspace/install/python_package_that_uses_the_messages/lib/python3.12/site-packages:/home/student48/ros2_tutorial_workspace/install/python_package_that_uses_the_actions/lib/python3.12/site-packages:/home/student48/ros2_tutorial_workspace/install/python_package_that_uses_parameters_and_launch_files/lib/python3.12/site-packages:/home/student48/ros2_tutorial_workspace/install/package_with_interfaces/lib/python3.12/site-packages:/home/student48/ros2_tutorial_workspace/install/my_package/lib/python3.12/site-packages:/home/student48/ros2_tutorial_workspace/install/custom_subscriber_package/lib/python3.12/site-packages:/home/student48/ros2_tutorial_workspace/install/custom_server_package/lib/python3.12/site-packages:/home/student48/ros2_tutorial_workspace/install/custom_publisher_package/lib/python3.12/site-packages:/home/student48/ros2_tutorial_workspace/install/custom_package_with_node/lib/python3.12/site-packages:/home/student48/ros2_tutorial_workspace/install/custom_package_with_library/lib/python3.12/site-packages:/home/student48/ros2_tutorial_workspace/install/custom_client_package/lib/python3.12/site-packages:/home/student48/ros2_tutorial_workspace/install/custom_action_server_package/lib/python3.12/site-packages:/home/student48/ros2_tutorial_workspace/install/custom_action_client_package/lib/python3.12/site-packages:/home/student48/ros2_tutorial_workspace/install/another_package/lib/python3.12/site-packages:/home/student48/assessments/week4/src/install/volkswagen/lib/python3.12/site-packages:/home/student48/assessments/week4/src/install/building/lib/python3.12/site-packages:/opt/ros/jazzy/lib/python3.12/site-packages /usr/bin/python3 -W ignore:setup.py install is deprecated -W ignore:easy_install command is deprecated setup.py egg_info --egg-base ../../build/alpha_warrior_pkg build --build-base /home/student48/assessments/coursework1/build/alpha_warrior_pkg/build install --record /home/student48/assessments/coursework1/build/alpha_warrior_pkg/install.log --single-version-externally-managed install_data
[3.623s] Level 1:colcon.colcon_core.environment:checking '/home/student48/assessments/coursework1/install/alpha_warrior_pkg' for CMake module files
[3.625s] DEBUG:colcon.colcon_core.event_handler.log_command:Invoked command in '/home/student48/assessments/coursework1/src/alpha_warrior_pkg' returned '0': DEBUGINFOD_URLS=https://debuginfod.ubuntu.com PYTHONPATH=/home/student48/assessments/coursework1/build/alpha_warrior_pkg/prefix_override:/usr/lib/python3/dist-packages/colcon_core/task/python/colcon_distutils_commands:/home/student48/assessments/coursework1/install/alpha_warrior_pkg/lib/python3.12/site-packages:/home/student48/assessments/coursework1/install/sfr_coursework1_interface_package/lib/python3.12/site-packages:/home/student48/assessments/coursework1/install/alpha_warrior_launch_pkg/lib/python3.12/site-packages:/home/student48/assessments/coursework1/install/alpha_warrior_pkg/lib/python3.12/site-packages:/home/student48/assessments/coursework1/install/alpha_warrior_controller_pkg/lib/python3.12/site-packages:/home/student48/ros2_tutorial_workspace/install/the_simplest_python_packagee/lib/python3.12/site-packages:/home/student48/ros2_tutorial_workspace/install/the_simplest_python_package/lib/python3.12/site-packages:/home/student48/ros2_tutorial_workspace/install/python_package_with_a_node/lib/python3.12/site-packages:/home/student48/ros2_tutorial_workspace/install/python_package_that_uses_the_library/lib/python3.12/site-packages:/home/student48/ros2_tutorial_workspace/install/python_package_with_a_library/lib/python3.12/site-packages:/home/student48/ros2_tutorial_workspace/install/python_package_that_uses_the_services/lib/python3.12/site-packages:/home/student48/ros2_tutorial_workspace/install/python_package_that_uses_the_messages/lib/python3.12/site-packages:/home/student48/ros2_tutorial_workspace/install/python_package_that_uses_the_actions/lib/python3.12/site-packages:/home/student48/ros2_tutorial_workspace/install/python_package_that_uses_parameters_and_launch_files/lib/python3.12/site-packages:/home/student48/ros2_tutorial_workspace/install/package_with_interfaces/lib/python3.12/site-packages:/home/student48/ros2_tutorial_workspace/install/my_package/lib/python3.12/site-packages:/home/student48/ros2_tutorial_workspace/install/custom_subscriber_package/lib/python3.12/site-packages:/home/student48/ros2_tutorial_workspace/install/custom_server_package/lib/python3.12/site-packages:/home/student48/ros2_tutorial_workspace/install/custom_publisher_package/lib/python3.12/site-packages:/home/student48/ros2_tutorial_workspace/install/custom_package_with_node/lib/python3.12/site-packages:/home/student48/ros2_tutorial_workspace/install/custom_package_with_library/lib/python3.12/site-packages:/home/student48/ros2_tutorial_workspace/install/custom_client_package/lib/python3.12/site-packages:/home/student48/ros2_tutorial_workspace/install/custom_action_server_package/lib/python3.12/site-packages:/home/student48/ros2_tutorial_workspace/install/custom_action_client_package/lib/python3.12/site-packages:/home/student48/ros2_tutorial_workspace/install/another_package/lib/python3.12/site-packages:/home/student48/assessments/week4/src/install/volkswagen/lib/python3.12/site-packages:/home/student48/assessments/week4/src/install/building/lib/python3.12/site-packages:/opt/ros/jazzy/lib/python3.12/site-packages /usr/bin/python3 -W ignore:setup.py install is deprecated -W ignore:easy_install command is deprecated setup.py egg_info --egg-base ../../build/alpha_warrior_pkg build --build-base /home/student48/assessments/coursework1/build/alpha_warrior_pkg/build install --record /home/student48/assessments/coursework1/build/alpha_warrior_pkg/install.log --single-version-externally-managed install_data
[3.626s] Level 1:colcon.colcon_core.environment:checking '/home/student48/assessments/coursework1/install/alpha_warrior_pkg' for CMake config files
[3.627s] Level 1:colcon.colcon_core.environment:checking '/home/student48/assessments/coursework1/install/alpha_warrior_pkg/lib'
[3.628s] Level 1:colcon.colcon_core.environment:checking '/home/student48/assessments/coursework1/install/alpha_warrior_pkg/bin'
[3.628s] Level 1:colcon.colcon_core.environment:checking '/home/student48/assessments/coursework1/install/alpha_warrior_pkg/lib/pkgconfig/alpha_warrior_pkg.pc'
[3.628s] Level 1:colcon.colcon_core.environment:checking '/home/student48/assessments/coursework1/install/alpha_warrior_pkg/lib/python3.12/site-packages'
[3.629s] Level 1:colcon.colcon_core.shell:create_environment_hook('alpha_warrior_pkg', 'pythonpath')
[3.629s] INFO:colcon.colcon_core.shell:Creating environment hook '/home/student48/assessments/coursework1/install/alpha_warrior_pkg/share/alpha_warrior_pkg/hook/pythonpath.ps1'
[3.630s] INFO:colcon.colcon_core.shell:Creating environment descriptor '/home/student48/assessments/coursework1/install/alpha_warrior_pkg/share/alpha_warrior_pkg/hook/pythonpath.dsv'
[3.631s] INFO:colcon.colcon_core.shell:Creating environment hook '/home/student48/assessments/coursework1/install/alpha_warrior_pkg/share/alpha_warrior_pkg/hook/pythonpath.sh'
[3.633s] Level 1:colcon.colcon_core.environment:checking '/home/student48/assessments/coursework1/install/alpha_warrior_pkg/bin'
[3.633s] Level 1:colcon.colcon_core.environment:create_environment_scripts_only(alpha_warrior_pkg)
[3.634s] INFO:colcon.colcon_core.shell:Creating package script '/home/student48/assessments/coursework1/install/alpha_warrior_pkg/share/alpha_warrior_pkg/package.ps1'
[3.636s] INFO:colcon.colcon_core.shell:Creating package descriptor '/home/student48/assessments/coursework1/install/alpha_warrior_pkg/share/alpha_warrior_pkg/package.dsv'
[3.663s] INFO:colcon.colcon_core.shell:Creating package script '/home/student48/assessments/coursework1/install/alpha_warrior_pkg/share/alpha_warrior_pkg/package.sh'
[3.665s] INFO:colcon.colcon_core.shell:Creating package script '/home/student48/assessments/coursework1/install/alpha_warrior_pkg/share/alpha_warrior_pkg/package.bash'
[3.666s] INFO:colcon.colcon_core.shell:Creating package script '/home/student48/assessments/coursework1/install/alpha_warrior_pkg/share/alpha_warrior_pkg/package.zsh'
[3.667s] Level 1:colcon.colcon_core.environment:create_file_with_runtime_dependencies(/home/student48/assessments/coursework1/install/alpha_warrior_pkg/share/colcon-core/packages/alpha_warrior_pkg)
[3.734s] Level 1:colcon.colcon_core.environment:checking '/home/student48/assessments/coursework1/install/alpha_warrior_controller_pkg' for CMake module files
[3.740s] DEBUG:colcon.colcon_core.event_handler.log_command:Invoked command in '/home/student48/assessments/coursework1/src/alpha_warrior_controller_pkg' returned '0': DEBUGINFOD_URLS=https://debuginfod.ubuntu.com PYTHONPATH=/home/student48/assessments/coursework1/build/alpha_warrior_controller_pkg/prefix_override:/usr/lib/python3/dist-packages/colcon_core/task/python/colcon_distutils_commands:/home/student48/assessments/coursework1/install/alpha_warrior_controller_pkg/lib/python3.12/site-packages:/home/student48/assessments/coursework1/install/sfr_coursework1_interface_package/lib/python3.12/site-packages:/home/student48/assessments/coursework1/install/alpha_warrior_launch_pkg/lib/python3.12/site-packages:/home/student48/assessments/coursework1/install/alpha_warrior_pkg/lib/python3.12/site-packages:/home/student48/assessments/coursework1/install/alpha_warrior_controller_pkg/lib/python3.12/site-packages:/home/student48/ros2_tutorial_workspace/install/the_simplest_python_packagee/lib/python3.12/site-packages:/home/student48/ros2_tutorial_workspace/install/the_simplest_python_package/lib/python3.12/site-packages:/home/student48/ros2_tutorial_workspace/install/python_package_with_a_node/lib/python3.12/site-packages:/home/student48/ros2_tutorial_workspace/install/python_package_that_uses_the_library/lib/python3.12/site-packages:/home/student48/ros2_tutorial_workspace/install/python_package_with_a_library/lib/python3.12/site-packages:/home/student48/ros2_tutorial_workspace/install/python_package_that_uses_the_services/lib/python3.12/site-packages:/home/student48/ros2_tutorial_workspace/install/python_package_that_uses_the_messages/lib/python3.12/site-packages:/home/student48/ros2_tutorial_workspace/install/python_package_that_uses_the_actions/lib/python3.12/site-packages:/home/student48/ros2_tutorial_workspace/install/python_package_that_uses_parameters_and_launch_files/lib/python3.12/site-packages:/home/student48/ros2_tutorial_workspace/install/package_with_interfaces/lib/python3.12/site-packages:/home/student48/ros2_tutorial_workspace/install/my_package/lib/python3.12/site-packages:/home/student48/ros2_tutorial_workspace/install/custom_subscriber_package/lib/python3.12/site-packages:/home/student48/ros2_tutorial_workspace/install/custom_server_package/lib/python3.12/site-packages:/home/student48/ros2_tutorial_workspace/install/custom_publisher_package/lib/python3.12/site-packages:/home/student48/ros2_tutorial_workspace/install/custom_package_with_node/lib/python3.12/site-packages:/home/student48/ros2_tutorial_workspace/install/custom_package_with_library/lib/python3.12/site-packages:/home/student48/ros2_tutorial_workspace/install/custom_client_package/lib/python3.12/site-packages:/home/student48/ros2_tutorial_workspace/install/custom_action_server_package/lib/python3.12/site-packages:/home/student48/ros2_tutorial_workspace/install/custom_action_client_package/lib/python3.12/site-packages:/home/student48/ros2_tutorial_workspace/install/another_package/lib/python3.12/site-packages:/home/student48/assessments/week4/src/install/volkswagen/lib/python3.12/site-packages:/home/student48/assessments/week4/src/install/building/lib/python3.12/site-packages:/opt/ros/jazzy/lib/python3.12/site-packages /usr/bin/python3 -W ignore:setup.py install is deprecated -W ignore:easy_install command is deprecated setup.py egg_info --egg-base ../../build/alpha_warrior_controller_pkg build --build-base /home/student48/assessments/coursework1/build/alpha_warrior_controller_pkg/build install --record /home/student48/assessments/coursework1/build/alpha_warrior_controller_pkg/install.log --single-version-externally-managed install_data
[3.742s] Level 1:colcon.colcon_core.environment:checking '/home/student48/assessments/coursework1/install/alpha_warrior_controller_pkg' for CMake config files
[3.746s] Level 1:colcon.colcon_core.environment:checking '/home/student48/assessments/coursework1/install/alpha_warrior_controller_pkg/lib'
[3.746s] Level 1:colcon.colcon_core.environment:checking '/home/student48/assessments/coursework1/install/alpha_warrior_controller_pkg/bin'
[3.747s] Level 1:colcon.colcon_core.environment:checking '/home/student48/assessments/coursework1/install/alpha_warrior_controller_pkg/lib/pkgconfig/alpha_warrior_controller_pkg.pc'
[3.748s] Level 1:colcon.colcon_core.environment:checking '/home/student48/assessments/coursework1/install/alpha_warrior_controller_pkg/lib/python3.12/site-packages'
[3.748s] Level 1:colcon.colcon_core.shell:create_environment_hook('alpha_warrior_controller_pkg', 'pythonpath')
[3.749s] INFO:colcon.colcon_core.shell:Creating environment hook '/home/student48/assessments/coursework1/install/alpha_warrior_controller_pkg/share/alpha_warrior_controller_pkg/hook/pythonpath.ps1'
[3.750s] INFO:colcon.colcon_core.shell:Creating environment descriptor '/home/student48/assessments/coursework1/install/alpha_warrior_controller_pkg/share/alpha_warrior_controller_pkg/hook/pythonpath.dsv'
[3.754s] INFO:colcon.colcon_core.shell:Creating environment hook '/home/student48/assessments/coursework1/install/alpha_warrior_controller_pkg/share/alpha_warrior_controller_pkg/hook/pythonpath.sh'
[3.756s] Level 1:colcon.colcon_core.environment:checking '/home/student48/assessments/coursework1/install/alpha_warrior_controller_pkg/bin'
[3.757s] Level 1:colcon.colcon_core.environment:create_environment_scripts_only(alpha_warrior_controller_pkg)
[3.757s] INFO:colcon.colcon_core.shell:Creating package script '/home/student48/assessments/coursework1/install/alpha_warrior_controller_pkg/share/alpha_warrior_controller_pkg/package.ps1'
[3.759s] INFO:colcon.colcon_core.shell:Creating package descriptor '/home/student48/assessments/coursework1/install/alpha_warrior_controller_pkg/share/alpha_warrior_controller_pkg/package.dsv'
[3.760s] INFO:colcon.colcon_core.shell:Creating package script '/home/student48/assessments/coursework1/install/alpha_warrior_controller_pkg/share/alpha_warrior_controller_pkg/package.sh'
[3.761s] INFO:colcon.colcon_core.shell:Creating package script '/home/student48/assessments/coursework1/install/alpha_warrior_controller_pkg/share/alpha_warrior_controller_pkg/package.bash'
[3.761s] INFO:colcon.colcon_core.shell:Creating package script '/home/student48/assessments/coursework1/install/alpha_warrior_controller_pkg/share/alpha_warrior_controller_pkg/package.zsh'
[3.762s] Level 1:colcon.colcon_core.environment:create_file_with_runtime_dependencies(/home/student48/assessments/coursework1/install/alpha_warrior_controller_pkg/share/colcon-core/packages/alpha_warrior_controller_pkg)
[3.763s] INFO:colcon.colcon_ros.task.ament_python.build:Building ROS package in '/home/student48/assessments/coursework1/src/alpha_warrior_launch_pkg' with build type 'ament_python'
[3.763s] Level 1:colcon.colcon_core.shell:create_environment_hook('alpha_warrior_launch_pkg', 'ament_prefix_path')
[3.763s] INFO:colcon.colcon_core.shell:Creating environment hook '/home/student48/assessments/coursework1/install/alpha_warrior_launch_pkg/share/alpha_warrior_launch_pkg/hook/ament_prefix_path.ps1'
[3.764s] INFO:colcon.colcon_core.shell:Creating environment descriptor '/home/student48/assessments/coursework1/install/alpha_warrior_launch_pkg/share/alpha_warrior_launch_pkg/hook/ament_prefix_path.dsv'
[3.765s] INFO:colcon.colcon_core.shell:Creating environment hook '/home/student48/assessments/coursework1/install/alpha_warrior_launch_pkg/share/alpha_warrior_launch_pkg/hook/ament_prefix_path.sh'
[3.766s] INFO:colcon.colcon_core.shell:Skip shell extension 'powershell' for command environment: Not usable outside of PowerShell
[3.767s] DEBUG:colcon.colcon_core.shell:Skip shell extension 'dsv' for command environment
[4.229s] INFO:colcon.colcon_core.task.python.build:Building Python package in '/home/student48/assessments/coursework1/src/alpha_warrior_launch_pkg'
[4.229s] INFO:colcon.colcon_core.shell:Skip shell extension 'powershell' for command environment: Not usable outside of PowerShell
[4.229s] DEBUG:colcon.colcon_core.shell:Skip shell extension 'dsv' for command environment
[5.275s] DEBUG:colcon.colcon_core.event_handler.log_command:Invoking command in '/home/student48/assessments/coursework1/src/alpha_warrior_launch_pkg': AMENT_PREFIX_PATH=/home/student48/assessments/coursework1/install/alpha_warrior_pkg:/home/student48/assessments/coursework1/install/alpha_warrior_controller_pkg:/home/student48/assessments/coursework1/install/alpha_warrior_launch_pkg:/home/student48/assessments/coursework1/install/sfr_coursework1_interface_package:/home/student48/ros2_tutorial_workspace/install/the_simplest_python_packagee:/home/student48/ros2_tutorial_workspace/install/the_simplest_python_package:/home/student48/ros2_tutorial_workspace/install/python_package_with_a_node:/home/student48/ros2_tutorial_workspace/install/python_package_that_uses_the_library:/home/student48/ros2_tutorial_workspace/install/python_package_with_a_library:/home/student48/ros2_tutorial_workspace/install/python_package_that_uses_the_services:/home/student48/ros2_tutorial_workspace/install/python_package_that_uses_the_messages:/home/student48/ros2_tutorial_workspace/install/python_package_that_uses_the_actions:/home/student48/ros2_tutorial_workspace/install/python_package_that_uses_parameters_and_launch_files:/home/student48/ros2_tutorial_workspace/install/package_with_interfaces:/home/student48/ros2_tutorial_workspace/install/my_package:/home/student48/ros2_tutorial_workspace/install/custom_subscriber_package:/home/student48/ros2_tutorial_workspace/install/custom_server_package:/home/student48/ros2_tutorial_workspace/install/custom_publisher_package:/home/student48/ros2_tutorial_workspace/install/custom_package_with_node:/home/student48/ros2_tutorial_workspace/install/custom_package_with_library:/home/student48/ros2_tutorial_workspace/install/custom_client_package:/home/student48/ros2_tutorial_workspace/install/custom_action_server_package:/home/student48/ros2_tutorial_workspace/install/custom_action_client_package:/home/student48/ros2_tutorial_workspace/install/another_package:/home/student48/assessments/week4/src/install/volkswagen:/home/student48/assessments/week4/src/install/building:/opt/ros/jazzy DEBUGINFOD_URLS=https://debuginfod.ubuntu.com PYTHONPATH=/home/student48/assessments/coursework1/build/alpha_warrior_launch_pkg/prefix_override:/usr/lib/python3/dist-packages/colcon_core/task/python/colcon_distutils_commands:/home/student48/assessments/coursework1/install/alpha_warrior_launch_pkg/lib/python3.12/site-packages:/home/student48/assessments/coursework1/install/alpha_warrior_pkg/lib/python3.12/site-packages:/home/student48/assessments/coursework1/install/alpha_warrior_controller_pkg/lib/python3.12/site-packages:/home/student48/assessments/coursework1/install/sfr_coursework1_interface_package/lib/python3.12/site-packages:/home/student48/assessments/coursework1/install/alpha_warrior_launch_pkg/lib/python3.12/site-packages:/home/student48/ros2_tutorial_workspace/install/the_simplest_python_packagee/lib/python3.12/site-packages:/home/student48/ros2_tutorial_workspace/install/the_simplest_python_package/lib/python3.12/site-packages:/home/student48/ros2_tutorial_workspace/install/python_package_with_a_node/lib/python3.12/site-packages:/home/student48/ros2_tutorial_workspace/install/python_package_that_uses_the_library/lib/python3.12/site-packages:/home/student48/ros2_tutorial_workspace/install/python_package_with_a_library/lib/python3.12/site-packages:/home/student48/ros2_tutorial_workspace/install/python_package_that_uses_the_services/lib/python3.12/site-packages:/home/student48/ros2_tutorial_workspace/install/python_package_that_uses_the_messages/lib/python3.12/site-packages:/home/student48/ros2_tutorial_workspace/install/python_package_that_uses_the_actions/lib/python3.12/site-packages:/home/student48/ros2_tutorial_workspace/install/python_package_that_uses_parameters_and_launch_files/lib/python3.12/site-packages:/home/student48/ros2_tutorial_workspace/install/package_with_interfaces/lib/python3.12/site-packages:/home/student48/ros2_tutorial_workspace/install/my_package/lib/python3.12/site-packages:/home/student48/ros2_tutorial_workspace/install/custom_subscriber_package/lib/python3.12/site-packages:/home/student48/ros2_tutorial_workspace/install/custom_server_package/lib/python3.12/site-packages:/home/student48/ros2_tutorial_workspace/install/custom_publisher_package/lib/python3.12/site-packages:/home/student48/ros2_tutorial_workspace/install/custom_package_with_node/lib/python3.12/site-packages:/home/student48/ros2_tutorial_workspace/install/custom_package_with_library/lib/python3.12/site-packages:/home/student48/ros2_tutorial_workspace/install/custom_client_package/lib/python3.12/site-packages:/home/student48/ros2_tutorial_workspace/install/custom_action_server_package/lib/python3.12/site-packages:/home/student48/ros2_tutorial_workspace/install/custom_action_client_package/lib/python3.12/site-packages:/home/student48/ros2_tutorial_workspace/install/another_package/lib/python3.12/site-packages:/home/student48/assessments/week4/src/install/volkswagen/lib/python3.12/site-packages:/home/student48/assessments/week4/src/install/building/lib/python3.12/site-packages:/opt/ros/jazzy/lib/python3.12/site-packages /usr/bin/python3 -W ignore:setup.py install is deprecated -W ignore:easy_install command is deprecated setup.py egg_info --egg-base ../../build/alpha_warrior_launch_pkg build --build-base /home/student48/assessments/coursework1/build/alpha_warrior_launch_pkg/build install --record /home/student48/assessments/coursework1/build/alpha_warrior_launch_pkg/install.log --single-version-externally-managed install_data
[6.596s] Level 1:colcon.colcon_core.environment:checking '/home/student48/assessments/coursework1/install/alpha_warrior_launch_pkg' for CMake module files
[6.597s] DEBUG:colcon.colcon_core.event_handler.log_command:Invoked command in '/home/student48/assessments/coursework1/src/alpha_warrior_launch_pkg' returned '0': AMENT_PREFIX_PATH=/home/student48/assessments/coursework1/install/alpha_warrior_pkg:/home/student48/assessments/coursework1/install/alpha_warrior_controller_pkg:/home/student48/assessments/coursework1/install/alpha_warrior_launch_pkg:/home/student48/assessments/coursework1/install/sfr_coursework1_interface_package:/home/student48/ros2_tutorial_workspace/install/the_simplest_python_packagee:/home/student48/ros2_tutorial_workspace/install/the_simplest_python_package:/home/student48/ros2_tutorial_workspace/install/python_package_with_a_node:/home/student48/ros2_tutorial_workspace/install/python_package_that_uses_the_library:/home/student48/ros2_tutorial_workspace/install/python_package_with_a_library:/home/student48/ros2_tutorial_workspace/install/python_package_that_uses_the_services:/home/student48/ros2_tutorial_workspace/install/python_package_that_uses_the_messages:/home/student48/ros2_tutorial_workspace/install/python_package_that_uses_the_actions:/home/student48/ros2_tutorial_workspace/install/python_package_that_uses_parameters_and_launch_files:/home/student48/ros2_tutorial_workspace/install/package_with_interfaces:/home/student48/ros2_tutorial_workspace/install/my_package:/home/student48/ros2_tutorial_workspace/install/custom_subscriber_package:/home/student48/ros2_tutorial_workspace/install/custom_server_package:/home/student48/ros2_tutorial_workspace/install/custom_publisher_package:/home/student48/ros2_tutorial_workspace/install/custom_package_with_node:/home/student48/ros2_tutorial_workspace/install/custom_package_with_library:/home/student48/ros2_tutorial_workspace/install/custom_client_package:/home/student48/ros2_tutorial_workspace/install/custom_action_server_package:/home/student48/ros2_tutorial_workspace/install/custom_action_client_package:/home/student48/ros2_tutorial_workspace/install/another_package:/home/student48/assessments/week4/src/install/volkswagen:/home/student48/assessments/week4/src/install/building:/opt/ros/jazzy DEBUGINFOD_URLS=https://debuginfod.ubuntu.com PYTHONPATH=/home/student48/assessments/coursework1/build/alpha_warrior_launch_pkg/prefix_override:/usr/lib/python3/dist-packages/colcon_core/task/python/colcon_distutils_commands:/home/student48/assessments/coursework1/install/alpha_warrior_launch_pkg/lib/python3.12/site-packages:/home/student48/assessments/coursework1/install/alpha_warrior_pkg/lib/python3.12/site-packages:/home/student48/assessments/coursework1/install/alpha_warrior_controller_pkg/lib/python3.12/site-packages:/home/student48/assessments/coursework1/install/sfr_coursework1_interface_package/lib/python3.12/site-packages:/home/student48/assessments/coursework1/install/alpha_warrior_launch_pkg/lib/python3.12/site-packages:/home/student48/ros2_tutorial_workspace/install/the_simplest_python_packagee/lib/python3.12/site-packages:/home/student48/ros2_tutorial_workspace/install/the_simplest_python_package/lib/python3.12/site-packages:/home/student48/ros2_tutorial_workspace/install/python_package_with_a_node/lib/python3.12/site-packages:/home/student48/ros2_tutorial_workspace/install/python_package_that_uses_the_library/lib/python3.12/site-packages:/home/student48/ros2_tutorial_workspace/install/python_package_with_a_library/lib/python3.12/site-packages:/home/student48/ros2_tutorial_workspace/install/python_package_that_uses_the_services/lib/python3.12/site-packages:/home/student48/ros2_tutorial_workspace/install/python_package_that_uses_the_messages/lib/python3.12/site-packages:/home/student48/ros2_tutorial_workspace/install/python_package_that_uses_the_actions/lib/python3.12/site-packages:/home/student48/ros2_tutorial_workspace/install/python_package_that_uses_parameters_and_launch_files/lib/python3.12/site-packages:/home/student48/ros2_tutorial_workspace/install/package_with_interfaces/lib/python3.12/site-packages:/home/student48/ros2_tutorial_workspace/install/my_package/lib/python3.12/site-packages:/home/student48/ros2_tutorial_workspace/install/custom_subscriber_package/lib/python3.12/site-packages:/home/student48/ros2_tutorial_workspace/install/custom_server_package/lib/python3.12/site-packages:/home/student48/ros2_tutorial_workspace/install/custom_publisher_package/lib/python3.12/site-packages:/home/student48/ros2_tutorial_workspace/install/custom_package_with_node/lib/python3.12/site-packages:/home/student48/ros2_tutorial_workspace/install/custom_package_with_library/lib/python3.12/site-packages:/home/student48/ros2_tutorial_workspace/install/custom_client_package/lib/python3.12/site-packages:/home/student48/ros2_tutorial_workspace/install/custom_action_server_package/lib/python3.12/site-packages:/home/student48/ros2_tutorial_workspace/install/custom_action_client_package/lib/python3.12/site-packages:/home/student48/ros2_tutorial_workspace/install/another_package/lib/python3.12/site-packages:/home/student48/assessments/week4/src/install/volkswagen/lib/python3.12/site-packages:/home/student48/assessments/week4/src/install/building/lib/python3.12/site-packages:/opt/ros/jazzy/lib/python3.12/site-packages /usr/bin/python3 -W ignore:setup.py install is deprecated -W ignore:easy_install command is deprecated setup.py egg_info --egg-base ../../build/alpha_warrior_launch_pkg build --build-base /home/student48/assessments/coursework1/build/alpha_warrior_launch_pkg/build install --record /home/student48/assessments/coursework1/build/alpha_warrior_launch_pkg/install.log --single-version-externally-managed install_data
[6.597s] Level 1:colcon.colcon_core.environment:checking '/home/student48/assessments/coursework1/install/alpha_warrior_launch_pkg' for CMake config files
[6.598s] Level 1:colcon.colcon_core.environment:checking '/home/student48/assessments/coursework1/install/alpha_warrior_launch_pkg/lib'
[6.598s] Level 1:colcon.colcon_core.environment:checking '/home/student48/assessments/coursework1/install/alpha_warrior_launch_pkg/bin'
[6.598s] Level 1:colcon.colcon_core.environment:checking '/home/student48/assessments/coursework1/install/alpha_warrior_launch_pkg/lib/pkgconfig/alpha_warrior_launch_pkg.pc'
[6.598s] Level 1:colcon.colcon_core.environment:checking '/home/student48/assessments/coursework1/install/alpha_warrior_launch_pkg/lib/python3.12/site-packages'
[6.598s] Level 1:colcon.colcon_core.shell:create_environment_hook('alpha_warrior_launch_pkg', 'pythonpath')
[6.598s] INFO:colcon.colcon_core.shell:Creating environment hook '/home/student48/assessments/coursework1/install/alpha_warrior_launch_pkg/share/alpha_warrior_launch_pkg/hook/pythonpath.ps1'
[6.599s] INFO:colcon.colcon_core.shell:Creating environment descriptor '/home/student48/assessments/coursework1/install/alpha_warrior_launch_pkg/share/alpha_warrior_launch_pkg/hook/pythonpath.dsv'
[6.600s] INFO:colcon.colcon_core.shell:Creating environment hook '/home/student48/assessments/coursework1/install/alpha_warrior_launch_pkg/share/alpha_warrior_launch_pkg/hook/pythonpath.sh'
[6.602s] Level 1:colcon.colcon_core.environment:checking '/home/student48/assessments/coursework1/install/alpha_warrior_launch_pkg/bin'
[6.602s] Level 1:colcon.colcon_core.environment:create_environment_scripts_only(alpha_warrior_launch_pkg)
[6.603s] INFO:colcon.colcon_core.shell:Creating package script '/home/student48/assessments/coursework1/install/alpha_warrior_launch_pkg/share/alpha_warrior_launch_pkg/package.ps1'
[6.605s] INFO:colcon.colcon_core.shell:Creating package descriptor '/home/student48/assessments/coursework1/install/alpha_warrior_launch_pkg/share/alpha_warrior_launch_pkg/package.dsv'
[6.607s] INFO:colcon.colcon_core.shell:Creating package script '/home/student48/assessments/coursework1/install/alpha_warrior_launch_pkg/share/alpha_warrior_launch_pkg/package.sh'
[6.608s] INFO:colcon.colcon_core.shell:Creating package script '/home/student48/assessments/coursework1/install/alpha_warrior_launch_pkg/share/alpha_warrior_launch_pkg/package.bash'
[6.609s] INFO:colcon.colcon_core.shell:Creating package script '/home/student48/assessments/coursework1/install/alpha_warrior_launch_pkg/share/alpha_warrior_launch_pkg/package.zsh'
[6.610s] Level 1:colcon.colcon_core.environment:create_file_with_runtime_dependencies(/home/student48/assessments/coursework1/install/alpha_warrior_launch_pkg/share/colcon-core/packages/alpha_warrior_launch_pkg)
[6.611s] DEBUG:colcon.colcon_parallel_executor.executor.parallel:closing loop
[6.611s] DEBUG:colcon.colcon_parallel_executor.executor.parallel:loop closed
[6.611s] DEBUG:colcon.colcon_parallel_executor.executor.parallel:run_until_complete finished with '0'
[6.611s] DEBUG:colcon.colcon_core.event_reactor:joining thread
[6.627s] INFO:colcon.colcon_core.plugin_system:Skipping extension 'colcon_notification.desktop_notification.terminal_notifier': Not used on non-Darwin systems
[6.627s] INFO:colcon.colcon_core.plugin_system:Skipping extension 'colcon_notification.desktop_notification.win32': Not used on non-Windows systems
[6.627s] INFO:colcon.colcon_notification.desktop_notification:Sending desktop notification using 'notify2'
[6.659s] DEBUG:colcon.colcon_core.event_reactor:joined thread
[6.660s] INFO:colcon.colcon_core.shell:Creating prefix script '/home/student48/assessments/coursework1/install/local_setup.ps1'
[6.661s] INFO:colcon.colcon_core.shell:Creating prefix util module '/home/student48/assessments/coursework1/install/_local_setup_util_ps1.py'
[6.665s] INFO:colcon.colcon_core.shell:Creating prefix chain script '/home/student48/assessments/coursework1/install/setup.ps1'
[6.670s] INFO:colcon.colcon_core.shell:Creating prefix script '/home/student48/assessments/coursework1/install/local_setup.sh'
[6.672s] INFO:colcon.colcon_core.shell:Creating prefix util module '/home/student48/assessments/coursework1/install/_local_setup_util_sh.py'
[6.674s] INFO:colcon.colcon_core.shell:Creating prefix chain script '/home/student48/assessments/coursework1/install/setup.sh'
[6.679s] INFO:colcon.colcon_core.shell:Creating prefix script '/home/student48/assessments/coursework1/install/local_setup.bash'
[6.680s] INFO:colcon.colcon_core.shell:Creating prefix chain script '/home/student48/assessments/coursework1/install/setup.bash'
[6.685s] INFO:colcon.colcon_core.shell:Creating prefix script '/home/student48/assessments/coursework1/install/local_setup.zsh'
[6.687s] INFO:colcon.colcon_core.shell:Creating prefix chain script '/home/student48/assessments/coursework1/install/setup.zsh'
