[0.026s] Invoking command in '/home/student48/assessments/coursework1/build/sfr_coursework1_interface_package': CMAKE_PREFIX_PATH=${CMAKE_PREFIX_PATH}:/home/student48/ros2_tutorial_workspace/install/the_simplest_python_packagee:/home/student48/ros2_tutorial_workspace/install/the_simplest_python_package:/home/student48/ros2_tutorial_workspace/install/python_package_with_a_node:/home/student48/ros2_tutorial_workspace/install/python_package_that_uses_the_library:/home/student48/ros2_tutorial_workspace/install/python_package_with_a_library:/home/student48/ros2_tutorial_workspace/install/python_package_that_uses_the_services:/home/student48/ros2_tutorial_workspace/install/python_package_that_uses_the_messages:/home/student48/ros2_tutorial_workspace/install/python_package_that_uses_the_actions:/home/student48/ros2_tutorial_workspace/install/python_package_that_uses_parameters_and_launch_files:/home/student48/ros2_tutorial_workspace/install/my_package:/home/student48/ros2_tutorial_workspace/install/custom_subscriber_package:/home/student48/ros2_tutorial_workspace/install/custom_server_package:/home/student48/ros2_tutorial_workspace/install/custom_publisher_package:/home/student48/ros2_tutorial_workspace/install/custom_package_with_node:/home/student48/ros2_tutorial_workspace/install/custom_package_with_library:/home/student48/ros2_tutorial_workspace/install/custom_client_package:/home/student48/ros2_tutorial_workspace/install/custom_action_server_package:/home/student48/ros2_tutorial_workspace/install/custom_action_client_package:/home/student48/ros2_tutorial_workspace/install/another_package:/home/student48/assessments/week4/src/install/volkswagen:/home/student48/assessments/week4/src/install/building:/opt/ros/jazzy DEBUGINFOD_URLS=https://debuginfod.ubuntu.com /usr/bin/cmake --build /home/student48/assessments/coursework1/build/sfr_coursework1_interface_package -- -j12 -l12
[0.142s] [  1%] Built target sfr_coursework1_interface_package__rosidl_generator_type_description
[0.161s] [  1%] Built target ament_cmake_python_copy_sfr_coursework1_interface_package
[0.175s] [  3%] Built target sfr_coursework1_interface_package__cpp
[0.180s] [ 25%] Built target sfr_coursework1_interface_package__rosidl_generator_c
[0.242s] [ 34%] Built target sfr_coursework1_interface_package__rosidl_typesupport_introspection_cpp
[0.243s] [ 43%] Built target sfr_coursework1_interface_package__rosidl_typesupport_cpp
[0.248s] [ 53%] Built target sfr_coursework1_interface_package__rosidl_typesupport_introspection_c
[0.250s] [ 62%] Built target sfr_coursework1_interface_package__rosidl_typesupport_fastrtps_c
[0.252s] [ 71%] Built target sfr_coursework1_interface_package__rosidl_typesupport_fastrtps_cpp
[0.255s] [ 81%] Built target sfr_coursework1_interface_package__rosidl_typesupport_c
[0.288s] [ 81%] Built target sfr_coursework1_interface_package
[0.325s] [ 82%] Built target sfr_coursework1_interface_package__py
[0.362s] [ 90%] Built target sfr_coursework1_interface_package__rosidl_generator_py
[0.398s] [ 93%] Built target sfr_coursework1_interface_package_s__rosidl_typesupport_introspection_c
[0.402s] [ 96%] Built target sfr_coursework1_interface_package_s__rosidl_typesupport_c
[0.402s] [100%] Built target sfr_coursework1_interface_package_s__rosidl_typesupport_fastrtps_c
[0.506s] running egg_info
[0.545s] writing sfr_coursework1_interface_package.egg-info/PKG-INFO
[0.545s] writing dependency_links to sfr_coursework1_interface_package.egg-info/dependency_links.txt
[0.546s] writing top-level names to sfr_coursework1_interface_package.egg-info/top_level.txt
[0.628s] reading manifest file 'sfr_coursework1_interface_package.egg-info/SOURCES.txt'
[0.629s] writing manifest file 'sfr_coursework1_interface_package.egg-info/SOURCES.txt'
[0.666s] [100%] Built target ament_cmake_python_build_sfr_coursework1_interface_package_egg
[0.685s] Invoked command in '/home/student48/assessments/coursework1/build/sfr_coursework1_interface_package' returned '0': CMAKE_PREFIX_PATH=${CMAKE_PREFIX_PATH}:/home/student48/ros2_tutorial_workspace/install/the_simplest_python_packagee:/home/student48/ros2_tutorial_workspace/install/the_simplest_python_package:/home/student48/ros2_tutorial_workspace/install/python_package_with_a_node:/home/student48/ros2_tutorial_workspace/install/python_package_that_uses_the_library:/home/student48/ros2_tutorial_workspace/install/python_package_with_a_library:/home/student48/ros2_tutorial_workspace/install/python_package_that_uses_the_services:/home/student48/ros2_tutorial_workspace/install/python_package_that_uses_the_messages:/home/student48/ros2_tutorial_workspace/install/python_package_that_uses_the_actions:/home/student48/ros2_tutorial_workspace/install/python_package_that_uses_parameters_and_launch_files:/home/student48/ros2_tutorial_workspace/install/my_package:/home/student48/ros2_tutorial_workspace/install/custom_subscriber_package:/home/student48/ros2_tutorial_workspace/install/custom_server_package:/home/student48/ros2_tutorial_workspace/install/custom_publisher_package:/home/student48/ros2_tutorial_workspace/install/custom_package_with_node:/home/student48/ros2_tutorial_workspace/install/custom_package_with_library:/home/student48/ros2_tutorial_workspace/install/custom_client_package:/home/student48/ros2_tutorial_workspace/install/custom_action_server_package:/home/student48/ros2_tutorial_workspace/install/custom_action_client_package:/home/student48/ros2_tutorial_workspace/install/another_package:/home/student48/assessments/week4/src/install/volkswagen:/home/student48/assessments/week4/src/install/building:/opt/ros/jazzy DEBUGINFOD_URLS=https://debuginfod.ubuntu.com /usr/bin/cmake --build /home/student48/assessments/coursework1/build/sfr_coursework1_interface_package -- -j12 -l12
[0.704s] Invoking command in '/home/student48/assessments/coursework1/build/sfr_coursework1_interface_package': CMAKE_PREFIX_PATH=${CMAKE_PREFIX_PATH}:/home/student48/ros2_tutorial_workspace/install/the_simplest_python_packagee:/home/student48/ros2_tutorial_workspace/install/the_simplest_python_package:/home/student48/ros2_tutorial_workspace/install/python_package_with_a_node:/home/student48/ros2_tutorial_workspace/install/python_package_that_uses_the_library:/home/student48/ros2_tutorial_workspace/install/python_package_with_a_library:/home/student48/ros2_tutorial_workspace/install/python_package_that_uses_the_services:/home/student48/ros2_tutorial_workspace/install/python_package_that_uses_the_messages:/home/student48/ros2_tutorial_workspace/install/python_package_that_uses_the_actions:/home/student48/ros2_tutorial_workspace/install/python_package_that_uses_parameters_and_launch_files:/home/student48/ros2_tutorial_workspace/install/my_package:/home/student48/ros2_tutorial_workspace/install/custom_subscriber_package:/home/student48/ros2_tutorial_workspace/install/custom_server_package:/home/student48/ros2_tutorial_workspace/install/custom_publisher_package:/home/student48/ros2_tutorial_workspace/install/custom_package_with_node:/home/student48/ros2_tutorial_workspace/install/custom_package_with_library:/home/student48/ros2_tutorial_workspace/install/custom_client_package:/home/student48/ros2_tutorial_workspace/install/custom_action_server_package:/home/student48/ros2_tutorial_workspace/install/custom_action_client_package:/home/student48/ros2_tutorial_workspace/install/another_package:/home/student48/assessments/week4/src/install/volkswagen:/home/student48/assessments/week4/src/install/building:/opt/ros/jazzy DEBUGINFOD_URLS=https://debuginfod.ubuntu.com /usr/bin/cmake --install /home/student48/assessments/coursework1/build/sfr_coursework1_interface_package
[0.727s] -- Install configuration: ""
[0.728s] -- Up-to-date: /home/student48/assessments/coursework1/install/sfr_coursework1_interface_package/share/ament_index/resource_index/rosidl_interfaces/sfr_coursework1_interface_package
[0.728s] -- Up-to-date: /home/student48/assessments/coursework1/install/sfr_coursework1_interface_package/share/sfr_coursework1_interface_package/msg/TaskSpacePose.json
[0.728s] -- Up-to-date: /home/student48/assessments/coursework1/install/sfr_coursework1_interface_package/share/sfr_coursework1_interface_package/msg/WheelAngularVelocities.json
[0.728s] -- Up-to-date: /home/student48/assessments/coursework1/install/sfr_coursework1_interface_package/share/sfr_coursework1_interface_package/srv/TurnRobotOff.json
[0.728s] -- Up-to-date: /home/student48/assessments/coursework1/install/sfr_coursework1_interface_package/share/sfr_coursework1_interface_package/srv/TurnRobotOn.json
[0.728s] -- Up-to-date: /home/student48/assessments/coursework1/install/sfr_coursework1_interface_package/include/sfr_coursework1_interface_package/sfr_coursework1_interface_package
[0.729s] -- Up-to-date: /home/student48/assessments/coursework1/install/sfr_coursework1_interface_package/include/sfr_coursework1_interface_package/sfr_coursework1_interface_package/msg
[0.729s] -- Up-to-date: /home/student48/assessments/coursework1/install/sfr_coursework1_interface_package/include/sfr_coursework1_interface_package/sfr_coursework1_interface_package/msg/wheel_angular_velocities.h
[0.730s] -- Up-to-date: /home/student48/assessments/coursework1/install/sfr_coursework1_interface_package/include/sfr_coursework1_interface_package/sfr_coursework1_interface_package/msg/rosidl_generator_c__visibility_control.h
[0.730s] -- Up-to-date: /home/student48/assessments/coursework1/install/sfr_coursework1_interface_package/include/sfr_coursework1_interface_package/sfr_coursework1_interface_package/msg/detail
[0.731s] -- Up-to-date: /home/student48/assessments/coursework1/install/sfr_coursework1_interface_package/include/sfr_coursework1_interface_package/sfr_coursework1_interface_package/msg/detail/task_space_pose__functions.h
[0.731s] -- Up-to-date: /home/student48/assessments/coursework1/install/sfr_coursework1_interface_package/include/sfr_coursework1_interface_package/sfr_coursework1_interface_package/msg/detail/wheel_angular_velocities__struct.h
[0.732s] -- Up-to-date: /home/student48/assessments/coursework1/install/sfr_coursework1_interface_package/include/sfr_coursework1_interface_package/sfr_coursework1_interface_package/msg/detail/task_space_pose__type_support.h
[0.732s] -- Up-to-date: /home/student48/assessments/coursework1/install/sfr_coursework1_interface_package/include/sfr_coursework1_interface_package/sfr_coursework1_interface_package/msg/detail/task_space_pose__struct.h
[0.732s] -- Up-to-date: /home/student48/assessments/coursework1/install/sfr_coursework1_interface_package/include/sfr_coursework1_interface_package/sfr_coursework1_interface_package/msg/detail/wheel_angular_velocities__functions.h
[0.732s] -- Installing: /home/student48/assessments/coursework1/install/sfr_coursework1_interface_package/include/sfr_coursework1_interface_package/sfr_coursework1_interface_package/msg/detail/wheel_angular_velocities__type_support.c
[0.733s] -- Installing: /home/student48/assessments/coursework1/install/sfr_coursework1_interface_package/include/sfr_coursework1_interface_package/sfr_coursework1_interface_package/msg/detail/task_space_pose__type_support.c
[0.733s] -- Up-to-date: /home/student48/assessments/coursework1/install/sfr_coursework1_interface_package/include/sfr_coursework1_interface_package/sfr_coursework1_interface_package/msg/detail/wheel_angular_velocities__type_support.h
[0.733s] -- Up-to-date: /home/student48/assessments/coursework1/install/sfr_coursework1_interface_package/include/sfr_coursework1_interface_package/sfr_coursework1_interface_package/msg/detail/wheel_angular_velocities__functions.c
[0.733s] -- Up-to-date: /home/student48/assessments/coursework1/install/sfr_coursework1_interface_package/include/sfr_coursework1_interface_package/sfr_coursework1_interface_package/msg/detail/task_space_pose__functions.c
[0.733s] -- Up-to-date: /home/student48/assessments/coursework1/install/sfr_coursework1_interface_package/include/sfr_coursework1_interface_package/sfr_coursework1_interface_package/msg/detail/task_space_pose__description.c
[0.734s] -- Up-to-date: /home/student48/assessments/coursework1/install/sfr_coursework1_interface_package/include/sfr_coursework1_interface_package/sfr_coursework1_interface_package/msg/detail/wheel_angular_velocities__description.c
[0.734s] -- Up-to-date: /home/student48/assessments/coursework1/install/sfr_coursework1_interface_package/include/sfr_coursework1_interface_package/sfr_coursework1_interface_package/msg/task_space_pose.h
[0.734s] -- Up-to-date: /home/student48/assessments/coursework1/install/sfr_coursework1_interface_package/include/sfr_coursework1_interface_package/sfr_coursework1_interface_package/srv
[0.734s] -- Up-to-date: /home/student48/assessments/coursework1/install/sfr_coursework1_interface_package/include/sfr_coursework1_interface_package/sfr_coursework1_interface_package/srv/turn_robot_on.h
[0.734s] -- Up-to-date: /home/student48/assessments/coursework1/install/sfr_coursework1_interface_package/include/sfr_coursework1_interface_package/sfr_coursework1_interface_package/srv/detail
[0.734s] -- Up-to-date: /home/student48/assessments/coursework1/install/sfr_coursework1_interface_package/include/sfr_coursework1_interface_package/sfr_coursework1_interface_package/srv/detail/turn_robot_off__type_support.h
[0.734s] -- Installing: /home/student48/assessments/coursework1/install/sfr_coursework1_interface_package/include/sfr_coursework1_interface_package/sfr_coursework1_interface_package/srv/detail/turn_robot_on__type_support.c
[0.734s] -- Up-to-date: /home/student48/assessments/coursework1/install/sfr_coursework1_interface_package/include/sfr_coursework1_interface_package/sfr_coursework1_interface_package/srv/detail/turn_robot_on__functions.c
[0.734s] -- Up-to-date: /home/student48/assessments/coursework1/install/sfr_coursework1_interface_package/include/sfr_coursework1_interface_package/sfr_coursework1_interface_package/srv/detail/turn_robot_on__struct.h
[0.734s] -- Installing: /home/student48/assessments/coursework1/install/sfr_coursework1_interface_package/include/sfr_coursework1_interface_package/sfr_coursework1_interface_package/srv/detail/turn_robot_off__type_support.c
[0.735s] -- Up-to-date: /home/student48/assessments/coursework1/install/sfr_coursework1_interface_package/include/sfr_coursework1_interface_package/sfr_coursework1_interface_package/srv/detail/turn_robot_off__description.c
[0.735s] -- Up-to-date: /home/student48/assessments/coursework1/install/sfr_coursework1_interface_package/include/sfr_coursework1_interface_package/sfr_coursework1_interface_package/srv/detail/turn_robot_on__type_support.h
[0.735s] -- Up-to-date: /home/student48/assessments/coursework1/install/sfr_coursework1_interface_package/include/sfr_coursework1_interface_package/sfr_coursework1_interface_package/srv/detail/turn_robot_on__description.c
[0.735s] -- Up-to-date: /home/student48/assessments/coursework1/install/sfr_coursework1_interface_package/include/sfr_coursework1_interface_package/sfr_coursework1_interface_package/srv/detail/turn_robot_on__functions.h
[0.735s] -- Up-to-date: /home/student48/assessments/coursework1/install/sfr_coursework1_interface_package/include/sfr_coursework1_interface_package/sfr_coursework1_interface_package/srv/detail/turn_robot_off__functions.c
[0.735s] -- Up-to-date: /home/student48/assessments/coursework1/install/sfr_coursework1_interface_package/include/sfr_coursework1_interface_package/sfr_coursework1_interface_package/srv/detail/turn_robot_off__struct.h
[0.735s] -- Up-to-date: /home/student48/assessments/coursework1/install/sfr_coursework1_interface_package/include/sfr_coursework1_interface_package/sfr_coursework1_interface_package/srv/detail/turn_robot_off__functions.h
[0.735s] -- Up-to-date: /home/student48/assessments/coursework1/install/sfr_coursework1_interface_package/include/sfr_coursework1_interface_package/sfr_coursework1_interface_package/srv/turn_robot_off.h
[0.735s] -- Up-to-date: /home/student48/assessments/coursework1/install/sfr_coursework1_interface_package/share/sfr_coursework1_interface_package/environment/library_path.sh
[0.735s] -- Up-to-date: /home/student48/assessments/coursework1/install/sfr_coursework1_interface_package/share/sfr_coursework1_interface_package/environment/library_path.dsv
[0.735s] -- Up-to-date: /home/student48/assessments/coursework1/install/sfr_coursework1_interface_package/lib/libsfr_coursework1_interface_package__rosidl_generator_c.so
[0.735s] -- Up-to-date: /home/student48/assessments/coursework1/install/sfr_coursework1_interface_package/include/sfr_coursework1_interface_package/sfr_coursework1_interface_package
[0.736s] -- Up-to-date: /home/student48/assessments/coursework1/install/sfr_coursework1_interface_package/include/sfr_coursework1_interface_package/sfr_coursework1_interface_package/msg
[0.736s] -- Up-to-date: /home/student48/assessments/coursework1/install/sfr_coursework1_interface_package/include/sfr_coursework1_interface_package/sfr_coursework1_interface_package/msg/rosidl_typesupport_fastrtps_c__visibility_control.h
[0.736s] -- Up-to-date: /home/student48/assessments/coursework1/install/sfr_coursework1_interface_package/include/sfr_coursework1_interface_package/sfr_coursework1_interface_package/msg/detail
[0.736s] -- Up-to-date: /home/student48/assessments/coursework1/install/sfr_coursework1_interface_package/include/sfr_coursework1_interface_package/sfr_coursework1_interface_package/msg/detail/task_space_pose__rosidl_typesupport_fastrtps_c.h
[0.736s] -- Up-to-date: /home/student48/assessments/coursework1/install/sfr_coursework1_interface_package/include/sfr_coursework1_interface_package/sfr_coursework1_interface_package/msg/detail/wheel_angular_velocities__rosidl_typesupport_fastrtps_c.h
[0.736s] -- Up-to-date: /home/student48/assessments/coursework1/install/sfr_coursework1_interface_package/include/sfr_coursework1_interface_package/sfr_coursework1_interface_package/srv
[0.736s] -- Up-to-date: /home/student48/assessments/coursework1/install/sfr_coursework1_interface_package/include/sfr_coursework1_interface_package/sfr_coursework1_interface_package/srv/detail
[0.736s] -- Up-to-date: /home/student48/assessments/coursework1/install/sfr_coursework1_interface_package/include/sfr_coursework1_interface_package/sfr_coursework1_interface_package/srv/detail/turn_robot_off__rosidl_typesupport_fastrtps_c.h
[0.736s] -- Up-to-date: /home/student48/assessments/coursework1/install/sfr_coursework1_interface_package/include/sfr_coursework1_interface_package/sfr_coursework1_interface_package/srv/detail/turn_robot_on__rosidl_typesupport_fastrtps_c.h
[0.736s] -- Up-to-date: /home/student48/assessments/coursework1/install/sfr_coursework1_interface_package/lib/libsfr_coursework1_interface_package__rosidl_typesupport_fastrtps_c.so
[0.736s] -- Up-to-date: /home/student48/assessments/coursework1/install/sfr_coursework1_interface_package/include/sfr_coursework1_interface_package/sfr_coursework1_interface_package
[0.736s] -- Up-to-date: /home/student48/assessments/coursework1/install/sfr_coursework1_interface_package/include/sfr_coursework1_interface_package/sfr_coursework1_interface_package/msg
[0.737s] -- Up-to-date: /home/student48/assessments/coursework1/install/sfr_coursework1_interface_package/include/sfr_coursework1_interface_package/sfr_coursework1_interface_package/msg/detail
[0.737s] -- Up-to-date: /home/student48/assessments/coursework1/install/sfr_coursework1_interface_package/include/sfr_coursework1_interface_package/sfr_coursework1_interface_package/msg/detail/task_space_pose__rosidl_typesupport_introspection_c.h
[0.737s] -- Up-to-date: /home/student48/assessments/coursework1/install/sfr_coursework1_interface_package/include/sfr_coursework1_interface_package/sfr_coursework1_interface_package/msg/detail/wheel_angular_velocities__rosidl_typesupport_introspection_c.h
[0.737s] -- Installing: /home/student48/assessments/coursework1/install/sfr_coursework1_interface_package/include/sfr_coursework1_interface_package/sfr_coursework1_interface_package/msg/detail/wheel_angular_velocities__type_support.c
[0.737s] -- Installing: /home/student48/assessments/coursework1/install/sfr_coursework1_interface_package/include/sfr_coursework1_interface_package/sfr_coursework1_interface_package/msg/detail/task_space_pose__type_support.c
[0.737s] -- Up-to-date: /home/student48/assessments/coursework1/install/sfr_coursework1_interface_package/include/sfr_coursework1_interface_package/sfr_coursework1_interface_package/msg/rosidl_typesupport_introspection_c__visibility_control.h
[0.737s] -- Up-to-date: /home/student48/assessments/coursework1/install/sfr_coursework1_interface_package/include/sfr_coursework1_interface_package/sfr_coursework1_interface_package/srv
[0.737s] -- Up-to-date: /home/student48/assessments/coursework1/install/sfr_coursework1_interface_package/include/sfr_coursework1_interface_package/sfr_coursework1_interface_package/srv/detail
[0.737s] -- Installing: /home/student48/assessments/coursework1/install/sfr_coursework1_interface_package/include/sfr_coursework1_interface_package/sfr_coursework1_interface_package/srv/detail/turn_robot_on__type_support.c
[0.737s] -- Installing: /home/student48/assessments/coursework1/install/sfr_coursework1_interface_package/include/sfr_coursework1_interface_package/sfr_coursework1_interface_package/srv/detail/turn_robot_off__type_support.c
[0.738s] -- Up-to-date: /home/student48/assessments/coursework1/install/sfr_coursework1_interface_package/include/sfr_coursework1_interface_package/sfr_coursework1_interface_package/srv/detail/turn_robot_on__rosidl_typesupport_introspection_c.h
[0.738s] -- Up-to-date: /home/student48/assessments/coursework1/install/sfr_coursework1_interface_package/include/sfr_coursework1_interface_package/sfr_coursework1_interface_package/srv/detail/turn_robot_off__rosidl_typesupport_introspection_c.h
[0.738s] -- Up-to-date: /home/student48/assessments/coursework1/install/sfr_coursework1_interface_package/lib/libsfr_coursework1_interface_package__rosidl_typesupport_introspection_c.so
[0.738s] -- Up-to-date: /home/student48/assessments/coursework1/install/sfr_coursework1_interface_package/lib/libsfr_coursework1_interface_package__rosidl_typesupport_c.so
[0.738s] -- Up-to-date: /home/student48/assessments/coursework1/install/sfr_coursework1_interface_package/include/sfr_coursework1_interface_package/sfr_coursework1_interface_package
[0.738s] -- Up-to-date: /home/student48/assessments/coursework1/install/sfr_coursework1_interface_package/include/sfr_coursework1_interface_package/sfr_coursework1_interface_package/msg
[0.738s] -- Up-to-date: /home/student48/assessments/coursework1/install/sfr_coursework1_interface_package/include/sfr_coursework1_interface_package/sfr_coursework1_interface_package/msg/wheel_angular_velocities.hpp
[0.738s] -- Up-to-date: /home/student48/assessments/coursework1/install/sfr_coursework1_interface_package/include/sfr_coursework1_interface_package/sfr_coursework1_interface_package/msg/task_space_pose.hpp
[0.738s] -- Up-to-date: /home/student48/assessments/coursework1/install/sfr_coursework1_interface_package/include/sfr_coursework1_interface_package/sfr_coursework1_interface_package/msg/rosidl_generator_cpp__visibility_control.hpp
[0.738s] -- Up-to-date: /home/student48/assessments/coursework1/install/sfr_coursework1_interface_package/include/sfr_coursework1_interface_package/sfr_coursework1_interface_package/msg/detail
[0.739s] -- Up-to-date: /home/student48/assessments/coursework1/install/sfr_coursework1_interface_package/include/sfr_coursework1_interface_package/sfr_coursework1_interface_package/msg/detail/task_space_pose__type_support.hpp
[0.739s] -- Up-to-date: /home/student48/assessments/coursework1/install/sfr_coursework1_interface_package/include/sfr_coursework1_interface_package/sfr_coursework1_interface_package/msg/detail/task_space_pose__traits.hpp
[0.739s] -- Up-to-date: /home/student48/assessments/coursework1/install/sfr_coursework1_interface_package/include/sfr_coursework1_interface_package/sfr_coursework1_interface_package/msg/detail/wheel_angular_velocities__traits.hpp
[0.739s] -- Up-to-date: /home/student48/assessments/coursework1/install/sfr_coursework1_interface_package/include/sfr_coursework1_interface_package/sfr_coursework1_interface_package/msg/detail/task_space_pose__struct.hpp
[0.739s] -- Up-to-date: /home/student48/assessments/coursework1/install/sfr_coursework1_interface_package/include/sfr_coursework1_interface_package/sfr_coursework1_interface_package/msg/detail/task_space_pose__builder.hpp
[0.739s] -- Up-to-date: /home/student48/assessments/coursework1/install/sfr_coursework1_interface_package/include/sfr_coursework1_interface_package/sfr_coursework1_interface_package/msg/detail/wheel_angular_velocities__type_support.hpp
[0.740s] -- Up-to-date: /home/student48/assessments/coursework1/install/sfr_coursework1_interface_package/include/sfr_coursework1_interface_package/sfr_coursework1_interface_package/msg/detail/wheel_angular_velocities__struct.hpp
[0.741s] -- Up-to-date: /home/student48/assessments/coursework1/install/sfr_coursework1_interface_package/include/sfr_coursework1_interface_package/sfr_coursework1_interface_package/msg/detail/wheel_angular_velocities__builder.hpp
[0.741s] -- Up-to-date: /home/student48/assessments/coursework1/install/sfr_coursework1_interface_package/include/sfr_coursework1_interface_package/sfr_coursework1_interface_package/srv
[0.741s] -- Up-to-date: /home/student48/assessments/coursework1/install/sfr_coursework1_interface_package/include/sfr_coursework1_interface_package/sfr_coursework1_interface_package/srv/turn_robot_off.hpp
[0.741s] -- Up-to-date: /home/student48/assessments/coursework1/install/sfr_coursework1_interface_package/include/sfr_coursework1_interface_package/sfr_coursework1_interface_package/srv/detail
[0.741s] -- Up-to-date: /home/student48/assessments/coursework1/install/sfr_coursework1_interface_package/include/sfr_coursework1_interface_package/sfr_coursework1_interface_package/srv/detail/turn_robot_off__builder.hpp
[0.741s] -- Up-to-date: /home/student48/assessments/coursework1/install/sfr_coursework1_interface_package/include/sfr_coursework1_interface_package/sfr_coursework1_interface_package/srv/detail/turn_robot_on__traits.hpp
[0.742s] -- Up-to-date: /home/student48/assessments/coursework1/install/sfr_coursework1_interface_package/include/sfr_coursework1_interface_package/sfr_coursework1_interface_package/srv/detail/turn_robot_off__type_support.hpp
[0.742s] -- Up-to-date: /home/student48/assessments/coursework1/install/sfr_coursework1_interface_package/include/sfr_coursework1_interface_package/sfr_coursework1_interface_package/srv/detail/turn_robot_on__struct.hpp
[0.742s] -- Up-to-date: /home/student48/assessments/coursework1/install/sfr_coursework1_interface_package/include/sfr_coursework1_interface_package/sfr_coursework1_interface_package/srv/detail/turn_robot_on__builder.hpp
[0.742s] -- Up-to-date: /home/student48/assessments/coursework1/install/sfr_coursework1_interface_package/include/sfr_coursework1_interface_package/sfr_coursework1_interface_package/srv/detail/turn_robot_off__struct.hpp
[0.742s] -- Up-to-date: /home/student48/assessments/coursework1/install/sfr_coursework1_interface_package/include/sfr_coursework1_interface_package/sfr_coursework1_interface_package/srv/detail/turn_robot_on__type_support.hpp
[0.742s] -- Up-to-date: /home/student48/assessments/coursework1/install/sfr_coursework1_interface_package/include/sfr_coursework1_interface_package/sfr_coursework1_interface_package/srv/detail/turn_robot_off__traits.hpp
[0.742s] -- Up-to-date: /home/student48/assessments/coursework1/install/sfr_coursework1_interface_package/include/sfr_coursework1_interface_package/sfr_coursework1_interface_package/srv/turn_robot_on.hpp
[0.742s] -- Up-to-date: /home/student48/assessments/coursework1/install/sfr_coursework1_interface_package/include/sfr_coursework1_interface_package/sfr_coursework1_interface_package
[0.743s] -- Up-to-date: /home/student48/assessments/coursework1/install/sfr_coursework1_interface_package/include/sfr_coursework1_interface_package/sfr_coursework1_interface_package/msg
[0.743s] -- Up-to-date: /home/student48/assessments/coursework1/install/sfr_coursework1_interface_package/include/sfr_coursework1_interface_package/sfr_coursework1_interface_package/msg/rosidl_typesupport_fastrtps_cpp__visibility_control.h
[0.743s] -- Up-to-date: /home/student48/assessments/coursework1/install/sfr_coursework1_interface_package/include/sfr_coursework1_interface_package/sfr_coursework1_interface_package/msg/detail
[0.743s] -- Up-to-date: /home/student48/assessments/coursework1/install/sfr_coursework1_interface_package/include/sfr_coursework1_interface_package/sfr_coursework1_interface_package/msg/detail/wheel_angular_velocities__rosidl_typesupport_fastrtps_cpp.hpp
[0.743s] -- Up-to-date: /home/student48/assessments/coursework1/install/sfr_coursework1_interface_package/include/sfr_coursework1_interface_package/sfr_coursework1_interface_package/msg/detail/task_space_pose__rosidl_typesupport_fastrtps_cpp.hpp
[0.744s] -- Up-to-date: /home/student48/assessments/coursework1/install/sfr_coursework1_interface_package/include/sfr_coursework1_interface_package/sfr_coursework1_interface_package/msg/detail/dds_fastrtps
[0.744s] -- Up-to-date: /home/student48/assessments/coursework1/install/sfr_coursework1_interface_package/include/sfr_coursework1_interface_package/sfr_coursework1_interface_package/srv
[0.745s] -- Up-to-date: /home/student48/assessments/coursework1/install/sfr_coursework1_interface_package/include/sfr_coursework1_interface_package/sfr_coursework1_interface_package/srv/detail
[0.745s] -- Up-to-date: /home/student48/assessments/coursework1/install/sfr_coursework1_interface_package/include/sfr_coursework1_interface_package/sfr_coursework1_interface_package/srv/detail/turn_robot_on__rosidl_typesupport_fastrtps_cpp.hpp
[0.745s] -- Up-to-date: /home/student48/assessments/coursework1/install/sfr_coursework1_interface_package/include/sfr_coursework1_interface_package/sfr_coursework1_interface_package/srv/detail/dds_fastrtps
[0.745s] -- Up-to-date: /home/student48/assessments/coursework1/install/sfr_coursework1_interface_package/include/sfr_coursework1_interface_package/sfr_coursework1_interface_package/srv/detail/turn_robot_off__rosidl_typesupport_fastrtps_cpp.hpp
[0.745s] -- Up-to-date: /home/student48/assessments/coursework1/install/sfr_coursework1_interface_package/lib/libsfr_coursework1_interface_package__rosidl_typesupport_fastrtps_cpp.so
[0.745s] -- Up-to-date: /home/student48/assessments/coursework1/install/sfr_coursework1_interface_package/include/sfr_coursework1_interface_package/sfr_coursework1_interface_package
[0.745s] -- Up-to-date: /home/student48/assessments/coursework1/install/sfr_coursework1_interface_package/include/sfr_coursework1_interface_package/sfr_coursework1_interface_package/msg
[0.745s] -- Up-to-date: /home/student48/assessments/coursework1/install/sfr_coursework1_interface_package/include/sfr_coursework1_interface_package/sfr_coursework1_interface_package/msg/detail
[0.745s] -- Up-to-date: /home/student48/assessments/coursework1/install/sfr_coursework1_interface_package/include/sfr_coursework1_interface_package/sfr_coursework1_interface_package/msg/detail/wheel_angular_velocities__rosidl_typesupport_introspection_cpp.hpp
[0.745s] -- Up-to-date: /home/student48/assessments/coursework1/install/sfr_coursework1_interface_package/include/sfr_coursework1_interface_package/sfr_coursework1_interface_package/msg/detail/task_space_pose__rosidl_typesupport_introspection_cpp.hpp
[0.746s] -- Up-to-date: /home/student48/assessments/coursework1/install/sfr_coursework1_interface_package/include/sfr_coursework1_interface_package/sfr_coursework1_interface_package/msg/detail/task_space_pose__type_support.cpp
[0.746s] -- Up-to-date: /home/student48/assessments/coursework1/install/sfr_coursework1_interface_package/include/sfr_coursework1_interface_package/sfr_coursework1_interface_package/msg/detail/wheel_angular_velocities__type_support.cpp
[0.746s] -- Up-to-date: /home/student48/assessments/coursework1/install/sfr_coursework1_interface_package/include/sfr_coursework1_interface_package/sfr_coursework1_interface_package/srv
[0.746s] -- Up-to-date: /home/student48/assessments/coursework1/install/sfr_coursework1_interface_package/include/sfr_coursework1_interface_package/sfr_coursework1_interface_package/srv/detail
[0.746s] -- Up-to-date: /home/student48/assessments/coursework1/install/sfr_coursework1_interface_package/include/sfr_coursework1_interface_package/sfr_coursework1_interface_package/srv/detail/turn_robot_on__type_support.cpp
[0.746s] -- Up-to-date: /home/student48/assessments/coursework1/install/sfr_coursework1_interface_package/include/sfr_coursework1_interface_package/sfr_coursework1_interface_package/srv/detail/turn_robot_off__rosidl_typesupport_introspection_cpp.hpp
[0.746s] -- Up-to-date: /home/student48/assessments/coursework1/install/sfr_coursework1_interface_package/include/sfr_coursework1_interface_package/sfr_coursework1_interface_package/srv/detail/turn_robot_off__type_support.cpp
[0.746s] -- Up-to-date: /home/student48/assessments/coursework1/install/sfr_coursework1_interface_package/include/sfr_coursework1_interface_package/sfr_coursework1_interface_package/srv/detail/turn_robot_on__rosidl_typesupport_introspection_cpp.hpp
[0.746s] -- Up-to-date: /home/student48/assessments/coursework1/install/sfr_coursework1_interface_package/lib/libsfr_coursework1_interface_package__rosidl_typesupport_introspection_cpp.so
[0.746s] -- Up-to-date: /home/student48/assessments/coursework1/install/sfr_coursework1_interface_package/lib/libsfr_coursework1_interface_package__rosidl_typesupport_cpp.so
[0.746s] -- Up-to-date: /home/student48/assessments/coursework1/install/sfr_coursework1_interface_package/share/sfr_coursework1_interface_package/environment/pythonpath.sh
[0.746s] -- Up-to-date: /home/student48/assessments/coursework1/install/sfr_coursework1_interface_package/share/sfr_coursework1_interface_package/environment/pythonpath.dsv
[0.747s] -- Up-to-date: /home/student48/assessments/coursework1/install/sfr_coursework1_interface_package/lib/python3.12/site-packages/sfr_coursework1_interface_package-0.0.0-py3.12.egg-info
[0.747s] -- Installing: /home/student48/assessments/coursework1/install/sfr_coursework1_interface_package/lib/python3.12/site-packages/sfr_coursework1_interface_package-0.0.0-py3.12.egg-info/top_level.txt
[0.747s] -- Installing: /home/student48/assessments/coursework1/install/sfr_coursework1_interface_package/lib/python3.12/site-packages/sfr_coursework1_interface_package-0.0.0-py3.12.egg-info/SOURCES.txt
[0.747s] -- Installing: /home/student48/assessments/coursework1/install/sfr_coursework1_interface_package/lib/python3.12/site-packages/sfr_coursework1_interface_package-0.0.0-py3.12.egg-info/PKG-INFO
[0.747s] -- Installing: /home/student48/assessments/coursework1/install/sfr_coursework1_interface_package/lib/python3.12/site-packages/sfr_coursework1_interface_package-0.0.0-py3.12.egg-info/dependency_links.txt
[0.747s] -- Up-to-date: /home/student48/assessments/coursework1/install/sfr_coursework1_interface_package/lib/python3.12/site-packages/sfr_coursework1_interface_package
[0.747s] -- Up-to-date: /home/student48/assessments/coursework1/install/sfr_coursework1_interface_package/lib/python3.12/site-packages/sfr_coursework1_interface_package/msg
[0.747s] -- Up-to-date: /home/student48/assessments/coursework1/install/sfr_coursework1_interface_package/lib/python3.12/site-packages/sfr_coursework1_interface_package/msg/_wheel_angular_velocities_s.c
[0.747s] -- Up-to-date: /home/student48/assessments/coursework1/install/sfr_coursework1_interface_package/lib/python3.12/site-packages/sfr_coursework1_interface_package/msg/_wheel_angular_velocities.py
[0.747s] -- Up-to-date: /home/student48/assessments/coursework1/install/sfr_coursework1_interface_package/lib/python3.12/site-packages/sfr_coursework1_interface_package/msg/_task_space_pose.py
[0.747s] -- Up-to-date: /home/student48/assessments/coursework1/install/sfr_coursework1_interface_package/lib/python3.12/site-packages/sfr_coursework1_interface_package/msg/_task_space_pose_s.c
[0.748s] -- Up-to-date: /home/student48/assessments/coursework1/install/sfr_coursework1_interface_package/lib/python3.12/site-packages/sfr_coursework1_interface_package/msg/__init__.py
[0.748s] -- Up-to-date: /home/student48/assessments/coursework1/install/sfr_coursework1_interface_package/lib/python3.12/site-packages/sfr_coursework1_interface_package/sfr_coursework1_interface_package_s__rosidl_typesupport_fastrtps_c.so
[0.748s] -- Up-to-date: /home/student48/assessments/coursework1/install/sfr_coursework1_interface_package/lib/python3.12/site-packages/sfr_coursework1_interface_package/sfr_coursework1_interface_package_s__rosidl_typesupport_c.so
[0.748s] -- Up-to-date: /home/student48/assessments/coursework1/install/sfr_coursework1_interface_package/lib/python3.12/site-packages/sfr_coursework1_interface_package/srv
[0.748s] -- Up-to-date: /home/student48/assessments/coursework1/install/sfr_coursework1_interface_package/lib/python3.12/site-packages/sfr_coursework1_interface_package/srv/_turn_robot_on_s.c
[0.748s] -- Up-to-date: /home/student48/assessments/coursework1/install/sfr_coursework1_interface_package/lib/python3.12/site-packages/sfr_coursework1_interface_package/srv/_turn_robot_off.py
[0.748s] -- Up-to-date: /home/student48/assessments/coursework1/install/sfr_coursework1_interface_package/lib/python3.12/site-packages/sfr_coursework1_interface_package/srv/_turn_robot_off_s.c
[0.748s] -- Up-to-date: /home/student48/assessments/coursework1/install/sfr_coursework1_interface_package/lib/python3.12/site-packages/sfr_coursework1_interface_package/srv/__init__.py
[0.748s] -- Up-to-date: /home/student48/assessments/coursework1/install/sfr_coursework1_interface_package/lib/python3.12/site-packages/sfr_coursework1_interface_package/srv/_turn_robot_on.py
[0.748s] -- Up-to-date: /home/student48/assessments/coursework1/install/sfr_coursework1_interface_package/lib/python3.12/site-packages/sfr_coursework1_interface_package/sfr_coursework1_interface_package_s__rosidl_typesupport_introspection_c.so
[0.749s] -- Up-to-date: /home/student48/assessments/coursework1/install/sfr_coursework1_interface_package/lib/python3.12/site-packages/sfr_coursework1_interface_package/__init__.py
[0.749s] -- Up-to-date: /home/student48/assessments/coursework1/install/sfr_coursework1_interface_package/lib/python3.12/site-packages/sfr_coursework1_interface_package/_sfr_coursework1_interface_package_s.ep.rosidl_typesupport_introspection_c.c
[0.749s] -- Up-to-date: /home/student48/assessments/coursework1/install/sfr_coursework1_interface_package/lib/python3.12/site-packages/sfr_coursework1_interface_package/_sfr_coursework1_interface_package_s.ep.rosidl_typesupport_fastrtps_c.c
[0.749s] -- Up-to-date: /home/student48/assessments/coursework1/install/sfr_coursework1_interface_package/lib/python3.12/site-packages/sfr_coursework1_interface_package/_sfr_coursework1_interface_package_s.ep.rosidl_typesupport_c.c
[0.797s] Listing '/home/student48/assessments/coursework1/install/sfr_coursework1_interface_package/lib/python3.12/site-packages/sfr_coursework1_interface_package'...
[0.798s] Listing '/home/student48/assessments/coursework1/install/sfr_coursework1_interface_package/lib/python3.12/site-packages/sfr_coursework1_interface_package/msg'...
[0.798s] Listing '/home/student48/assessments/coursework1/install/sfr_coursework1_interface_package/lib/python3.12/site-packages/sfr_coursework1_interface_package/srv'...
[0.808s] -- Up-to-date: /home/student48/assessments/coursework1/install/sfr_coursework1_interface_package/lib/python3.12/site-packages/sfr_coursework1_interface_package/sfr_coursework1_interface_package_s__rosidl_typesupport_fastrtps_c.so
[0.808s] -- Up-to-date: /home/student48/assessments/coursework1/install/sfr_coursework1_interface_package/lib/python3.12/site-packages/sfr_coursework1_interface_package/sfr_coursework1_interface_package_s__rosidl_typesupport_introspection_c.so
[0.808s] -- Up-to-date: /home/student48/assessments/coursework1/install/sfr_coursework1_interface_package/lib/python3.12/site-packages/sfr_coursework1_interface_package/sfr_coursework1_interface_package_s__rosidl_typesupport_c.so
[0.809s] -- Up-to-date: /home/student48/assessments/coursework1/install/sfr_coursework1_interface_package/lib/libsfr_coursework1_interface_package__rosidl_generator_py.so
[0.809s] -- Up-to-date: /home/student48/assessments/coursework1/install/sfr_coursework1_interface_package/share/sfr_coursework1_interface_package/msg/TaskSpacePose.idl
[0.809s] -- Up-to-date: /home/student48/assessments/coursework1/install/sfr_coursework1_interface_package/share/sfr_coursework1_interface_package/msg/WheelAngularVelocities.idl
[0.810s] -- Up-to-date: /home/student48/assessments/coursework1/install/sfr_coursework1_interface_package/share/sfr_coursework1_interface_package/srv/TurnRobotOff.idl
[0.810s] -- Up-to-date: /home/student48/assessments/coursework1/install/sfr_coursework1_interface_package/share/sfr_coursework1_interface_package/srv/TurnRobotOn.idl
[0.810s] -- Up-to-date: /home/student48/assessments/coursework1/install/sfr_coursework1_interface_package/share/sfr_coursework1_interface_package/msg/TaskSpacePose.msg
[0.810s] -- Up-to-date: /home/student48/assessments/coursework1/install/sfr_coursework1_interface_package/share/sfr_coursework1_interface_package/msg/WheelAngularVelocities.msg
[0.810s] -- Up-to-date: /home/student48/assessments/coursework1/install/sfr_coursework1_interface_package/share/sfr_coursework1_interface_package/srv/TurnRobotOff.srv
[0.810s] -- Up-to-date: /home/student48/assessments/coursework1/install/sfr_coursework1_interface_package/share/sfr_coursework1_interface_package/srv/TurnRobotOn.srv
[0.811s] -- Up-to-date: /home/student48/assessments/coursework1/install/sfr_coursework1_interface_package/share/ament_index/resource_index/package_run_dependencies/sfr_coursework1_interface_package
[0.811s] -- Up-to-date: /home/student48/assessments/coursework1/install/sfr_coursework1_interface_package/share/ament_index/resource_index/parent_prefix_path/sfr_coursework1_interface_package
[0.811s] -- Up-to-date: /home/student48/assessments/coursework1/install/sfr_coursework1_interface_package/share/sfr_coursework1_interface_package/environment/ament_prefix_path.sh
[0.811s] -- Up-to-date: /home/student48/assessments/coursework1/install/sfr_coursework1_interface_package/share/sfr_coursework1_interface_package/environment/ament_prefix_path.dsv
[0.811s] -- Up-to-date: /home/student48/assessments/coursework1/install/sfr_coursework1_interface_package/share/sfr_coursework1_interface_package/environment/path.sh
[0.811s] -- Up-to-date: /home/student48/assessments/coursework1/install/sfr_coursework1_interface_package/share/sfr_coursework1_interface_package/environment/path.dsv
[0.811s] -- Up-to-date: /home/student48/assessments/coursework1/install/sfr_coursework1_interface_package/share/sfr_coursework1_interface_package/local_setup.bash
[0.811s] -- Up-to-date: /home/student48/assessments/coursework1/install/sfr_coursework1_interface_package/share/sfr_coursework1_interface_package/local_setup.sh
[0.811s] -- Up-to-date: /home/student48/assessments/coursework1/install/sfr_coursework1_interface_package/share/sfr_coursework1_interface_package/local_setup.zsh
[0.811s] -- Up-to-date: /home/student48/assessments/coursework1/install/sfr_coursework1_interface_package/share/sfr_coursework1_interface_package/local_setup.dsv
[0.811s] -- Installing: /home/student48/assessments/coursework1/install/sfr_coursework1_interface_package/share/sfr_coursework1_interface_package/package.dsv
[0.812s] -- Up-to-date: /home/student48/assessments/coursework1/install/sfr_coursework1_interface_package/share/ament_index/resource_index/packages/sfr_coursework1_interface_package
[0.812s] -- Up-to-date: /home/student48/assessments/coursework1/install/sfr_coursework1_interface_package/share/sfr_coursework1_interface_package/cmake/export_sfr_coursework1_interface_package__rosidl_generator_cExport.cmake
[0.812s] -- Up-to-date: /home/student48/assessments/coursework1/install/sfr_coursework1_interface_package/share/sfr_coursework1_interface_package/cmake/export_sfr_coursework1_interface_package__rosidl_generator_cExport-noconfig.cmake
[0.812s] -- Up-to-date: /home/student48/assessments/coursework1/install/sfr_coursework1_interface_package/share/sfr_coursework1_interface_package/cmake/export_sfr_coursework1_interface_package__rosidl_typesupport_fastrtps_cExport.cmake
[0.812s] -- Up-to-date: /home/student48/assessments/coursework1/install/sfr_coursework1_interface_package/share/sfr_coursework1_interface_package/cmake/export_sfr_coursework1_interface_package__rosidl_typesupport_fastrtps_cExport-noconfig.cmake
[0.812s] -- Up-to-date: /home/student48/assessments/coursework1/install/sfr_coursework1_interface_package/share/sfr_coursework1_interface_package/cmake/sfr_coursework1_interface_package__rosidl_typesupport_introspection_cExport.cmake
[0.812s] -- Up-to-date: /home/student48/assessments/coursework1/install/sfr_coursework1_interface_package/share/sfr_coursework1_interface_package/cmake/sfr_coursework1_interface_package__rosidl_typesupport_introspection_cExport-noconfig.cmake
[0.812s] -- Up-to-date: /home/student48/assessments/coursework1/install/sfr_coursework1_interface_package/share/sfr_coursework1_interface_package/cmake/sfr_coursework1_interface_package__rosidl_typesupport_cExport.cmake
[0.813s] -- Up-to-date: /home/student48/assessments/coursework1/install/sfr_coursework1_interface_package/share/sfr_coursework1_interface_package/cmake/sfr_coursework1_interface_package__rosidl_typesupport_cExport-noconfig.cmake
[0.813s] -- Up-to-date: /home/student48/assessments/coursework1/install/sfr_coursework1_interface_package/share/sfr_coursework1_interface_package/cmake/export_sfr_coursework1_interface_package__rosidl_generator_cppExport.cmake
[0.813s] -- Up-to-date: /home/student48/assessments/coursework1/install/sfr_coursework1_interface_package/share/sfr_coursework1_interface_package/cmake/export_sfr_coursework1_interface_package__rosidl_typesupport_fastrtps_cppExport.cmake
[0.813s] -- Up-to-date: /home/student48/assessments/coursework1/install/sfr_coursework1_interface_package/share/sfr_coursework1_interface_package/cmake/export_sfr_coursework1_interface_package__rosidl_typesupport_fastrtps_cppExport-noconfig.cmake
[0.813s] -- Up-to-date: /home/student48/assessments/coursework1/install/sfr_coursework1_interface_package/share/sfr_coursework1_interface_package/cmake/sfr_coursework1_interface_package__rosidl_typesupport_introspection_cppExport.cmake
[0.813s] -- Up-to-date: /home/student48/assessments/coursework1/install/sfr_coursework1_interface_package/share/sfr_coursework1_interface_package/cmake/sfr_coursework1_interface_package__rosidl_typesupport_introspection_cppExport-noconfig.cmake
[0.813s] -- Up-to-date: /home/student48/assessments/coursework1/install/sfr_coursework1_interface_package/share/sfr_coursework1_interface_package/cmake/sfr_coursework1_interface_package__rosidl_typesupport_cppExport.cmake
[0.813s] -- Up-to-date: /home/student48/assessments/coursework1/install/sfr_coursework1_interface_package/share/sfr_coursework1_interface_package/cmake/sfr_coursework1_interface_package__rosidl_typesupport_cppExport-noconfig.cmake
[0.813s] -- Up-to-date: /home/student48/assessments/coursework1/install/sfr_coursework1_interface_package/share/sfr_coursework1_interface_package/cmake/export_sfr_coursework1_interface_package__rosidl_generator_pyExport.cmake
[0.814s] -- Up-to-date: /home/student48/assessments/coursework1/install/sfr_coursework1_interface_package/share/sfr_coursework1_interface_package/cmake/export_sfr_coursework1_interface_package__rosidl_generator_pyExport-noconfig.cmake
[0.814s] -- Up-to-date: /home/student48/assessments/coursework1/install/sfr_coursework1_interface_package/share/sfr_coursework1_interface_package/cmake/rosidl_cmake-extras.cmake
[0.814s] -- Up-to-date: /home/student48/assessments/coursework1/install/sfr_coursework1_interface_package/share/sfr_coursework1_interface_package/cmake/ament_cmake_export_dependencies-extras.cmake
[0.814s] -- Up-to-date: /home/student48/assessments/coursework1/install/sfr_coursework1_interface_package/share/sfr_coursework1_interface_package/cmake/ament_cmake_export_include_directories-extras.cmake
[0.814s] -- Up-to-date: /home/student48/assessments/coursework1/install/sfr_coursework1_interface_package/share/sfr_coursework1_interface_package/cmake/ament_cmake_export_libraries-extras.cmake
[0.814s] -- Up-to-date: /home/student48/assessments/coursework1/install/sfr_coursework1_interface_package/share/sfr_coursework1_interface_package/cmake/ament_cmake_export_targets-extras.cmake
[0.814s] -- Up-to-date: /home/student48/assessments/coursework1/install/sfr_coursework1_interface_package/share/sfr_coursework1_interface_package/cmake/rosidl_cmake_export_typesupport_targets-extras.cmake
[0.814s] -- Up-to-date: /home/student48/assessments/coursework1/install/sfr_coursework1_interface_package/share/sfr_coursework1_interface_package/cmake/rosidl_cmake_export_typesupport_libraries-extras.cmake
[0.814s] -- Up-to-date: /home/student48/assessments/coursework1/install/sfr_coursework1_interface_package/share/sfr_coursework1_interface_package/cmake/sfr_coursework1_interface_packageConfig.cmake
[0.814s] -- Up-to-date: /home/student48/assessments/coursework1/install/sfr_coursework1_interface_package/share/sfr_coursework1_interface_package/cmake/sfr_coursework1_interface_packageConfig-version.cmake
[0.814s] -- Up-to-date: /home/student48/assessments/coursework1/install/sfr_coursework1_interface_package/share/sfr_coursework1_interface_package/package.xml
[0.816s] Invoked command in '/home/student48/assessments/coursework1/build/sfr_coursework1_interface_package' returned '0': CMAKE_PREFIX_PATH=${CMAKE_PREFIX_PATH}:/home/student48/ros2_tutorial_workspace/install/the_simplest_python_packagee:/home/student48/ros2_tutorial_workspace/install/the_simplest_python_package:/home/student48/ros2_tutorial_workspace/install/python_package_with_a_node:/home/student48/ros2_tutorial_workspace/install/python_package_that_uses_the_library:/home/student48/ros2_tutorial_workspace/install/python_package_with_a_library:/home/student48/ros2_tutorial_workspace/install/python_package_that_uses_the_services:/home/student48/ros2_tutorial_workspace/install/python_package_that_uses_the_messages:/home/student48/ros2_tutorial_workspace/install/python_package_that_uses_the_actions:/home/student48/ros2_tutorial_workspace/install/python_package_that_uses_parameters_and_launch_files:/home/student48/ros2_tutorial_workspace/install/my_package:/home/student48/ros2_tutorial_workspace/install/custom_subscriber_package:/home/student48/ros2_tutorial_workspace/install/custom_server_package:/home/student48/ros2_tutorial_workspace/install/custom_publisher_package:/home/student48/ros2_tutorial_workspace/install/custom_package_with_node:/home/student48/ros2_tutorial_workspace/install/custom_package_with_library:/home/student48/ros2_tutorial_workspace/install/custom_client_package:/home/student48/ros2_tutorial_workspace/install/custom_action_server_package:/home/student48/ros2_tutorial_workspace/install/custom_action_client_package:/home/student48/ros2_tutorial_workspace/install/another_package:/home/student48/assessments/week4/src/install/volkswagen:/home/student48/assessments/week4/src/install/building:/opt/ros/jazzy DEBUGINFOD_URLS=https://debuginfod.ubuntu.com /usr/bin/cmake --install /home/student48/assessments/coursework1/build/sfr_coursework1_interface_package
