[0.166s] DEBUG:colcon:Command line arguments: ['/usr/bin/colcon', 'build']
[0.167s] DEBUG:colcon:Parsed command line arguments: Namespace(log_base=None, log_level=None, verb_name='build', build_base='build', install_base='install', merge_install=False, symlink_install=False, test_result_base=None, continue_on_error=False, executor='parallel', parallel_workers=12, event_handlers=None, ignore_user_meta=False, metas=['./colcon.meta'], base_paths=['.'], packages_ignore=None, packages_ignore_regex=None, paths=None, packages_up_to=None, packages_up_to_regex=None, packages_above=None, packages_above_and_dependencies=None, packages_above_depth=None, packages_select_by_dep=None, packages_skip_by_dep=None, packages_skip_up_to=None, packages_select_build_failed=False, packages_skip_build_finished=False, packages_select_test_failures=False, packages_skip_test_passed=False, packages_select=None, packages_skip=None, packages_select_regex=None, packages_skip_regex=None, packages_start=None, packages_end=None, allow_overriding=[], cmake_args=None, cmake_target=None, cmake_target_skip_unavailable=False, cmake_clean_cache=False, cmake_clean_first=False, cmake_force_configure=False, ament_cmake_args=None, catkin_cmake_args=None, catkin_skip_building_tests=False, mixin_files=None, mixin=None, verb_parser=<colcon_mixin.mixin.mixin_argument.MixinArgumentDecorator object at 0x784948ed6ed0>, verb_extension=<colcon_core.verb.build.BuildVerb object at 0x784948ed6c30>, main=<bound method BuildVerb.main of <colcon_core.verb.build.BuildVerb object at 0x784948ed6c30>>, mixin_verb=('build',))
[0.235s] Level 1:colcon.colcon_core.package_discovery:discover_packages(colcon_meta) check parameters
[0.236s] Level 1:colcon.colcon_core.package_discovery:discover_packages(recursive) check parameters
[0.236s] Level 1:colcon.colcon_core.package_discovery:discover_packages(ignore) check parameters
[0.236s] Level 1:colcon.colcon_core.package_discovery:discover_packages(path) check parameters
[0.236s] Level 1:colcon.colcon_core.package_discovery:discover_packages(colcon_meta) discover
[0.236s] Level 1:colcon.colcon_core.package_discovery:discover_packages(recursive) discover
[0.236s] INFO:colcon.colcon_core.package_discovery:Crawling recursively for packages in '/home/student48/assessments/week8'
[0.236s] Level 1:colcon.colcon_core.package_identification:_identify(.) by extensions ['ignore', 'ignore_ament_install']
[0.236s] Level 1:colcon.colcon_core.package_identification:_identify(.) by extension 'ignore'
[0.236s] Level 1:colcon.colcon_core.package_identification:_identify(.) by extension 'ignore_ament_install'
[0.236s] Level 1:colcon.colcon_core.package_identification:_identify(.) by extensions ['colcon_pkg']
[0.236s] Level 1:colcon.colcon_core.package_identification:_identify(.) by extension 'colcon_pkg'
[0.236s] Level 1:colcon.colcon_core.package_identification:_identify(.) by extensions ['colcon_meta']
[0.236s] Level 1:colcon.colcon_core.package_identification:_identify(.) by extension 'colcon_meta'
[0.236s] Level 1:colcon.colcon_core.package_identification:_identify(.) by extensions ['ros']
[0.236s] Level 1:colcon.colcon_core.package_identification:_identify(.) by extension 'ros'
[0.266s] Level 1:colcon.colcon_core.package_identification:_identify(.) by extensions ['cmake', 'python']
[0.266s] Level 1:colcon.colcon_core.package_identification:_identify(.) by extension 'cmake'
[0.266s] Level 1:colcon.colcon_core.package_identification:_identify(.) by extension 'python'
[0.266s] Level 1:colcon.colcon_core.package_identification:_identify(.) by extensions ['python_setup_py']
[0.266s] Level 1:colcon.colcon_core.package_identification:_identify(.) by extension 'python_setup_py'
[0.266s] Level 1:colcon.colcon_core.package_identification:_identify(build) by extensions ['ignore', 'ignore_ament_install']
[0.266s] Level 1:colcon.colcon_core.package_identification:_identify(build) by extension 'ignore'
[0.266s] Level 1:colcon.colcon_core.package_identification:_identify(build) ignored
[0.266s] Level 1:colcon.colcon_core.package_identification:_identify(install) by extensions ['ignore', 'ignore_ament_install']
[0.266s] Level 1:colcon.colcon_core.package_identification:_identify(install) by extension 'ignore'
[0.267s] Level 1:colcon.colcon_core.package_identification:_identify(install) ignored
[0.267s] Level 1:colcon.colcon_core.package_identification:_identify(log) by extensions ['ignore', 'ignore_ament_install']
[0.267s] Level 1:colcon.colcon_core.package_identification:_identify(log) by extension 'ignore'
[0.267s] Level 1:colcon.colcon_core.package_identification:_identify(log) ignored
[0.267s] Level 1:colcon.colcon_core.package_identification:_identify(src) by extensions ['ignore', 'ignore_ament_install']
[0.267s] Level 1:colcon.colcon_core.package_identification:_identify(src) by extension 'ignore'
[0.267s] Level 1:colcon.colcon_core.package_identification:_identify(src) by extension 'ignore_ament_install'
[0.267s] Level 1:colcon.colcon_core.package_identification:_identify(src) by extensions ['colcon_pkg']
[0.267s] Level 1:colcon.colcon_core.package_identification:_identify(src) by extension 'colcon_pkg'
[0.267s] Level 1:colcon.colcon_core.package_identification:_identify(src) by extensions ['colcon_meta']
[0.267s] Level 1:colcon.colcon_core.package_identification:_identify(src) by extension 'colcon_meta'
[0.267s] Level 1:colcon.colcon_core.package_identification:_identify(src) by extensions ['ros']
[0.267s] Level 1:colcon.colcon_core.package_identification:_identify(src) by extension 'ros'
[0.267s] Level 1:colcon.colcon_core.package_identification:_identify(src) by extensions ['cmake', 'python']
[0.267s] Level 1:colcon.colcon_core.package_identification:_identify(src) by extension 'cmake'
[0.267s] Level 1:colcon.colcon_core.package_identification:_identify(src) by extension 'python'
[0.267s] Level 1:colcon.colcon_core.package_identification:_identify(src) by extensions ['python_setup_py']
[0.267s] Level 1:colcon.colcon_core.package_identification:_identify(src) by extension 'python_setup_py'
[0.267s] Level 1:colcon.colcon_core.package_identification:_identify(src/london) by extensions ['ignore', 'ignore_ament_install']
[0.267s] Level 1:colcon.colcon_core.package_identification:_identify(src/london) by extension 'ignore'
[0.268s] Level 1:colcon.colcon_core.package_identification:_identify(src/london) by extension 'ignore_ament_install'
[0.268s] Level 1:colcon.colcon_core.package_identification:_identify(src/london) by extensions ['colcon_pkg']
[0.268s] Level 1:colcon.colcon_core.package_identification:_identify(src/london) by extension 'colcon_pkg'
[0.268s] Level 1:colcon.colcon_core.package_identification:_identify(src/london) by extensions ['colcon_meta']
[0.268s] Level 1:colcon.colcon_core.package_identification:_identify(src/london) by extension 'colcon_meta'
[0.268s] Level 1:colcon.colcon_core.package_identification:_identify(src/london) by extensions ['ros']
[0.268s] Level 1:colcon.colcon_core.package_identification:_identify(src/london) by extension 'ros'
[0.278s] DEBUG:colcon.colcon_core.package_identification:Package 'src/london' with type 'ros.ament_python' and name 'london'
[0.278s] Level 1:colcon.colcon_core.package_identification:_identify(src/toyota) by extensions ['ignore', 'ignore_ament_install']
[0.278s] Level 1:colcon.colcon_core.package_identification:_identify(src/toyota) by extension 'ignore'
[0.278s] Level 1:colcon.colcon_core.package_identification:_identify(src/toyota) by extension 'ignore_ament_install'
[0.278s] Level 1:colcon.colcon_core.package_identification:_identify(src/toyota) by extensions ['colcon_pkg']
[0.278s] Level 1:colcon.colcon_core.package_identification:_identify(src/toyota) by extension 'colcon_pkg'
[0.278s] Level 1:colcon.colcon_core.package_identification:_identify(src/toyota) by extensions ['colcon_meta']
[0.279s] Level 1:colcon.colcon_core.package_identification:_identify(src/toyota) by extension 'colcon_meta'
[0.279s] Level 1:colcon.colcon_core.package_identification:_identify(src/toyota) by extensions ['ros']
[0.279s] Level 1:colcon.colcon_core.package_identification:_identify(src/toyota) by extension 'ros'
[0.279s] DEBUG:colcon.colcon_core.package_identification:Package 'src/toyota' with type 'ros.ament_python' and name 'toyota'
[0.279s] Level 1:colcon.colcon_core.package_discovery:discover_packages(recursive) using defaults
[0.279s] Level 1:colcon.colcon_core.package_discovery:discover_packages(ignore) discover
[0.279s] Level 1:colcon.colcon_core.package_discovery:discover_packages(ignore) using defaults
[0.279s] Level 1:colcon.colcon_core.package_discovery:discover_packages(path) discover
[0.280s] Level 1:colcon.colcon_core.package_discovery:discover_packages(path) using defaults
[0.310s] Level 1:colcon.colcon_core.package_discovery:discover_packages(prefix_path) check parameters
[0.311s] Level 1:colcon.colcon_core.package_discovery:discover_packages(prefix_path) discover
[0.315s] DEBUG:colcon.colcon_installed_package_information.package_discovery:Found 24 installed packages in /home/student48/ros2_tutorial_workspace/install
[0.316s] DEBUG:colcon.colcon_installed_package_information.package_discovery:Found 2 installed packages in /home/student48/assessments/week4/src/install
[0.318s] DEBUG:colcon.colcon_installed_package_information.package_discovery:Found 285 installed packages in /opt/ros/jazzy
[0.318s] Level 1:colcon.colcon_core.package_discovery:discover_packages(prefix_path) using defaults
[0.363s] Level 5:colcon.colcon_core.verb:set package 'london' build argument 'cmake_args' from command line to 'None'
[0.364s] Level 5:colcon.colcon_core.verb:set package 'london' build argument 'cmake_target' from command line to 'None'
[0.364s] Level 5:colcon.colcon_core.verb:set package 'london' build argument 'cmake_target_skip_unavailable' from command line to 'False'
[0.364s] Level 5:colcon.colcon_core.verb:set package 'london' build argument 'cmake_clean_cache' from command line to 'False'
[0.364s] Level 5:colcon.colcon_core.verb:set package 'london' build argument 'cmake_clean_first' from command line to 'False'
[0.364s] Level 5:colcon.colcon_core.verb:set package 'london' build argument 'cmake_force_configure' from command line to 'False'
[0.364s] Level 5:colcon.colcon_core.verb:set package 'london' build argument 'ament_cmake_args' from command line to 'None'
[0.364s] Level 5:colcon.colcon_core.verb:set package 'london' build argument 'catkin_cmake_args' from command line to 'None'
[0.364s] Level 5:colcon.colcon_core.verb:set package 'london' build argument 'catkin_skip_building_tests' from command line to 'False'
[0.364s] DEBUG:colcon.colcon_core.verb:Building package 'london' with the following arguments: {'ament_cmake_args': None, 'build_base': '/home/student48/assessments/week8/build/london', 'catkin_cmake_args': None, 'catkin_skip_building_tests': False, 'cmake_args': None, 'cmake_clean_cache': False, 'cmake_clean_first': False, 'cmake_force_configure': False, 'cmake_target': None, 'cmake_target_skip_unavailable': False, 'install_base': '/home/student48/assessments/week8/install/london', 'merge_install': False, 'path': '/home/student48/assessments/week8/src/london', 'symlink_install': False, 'test_result_base': None}
[0.364s] Level 5:colcon.colcon_core.verb:set package 'toyota' build argument 'cmake_args' from command line to 'None'
[0.364s] Level 5:colcon.colcon_core.verb:set package 'toyota' build argument 'cmake_target' from command line to 'None'
[0.364s] Level 5:colcon.colcon_core.verb:set package 'toyota' build argument 'cmake_target_skip_unavailable' from command line to 'False'
[0.364s] Level 5:colcon.colcon_core.verb:set package 'toyota' build argument 'cmake_clean_cache' from command line to 'False'
[0.364s] Level 5:colcon.colcon_core.verb:set package 'toyota' build argument 'cmake_clean_first' from command line to 'False'
[0.364s] Level 5:colcon.colcon_core.verb:set package 'toyota' build argument 'cmake_force_configure' from command line to 'False'
[0.364s] Level 5:colcon.colcon_core.verb:set package 'toyota' build argument 'ament_cmake_args' from command line to 'None'
[0.364s] Level 5:colcon.colcon_core.verb:set package 'toyota' build argument 'catkin_cmake_args' from command line to 'None'
[0.364s] Level 5:colcon.colcon_core.verb:set package 'toyota' build argument 'catkin_skip_building_tests' from command line to 'False'
[0.364s] DEBUG:colcon.colcon_core.verb:Building package 'toyota' with the following arguments: {'ament_cmake_args': None, 'build_base': '/home/student48/assessments/week8/build/toyota', 'catkin_cmake_args': None, 'catkin_skip_building_tests': False, 'cmake_args': None, 'cmake_clean_cache': False, 'cmake_clean_first': False, 'cmake_force_configure': False, 'cmake_target': None, 'cmake_target_skip_unavailable': False, 'install_base': '/home/student48/assessments/week8/install/toyota', 'merge_install': False, 'path': '/home/student48/assessments/week8/src/toyota', 'symlink_install': False, 'test_result_base': None}
[0.364s] INFO:colcon.colcon_core.executor:Executing jobs using 'parallel' executor
[0.366s] DEBUG:colcon.colcon_parallel_executor.executor.parallel:run_until_complete
[0.366s] INFO:colcon.colcon_ros.task.ament_python.build:Building ROS package in '/home/student48/assessments/week8/src/london' with build type 'ament_python'
[0.366s] Level 1:colcon.colcon_core.shell:create_environment_hook('london', 'ament_prefix_path')
[0.372s] INFO:colcon.colcon_core.plugin_system:Skipping extension 'colcon_core.shell.bat': Not used on non-Windows systems
[0.372s] INFO:colcon.colcon_core.shell:Creating environment hook '/home/student48/assessments/week8/install/london/share/london/hook/ament_prefix_path.ps1'
[0.373s] INFO:colcon.colcon_core.shell:Creating environment descriptor '/home/student48/assessments/week8/install/london/share/london/hook/ament_prefix_path.dsv'
[0.374s] INFO:colcon.colcon_core.shell:Creating environment hook '/home/student48/assessments/week8/install/london/share/london/hook/ament_prefix_path.sh'
[0.376s] INFO:colcon.colcon_core.shell:Skip shell extension 'powershell' for command environment: Not usable outside of PowerShell
[0.376s] DEBUG:colcon.colcon_core.shell:Skip shell extension 'dsv' for command environment
[0.384s] INFO:colcon.colcon_ros.task.ament_python.build:Building ROS package in '/home/student48/assessments/week8/src/toyota' with build type 'ament_python'
[0.385s] Level 1:colcon.colcon_core.shell:create_environment_hook('toyota', 'ament_prefix_path')
[0.386s] INFO:colcon.colcon_core.shell:Creating environment hook '/home/student48/assessments/week8/install/toyota/share/toyota/hook/ament_prefix_path.ps1'
[0.388s] INFO:colcon.colcon_core.shell:Creating environment descriptor '/home/student48/assessments/week8/install/toyota/share/toyota/hook/ament_prefix_path.dsv'
[0.389s] INFO:colcon.colcon_core.shell:Creating environment hook '/home/student48/assessments/week8/install/toyota/share/toyota/hook/ament_prefix_path.sh'
[0.391s] INFO:colcon.colcon_core.shell:Skip shell extension 'powershell' for command environment: Not usable outside of PowerShell
[0.391s] DEBUG:colcon.colcon_core.shell:Skip shell extension 'dsv' for command environment
[0.704s] INFO:colcon.colcon_core.task.python.build:Building Python package in '/home/student48/assessments/week8/src/london'
[0.704s] INFO:colcon.colcon_core.shell:Skip shell extension 'powershell' for command environment: Not usable outside of PowerShell
[0.704s] DEBUG:colcon.colcon_core.shell:Skip shell extension 'dsv' for command environment
[1.039s] INFO:colcon.colcon_core.task.python.build:Building Python package in '/home/student48/assessments/week8/src/toyota'
[1.040s] INFO:colcon.colcon_core.shell:Skip shell extension 'powershell' for command environment: Not usable outside of PowerShell
[1.040s] DEBUG:colcon.colcon_core.shell:Skip shell extension 'dsv' for command environment
[1.931s] DEBUG:colcon.colcon_core.event_handler.log_command:Invoking command in '/home/student48/assessments/week8/src/toyota': DEBUGINFOD_URLS=https://debuginfod.ubuntu.com PYTHONPATH=/home/student48/assessments/week8/build/toyota/prefix_override:/usr/lib/python3/dist-packages/colcon_core/task/python/colcon_distutils_commands:/home/student48/assessments/week8/install/toyota/lib/python3.12/site-packages:${PYTHONPATH} /usr/bin/python3 -W ignore:setup.py install is deprecated -W ignore:easy_install command is deprecated setup.py egg_info --egg-base ../../build/toyota build --build-base /home/student48/assessments/week8/build/toyota/build install --record /home/student48/assessments/week8/build/toyota/install.log --single-version-externally-managed install_data
[2.285s] DEBUG:colcon.colcon_core.event_handler.log_command:Invoking command in '/home/student48/assessments/week8/src/london': DEBUGINFOD_URLS=https://debuginfod.ubuntu.com PYTHONPATH=/home/student48/assessments/week8/build/london/prefix_override:/usr/lib/python3/dist-packages/colcon_core/task/python/colcon_distutils_commands:/home/student48/assessments/week8/install/london/lib/python3.12/site-packages:${PYTHONPATH} /usr/bin/python3 -W ignore:setup.py install is deprecated -W ignore:easy_install command is deprecated setup.py egg_info --egg-base ../../build/london build --build-base /home/student48/assessments/week8/build/london/build install --record /home/student48/assessments/week8/build/london/install.log --single-version-externally-managed install_data
[2.841s] DEBUG:colcon.colcon_core.event_handler.log_command:Invoked command in '/home/student48/assessments/week8/src/toyota' returned '0': DEBUGINFOD_URLS=https://debuginfod.ubuntu.com PYTHONPATH=/home/student48/assessments/week8/build/toyota/prefix_override:/usr/lib/python3/dist-packages/colcon_core/task/python/colcon_distutils_commands:/home/student48/assessments/week8/install/toyota/lib/python3.12/site-packages:${PYTHONPATH} /usr/bin/python3 -W ignore:setup.py install is deprecated -W ignore:easy_install command is deprecated setup.py egg_info --egg-base ../../build/toyota build --build-base /home/student48/assessments/week8/build/toyota/build install --record /home/student48/assessments/week8/build/toyota/install.log --single-version-externally-managed install_data
[2.845s] Level 1:colcon.colcon_core.environment:checking '/home/student48/assessments/week8/install/toyota' for CMake module files
[2.846s] Level 1:colcon.colcon_core.environment:checking '/home/student48/assessments/week8/install/toyota' for CMake config files
[2.848s] Level 1:colcon.colcon_core.environment:checking '/home/student48/assessments/week8/install/toyota/lib'
[2.848s] Level 1:colcon.colcon_core.environment:checking '/home/student48/assessments/week8/install/toyota/bin'
[2.848s] Level 1:colcon.colcon_core.environment:checking '/home/student48/assessments/week8/install/toyota/lib/pkgconfig/toyota.pc'
[2.849s] Level 1:colcon.colcon_core.environment:checking '/home/student48/assessments/week8/install/toyota/lib/python3.12/site-packages'
[2.849s] Level 1:colcon.colcon_core.shell:create_environment_hook('toyota', 'pythonpath')
[2.849s] INFO:colcon.colcon_core.shell:Creating environment hook '/home/student48/assessments/week8/install/toyota/share/toyota/hook/pythonpath.ps1'
[2.850s] INFO:colcon.colcon_core.shell:Creating environment descriptor '/home/student48/assessments/week8/install/toyota/share/toyota/hook/pythonpath.dsv'
[2.851s] INFO:colcon.colcon_core.shell:Creating environment hook '/home/student48/assessments/week8/install/toyota/share/toyota/hook/pythonpath.sh'
[2.853s] Level 1:colcon.colcon_core.environment:checking '/home/student48/assessments/week8/install/toyota/bin'
[2.853s] Level 1:colcon.colcon_core.environment:create_environment_scripts_only(toyota)
[2.853s] INFO:colcon.colcon_core.shell:Creating package script '/home/student48/assessments/week8/install/toyota/share/toyota/package.ps1'
[2.855s] INFO:colcon.colcon_core.shell:Creating package descriptor '/home/student48/assessments/week8/install/toyota/share/toyota/package.dsv'
[2.857s] INFO:colcon.colcon_core.shell:Creating package script '/home/student48/assessments/week8/install/toyota/share/toyota/package.sh'
[2.859s] INFO:colcon.colcon_core.shell:Creating package script '/home/student48/assessments/week8/install/toyota/share/toyota/package.bash'
[2.861s] INFO:colcon.colcon_core.shell:Creating package script '/home/student48/assessments/week8/install/toyota/share/toyota/package.zsh'
[2.863s] Level 1:colcon.colcon_core.environment:create_file_with_runtime_dependencies(/home/student48/assessments/week8/install/toyota/share/colcon-core/packages/toyota)
[3.212s] Level 1:colcon.colcon_core.environment:checking '/home/student48/assessments/week8/install/london' for CMake module files
[3.213s] DEBUG:colcon.colcon_core.event_handler.log_command:Invoked command in '/home/student48/assessments/week8/src/london' returned '0': DEBUGINFOD_URLS=https://debuginfod.ubuntu.com PYTHONPATH=/home/student48/assessments/week8/build/london/prefix_override:/usr/lib/python3/dist-packages/colcon_core/task/python/colcon_distutils_commands:/home/student48/assessments/week8/install/london/lib/python3.12/site-packages:${PYTHONPATH} /usr/bin/python3 -W ignore:setup.py install is deprecated -W ignore:easy_install command is deprecated setup.py egg_info --egg-base ../../build/london build --build-base /home/student48/assessments/week8/build/london/build install --record /home/student48/assessments/week8/build/london/install.log --single-version-externally-managed install_data
[3.214s] Level 1:colcon.colcon_core.environment:checking '/home/student48/assessments/week8/install/london' for CMake config files
[3.215s] Level 1:colcon.colcon_core.environment:checking '/home/student48/assessments/week8/install/london/lib'
[3.215s] Level 1:colcon.colcon_core.environment:checking '/home/student48/assessments/week8/install/london/bin'
[3.215s] Level 1:colcon.colcon_core.environment:checking '/home/student48/assessments/week8/install/london/lib/pkgconfig/london.pc'
[3.216s] Level 1:colcon.colcon_core.environment:checking '/home/student48/assessments/week8/install/london/lib/python3.12/site-packages'
[3.216s] Level 1:colcon.colcon_core.shell:create_environment_hook('london', 'pythonpath')
[3.216s] INFO:colcon.colcon_core.shell:Creating environment hook '/home/student48/assessments/week8/install/london/share/london/hook/pythonpath.ps1'
[3.217s] INFO:colcon.colcon_core.shell:Creating environment descriptor '/home/student48/assessments/week8/install/london/share/london/hook/pythonpath.dsv'
[3.218s] INFO:colcon.colcon_core.shell:Creating environment hook '/home/student48/assessments/week8/install/london/share/london/hook/pythonpath.sh'
[3.219s] Level 1:colcon.colcon_core.environment:checking '/home/student48/assessments/week8/install/london/bin'
[3.220s] Level 1:colcon.colcon_core.environment:create_environment_scripts_only(london)
[3.220s] INFO:colcon.colcon_core.shell:Creating package script '/home/student48/assessments/week8/install/london/share/london/package.ps1'
[3.221s] INFO:colcon.colcon_core.shell:Creating package descriptor '/home/student48/assessments/week8/install/london/share/london/package.dsv'
[3.222s] INFO:colcon.colcon_core.shell:Creating package script '/home/student48/assessments/week8/install/london/share/london/package.sh'
[3.223s] INFO:colcon.colcon_core.shell:Creating package script '/home/student48/assessments/week8/install/london/share/london/package.bash'
[3.223s] INFO:colcon.colcon_core.shell:Creating package script '/home/student48/assessments/week8/install/london/share/london/package.zsh'
[3.223s] Level 1:colcon.colcon_core.environment:create_file_with_runtime_dependencies(/home/student48/assessments/week8/install/london/share/colcon-core/packages/london)
[3.224s] DEBUG:colcon.colcon_parallel_executor.executor.parallel:closing loop
[3.224s] DEBUG:colcon.colcon_parallel_executor.executor.parallel:loop closed
[3.224s] DEBUG:colcon.colcon_parallel_executor.executor.parallel:run_until_complete finished with '0'
[3.224s] DEBUG:colcon.colcon_core.event_reactor:joining thread
[3.259s] INFO:colcon.colcon_core.plugin_system:Skipping extension 'colcon_notification.desktop_notification.terminal_notifier': Not used on non-Darwin systems
[3.260s] INFO:colcon.colcon_core.plugin_system:Skipping extension 'colcon_notification.desktop_notification.win32': Not used on non-Windows systems
[3.260s] INFO:colcon.colcon_notification.desktop_notification:Sending desktop notification using 'notify2'
[3.288s] DEBUG:colcon.colcon_core.event_reactor:joined thread
[3.288s] INFO:colcon.colcon_core.shell:Creating prefix script '/home/student48/assessments/week8/install/local_setup.ps1'
[3.289s] INFO:colcon.colcon_core.shell:Creating prefix util module '/home/student48/assessments/week8/install/_local_setup_util_ps1.py'
[3.290s] INFO:colcon.colcon_core.shell:Creating prefix chain script '/home/student48/assessments/week8/install/setup.ps1'
[3.293s] INFO:colcon.colcon_core.shell:Creating prefix script '/home/student48/assessments/week8/install/local_setup.sh'
[3.294s] INFO:colcon.colcon_core.shell:Creating prefix util module '/home/student48/assessments/week8/install/_local_setup_util_sh.py'
[3.294s] INFO:colcon.colcon_core.shell:Creating prefix chain script '/home/student48/assessments/week8/install/setup.sh'
[3.297s] INFO:colcon.colcon_core.shell:Creating prefix script '/home/student48/assessments/week8/install/local_setup.bash'
[3.298s] INFO:colcon.colcon_core.shell:Creating prefix chain script '/home/student48/assessments/week8/install/setup.bash'
[3.301s] INFO:colcon.colcon_core.shell:Creating prefix script '/home/student48/assessments/week8/install/local_setup.zsh'
[3.302s] INFO:colcon.colcon_core.shell:Creating prefix chain script '/home/student48/assessments/week8/install/setup.zsh'
