running egg_info
writing ../build/cardiff/cardiff.egg-info/PKG-INFO
writing dependency_links to ../build/cardiff/cardiff.egg-info/dependency_links.txt
writing entry points to ../build/cardiff/cardiff.egg-info/entry_points.txt
writing requirements to ../build/cardiff/cardiff.egg-info/requires.txt
writing top-level names to ../build/cardiff/cardiff.egg-info/top_level.txt
reading manifest file '../build/cardiff/cardiff.egg-info/SOURCES.txt'
writing manifest file '../build/cardiff/cardiff.egg-info/SOURCES.txt'
running build
running build_py
copying cardiff/grape.py -> /home/student48/assessments/week5/src/build/cardiff/build/lib/cardiff
running install
running install_lib
copying /home/student48/assessments/week5/src/build/cardiff/build/lib/cardiff/grape.py -> /home/student48/assessments/week5/src/install/cardiff/lib/python3.12/site-packages/cardiff
byte-compiling /home/student48/assessments/week5/src/install/cardiff/lib/python3.12/site-packages/cardiff/grape.py to grape.cpython-312.pyc
running install_data
running install_egg_info
removing '/home/student48/assessments/week5/src/install/cardiff/lib/python3.12/site-packages/cardiff-0.0.0-py3.12.egg-info' (and everything under it)
Copying ../build/cardiff/cardiff.egg-info to /home/student48/assessments/week5/src/install/cardiff/lib/python3.12/site-packages/cardiff-0.0.0-py3.12.egg-info
running install_scripts
Installing grape script to /home/student48/assessments/week5/src/install/cardiff/lib/cardiff
writing list of installed files to '/home/student48/assessments/week5/src/build/cardiff/install.log'
