[1.372s] Invoking command in '/home/student48/assessments/week2/src/kia': DEBUGINFOD_URLS=https://debuginfod.ubuntu.com PYTHONPATH=/home/student48/assessments/week2/build/kia/prefix_override:/usr/lib/python3/dist-packages/colcon_core/task/python/colcon_distutils_commands:/home/student48/assessments/week2/install/kia/lib/python3.12/site-packages:${PYTHONPATH} /usr/bin/python3 -W ignore:setup.py install is deprecated -W ignore:easy_install command is deprecated setup.py egg_info --egg-base ../../build/kia build --build-base /home/student48/assessments/week2/build/kia/build install --record /home/student48/assessments/week2/build/kia/install.log --single-version-externally-managed install_data
[1.826s] running egg_info
[1.827s] creating ../../build/kia/kia.egg-info
[1.881s] writing ../../build/kia/kia.egg-info/PKG-INFO
[1.882s] writing dependency_links to ../../build/kia/kia.egg-info/dependency_links.txt
[1.883s] writing entry points to ../../build/kia/kia.egg-info/entry_points.txt
[1.884s] writing requirements to ../../build/kia/kia.egg-info/requires.txt
[1.884s] writing top-level names to ../../build/kia/kia.egg-info/top_level.txt
[1.884s] writing manifest file '../../build/kia/kia.egg-info/SOURCES.txt'
[2.061s] reading manifest file '../../build/kia/kia.egg-info/SOURCES.txt'
[2.063s] writing manifest file '../../build/kia/kia.egg-info/SOURCES.txt'
[2.063s] running build
[2.064s] running build_py
[2.064s] creating /home/student48/assessments/week2/build/kia/build
[2.064s] creating /home/student48/assessments/week2/build/kia/build/lib
[2.064s] creating /home/student48/assessments/week2/build/kia/build/lib/kia
[2.065s] copying kia/exhaust_system.py -> /home/student48/assessments/week2/build/kia/build/lib/kia
[2.066s] copying kia/__init__.py -> /home/student48/assessments/week2/build/kia/build/lib/kia
[2.067s] running install
[2.078s] running install_lib
[2.130s] creating /home/student48/assessments/week2/install/kia/lib/python3.12/site-packages/kia
[2.130s] copying /home/student48/assessments/week2/build/kia/build/lib/kia/exhaust_system.py -> /home/student48/assessments/week2/install/kia/lib/python3.12/site-packages/kia
[2.131s] copying /home/student48/assessments/week2/build/kia/build/lib/kia/__init__.py -> /home/student48/assessments/week2/install/kia/lib/python3.12/site-packages/kia
[2.132s] byte-compiling /home/student48/assessments/week2/install/kia/lib/python3.12/site-packages/kia/exhaust_system.py to exhaust_system.cpython-312.pyc
[2.135s] byte-compiling /home/student48/assessments/week2/install/kia/lib/python3.12/site-packages/kia/__init__.py to __init__.cpython-312.pyc
[2.136s] running install_data
[2.137s] creating /home/student48/assessments/week2/install/kia/share/ament_index
[2.138s] creating /home/student48/assessments/week2/install/kia/share/ament_index/resource_index
[2.139s] creating /home/student48/assessments/week2/install/kia/share/ament_index/resource_index/packages
[2.139s] copying resource/kia -> /home/student48/assessments/week2/install/kia/share/ament_index/resource_index/packages
[2.139s] copying package.xml -> /home/student48/assessments/week2/install/kia/share/kia
[2.140s] running install_egg_info
[2.204s] Copying ../../build/kia/kia.egg-info to /home/student48/assessments/week2/install/kia/lib/python3.12/site-packages/kia-0.0.0-py3.12.egg-info
[2.209s] running install_scripts
[2.422s] Installing exhaust_system script to /home/student48/assessments/week2/install/kia/lib/kia
[2.423s] writing list of installed files to '/home/student48/assessments/week2/build/kia/install.log'
[2.472s] Invoked command in '/home/student48/assessments/week2/src/kia' returned '0': DEBUGINFOD_URLS=https://debuginfod.ubuntu.com PYTHONPATH=/home/student48/assessments/week2/build/kia/prefix_override:/usr/lib/python3/dist-packages/colcon_core/task/python/colcon_distutils_commands:/home/student48/assessments/week2/install/kia/lib/python3.12/site-packages:${PYTHONPATH} /usr/bin/python3 -W ignore:setup.py install is deprecated -W ignore:easy_install command is deprecated setup.py egg_info --egg-base ../../build/kia build --build-base /home/student48/assessments/week2/build/kia/build install --record /home/student48/assessments/week2/build/kia/install.log --single-version-externally-managed install_data
