[0.018s] Invoking command in '/home/student48/assessments/coursework1/build/sfr_coursework1_interface_package': CMAKE_PREFIX_PATH=${CMAKE_PREFIX_PATH}:/home/student48/ros2_tutorial_workspace/install/the_simplest_python_packagee:/home/student48/ros2_tutorial_workspace/install/the_simplest_python_package:/home/student48/ros2_tutorial_workspace/install/python_package_with_a_node:/home/student48/ros2_tutorial_workspace/install/python_package_that_uses_the_library:/home/student48/ros2_tutorial_workspace/install/python_package_with_a_library:/home/student48/ros2_tutorial_workspace/install/python_package_that_uses_the_services:/home/student48/ros2_tutorial_workspace/install/python_package_that_uses_the_messages:/home/student48/ros2_tutorial_workspace/install/python_package_that_uses_the_actions:/home/student48/ros2_tutorial_workspace/install/python_package_that_uses_parameters_and_launch_files:/home/student48/ros2_tutorial_workspace/install/my_package:/home/student48/ros2_tutorial_workspace/install/custom_subscriber_package:/home/student48/ros2_tutorial_workspace/install/custom_server_package:/home/student48/ros2_tutorial_workspace/install/custom_publisher_package:/home/student48/ros2_tutorial_workspace/install/custom_package_with_node:/home/student48/ros2_tutorial_workspace/install/custom_package_with_library:/home/student48/ros2_tutorial_workspace/install/custom_client_package:/home/student48/ros2_tutorial_workspace/install/custom_action_server_package:/home/student48/ros2_tutorial_workspace/install/custom_action_client_package:/home/student48/ros2_tutorial_workspace/install/another_package:/home/student48/assessments/week4/src/install/volkswagen:/home/student48/assessments/week4/src/install/building:/opt/ros/jazzy DEBUGINFOD_URLS=https://debuginfod.ubuntu.com /usr/bin/cmake --build /home/student48/assessments/coursework1/build/sfr_coursework1_interface_package -- -j12 -l12
[0.117s] [  1%] Built target sfr_coursework1_interface_package__rosidl_generator_type_description
[0.147s] [  1%] Built target ament_cmake_python_copy_sfr_coursework1_interface_package
[0.168s] [ 23%] Built target sfr_coursework1_interface_package__rosidl_generator_c
[0.168s] [ 25%] Built target sfr_coursework1_interface_package__cpp
[0.228s] [ 35%] Built target sfr_coursework1_interface_package__rosidl_typesupport_c
[0.228s] [ 43%] Built target sfr_coursework1_interface_package__rosidl_typesupport_introspection_c
[0.228s] [ 53%] Built target sfr_coursework1_interface_package__rosidl_typesupport_fastrtps_c
[0.236s] [ 62%] Built target sfr_coursework1_interface_package__rosidl_typesupport_introspection_cpp
[0.243s] [ 71%] Built target sfr_coursework1_interface_package__rosidl_typesupport_fastrtps_cpp
[0.262s] [ 81%] Built target sfr_coursework1_interface_package__rosidl_typesupport_cpp
[0.292s] [ 81%] Built target sfr_coursework1_interface_package
[0.337s] [ 82%] Built target sfr_coursework1_interface_package__py
[0.374s] [ 90%] Built target sfr_coursework1_interface_package__rosidl_generator_py
[0.430s] [ 93%] Built target sfr_coursework1_interface_package_s__rosidl_typesupport_c
[0.433s] [ 98%] Built target sfr_coursework1_interface_package_s__rosidl_typesupport_fastrtps_c
[0.434s] [100%] Built target sfr_coursework1_interface_package_s__rosidl_typesupport_introspection_c
[0.558s] running egg_info
[0.584s] writing sfr_coursework1_interface_package.egg-info/PKG-INFO
[0.585s] writing dependency_links to sfr_coursework1_interface_package.egg-info/dependency_links.txt
[0.585s] writing top-level names to sfr_coursework1_interface_package.egg-info/top_level.txt
[0.677s] reading manifest file 'sfr_coursework1_interface_package.egg-info/SOURCES.txt'
[0.678s] writing manifest file 'sfr_coursework1_interface_package.egg-info/SOURCES.txt'
[0.724s] [100%] Built target ament_cmake_python_build_sfr_coursework1_interface_package_egg
[0.747s] Invoked command in '/home/student48/assessments/coursework1/build/sfr_coursework1_interface_package' returned '0': CMAKE_PREFIX_PATH=${CMAKE_PREFIX_PATH}:/home/student48/ros2_tutorial_workspace/install/the_simplest_python_packagee:/home/student48/ros2_tutorial_workspace/install/the_simplest_python_package:/home/student48/ros2_tutorial_workspace/install/python_package_with_a_node:/home/student48/ros2_tutorial_workspace/install/python_package_that_uses_the_library:/home/student48/ros2_tutorial_workspace/install/python_package_with_a_library:/home/student48/ros2_tutorial_workspace/install/python_package_that_uses_the_services:/home/student48/ros2_tutorial_workspace/install/python_package_that_uses_the_messages:/home/student48/ros2_tutorial_workspace/install/python_package_that_uses_the_actions:/home/student48/ros2_tutorial_workspace/install/python_package_that_uses_parameters_and_launch_files:/home/student48/ros2_tutorial_workspace/install/my_package:/home/student48/ros2_tutorial_workspace/install/custom_subscriber_package:/home/student48/ros2_tutorial_workspace/install/custom_server_package:/home/student48/ros2_tutorial_workspace/install/custom_publisher_package:/home/student48/ros2_tutorial_workspace/install/custom_package_with_node:/home/student48/ros2_tutorial_workspace/install/custom_package_with_library:/home/student48/ros2_tutorial_workspace/install/custom_client_package:/home/student48/ros2_tutorial_workspace/install/custom_action_server_package:/home/student48/ros2_tutorial_workspace/install/custom_action_client_package:/home/student48/ros2_tutorial_workspace/install/another_package:/home/student48/assessments/week4/src/install/volkswagen:/home/student48/assessments/week4/src/install/building:/opt/ros/jazzy DEBUGINFOD_URLS=https://debuginfod.ubuntu.com /usr/bin/cmake --build /home/student48/assessments/coursework1/build/sfr_coursework1_interface_package -- -j12 -l12
[0.764s] Invoking command in '/home/student48/assessments/coursework1/build/sfr_coursework1_interface_package': CMAKE_PREFIX_PATH=${CMAKE_PREFIX_PATH}:/home/student48/ros2_tutorial_workspace/install/the_simplest_python_packagee:/home/student48/ros2_tutorial_workspace/install/the_simplest_python_package:/home/student48/ros2_tutorial_workspace/install/python_package_with_a_node:/home/student48/ros2_tutorial_workspace/install/python_package_that_uses_the_library:/home/student48/ros2_tutorial_workspace/install/python_package_with_a_library:/home/student48/ros2_tutorial_workspace/install/python_package_that_uses_the_services:/home/student48/ros2_tutorial_workspace/install/python_package_that_uses_the_messages:/home/student48/ros2_tutorial_workspace/install/python_package_that_uses_the_actions:/home/student48/ros2_tutorial_workspace/install/python_package_that_uses_parameters_and_launch_files:/home/student48/ros2_tutorial_workspace/install/my_package:/home/student48/ros2_tutorial_workspace/install/custom_subscriber_package:/home/student48/ros2_tutorial_workspace/install/custom_server_package:/home/student48/ros2_tutorial_workspace/install/custom_publisher_package:/home/student48/ros2_tutorial_workspace/install/custom_package_with_node:/home/student48/ros2_tutorial_workspace/install/custom_package_with_library:/home/student48/ros2_tutorial_workspace/install/custom_client_package:/home/student48/ros2_tutorial_workspace/install/custom_action_server_package:/home/student48/ros2_tutorial_workspace/install/custom_action_client_package:/home/student48/ros2_tutorial_workspace/install/another_package:/home/student48/assessments/week4/src/install/volkswagen:/home/student48/assessments/week4/src/install/building:/opt/ros/jazzy DEBUGINFOD_URLS=https://debuginfod.ubuntu.com /usr/bin/cmake --install /home/student48/assessments/coursework1/build/sfr_coursework1_interface_package
[0.775s] -- Install configuration: ""
[0.776s] -- Up-to-date: /home/student48/assessments/coursework1/install/sfr_coursework1_interface_package/share/ament_index/resource_index/rosidl_interfaces/sfr_coursework1_interface_package
[0.776s] -- Up-to-date: /home/student48/assessments/coursework1/install/sfr_coursework1_interface_package/share/sfr_coursework1_interface_package/msg/TaskSpacePose.json
[0.776s] -- Up-to-date: /home/student48/assessments/coursework1/install/sfr_coursework1_interface_package/share/sfr_coursework1_interface_package/msg/WheelAngularVelocities.json
[0.776s] -- Up-to-date: /home/student48/assessments/coursework1/install/sfr_coursework1_interface_package/share/sfr_coursework1_interface_package/srv/TurnRobotOff.json
[0.777s] -- Up-to-date: /home/student48/assessments/coursework1/install/sfr_coursework1_interface_package/share/sfr_coursework1_interface_package/srv/TurnRobotOn.json
[0.777s] -- Up-to-date: /home/student48/assessments/coursework1/install/sfr_coursework1_interface_package/include/sfr_coursework1_interface_package/sfr_coursework1_interface_package
[0.777s] -- Up-to-date: /home/student48/assessments/coursework1/install/sfr_coursework1_interface_package/include/sfr_coursework1_interface_package/sfr_coursework1_interface_package/msg
[0.777s] -- Up-to-date: /home/student48/assessments/coursework1/install/sfr_coursework1_interface_package/include/sfr_coursework1_interface_package/sfr_coursework1_interface_package/msg/wheel_angular_velocities.h
[0.777s] -- Up-to-date: /home/student48/assessments/coursework1/install/sfr_coursework1_interface_package/include/sfr_coursework1_interface_package/sfr_coursework1_interface_package/msg/rosidl_generator_c__visibility_control.h
[0.778s] -- Up-to-date: /home/student48/assessments/coursework1/install/sfr_coursework1_interface_package/include/sfr_coursework1_interface_package/sfr_coursework1_interface_package/msg/detail
[0.778s] -- Up-to-date: /home/student48/assessments/coursework1/install/sfr_coursework1_interface_package/include/sfr_coursework1_interface_package/sfr_coursework1_interface_package/msg/detail/task_space_pose__functions.h
[0.778s] -- Up-to-date: /home/student48/assessments/coursework1/install/sfr_coursework1_interface_package/include/sfr_coursework1_interface_package/sfr_coursework1_interface_package/msg/detail/wheel_angular_velocities__struct.h
[0.778s] -- Up-to-date: /home/student48/assessments/coursework1/install/sfr_coursework1_interface_package/include/sfr_coursework1_interface_package/sfr_coursework1_interface_package/msg/detail/task_space_pose__type_support.h
[0.778s] -- Up-to-date: /home/student48/assessments/coursework1/install/sfr_coursework1_interface_package/include/sfr_coursework1_interface_package/sfr_coursework1_interface_package/msg/detail/task_space_pose__struct.h
[0.779s] -- Up-to-date: /home/student48/assessments/coursework1/install/sfr_coursework1_interface_package/include/sfr_coursework1_interface_package/sfr_coursework1_interface_package/msg/detail/wheel_angular_velocities__functions.h
[0.779s] -- Installing: /home/student48/assessments/coursework1/install/sfr_coursework1_interface_package/include/sfr_coursework1_interface_package/sfr_coursework1_interface_package/msg/detail/wheel_angular_velocities__type_support.c
[0.779s] -- Installing: /home/student48/assessments/coursework1/install/sfr_coursework1_interface_package/include/sfr_coursework1_interface_package/sfr_coursework1_interface_package/msg/detail/task_space_pose__type_support.c
[0.779s] -- Up-to-date: /home/student48/assessments/coursework1/install/sfr_coursework1_interface_package/include/sfr_coursework1_interface_package/sfr_coursework1_interface_package/msg/detail/wheel_angular_velocities__type_support.h
[0.779s] -- Up-to-date: /home/student48/assessments/coursework1/install/sfr_coursework1_interface_package/include/sfr_coursework1_interface_package/sfr_coursework1_interface_package/msg/detail/wheel_angular_velocities__functions.c
[0.780s] -- Up-to-date: /home/student48/assessments/coursework1/install/sfr_coursework1_interface_package/include/sfr_coursework1_interface_package/sfr_coursework1_interface_package/msg/detail/task_space_pose__functions.c
[0.780s] -- Up-to-date: /home/student48/assessments/coursework1/install/sfr_coursework1_interface_package/include/sfr_coursework1_interface_package/sfr_coursework1_interface_package/msg/detail/task_space_pose__description.c
[0.780s] -- Up-to-date: /home/student48/assessments/coursework1/install/sfr_coursework1_interface_package/include/sfr_coursework1_interface_package/sfr_coursework1_interface_package/msg/detail/wheel_angular_velocities__description.c
[0.780s] -- Up-to-date: /home/student48/assessments/coursework1/install/sfr_coursework1_interface_package/include/sfr_coursework1_interface_package/sfr_coursework1_interface_package/msg/task_space_pose.h
[0.780s] -- Up-to-date: /home/student48/assessments/coursework1/install/sfr_coursework1_interface_package/include/sfr_coursework1_interface_package/sfr_coursework1_interface_package/srv
[0.780s] -- Up-to-date: /home/student48/assessments/coursework1/install/sfr_coursework1_interface_package/include/sfr_coursework1_interface_package/sfr_coursework1_interface_package/srv/turn_robot_on.h
[0.780s] -- Up-to-date: /home/student48/assessments/coursework1/install/sfr_coursework1_interface_package/include/sfr_coursework1_interface_package/sfr_coursework1_interface_package/srv/detail
[0.780s] -- Up-to-date: /home/student48/assessments/coursework1/install/sfr_coursework1_interface_package/include/sfr_coursework1_interface_package/sfr_coursework1_interface_package/srv/detail/turn_robot_off__type_support.h
[0.781s] -- Installing: /home/student48/assessments/coursework1/install/sfr_coursework1_interface_package/include/sfr_coursework1_interface_package/sfr_coursework1_interface_package/srv/detail/turn_robot_on__type_support.c
[0.781s] -- Up-to-date: /home/student48/assessments/coursework1/install/sfr_coursework1_interface_package/include/sfr_coursework1_interface_package/sfr_coursework1_interface_package/srv/detail/turn_robot_on__functions.c
[0.781s] -- Up-to-date: /home/student48/assessments/coursework1/install/sfr_coursework1_interface_package/include/sfr_coursework1_interface_package/sfr_coursework1_interface_package/srv/detail/turn_robot_on__struct.h
[0.781s] -- Installing: /home/student48/assessments/coursework1/install/sfr_coursework1_interface_package/include/sfr_coursework1_interface_package/sfr_coursework1_interface_package/srv/detail/turn_robot_off__type_support.c
[0.781s] -- Up-to-date: /home/student48/assessments/coursework1/install/sfr_coursework1_interface_package/include/sfr_coursework1_interface_package/sfr_coursework1_interface_package/srv/detail/turn_robot_off__description.c
[0.781s] -- Up-to-date: /home/student48/assessments/coursework1/install/sfr_coursework1_interface_package/include/sfr_coursework1_interface_package/sfr_coursework1_interface_package/srv/detail/turn_robot_on__type_support.h
[0.781s] -- Up-to-date: /home/student48/assessments/coursework1/install/sfr_coursework1_interface_package/include/sfr_coursework1_interface_package/sfr_coursework1_interface_package/srv/detail/turn_robot_on__description.c
[0.781s] -- Up-to-date: /home/student48/assessments/coursework1/install/sfr_coursework1_interface_package/include/sfr_coursework1_interface_package/sfr_coursework1_interface_package/srv/detail/turn_robot_on__functions.h
[0.781s] -- Up-to-date: /home/student48/assessments/coursework1/install/sfr_coursework1_interface_package/include/sfr_coursework1_interface_package/sfr_coursework1_interface_package/srv/detail/turn_robot_off__functions.c
[0.782s] -- Up-to-date: /home/student48/assessments/coursework1/install/sfr_coursework1_interface_package/include/sfr_coursework1_interface_package/sfr_coursework1_interface_package/srv/detail/turn_robot_off__struct.h
[0.782s] -- Up-to-date: /home/student48/assessments/coursework1/install/sfr_coursework1_interface_package/include/sfr_coursework1_interface_package/sfr_coursework1_interface_package/srv/detail/turn_robot_off__functions.h
[0.782s] -- Up-to-date: /home/student48/assessments/coursework1/install/sfr_coursework1_interface_package/include/sfr_coursework1_interface_package/sfr_coursework1_interface_package/srv/turn_robot_off.h
[0.782s] -- Up-to-date: /home/student48/assessments/coursework1/install/sfr_coursework1_interface_package/share/sfr_coursework1_interface_package/environment/library_path.sh
[0.782s] -- Up-to-date: /home/student48/assessments/coursework1/install/sfr_coursework1_interface_package/share/sfr_coursework1_interface_package/environment/library_path.dsv
[0.782s] -- Up-to-date: /home/student48/assessments/coursework1/install/sfr_coursework1_interface_package/lib/libsfr_coursework1_interface_package__rosidl_generator_c.so
[0.782s] -- Up-to-date: /home/student48/assessments/coursework1/install/sfr_coursework1_interface_package/include/sfr_coursework1_interface_package/sfr_coursework1_interface_package
[0.782s] -- Up-to-date: /home/student48/assessments/coursework1/install/sfr_coursework1_interface_package/include/sfr_coursework1_interface_package/sfr_coursework1_interface_package/msg
[0.782s] -- Up-to-date: /home/student48/assessments/coursework1/install/sfr_coursework1_interface_package/include/sfr_coursework1_interface_package/sfr_coursework1_interface_package/msg/rosidl_typesupport_fastrtps_c__visibility_control.h
[0.782s] -- Up-to-date: /home/student48/assessments/coursework1/install/sfr_coursework1_interface_package/include/sfr_coursework1_interface_package/sfr_coursework1_interface_package/msg/detail
[0.782s] -- Up-to-date: /home/student48/assessments/coursework1/install/sfr_coursework1_interface_package/include/sfr_coursework1_interface_package/sfr_coursework1_interface_package/msg/detail/task_space_pose__rosidl_typesupport_fastrtps_c.h
[0.782s] -- Up-to-date: /home/student48/assessments/coursework1/install/sfr_coursework1_interface_package/include/sfr_coursework1_interface_package/sfr_coursework1_interface_package/msg/detail/wheel_angular_velocities__rosidl_typesupport_fastrtps_c.h
[0.782s] -- Up-to-date: /home/student48/assessments/coursework1/install/sfr_coursework1_interface_package/include/sfr_coursework1_interface_package/sfr_coursework1_interface_package/srv
[0.782s] -- Up-to-date: /home/student48/assessments/coursework1/install/sfr_coursework1_interface_package/include/sfr_coursework1_interface_package/sfr_coursework1_interface_package/srv/detail
[0.783s] -- Up-to-date: /home/student48/assessments/coursework1/install/sfr_coursework1_interface_package/include/sfr_coursework1_interface_package/sfr_coursework1_interface_package/srv/detail/turn_robot_off__rosidl_typesupport_fastrtps_c.h
[0.783s] -- Up-to-date: /home/student48/assessments/coursework1/install/sfr_coursework1_interface_package/include/sfr_coursework1_interface_package/sfr_coursework1_interface_package/srv/detail/turn_robot_on__rosidl_typesupport_fastrtps_c.h
[0.783s] -- Up-to-date: /home/student48/assessments/coursework1/install/sfr_coursework1_interface_package/lib/libsfr_coursework1_interface_package__rosidl_typesupport_fastrtps_c.so
[0.783s] -- Up-to-date: /home/student48/assessments/coursework1/install/sfr_coursework1_interface_package/include/sfr_coursework1_interface_package/sfr_coursework1_interface_package
[0.783s] -- Up-to-date: /home/student48/assessments/coursework1/install/sfr_coursework1_interface_package/include/sfr_coursework1_interface_package/sfr_coursework1_interface_package/msg
[0.783s] -- Up-to-date: /home/student48/assessments/coursework1/install/sfr_coursework1_interface_package/include/sfr_coursework1_interface_package/sfr_coursework1_interface_package/msg/detail
[0.783s] -- Up-to-date: /home/student48/assessments/coursework1/install/sfr_coursework1_interface_package/include/sfr_coursework1_interface_package/sfr_coursework1_interface_package/msg/detail/task_space_pose__rosidl_typesupport_introspection_c.h
[0.783s] -- Up-to-date: /home/student48/assessments/coursework1/install/sfr_coursework1_interface_package/include/sfr_coursework1_interface_package/sfr_coursework1_interface_package/msg/detail/wheel_angular_velocities__rosidl_typesupport_introspection_c.h
[0.783s] -- Installing: /home/student48/assessments/coursework1/install/sfr_coursework1_interface_package/include/sfr_coursework1_interface_package/sfr_coursework1_interface_package/msg/detail/wheel_angular_velocities__type_support.c
[0.783s] -- Installing: /home/student48/assessments/coursework1/install/sfr_coursework1_interface_package/include/sfr_coursework1_interface_package/sfr_coursework1_interface_package/msg/detail/task_space_pose__type_support.c
[0.783s] -- Up-to-date: /home/student48/assessments/coursework1/install/sfr_coursework1_interface_package/include/sfr_coursework1_interface_package/sfr_coursework1_interface_package/msg/rosidl_typesupport_introspection_c__visibility_control.h
[0.784s] -- Up-to-date: /home/student48/assessments/coursework1/install/sfr_coursework1_interface_package/include/sfr_coursework1_interface_package/sfr_coursework1_interface_package/srv
[0.784s] -- Up-to-date: /home/student48/assessments/coursework1/install/sfr_coursework1_interface_package/include/sfr_coursework1_interface_package/sfr_coursework1_interface_package/srv/detail
[0.784s] -- Installing: /home/student48/assessments/coursework1/install/sfr_coursework1_interface_package/include/sfr_coursework1_interface_package/sfr_coursework1_interface_package/srv/detail/turn_robot_on__type_support.c
[0.784s] -- Installing: /home/student48/assessments/coursework1/install/sfr_coursework1_interface_package/include/sfr_coursework1_interface_package/sfr_coursework1_interface_package/srv/detail/turn_robot_off__type_support.c
[0.784s] -- Up-to-date: /home/student48/assessments/coursework1/install/sfr_coursework1_interface_package/include/sfr_coursework1_interface_package/sfr_coursework1_interface_package/srv/detail/turn_robot_on__rosidl_typesupport_introspection_c.h
[0.784s] -- Up-to-date: /home/student48/assessments/coursework1/install/sfr_coursework1_interface_package/include/sfr_coursework1_interface_package/sfr_coursework1_interface_package/srv/detail/turn_robot_off__rosidl_typesupport_introspection_c.h
[0.784s] -- Up-to-date: /home/student48/assessments/coursework1/install/sfr_coursework1_interface_package/lib/libsfr_coursework1_interface_package__rosidl_typesupport_introspection_c.so
[0.784s] -- Up-to-date: /home/student48/assessments/coursework1/install/sfr_coursework1_interface_package/lib/libsfr_coursework1_interface_package__rosidl_typesupport_c.so
[0.784s] -- Up-to-date: /home/student48/assessments/coursework1/install/sfr_coursework1_interface_package/include/sfr_coursework1_interface_package/sfr_coursework1_interface_package
[0.784s] -- Up-to-date: /home/student48/assessments/coursework1/install/sfr_coursework1_interface_package/include/sfr_coursework1_interface_package/sfr_coursework1_interface_package/msg
[0.784s] -- Up-to-date: /home/student48/assessments/coursework1/install/sfr_coursework1_interface_package/include/sfr_coursework1_interface_package/sfr_coursework1_interface_package/msg/wheel_angular_velocities.hpp
[0.784s] -- Up-to-date: /home/student48/assessments/coursework1/install/sfr_coursework1_interface_package/include/sfr_coursework1_interface_package/sfr_coursework1_interface_package/msg/task_space_pose.hpp
[0.785s] -- Up-to-date: /home/student48/assessments/coursework1/install/sfr_coursework1_interface_package/include/sfr_coursework1_interface_package/sfr_coursework1_interface_package/msg/rosidl_generator_cpp__visibility_control.hpp
[0.785s] -- Up-to-date: /home/student48/assessments/coursework1/install/sfr_coursework1_interface_package/include/sfr_coursework1_interface_package/sfr_coursework1_interface_package/msg/detail
[0.785s] -- Up-to-date: /home/student48/assessments/coursework1/install/sfr_coursework1_interface_package/include/sfr_coursework1_interface_package/sfr_coursework1_interface_package/msg/detail/task_space_pose__type_support.hpp
[0.785s] -- Up-to-date: /home/student48/assessments/coursework1/install/sfr_coursework1_interface_package/include/sfr_coursework1_interface_package/sfr_coursework1_interface_package/msg/detail/task_space_pose__traits.hpp
[0.785s] -- Up-to-date: /home/student48/assessments/coursework1/install/sfr_coursework1_interface_package/include/sfr_coursework1_interface_package/sfr_coursework1_interface_package/msg/detail/wheel_angular_velocities__traits.hpp
[0.785s] -- Up-to-date: /home/student48/assessments/coursework1/install/sfr_coursework1_interface_package/include/sfr_coursework1_interface_package/sfr_coursework1_interface_package/msg/detail/task_space_pose__struct.hpp
[0.785s] -- Up-to-date: /home/student48/assessments/coursework1/install/sfr_coursework1_interface_package/include/sfr_coursework1_interface_package/sfr_coursework1_interface_package/msg/detail/task_space_pose__builder.hpp
[0.785s] -- Up-to-date: /home/student48/assessments/coursework1/install/sfr_coursework1_interface_package/include/sfr_coursework1_interface_package/sfr_coursework1_interface_package/msg/detail/wheel_angular_velocities__type_support.hpp
[0.785s] -- Up-to-date: /home/student48/assessments/coursework1/install/sfr_coursework1_interface_package/include/sfr_coursework1_interface_package/sfr_coursework1_interface_package/msg/detail/wheel_angular_velocities__struct.hpp
[0.785s] -- Up-to-date: /home/student48/assessments/coursework1/install/sfr_coursework1_interface_package/include/sfr_coursework1_interface_package/sfr_coursework1_interface_package/msg/detail/wheel_angular_velocities__builder.hpp
[0.785s] -- Up-to-date: /home/student48/assessments/coursework1/install/sfr_coursework1_interface_package/include/sfr_coursework1_interface_package/sfr_coursework1_interface_package/srv
[0.785s] -- Up-to-date: /home/student48/assessments/coursework1/install/sfr_coursework1_interface_package/include/sfr_coursework1_interface_package/sfr_coursework1_interface_package/srv/turn_robot_off.hpp
[0.785s] -- Up-to-date: /home/student48/assessments/coursework1/install/sfr_coursework1_interface_package/include/sfr_coursework1_interface_package/sfr_coursework1_interface_package/srv/detail
[0.786s] -- Up-to-date: /home/student48/assessments/coursework1/install/sfr_coursework1_interface_package/include/sfr_coursework1_interface_package/sfr_coursework1_interface_package/srv/detail/turn_robot_off__builder.hpp
[0.786s] -- Up-to-date: /home/student48/assessments/coursework1/install/sfr_coursework1_interface_package/include/sfr_coursework1_interface_package/sfr_coursework1_interface_package/srv/detail/turn_robot_on__traits.hpp
[0.786s] -- Up-to-date: /home/student48/assessments/coursework1/install/sfr_coursework1_interface_package/include/sfr_coursework1_interface_package/sfr_coursework1_interface_package/srv/detail/turn_robot_off__type_support.hpp
[0.786s] -- Up-to-date: /home/student48/assessments/coursework1/install/sfr_coursework1_interface_package/include/sfr_coursework1_interface_package/sfr_coursework1_interface_package/srv/detail/turn_robot_on__struct.hpp
[0.786s] -- Up-to-date: /home/student48/assessments/coursework1/install/sfr_coursework1_interface_package/include/sfr_coursework1_interface_package/sfr_coursework1_interface_package/srv/detail/turn_robot_on__builder.hpp
[0.786s] -- Up-to-date: /home/student48/assessments/coursework1/install/sfr_coursework1_interface_package/include/sfr_coursework1_interface_package/sfr_coursework1_interface_package/srv/detail/turn_robot_off__struct.hpp
[0.786s] -- Up-to-date: /home/student48/assessments/coursework1/install/sfr_coursework1_interface_package/include/sfr_coursework1_interface_package/sfr_coursework1_interface_package/srv/detail/turn_robot_on__type_support.hpp
[0.786s] -- Up-to-date: /home/student48/assessments/coursework1/install/sfr_coursework1_interface_package/include/sfr_coursework1_interface_package/sfr_coursework1_interface_package/srv/detail/turn_robot_off__traits.hpp
[0.786s] -- Up-to-date: /home/student48/assessments/coursework1/install/sfr_coursework1_interface_package/include/sfr_coursework1_interface_package/sfr_coursework1_interface_package/srv/turn_robot_on.hpp
[0.786s] -- Up-to-date: /home/student48/assessments/coursework1/install/sfr_coursework1_interface_package/include/sfr_coursework1_interface_package/sfr_coursework1_interface_package
[0.786s] -- Up-to-date: /home/student48/assessments/coursework1/install/sfr_coursework1_interface_package/include/sfr_coursework1_interface_package/sfr_coursework1_interface_package/msg
[0.786s] -- Up-to-date: /home/student48/assessments/coursework1/install/sfr_coursework1_interface_package/include/sfr_coursework1_interface_package/sfr_coursework1_interface_package/msg/rosidl_typesupport_fastrtps_cpp__visibility_control.h
[0.786s] -- Up-to-date: /home/student48/assessments/coursework1/install/sfr_coursework1_interface_package/include/sfr_coursework1_interface_package/sfr_coursework1_interface_package/msg/detail
[0.786s] -- Up-to-date: /home/student48/assessments/coursework1/install/sfr_coursework1_interface_package/include/sfr_coursework1_interface_package/sfr_coursework1_interface_package/msg/detail/wheel_angular_velocities__rosidl_typesupport_fastrtps_cpp.hpp
[0.786s] -- Up-to-date: /home/student48/assessments/coursework1/install/sfr_coursework1_interface_package/include/sfr_coursework1_interface_package/sfr_coursework1_interface_package/msg/detail/task_space_pose__rosidl_typesupport_fastrtps_cpp.hpp
[0.786s] -- Up-to-date: /home/student48/assessments/coursework1/install/sfr_coursework1_interface_package/include/sfr_coursework1_interface_package/sfr_coursework1_interface_package/msg/detail/dds_fastrtps
[0.786s] -- Up-to-date: /home/student48/assessments/coursework1/install/sfr_coursework1_interface_package/include/sfr_coursework1_interface_package/sfr_coursework1_interface_package/srv
[0.787s] -- Up-to-date: /home/student48/assessments/coursework1/install/sfr_coursework1_interface_package/include/sfr_coursework1_interface_package/sfr_coursework1_interface_package/srv/detail
[0.787s] -- Up-to-date: /home/student48/assessments/coursework1/install/sfr_coursework1_interface_package/include/sfr_coursework1_interface_package/sfr_coursework1_interface_package/srv/detail/turn_robot_on__rosidl_typesupport_fastrtps_cpp.hpp
[0.787s] -- Up-to-date: /home/student48/assessments/coursework1/install/sfr_coursework1_interface_package/include/sfr_coursework1_interface_package/sfr_coursework1_interface_package/srv/detail/dds_fastrtps
[0.787s] -- Up-to-date: /home/student48/assessments/coursework1/install/sfr_coursework1_interface_package/include/sfr_coursework1_interface_package/sfr_coursework1_interface_package/srv/detail/turn_robot_off__rosidl_typesupport_fastrtps_cpp.hpp
[0.787s] -- Up-to-date: /home/student48/assessments/coursework1/install/sfr_coursework1_interface_package/lib/libsfr_coursework1_interface_package__rosidl_typesupport_fastrtps_cpp.so
[0.787s] -- Up-to-date: /home/student48/assessments/coursework1/install/sfr_coursework1_interface_package/include/sfr_coursework1_interface_package/sfr_coursework1_interface_package
[0.787s] -- Up-to-date: /home/student48/assessments/coursework1/install/sfr_coursework1_interface_package/include/sfr_coursework1_interface_package/sfr_coursework1_interface_package/msg
[0.787s] -- Up-to-date: /home/student48/assessments/coursework1/install/sfr_coursework1_interface_package/include/sfr_coursework1_interface_package/sfr_coursework1_interface_package/msg/detail
[0.787s] -- Up-to-date: /home/student48/assessments/coursework1/install/sfr_coursework1_interface_package/include/sfr_coursework1_interface_package/sfr_coursework1_interface_package/msg/detail/wheel_angular_velocities__rosidl_typesupport_introspection_cpp.hpp
[0.787s] -- Up-to-date: /home/student48/assessments/coursework1/install/sfr_coursework1_interface_package/include/sfr_coursework1_interface_package/sfr_coursework1_interface_package/msg/detail/task_space_pose__rosidl_typesupport_introspection_cpp.hpp
[0.787s] -- Up-to-date: /home/student48/assessments/coursework1/install/sfr_coursework1_interface_package/include/sfr_coursework1_interface_package/sfr_coursework1_interface_package/msg/detail/task_space_pose__type_support.cpp
[0.787s] -- Up-to-date: /home/student48/assessments/coursework1/install/sfr_coursework1_interface_package/include/sfr_coursework1_interface_package/sfr_coursework1_interface_package/msg/detail/wheel_angular_velocities__type_support.cpp
[0.787s] -- Up-to-date: /home/student48/assessments/coursework1/install/sfr_coursework1_interface_package/include/sfr_coursework1_interface_package/sfr_coursework1_interface_package/srv
[0.787s] -- Up-to-date: /home/student48/assessments/coursework1/install/sfr_coursework1_interface_package/include/sfr_coursework1_interface_package/sfr_coursework1_interface_package/srv/detail
[0.787s] -- Up-to-date: /home/student48/assessments/coursework1/install/sfr_coursework1_interface_package/include/sfr_coursework1_interface_package/sfr_coursework1_interface_package/srv/detail/turn_robot_on__type_support.cpp
[0.787s] -- Up-to-date: /home/student48/assessments/coursework1/install/sfr_coursework1_interface_package/include/sfr_coursework1_interface_package/sfr_coursework1_interface_package/srv/detail/turn_robot_off__rosidl_typesupport_introspection_cpp.hpp
[0.788s] -- Up-to-date: /home/student48/assessments/coursework1/install/sfr_coursework1_interface_package/include/sfr_coursework1_interface_package/sfr_coursework1_interface_package/srv/detail/turn_robot_off__type_support.cpp
[0.788s] -- Up-to-date: /home/student48/assessments/coursework1/install/sfr_coursework1_interface_package/include/sfr_coursework1_interface_package/sfr_coursework1_interface_package/srv/detail/turn_robot_on__rosidl_typesupport_introspection_cpp.hpp
[0.788s] -- Up-to-date: /home/student48/assessments/coursework1/install/sfr_coursework1_interface_package/lib/libsfr_coursework1_interface_package__rosidl_typesupport_introspection_cpp.so
[0.788s] -- Up-to-date: /home/student48/assessments/coursework1/install/sfr_coursework1_interface_package/lib/libsfr_coursework1_interface_package__rosidl_typesupport_cpp.so
[0.788s] -- Up-to-date: /home/student48/assessments/coursework1/install/sfr_coursework1_interface_package/share/sfr_coursework1_interface_package/environment/pythonpath.sh
[0.788s] -- Up-to-date: /home/student48/assessments/coursework1/install/sfr_coursework1_interface_package/share/sfr_coursework1_interface_package/environment/pythonpath.dsv
[0.788s] -- Up-to-date: /home/student48/assessments/coursework1/install/sfr_coursework1_interface_package/lib/python3.12/site-packages/sfr_coursework1_interface_package-0.0.0-py3.12.egg-info
[0.788s] -- Installing: /home/student48/assessments/coursework1/install/sfr_coursework1_interface_package/lib/python3.12/site-packages/sfr_coursework1_interface_package-0.0.0-py3.12.egg-info/top_level.txt
[0.788s] -- Installing: /home/student48/assessments/coursework1/install/sfr_coursework1_interface_package/lib/python3.12/site-packages/sfr_coursework1_interface_package-0.0.0-py3.12.egg-info/SOURCES.txt
[0.788s] -- Installing: /home/student48/assessments/coursework1/install/sfr_coursework1_interface_package/lib/python3.12/site-packages/sfr_coursework1_interface_package-0.0.0-py3.12.egg-info/PKG-INFO
[0.788s] -- Installing: /home/student48/assessments/coursework1/install/sfr_coursework1_interface_package/lib/python3.12/site-packages/sfr_coursework1_interface_package-0.0.0-py3.12.egg-info/dependency_links.txt
[0.789s] -- Up-to-date: /home/student48/assessments/coursework1/install/sfr_coursework1_interface_package/lib/python3.12/site-packages/sfr_coursework1_interface_package
[0.789s] -- Up-to-date: /home/student48/assessments/coursework1/install/sfr_coursework1_interface_package/lib/python3.12/site-packages/sfr_coursework1_interface_package/msg
[0.789s] -- Up-to-date: /home/student48/assessments/coursework1/install/sfr_coursework1_interface_package/lib/python3.12/site-packages/sfr_coursework1_interface_package/msg/_wheel_angular_velocities_s.c
[0.789s] -- Up-to-date: /home/student48/assessments/coursework1/install/sfr_coursework1_interface_package/lib/python3.12/site-packages/sfr_coursework1_interface_package/msg/_wheel_angular_velocities.py
[0.789s] -- Up-to-date: /home/student48/assessments/coursework1/install/sfr_coursework1_interface_package/lib/python3.12/site-packages/sfr_coursework1_interface_package/msg/_task_space_pose.py
[0.789s] -- Up-to-date: /home/student48/assessments/coursework1/install/sfr_coursework1_interface_package/lib/python3.12/site-packages/sfr_coursework1_interface_package/msg/_task_space_pose_s.c
[0.789s] -- Up-to-date: /home/student48/assessments/coursework1/install/sfr_coursework1_interface_package/lib/python3.12/site-packages/sfr_coursework1_interface_package/msg/__init__.py
[0.789s] -- Up-to-date: /home/student48/assessments/coursework1/install/sfr_coursework1_interface_package/lib/python3.12/site-packages/sfr_coursework1_interface_package/sfr_coursework1_interface_package_s__rosidl_typesupport_fastrtps_c.so
[0.789s] -- Up-to-date: /home/student48/assessments/coursework1/install/sfr_coursework1_interface_package/lib/python3.12/site-packages/sfr_coursework1_interface_package/sfr_coursework1_interface_package_s__rosidl_typesupport_c.so
[0.789s] -- Up-to-date: /home/student48/assessments/coursework1/install/sfr_coursework1_interface_package/lib/python3.12/site-packages/sfr_coursework1_interface_package/srv
[0.789s] -- Up-to-date: /home/student48/assessments/coursework1/install/sfr_coursework1_interface_package/lib/python3.12/site-packages/sfr_coursework1_interface_package/srv/_turn_robot_on_s.c
[0.789s] -- Up-to-date: /home/student48/assessments/coursework1/install/sfr_coursework1_interface_package/lib/python3.12/site-packages/sfr_coursework1_interface_package/srv/_turn_robot_off.py
[0.789s] -- Up-to-date: /home/student48/assessments/coursework1/install/sfr_coursework1_interface_package/lib/python3.12/site-packages/sfr_coursework1_interface_package/srv/_turn_robot_off_s.c
[0.789s] -- Up-to-date: /home/student48/assessments/coursework1/install/sfr_coursework1_interface_package/lib/python3.12/site-packages/sfr_coursework1_interface_package/srv/__init__.py
[0.790s] -- Up-to-date: /home/student48/assessments/coursework1/install/sfr_coursework1_interface_package/lib/python3.12/site-packages/sfr_coursework1_interface_package/srv/_turn_robot_on.py
[0.790s] -- Up-to-date: /home/student48/assessments/coursework1/install/sfr_coursework1_interface_package/lib/python3.12/site-packages/sfr_coursework1_interface_package/sfr_coursework1_interface_package_s__rosidl_typesupport_introspection_c.so
[0.790s] -- Up-to-date: /home/student48/assessments/coursework1/install/sfr_coursework1_interface_package/lib/python3.12/site-packages/sfr_coursework1_interface_package/__init__.py
[0.790s] -- Up-to-date: /home/student48/assessments/coursework1/install/sfr_coursework1_interface_package/lib/python3.12/site-packages/sfr_coursework1_interface_package/_sfr_coursework1_interface_package_s.ep.rosidl_typesupport_introspection_c.c
[0.790s] -- Up-to-date: /home/student48/assessments/coursework1/install/sfr_coursework1_interface_package/lib/python3.12/site-packages/sfr_coursework1_interface_package/_sfr_coursework1_interface_package_s.ep.rosidl_typesupport_fastrtps_c.c
[0.790s] -- Up-to-date: /home/student48/assessments/coursework1/install/sfr_coursework1_interface_package/lib/python3.12/site-packages/sfr_coursework1_interface_package/_sfr_coursework1_interface_package_s.ep.rosidl_typesupport_c.c
[0.855s] Listing '/home/student48/assessments/coursework1/install/sfr_coursework1_interface_package/lib/python3.12/site-packages/sfr_coursework1_interface_package'...
[0.855s] Listing '/home/student48/assessments/coursework1/install/sfr_coursework1_interface_package/lib/python3.12/site-packages/sfr_coursework1_interface_package/msg'...
[0.855s] Listing '/home/student48/assessments/coursework1/install/sfr_coursework1_interface_package/lib/python3.12/site-packages/sfr_coursework1_interface_package/srv'...
[0.860s] -- Up-to-date: /home/student48/assessments/coursework1/install/sfr_coursework1_interface_package/lib/python3.12/site-packages/sfr_coursework1_interface_package/sfr_coursework1_interface_package_s__rosidl_typesupport_fastrtps_c.so
[0.860s] -- Up-to-date: /home/student48/assessments/coursework1/install/sfr_coursework1_interface_package/lib/python3.12/site-packages/sfr_coursework1_interface_package/sfr_coursework1_interface_package_s__rosidl_typesupport_introspection_c.so
[0.860s] -- Up-to-date: /home/student48/assessments/coursework1/install/sfr_coursework1_interface_package/lib/python3.12/site-packages/sfr_coursework1_interface_package/sfr_coursework1_interface_package_s__rosidl_typesupport_c.so
[0.860s] -- Up-to-date: /home/student48/assessments/coursework1/install/sfr_coursework1_interface_package/lib/libsfr_coursework1_interface_package__rosidl_generator_py.so
[0.861s] -- Up-to-date: /home/student48/assessments/coursework1/install/sfr_coursework1_interface_package/share/sfr_coursework1_interface_package/msg/TaskSpacePose.idl
[0.861s] -- Up-to-date: /home/student48/assessments/coursework1/install/sfr_coursework1_interface_package/share/sfr_coursework1_interface_package/msg/WheelAngularVelocities.idl
[0.861s] -- Up-to-date: /home/student48/assessments/coursework1/install/sfr_coursework1_interface_package/share/sfr_coursework1_interface_package/srv/TurnRobotOff.idl
[0.862s] -- Up-to-date: /home/student48/assessments/coursework1/install/sfr_coursework1_interface_package/share/sfr_coursework1_interface_package/srv/TurnRobotOn.idl
[0.862s] -- Up-to-date: /home/student48/assessments/coursework1/install/sfr_coursework1_interface_package/share/sfr_coursework1_interface_package/msg/TaskSpacePose.msg
[0.862s] -- Up-to-date: /home/student48/assessments/coursework1/install/sfr_coursework1_interface_package/share/sfr_coursework1_interface_package/msg/WheelAngularVelocities.msg
[0.862s] -- Up-to-date: /home/student48/assessments/coursework1/install/sfr_coursework1_interface_package/share/sfr_coursework1_interface_package/srv/TurnRobotOff.srv
[0.862s] -- Up-to-date: /home/student48/assessments/coursework1/install/sfr_coursework1_interface_package/share/sfr_coursework1_interface_package/srv/TurnRobotOn.srv
[0.862s] -- Up-to-date: /home/student48/assessments/coursework1/install/sfr_coursework1_interface_package/share/ament_index/resource_index/package_run_dependencies/sfr_coursework1_interface_package
[0.863s] -- Up-to-date: /home/student48/assessments/coursework1/install/sfr_coursework1_interface_package/share/ament_index/resource_index/parent_prefix_path/sfr_coursework1_interface_package
[0.863s] -- Up-to-date: /home/student48/assessments/coursework1/install/sfr_coursework1_interface_package/share/sfr_coursework1_interface_package/environment/ament_prefix_path.sh
[0.863s] -- Up-to-date: /home/student48/assessments/coursework1/install/sfr_coursework1_interface_package/share/sfr_coursework1_interface_package/environment/ament_prefix_path.dsv
[0.863s] -- Up-to-date: /home/student48/assessments/coursework1/install/sfr_coursework1_interface_package/share/sfr_coursework1_interface_package/environment/path.sh
[0.863s] -- Up-to-date: /home/student48/assessments/coursework1/install/sfr_coursework1_interface_package/share/sfr_coursework1_interface_package/environment/path.dsv
[0.863s] -- Up-to-date: /home/student48/assessments/coursework1/install/sfr_coursework1_interface_package/share/sfr_coursework1_interface_package/local_setup.bash
[0.864s] -- Up-to-date: /home/student48/assessments/coursework1/install/sfr_coursework1_interface_package/share/sfr_coursework1_interface_package/local_setup.sh
[0.864s] -- Up-to-date: /home/student48/assessments/coursework1/install/sfr_coursework1_interface_package/share/sfr_coursework1_interface_package/local_setup.zsh
[0.864s] -- Up-to-date: /home/student48/assessments/coursework1/install/sfr_coursework1_interface_package/share/sfr_coursework1_interface_package/local_setup.dsv
[0.864s] -- Installing: /home/student48/assessments/coursework1/install/sfr_coursework1_interface_package/share/sfr_coursework1_interface_package/package.dsv
[0.864s] -- Up-to-date: /home/student48/assessments/coursework1/install/sfr_coursework1_interface_package/share/ament_index/resource_index/packages/sfr_coursework1_interface_package
[0.864s] -- Up-to-date: /home/student48/assessments/coursework1/install/sfr_coursework1_interface_package/share/sfr_coursework1_interface_package/cmake/export_sfr_coursework1_interface_package__rosidl_generator_cExport.cmake
[0.864s] -- Up-to-date: /home/student48/assessments/coursework1/install/sfr_coursework1_interface_package/share/sfr_coursework1_interface_package/cmake/export_sfr_coursework1_interface_package__rosidl_generator_cExport-noconfig.cmake
[0.865s] -- Up-to-date: /home/student48/assessments/coursework1/install/sfr_coursework1_interface_package/share/sfr_coursework1_interface_package/cmake/export_sfr_coursework1_interface_package__rosidl_typesupport_fastrtps_cExport.cmake
[0.865s] -- Up-to-date: /home/student48/assessments/coursework1/install/sfr_coursework1_interface_package/share/sfr_coursework1_interface_package/cmake/export_sfr_coursework1_interface_package__rosidl_typesupport_fastrtps_cExport-noconfig.cmake
[0.865s] -- Up-to-date: /home/student48/assessments/coursework1/install/sfr_coursework1_interface_package/share/sfr_coursework1_interface_package/cmake/sfr_coursework1_interface_package__rosidl_typesupport_introspection_cExport.cmake
[0.865s] -- Up-to-date: /home/student48/assessments/coursework1/install/sfr_coursework1_interface_package/share/sfr_coursework1_interface_package/cmake/sfr_coursework1_interface_package__rosidl_typesupport_introspection_cExport-noconfig.cmake
[0.865s] -- Up-to-date: /home/student48/assessments/coursework1/install/sfr_coursework1_interface_package/share/sfr_coursework1_interface_package/cmake/sfr_coursework1_interface_package__rosidl_typesupport_cExport.cmake
[0.865s] -- Up-to-date: /home/student48/assessments/coursework1/install/sfr_coursework1_interface_package/share/sfr_coursework1_interface_package/cmake/sfr_coursework1_interface_package__rosidl_typesupport_cExport-noconfig.cmake
[0.866s] -- Up-to-date: /home/student48/assessments/coursework1/install/sfr_coursework1_interface_package/share/sfr_coursework1_interface_package/cmake/export_sfr_coursework1_interface_package__rosidl_generator_cppExport.cmake
[0.866s] -- Up-to-date: /home/student48/assessments/coursework1/install/sfr_coursework1_interface_package/share/sfr_coursework1_interface_package/cmake/export_sfr_coursework1_interface_package__rosidl_typesupport_fastrtps_cppExport.cmake
[0.866s] -- Up-to-date: /home/student48/assessments/coursework1/install/sfr_coursework1_interface_package/share/sfr_coursework1_interface_package/cmake/export_sfr_coursework1_interface_package__rosidl_typesupport_fastrtps_cppExport-noconfig.cmake
[0.866s] -- Up-to-date: /home/student48/assessments/coursework1/install/sfr_coursework1_interface_package/share/sfr_coursework1_interface_package/cmake/sfr_coursework1_interface_package__rosidl_typesupport_introspection_cppExport.cmake
[0.866s] -- Up-to-date: /home/student48/assessments/coursework1/install/sfr_coursework1_interface_package/share/sfr_coursework1_interface_package/cmake/sfr_coursework1_interface_package__rosidl_typesupport_introspection_cppExport-noconfig.cmake
[0.867s] -- Up-to-date: /home/student48/assessments/coursework1/install/sfr_coursework1_interface_package/share/sfr_coursework1_interface_package/cmake/sfr_coursework1_interface_package__rosidl_typesupport_cppExport.cmake
[0.867s] -- Up-to-date: /home/student48/assessments/coursework1/install/sfr_coursework1_interface_package/share/sfr_coursework1_interface_package/cmake/sfr_coursework1_interface_package__rosidl_typesupport_cppExport-noconfig.cmake
[0.867s] -- Up-to-date: /home/student48/assessments/coursework1/install/sfr_coursework1_interface_package/share/sfr_coursework1_interface_package/cmake/export_sfr_coursework1_interface_package__rosidl_generator_pyExport.cmake
[0.868s] -- Up-to-date: /home/student48/assessments/coursework1/install/sfr_coursework1_interface_package/share/sfr_coursework1_interface_package/cmake/export_sfr_coursework1_interface_package__rosidl_generator_pyExport-noconfig.cmake
[0.868s] -- Up-to-date: /home/student48/assessments/coursework1/install/sfr_coursework1_interface_package/share/sfr_coursework1_interface_package/cmake/rosidl_cmake-extras.cmake
[0.869s] -- Up-to-date: /home/student48/assessments/coursework1/install/sfr_coursework1_interface_package/share/sfr_coursework1_interface_package/cmake/ament_cmake_export_dependencies-extras.cmake
[0.869s] -- Up-to-date: /home/student48/assessments/coursework1/install/sfr_coursework1_interface_package/share/sfr_coursework1_interface_package/cmake/ament_cmake_export_include_directories-extras.cmake
[0.869s] -- Up-to-date: /home/student48/assessments/coursework1/install/sfr_coursework1_interface_package/share/sfr_coursework1_interface_package/cmake/ament_cmake_export_libraries-extras.cmake
[0.869s] -- Up-to-date: /home/student48/assessments/coursework1/install/sfr_coursework1_interface_package/share/sfr_coursework1_interface_package/cmake/ament_cmake_export_targets-extras.cmake
[0.870s] -- Up-to-date: /home/student48/assessments/coursework1/install/sfr_coursework1_interface_package/share/sfr_coursework1_interface_package/cmake/rosidl_cmake_export_typesupport_targets-extras.cmake
[0.870s] -- Up-to-date: /home/student48/assessments/coursework1/install/sfr_coursework1_interface_package/share/sfr_coursework1_interface_package/cmake/rosidl_cmake_export_typesupport_libraries-extras.cmake
[0.871s] -- Up-to-date: /home/student48/assessments/coursework1/install/sfr_coursework1_interface_package/share/sfr_coursework1_interface_package/cmake/sfr_coursework1_interface_packageConfig.cmake
[0.872s] -- Up-to-date: /home/student48/assessments/coursework1/install/sfr_coursework1_interface_package/share/sfr_coursework1_interface_package/cmake/sfr_coursework1_interface_packageConfig-version.cmake
[0.872s] -- Up-to-date: /home/student48/assessments/coursework1/install/sfr_coursework1_interface_package/share/sfr_coursework1_interface_package/package.xml
[0.873s] Invoked command in '/home/student48/assessments/coursework1/build/sfr_coursework1_interface_package' returned '0': CMAKE_PREFIX_PATH=${CMAKE_PREFIX_PATH}:/home/student48/ros2_tutorial_workspace/install/the_simplest_python_packagee:/home/student48/ros2_tutorial_workspace/install/the_simplest_python_package:/home/student48/ros2_tutorial_workspace/install/python_package_with_a_node:/home/student48/ros2_tutorial_workspace/install/python_package_that_uses_the_library:/home/student48/ros2_tutorial_workspace/install/python_package_with_a_library:/home/student48/ros2_tutorial_workspace/install/python_package_that_uses_the_services:/home/student48/ros2_tutorial_workspace/install/python_package_that_uses_the_messages:/home/student48/ros2_tutorial_workspace/install/python_package_that_uses_the_actions:/home/student48/ros2_tutorial_workspace/install/python_package_that_uses_parameters_and_launch_files:/home/student48/ros2_tutorial_workspace/install/my_package:/home/student48/ros2_tutorial_workspace/install/custom_subscriber_package:/home/student48/ros2_tutorial_workspace/install/custom_server_package:/home/student48/ros2_tutorial_workspace/install/custom_publisher_package:/home/student48/ros2_tutorial_workspace/install/custom_package_with_node:/home/student48/ros2_tutorial_workspace/install/custom_package_with_library:/home/student48/ros2_tutorial_workspace/install/custom_client_package:/home/student48/ros2_tutorial_workspace/install/custom_action_server_package:/home/student48/ros2_tutorial_workspace/install/custom_action_client_package:/home/student48/ros2_tutorial_workspace/install/another_package:/home/student48/assessments/week4/src/install/volkswagen:/home/student48/assessments/week4/src/install/building:/opt/ros/jazzy DEBUGINFOD_URLS=https://debuginfod.ubuntu.com /usr/bin/cmake --install /home/student48/assessments/coursework1/build/sfr_coursework1_interface_package
