[0.547s] DEBUG:colcon:Command line arguments: ['/usr/bin/colcon', 'build']
[0.547s] DEBUG:colcon:Parsed command line arguments: Namespace(log_base=None, log_level=None, verb_name='build', build_base='build', install_base='install', merge_install=False, symlink_install=False, test_result_base=None, continue_on_error=False, executor='parallel', parallel_workers=12, event_handlers=None, ignore_user_meta=False, metas=['./colcon.meta'], base_paths=['.'], packages_ignore=None, packages_ignore_regex=None, paths=None, packages_up_to=None, packages_up_to_regex=None, packages_above=None, packages_above_and_dependencies=None, packages_above_depth=None, packages_select_by_dep=None, packages_skip_by_dep=None, packages_skip_up_to=None, packages_select_build_failed=False, packages_skip_build_finished=False, packages_select_test_failures=False, packages_skip_test_passed=False, packages_select=None, packages_skip=None, packages_select_regex=None, packages_skip_regex=None, packages_start=None, packages_end=None, allow_overriding=[], cmake_args=None, cmake_target=None, cmake_target_skip_unavailable=False, cmake_clean_cache=False, cmake_clean_first=False, cmake_force_configure=False, ament_cmake_args=None, catkin_cmake_args=None, catkin_skip_building_tests=False, mixin_files=None, mixin=None, verb_parser=<colcon_mixin.mixin.mixin_argument.MixinArgumentDecorator object at 0x7e3237508830>, verb_extension=<colcon_core.verb.build.BuildVerb object at 0x7e32375084a0>, main=<bound method BuildVerb.main of <colcon_core.verb.build.BuildVerb object at 0x7e32375084a0>>, mixin_verb=('build',))
[0.737s] Level 1:colcon.colcon_core.package_discovery:discover_packages(colcon_meta) check parameters
[0.738s] Level 1:colcon.colcon_core.package_discovery:discover_packages(recursive) check parameters
[0.738s] Level 1:colcon.colcon_core.package_discovery:discover_packages(ignore) check parameters
[0.738s] Level 1:colcon.colcon_core.package_discovery:discover_packages(path) check parameters
[0.738s] Level 1:colcon.colcon_core.package_discovery:discover_packages(colcon_meta) discover
[0.738s] Level 1:colcon.colcon_core.package_discovery:discover_packages(recursive) discover
[0.738s] INFO:colcon.colcon_core.package_discovery:Crawling recursively for packages in '/home/student48/assessments/coursework2'
[0.739s] Level 1:colcon.colcon_core.package_identification:_identify(.) by extensions ['ignore', 'ignore_ament_install']
[0.739s] Level 1:colcon.colcon_core.package_identification:_identify(.) by extension 'ignore'
[0.739s] Level 1:colcon.colcon_core.package_identification:_identify(.) by extension 'ignore_ament_install'
[0.739s] Level 1:colcon.colcon_core.package_identification:_identify(.) by extensions ['colcon_pkg']
[0.739s] Level 1:colcon.colcon_core.package_identification:_identify(.) by extension 'colcon_pkg'
[0.739s] Level 1:colcon.colcon_core.package_identification:_identify(.) by extensions ['colcon_meta']
[0.740s] Level 1:colcon.colcon_core.package_identification:_identify(.) by extension 'colcon_meta'
[0.740s] Level 1:colcon.colcon_core.package_identification:_identify(.) by extensions ['ros']
[0.740s] Level 1:colcon.colcon_core.package_identification:_identify(.) by extension 'ros'
[0.853s] Level 1:colcon.colcon_core.package_identification:_identify(.) by extensions ['cmake', 'python']
[0.853s] Level 1:colcon.colcon_core.package_identification:_identify(.) by extension 'cmake'
[0.853s] Level 1:colcon.colcon_core.package_identification:_identify(.) by extension 'python'
[0.853s] Level 1:colcon.colcon_core.package_identification:_identify(.) by extensions ['python_setup_py']
[0.854s] Level 1:colcon.colcon_core.package_identification:_identify(.) by extension 'python_setup_py'
[0.854s] Level 1:colcon.colcon_core.package_identification:_identify(build) by extensions ['ignore', 'ignore_ament_install']
[0.854s] Level 1:colcon.colcon_core.package_identification:_identify(build) by extension 'ignore'
[0.854s] Level 1:colcon.colcon_core.package_identification:_identify(build) ignored
[0.855s] Level 1:colcon.colcon_core.package_identification:_identify(install) by extensions ['ignore', 'ignore_ament_install']
[0.855s] Level 1:colcon.colcon_core.package_identification:_identify(install) by extension 'ignore'
[0.855s] Level 1:colcon.colcon_core.package_identification:_identify(install) ignored
[0.855s] Level 1:colcon.colcon_core.package_identification:_identify(log) by extensions ['ignore', 'ignore_ament_install']
[0.856s] Level 1:colcon.colcon_core.package_identification:_identify(log) by extension 'ignore'
[0.856s] Level 1:colcon.colcon_core.package_identification:_identify(log) ignored
[0.856s] Level 1:colcon.colcon_core.package_identification:_identify(src) by extensions ['ignore', 'ignore_ament_install']
[0.856s] Level 1:colcon.colcon_core.package_identification:_identify(src) by extension 'ignore'
[0.857s] Level 1:colcon.colcon_core.package_identification:_identify(src) by extension 'ignore_ament_install'
[0.857s] Level 1:colcon.colcon_core.package_identification:_identify(src) by extensions ['colcon_pkg']
[0.857s] Level 1:colcon.colcon_core.package_identification:_identify(src) by extension 'colcon_pkg'
[0.857s] Level 1:colcon.colcon_core.package_identification:_identify(src) by extensions ['colcon_meta']
[0.857s] Level 1:colcon.colcon_core.package_identification:_identify(src) by extension 'colcon_meta'
[0.857s] Level 1:colcon.colcon_core.package_identification:_identify(src) by extensions ['ros']
[0.857s] Level 1:colcon.colcon_core.package_identification:_identify(src) by extension 'ros'
[0.858s] Level 1:colcon.colcon_core.package_identification:_identify(src) by extensions ['cmake', 'python']
[0.858s] Level 1:colcon.colcon_core.package_identification:_identify(src) by extension 'cmake'
[0.858s] Level 1:colcon.colcon_core.package_identification:_identify(src) by extension 'python'
[0.858s] Level 1:colcon.colcon_core.package_identification:_identify(src) by extensions ['python_setup_py']
[0.858s] Level 1:colcon.colcon_core.package_identification:_identify(src) by extension 'python_setup_py'
[0.858s] Level 1:colcon.colcon_core.package_identification:_identify(src/gamma_system_bridge_pkg) by extensions ['ignore', 'ignore_ament_install']
[0.859s] Level 1:colcon.colcon_core.package_identification:_identify(src/gamma_system_bridge_pkg) by extension 'ignore'
[0.859s] Level 1:colcon.colcon_core.package_identification:_identify(src/gamma_system_bridge_pkg) by extension 'ignore_ament_install'
[0.859s] Level 1:colcon.colcon_core.package_identification:_identify(src/gamma_system_bridge_pkg) by extensions ['colcon_pkg']
[0.859s] Level 1:colcon.colcon_core.package_identification:_identify(src/gamma_system_bridge_pkg) by extension 'colcon_pkg'
[0.859s] Level 1:colcon.colcon_core.package_identification:_identify(src/gamma_system_bridge_pkg) by extensions ['colcon_meta']
[0.859s] Level 1:colcon.colcon_core.package_identification:_identify(src/gamma_system_bridge_pkg) by extension 'colcon_meta'
[0.859s] Level 1:colcon.colcon_core.package_identification:_identify(src/gamma_system_bridge_pkg) by extensions ['ros']
[0.859s] Level 1:colcon.colcon_core.package_identification:_identify(src/gamma_system_bridge_pkg) by extension 'ros'
[0.873s] DEBUG:colcon.colcon_core.package_identification:Package 'src/gamma_system_bridge_pkg' with type 'ros.ament_python' and name 'gamma_system_bridge_pkg'
[0.873s] Level 1:colcon.colcon_core.package_identification:_identify(src/gamma_system_controller_pkg) by extensions ['ignore', 'ignore_ament_install']
[0.873s] Level 1:colcon.colcon_core.package_identification:_identify(src/gamma_system_controller_pkg) by extension 'ignore'
[0.873s] Level 1:colcon.colcon_core.package_identification:_identify(src/gamma_system_controller_pkg) by extension 'ignore_ament_install'
[0.874s] Level 1:colcon.colcon_core.package_identification:_identify(src/gamma_system_controller_pkg) by extensions ['colcon_pkg']
[0.874s] Level 1:colcon.colcon_core.package_identification:_identify(src/gamma_system_controller_pkg) by extension 'colcon_pkg'
[0.874s] Level 1:colcon.colcon_core.package_identification:_identify(src/gamma_system_controller_pkg) by extensions ['colcon_meta']
[0.874s] Level 1:colcon.colcon_core.package_identification:_identify(src/gamma_system_controller_pkg) by extension 'colcon_meta'
[0.874s] Level 1:colcon.colcon_core.package_identification:_identify(src/gamma_system_controller_pkg) by extensions ['ros']
[0.874s] Level 1:colcon.colcon_core.package_identification:_identify(src/gamma_system_controller_pkg) by extension 'ros'
[0.877s] DEBUG:colcon.colcon_core.package_identification:Package 'src/gamma_system_controller_pkg' with type 'ros.ament_python' and name 'gamma_system_controller_pkg'
[0.877s] Level 1:colcon.colcon_core.package_identification:_identify(src/sfr_coursework2_interface_package) by extensions ['ignore', 'ignore_ament_install']
[0.878s] Level 1:colcon.colcon_core.package_identification:_identify(src/sfr_coursework2_interface_package) by extension 'ignore'
[0.878s] Level 1:colcon.colcon_core.package_identification:_identify(src/sfr_coursework2_interface_package) by extension 'ignore_ament_install'
[0.878s] Level 1:colcon.colcon_core.package_identification:_identify(src/sfr_coursework2_interface_package) by extensions ['colcon_pkg']
[0.878s] Level 1:colcon.colcon_core.package_identification:_identify(src/sfr_coursework2_interface_package) by extension 'colcon_pkg'
[0.878s] Level 1:colcon.colcon_core.package_identification:_identify(src/sfr_coursework2_interface_package) by extensions ['colcon_meta']
[0.878s] Level 1:colcon.colcon_core.package_identification:_identify(src/sfr_coursework2_interface_package) by extension 'colcon_meta'
[0.879s] Level 1:colcon.colcon_core.package_identification:_identify(src/sfr_coursework2_interface_package) by extensions ['ros']
[0.879s] Level 1:colcon.colcon_core.package_identification:_identify(src/sfr_coursework2_interface_package) by extension 'ros'
[0.880s] DEBUG:colcon.colcon_core.package_identification:Package 'src/sfr_coursework2_interface_package' with type 'ros.ament_cmake' and name 'sfr_coursework2_interface_package'
[0.880s] Level 1:colcon.colcon_core.package_discovery:discover_packages(recursive) using defaults
[0.881s] Level 1:colcon.colcon_core.package_discovery:discover_packages(ignore) discover
[0.881s] Level 1:colcon.colcon_core.package_discovery:discover_packages(ignore) using defaults
[0.881s] Level 1:colcon.colcon_core.package_discovery:discover_packages(path) discover
[0.881s] Level 1:colcon.colcon_core.package_discovery:discover_packages(path) using defaults
[0.975s] Level 1:colcon.colcon_core.package_discovery:discover_packages(prefix_path) check parameters
[0.975s] Level 1:colcon.colcon_core.package_discovery:discover_packages(prefix_path) discover
[0.987s] DEBUG:colcon.colcon_installed_package_information.package_discovery:Found 3 installed packages in /home/student48/assessments/coursework2/install
[0.992s] DEBUG:colcon.colcon_installed_package_information.package_discovery:Found 26 installed packages in /home/student48/ros2_tutorial_workspace/install
[0.994s] DEBUG:colcon.colcon_installed_package_information.package_discovery:Found 2 installed packages in /home/student48/assessments/week4/src/install
[1.001s] DEBUG:colcon.colcon_installed_package_information.package_discovery:Found 386 installed packages in /opt/ros/jazzy
[1.004s] Level 1:colcon.colcon_core.package_discovery:discover_packages(prefix_path) using defaults
[1.245s] Level 5:colcon.colcon_core.verb:set package 'gamma_system_bridge_pkg' build argument 'cmake_args' from command line to 'None'
[1.245s] Level 5:colcon.colcon_core.verb:set package 'gamma_system_bridge_pkg' build argument 'cmake_target' from command line to 'None'
[1.245s] Level 5:colcon.colcon_core.verb:set package 'gamma_system_bridge_pkg' build argument 'cmake_target_skip_unavailable' from command line to 'False'
[1.245s] Level 5:colcon.colcon_core.verb:set package 'gamma_system_bridge_pkg' build argument 'cmake_clean_cache' from command line to 'False'
[1.245s] Level 5:colcon.colcon_core.verb:set package 'gamma_system_bridge_pkg' build argument 'cmake_clean_first' from command line to 'False'
[1.245s] Level 5:colcon.colcon_core.verb:set package 'gamma_system_bridge_pkg' build argument 'cmake_force_configure' from command line to 'False'
[1.245s] Level 5:colcon.colcon_core.verb:set package 'gamma_system_bridge_pkg' build argument 'ament_cmake_args' from command line to 'None'
[1.245s] Level 5:colcon.colcon_core.verb:set package 'gamma_system_bridge_pkg' build argument 'catkin_cmake_args' from command line to 'None'
[1.245s] Level 5:colcon.colcon_core.verb:set package 'gamma_system_bridge_pkg' build argument 'catkin_skip_building_tests' from command line to 'False'
[1.246s] DEBUG:colcon.colcon_core.verb:Building package 'gamma_system_bridge_pkg' with the following arguments: {'ament_cmake_args': None, 'build_base': '/home/student48/assessments/coursework2/build/gamma_system_bridge_pkg', 'catkin_cmake_args': None, 'catkin_skip_building_tests': False, 'cmake_args': None, 'cmake_clean_cache': False, 'cmake_clean_first': False, 'cmake_force_configure': False, 'cmake_target': None, 'cmake_target_skip_unavailable': False, 'install_base': '/home/student48/assessments/coursework2/install/gamma_system_bridge_pkg', 'merge_install': False, 'path': '/home/student48/assessments/coursework2/src/gamma_system_bridge_pkg', 'symlink_install': False, 'test_result_base': None}
[1.247s] Level 5:colcon.colcon_core.verb:set package 'gamma_system_controller_pkg' build argument 'cmake_args' from command line to 'None'
[1.247s] Level 5:colcon.colcon_core.verb:set package 'gamma_system_controller_pkg' build argument 'cmake_target' from command line to 'None'
[1.247s] Level 5:colcon.colcon_core.verb:set package 'gamma_system_controller_pkg' build argument 'cmake_target_skip_unavailable' from command line to 'False'
[1.247s] Level 5:colcon.colcon_core.verb:set package 'gamma_system_controller_pkg' build argument 'cmake_clean_cache' from command line to 'False'
[1.247s] Level 5:colcon.colcon_core.verb:set package 'gamma_system_controller_pkg' build argument 'cmake_clean_first' from command line to 'False'
[1.247s] Level 5:colcon.colcon_core.verb:set package 'gamma_system_controller_pkg' build argument 'cmake_force_configure' from command line to 'False'
[1.247s] Level 5:colcon.colcon_core.verb:set package 'gamma_system_controller_pkg' build argument 'ament_cmake_args' from command line to 'None'
[1.247s] Level 5:colcon.colcon_core.verb:set package 'gamma_system_controller_pkg' build argument 'catkin_cmake_args' from command line to 'None'
[1.247s] Level 5:colcon.colcon_core.verb:set package 'gamma_system_controller_pkg' build argument 'catkin_skip_building_tests' from command line to 'False'
[1.247s] DEBUG:colcon.colcon_core.verb:Building package 'gamma_system_controller_pkg' with the following arguments: {'ament_cmake_args': None, 'build_base': '/home/student48/assessments/coursework2/build/gamma_system_controller_pkg', 'catkin_cmake_args': None, 'catkin_skip_building_tests': False, 'cmake_args': None, 'cmake_clean_cache': False, 'cmake_clean_first': False, 'cmake_force_configure': False, 'cmake_target': None, 'cmake_target_skip_unavailable': False, 'install_base': '/home/student48/assessments/coursework2/install/gamma_system_controller_pkg', 'merge_install': False, 'path': '/home/student48/assessments/coursework2/src/gamma_system_controller_pkg', 'symlink_install': False, 'test_result_base': None}
[1.248s] Level 5:colcon.colcon_core.verb:set package 'sfr_coursework2_interface_package' build argument 'cmake_args' from command line to 'None'
[1.248s] Level 5:colcon.colcon_core.verb:set package 'sfr_coursework2_interface_package' build argument 'cmake_target' from command line to 'None'
[1.248s] Level 5:colcon.colcon_core.verb:set package 'sfr_coursework2_interface_package' build argument 'cmake_target_skip_unavailable' from command line to 'False'
[1.249s] Level 5:colcon.colcon_core.verb:set package 'sfr_coursework2_interface_package' build argument 'cmake_clean_cache' from command line to 'False'
[1.249s] Level 5:colcon.colcon_core.verb:set package 'sfr_coursework2_interface_package' build argument 'cmake_clean_first' from command line to 'False'
[1.249s] Level 5:colcon.colcon_core.verb:set package 'sfr_coursework2_interface_package' build argument 'cmake_force_configure' from command line to 'False'
[1.249s] Level 5:colcon.colcon_core.verb:set package 'sfr_coursework2_interface_package' build argument 'ament_cmake_args' from command line to 'None'
[1.249s] Level 5:colcon.colcon_core.verb:set package 'sfr_coursework2_interface_package' build argument 'catkin_cmake_args' from command line to 'None'
[1.249s] Level 5:colcon.colcon_core.verb:set package 'sfr_coursework2_interface_package' build argument 'catkin_skip_building_tests' from command line to 'False'
[1.249s] DEBUG:colcon.colcon_core.verb:Building package 'sfr_coursework2_interface_package' with the following arguments: {'ament_cmake_args': None, 'build_base': '/home/student48/assessments/coursework2/build/sfr_coursework2_interface_package', 'catkin_cmake_args': None, 'catkin_skip_building_tests': False, 'cmake_args': None, 'cmake_clean_cache': False, 'cmake_clean_first': False, 'cmake_force_configure': False, 'cmake_target': None, 'cmake_target_skip_unavailable': False, 'install_base': '/home/student48/assessments/coursework2/install/sfr_coursework2_interface_package', 'merge_install': False, 'path': '/home/student48/assessments/coursework2/src/sfr_coursework2_interface_package', 'symlink_install': False, 'test_result_base': None}
[1.250s] INFO:colcon.colcon_core.executor:Executing jobs using 'parallel' executor
[1.256s] DEBUG:colcon.colcon_parallel_executor.executor.parallel:run_until_complete
[1.258s] INFO:colcon.colcon_ros.task.ament_python.build:Building ROS package in '/home/student48/assessments/coursework2/src/gamma_system_bridge_pkg' with build type 'ament_python'
[1.258s] Level 1:colcon.colcon_core.shell:create_environment_hook('gamma_system_bridge_pkg', 'ament_prefix_path')
[1.298s] INFO:colcon.colcon_core.plugin_system:Skipping extension 'colcon_core.shell.bat': Not used on non-Windows systems
[1.299s] INFO:colcon.colcon_core.shell:Creating environment hook '/home/student48/assessments/coursework2/install/gamma_system_bridge_pkg/share/gamma_system_bridge_pkg/hook/ament_prefix_path.ps1'
[1.301s] INFO:colcon.colcon_core.shell:Creating environment descriptor '/home/student48/assessments/coursework2/install/gamma_system_bridge_pkg/share/gamma_system_bridge_pkg/hook/ament_prefix_path.dsv'
[1.303s] INFO:colcon.colcon_core.shell:Creating environment hook '/home/student48/assessments/coursework2/install/gamma_system_bridge_pkg/share/gamma_system_bridge_pkg/hook/ament_prefix_path.sh'
[1.304s] INFO:colcon.colcon_core.shell:Skip shell extension 'powershell' for command environment: Not usable outside of PowerShell
[1.305s] DEBUG:colcon.colcon_core.shell:Skip shell extension 'dsv' for command environment
[1.321s] INFO:colcon.colcon_ros.task.ament_python.build:Building ROS package in '/home/student48/assessments/coursework2/src/gamma_system_controller_pkg' with build type 'ament_python'
[1.321s] Level 1:colcon.colcon_core.shell:create_environment_hook('gamma_system_controller_pkg', 'ament_prefix_path')
[1.322s] INFO:colcon.colcon_core.shell:Creating environment hook '/home/student48/assessments/coursework2/install/gamma_system_controller_pkg/share/gamma_system_controller_pkg/hook/ament_prefix_path.ps1'
[1.324s] INFO:colcon.colcon_core.shell:Creating environment descriptor '/home/student48/assessments/coursework2/install/gamma_system_controller_pkg/share/gamma_system_controller_pkg/hook/ament_prefix_path.dsv'
[1.326s] INFO:colcon.colcon_core.shell:Creating environment hook '/home/student48/assessments/coursework2/install/gamma_system_controller_pkg/share/gamma_system_controller_pkg/hook/ament_prefix_path.sh'
[1.327s] INFO:colcon.colcon_core.shell:Skip shell extension 'powershell' for command environment: Not usable outside of PowerShell
[1.328s] DEBUG:colcon.colcon_core.shell:Skip shell extension 'dsv' for command environment
[1.342s] INFO:colcon.colcon_ros.task.ament_cmake.build:Building ROS package in '/home/student48/assessments/coursework2/src/sfr_coursework2_interface_package' with build type 'ament_cmake'
[1.343s] INFO:colcon.colcon_cmake.task.cmake.build:Building CMake package in '/home/student48/assessments/coursework2/src/sfr_coursework2_interface_package'
[1.344s] INFO:colcon.colcon_core.shell:Skip shell extension 'powershell' for command environment: Not usable outside of PowerShell
[1.344s] DEBUG:colcon.colcon_core.shell:Skip shell extension 'dsv' for command environment
[2.680s] INFO:colcon.colcon_core.task.python.build:Building Python package in '/home/student48/assessments/coursework2/src/gamma_system_bridge_pkg'
[2.681s] INFO:colcon.colcon_core.shell:Skip shell extension 'powershell' for command environment: Not usable outside of PowerShell
[2.681s] DEBUG:colcon.colcon_core.shell:Skip shell extension 'dsv' for command environment
[3.847s] INFO:colcon.colcon_core.task.python.build:Building Python package in '/home/student48/assessments/coursework2/src/gamma_system_controller_pkg'
[3.848s] INFO:colcon.colcon_core.shell:Skip shell extension 'powershell' for command environment: Not usable outside of PowerShell
[3.848s] DEBUG:colcon.colcon_core.shell:Skip shell extension 'dsv' for command environment
[3.893s] DEBUG:colcon.colcon_core.event_handler.log_command:Invoking command in '/home/student48/assessments/coursework2/build/sfr_coursework2_interface_package': CMAKE_PREFIX_PATH=${CMAKE_PREFIX_PATH}:/home/student48/assessments/coursework2/install/gamma_system_controller_pkg:/home/student48/assessments/coursework2/install/gamma_system_bridge_pkg:/home/student48/ros2_tutorial_workspace/install/the_simplest_python_packagee:/home/student48/ros2_tutorial_workspace/install/the_simplest_python_package:/home/student48/ros2_tutorial_workspace/install/python_package_with_a_node:/home/student48/ros2_tutorial_workspace/install/python_package_that_uses_the_library:/home/student48/ros2_tutorial_workspace/install/python_package_with_a_library:/home/student48/ros2_tutorial_workspace/install/python_package_that_uses_the_services:/home/student48/ros2_tutorial_workspace/install/python_package_that_uses_the_messages:/home/student48/ros2_tutorial_workspace/install/python_package_that_uses_the_actions:/home/student48/ros2_tutorial_workspace/install/python_package_that_uses_tf2:/home/student48/ros2_tutorial_workspace/install/python_package_that_uses_parameters_and_launch_files:/home/student48/ros2_tutorial_workspace/install/python_package_that_uses_nav2:/home/student48/ros2_tutorial_workspace/install/python_package_that_uses_geometry_msgs:/home/student48/ros2_tutorial_workspace/install/python_package_that_uses_gazebo:/home/student48/ros2_tutorial_workspace/install/my_package:/home/student48/ros2_tutorial_workspace/install/custom_tf_package:/home/student48/ros2_tutorial_workspace/install/custom_tf_broadcaster_package:/home/student48/ros2_tutorial_workspace/install/custom_subscriber_package:/home/student48/ros2_tutorial_workspace/install/custom_server_package:/home/student48/ros2_tutorial_workspace/install/custom_publisher_package:/home/student48/ros2_tutorial_workspace/install/custom_package_with_node:/home/student48/ros2_tutorial_workspace/install/custom_package_with_library:/home/student48/ros2_tutorial_workspace/install/custom_client_package:/home/student48/ros2_tutorial_workspace/install/custom_action_server_package:/home/student48/ros2_tutorial_workspace/install/custom_action_client_package:/home/student48/ros2_tutorial_workspace/install/another_package:/home/student48/assessments/week4/src/install/volkswagen:/home/student48/assessments/week4/src/install/building:/opt/ros/jazzy DEBUGINFOD_URLS=https://debuginfod.ubuntu.com /usr/bin/cmake --build /home/student48/assessments/coursework2/build/sfr_coursework2_interface_package -- -j12 -l12
[7.049s] DEBUG:colcon.colcon_core.event_handler.log_command:Invoking command in '/home/student48/assessments/coursework2/src/gamma_system_controller_pkg': DEBUGINFOD_URLS=https://debuginfod.ubuntu.com PYTHONPATH=/home/student48/assessments/coursework2/build/gamma_system_controller_pkg/prefix_override:/usr/lib/python3/dist-packages/colcon_core/task/python/colcon_distutils_commands:/home/student48/assessments/coursework2/install/gamma_system_controller_pkg/lib/python3.12/site-packages:${PYTHONPATH} /usr/bin/python3 -W ignore:setup.py install is deprecated -W ignore:easy_install command is deprecated setup.py egg_info --egg-base ../../build/gamma_system_controller_pkg build --build-base /home/student48/assessments/coursework2/build/gamma_system_controller_pkg/build install --record /home/student48/assessments/coursework2/build/gamma_system_controller_pkg/install.log --single-version-externally-managed install_data
[7.419s] DEBUG:colcon.colcon_core.event_handler.log_command:Invoked command in '/home/student48/assessments/coursework2/build/sfr_coursework2_interface_package' returned '0': CMAKE_PREFIX_PATH=${CMAKE_PREFIX_PATH}:/home/student48/assessments/coursework2/install/gamma_system_controller_pkg:/home/student48/assessments/coursework2/install/gamma_system_bridge_pkg:/home/student48/ros2_tutorial_workspace/install/the_simplest_python_packagee:/home/student48/ros2_tutorial_workspace/install/the_simplest_python_package:/home/student48/ros2_tutorial_workspace/install/python_package_with_a_node:/home/student48/ros2_tutorial_workspace/install/python_package_that_uses_the_library:/home/student48/ros2_tutorial_workspace/install/python_package_with_a_library:/home/student48/ros2_tutorial_workspace/install/python_package_that_uses_the_services:/home/student48/ros2_tutorial_workspace/install/python_package_that_uses_the_messages:/home/student48/ros2_tutorial_workspace/install/python_package_that_uses_the_actions:/home/student48/ros2_tutorial_workspace/install/python_package_that_uses_tf2:/home/student48/ros2_tutorial_workspace/install/python_package_that_uses_parameters_and_launch_files:/home/student48/ros2_tutorial_workspace/install/python_package_that_uses_nav2:/home/student48/ros2_tutorial_workspace/install/python_package_that_uses_geometry_msgs:/home/student48/ros2_tutorial_workspace/install/python_package_that_uses_gazebo:/home/student48/ros2_tutorial_workspace/install/my_package:/home/student48/ros2_tutorial_workspace/install/custom_tf_package:/home/student48/ros2_tutorial_workspace/install/custom_tf_broadcaster_package:/home/student48/ros2_tutorial_workspace/install/custom_subscriber_package:/home/student48/ros2_tutorial_workspace/install/custom_server_package:/home/student48/ros2_tutorial_workspace/install/custom_publisher_package:/home/student48/ros2_tutorial_workspace/install/custom_package_with_node:/home/student48/ros2_tutorial_workspace/install/custom_package_with_library:/home/student48/ros2_tutorial_workspace/install/custom_client_package:/home/student48/ros2_tutorial_workspace/install/custom_action_server_package:/home/student48/ros2_tutorial_workspace/install/custom_action_client_package:/home/student48/ros2_tutorial_workspace/install/another_package:/home/student48/assessments/week4/src/install/volkswagen:/home/student48/assessments/week4/src/install/building:/opt/ros/jazzy DEBUGINFOD_URLS=https://debuginfod.ubuntu.com /usr/bin/cmake --build /home/student48/assessments/coursework2/build/sfr_coursework2_interface_package -- -j12 -l12
[7.457s] DEBUG:colcon.colcon_core.event_handler.log_command:Invoking command in '/home/student48/assessments/coursework2/build/sfr_coursework2_interface_package': CMAKE_PREFIX_PATH=${CMAKE_PREFIX_PATH}:/home/student48/assessments/coursework2/install/gamma_system_controller_pkg:/home/student48/assessments/coursework2/install/gamma_system_bridge_pkg:/home/student48/ros2_tutorial_workspace/install/the_simplest_python_packagee:/home/student48/ros2_tutorial_workspace/install/the_simplest_python_package:/home/student48/ros2_tutorial_workspace/install/python_package_with_a_node:/home/student48/ros2_tutorial_workspace/install/python_package_that_uses_the_library:/home/student48/ros2_tutorial_workspace/install/python_package_with_a_library:/home/student48/ros2_tutorial_workspace/install/python_package_that_uses_the_services:/home/student48/ros2_tutorial_workspace/install/python_package_that_uses_the_messages:/home/student48/ros2_tutorial_workspace/install/python_package_that_uses_the_actions:/home/student48/ros2_tutorial_workspace/install/python_package_that_uses_tf2:/home/student48/ros2_tutorial_workspace/install/python_package_that_uses_parameters_and_launch_files:/home/student48/ros2_tutorial_workspace/install/python_package_that_uses_nav2:/home/student48/ros2_tutorial_workspace/install/python_package_that_uses_geometry_msgs:/home/student48/ros2_tutorial_workspace/install/python_package_that_uses_gazebo:/home/student48/ros2_tutorial_workspace/install/my_package:/home/student48/ros2_tutorial_workspace/install/custom_tf_package:/home/student48/ros2_tutorial_workspace/install/custom_tf_broadcaster_package:/home/student48/ros2_tutorial_workspace/install/custom_subscriber_package:/home/student48/ros2_tutorial_workspace/install/custom_server_package:/home/student48/ros2_tutorial_workspace/install/custom_publisher_package:/home/student48/ros2_tutorial_workspace/install/custom_package_with_node:/home/student48/ros2_tutorial_workspace/install/custom_package_with_library:/home/student48/ros2_tutorial_workspace/install/custom_client_package:/home/student48/ros2_tutorial_workspace/install/custom_action_server_package:/home/student48/ros2_tutorial_workspace/install/custom_action_client_package:/home/student48/ros2_tutorial_workspace/install/another_package:/home/student48/assessments/week4/src/install/volkswagen:/home/student48/assessments/week4/src/install/building:/opt/ros/jazzy DEBUGINFOD_URLS=https://debuginfod.ubuntu.com /usr/bin/cmake --install /home/student48/assessments/coursework2/build/sfr_coursework2_interface_package
[7.465s] DEBUG:colcon.colcon_core.event_handler.log_command:Invoking command in '/home/student48/assessments/coursework2/src/gamma_system_bridge_pkg': DEBUGINFOD_URLS=https://debuginfod.ubuntu.com PYTHONPATH=/home/student48/assessments/coursework2/build/gamma_system_bridge_pkg/prefix_override:/usr/lib/python3/dist-packages/colcon_core/task/python/colcon_distutils_commands:/home/student48/assessments/coursework2/install/gamma_system_bridge_pkg/lib/python3.12/site-packages:${PYTHONPATH} /usr/bin/python3 -W ignore:setup.py install is deprecated -W ignore:easy_install command is deprecated setup.py egg_info --egg-base ../../build/gamma_system_bridge_pkg build --build-base /home/student48/assessments/coursework2/build/gamma_system_bridge_pkg/build install --record /home/student48/assessments/coursework2/build/gamma_system_bridge_pkg/install.log --single-version-externally-managed install_data
[7.791s] Level 1:colcon.colcon_core.environment:create_environment_scripts_only(sfr_coursework2_interface_package)
[7.794s] DEBUG:colcon.colcon_core.event_handler.log_command:Invoked command in '/home/student48/assessments/coursework2/build/sfr_coursework2_interface_package' returned '0': CMAKE_PREFIX_PATH=${CMAKE_PREFIX_PATH}:/home/student48/assessments/coursework2/install/gamma_system_controller_pkg:/home/student48/assessments/coursework2/install/gamma_system_bridge_pkg:/home/student48/ros2_tutorial_workspace/install/the_simplest_python_packagee:/home/student48/ros2_tutorial_workspace/install/the_simplest_python_package:/home/student48/ros2_tutorial_workspace/install/python_package_with_a_node:/home/student48/ros2_tutorial_workspace/install/python_package_that_uses_the_library:/home/student48/ros2_tutorial_workspace/install/python_package_with_a_library:/home/student48/ros2_tutorial_workspace/install/python_package_that_uses_the_services:/home/student48/ros2_tutorial_workspace/install/python_package_that_uses_the_messages:/home/student48/ros2_tutorial_workspace/install/python_package_that_uses_the_actions:/home/student48/ros2_tutorial_workspace/install/python_package_that_uses_tf2:/home/student48/ros2_tutorial_workspace/install/python_package_that_uses_parameters_and_launch_files:/home/student48/ros2_tutorial_workspace/install/python_package_that_uses_nav2:/home/student48/ros2_tutorial_workspace/install/python_package_that_uses_geometry_msgs:/home/student48/ros2_tutorial_workspace/install/python_package_that_uses_gazebo:/home/student48/ros2_tutorial_workspace/install/my_package:/home/student48/ros2_tutorial_workspace/install/custom_tf_package:/home/student48/ros2_tutorial_workspace/install/custom_tf_broadcaster_package:/home/student48/ros2_tutorial_workspace/install/custom_subscriber_package:/home/student48/ros2_tutorial_workspace/install/custom_server_package:/home/student48/ros2_tutorial_workspace/install/custom_publisher_package:/home/student48/ros2_tutorial_workspace/install/custom_package_with_node:/home/student48/ros2_tutorial_workspace/install/custom_package_with_library:/home/student48/ros2_tutorial_workspace/install/custom_client_package:/home/student48/ros2_tutorial_workspace/install/custom_action_server_package:/home/student48/ros2_tutorial_workspace/install/custom_action_client_package:/home/student48/ros2_tutorial_workspace/install/another_package:/home/student48/assessments/week4/src/install/volkswagen:/home/student48/assessments/week4/src/install/building:/opt/ros/jazzy DEBUGINFOD_URLS=https://debuginfod.ubuntu.com /usr/bin/cmake --install /home/student48/assessments/coursework2/build/sfr_coursework2_interface_package
[7.808s] Level 1:colcon.colcon_core.environment:checking '/home/student48/assessments/coursework2/install/sfr_coursework2_interface_package' for CMake module files
[7.812s] Level 1:colcon.colcon_core.environment:checking '/home/student48/assessments/coursework2/install/sfr_coursework2_interface_package' for CMake config files
[7.815s] Level 1:colcon.colcon_core.shell:create_environment_hook('sfr_coursework2_interface_package', 'cmake_prefix_path')
[7.816s] INFO:colcon.colcon_core.shell:Creating environment hook '/home/student48/assessments/coursework2/install/sfr_coursework2_interface_package/share/sfr_coursework2_interface_package/hook/cmake_prefix_path.ps1'
[7.817s] INFO:colcon.colcon_core.shell:Creating environment descriptor '/home/student48/assessments/coursework2/install/sfr_coursework2_interface_package/share/sfr_coursework2_interface_package/hook/cmake_prefix_path.dsv'
[7.818s] INFO:colcon.colcon_core.shell:Creating environment hook '/home/student48/assessments/coursework2/install/sfr_coursework2_interface_package/share/sfr_coursework2_interface_package/hook/cmake_prefix_path.sh'
[7.820s] Level 1:colcon.colcon_core.environment:checking '/home/student48/assessments/coursework2/install/sfr_coursework2_interface_package/lib'
[7.820s] Level 1:colcon.colcon_core.shell:create_environment_hook('sfr_coursework2_interface_package', 'ld_library_path_lib')
[7.821s] INFO:colcon.colcon_core.shell:Creating environment hook '/home/student48/assessments/coursework2/install/sfr_coursework2_interface_package/share/sfr_coursework2_interface_package/hook/ld_library_path_lib.ps1'
[7.822s] INFO:colcon.colcon_core.shell:Creating environment descriptor '/home/student48/assessments/coursework2/install/sfr_coursework2_interface_package/share/sfr_coursework2_interface_package/hook/ld_library_path_lib.dsv'
[7.823s] INFO:colcon.colcon_core.shell:Creating environment hook '/home/student48/assessments/coursework2/install/sfr_coursework2_interface_package/share/sfr_coursework2_interface_package/hook/ld_library_path_lib.sh'
[7.826s] Level 1:colcon.colcon_core.environment:checking '/home/student48/assessments/coursework2/install/sfr_coursework2_interface_package/bin'
[7.827s] Level 1:colcon.colcon_core.environment:checking '/home/student48/assessments/coursework2/install/sfr_coursework2_interface_package/lib/pkgconfig/sfr_coursework2_interface_package.pc'
[7.828s] Level 1:colcon.colcon_core.environment:checking '/home/student48/assessments/coursework2/install/sfr_coursework2_interface_package/lib/python3.12/site-packages'
[7.829s] Level 1:colcon.colcon_core.shell:create_environment_hook('sfr_coursework2_interface_package', 'pythonpath')
[7.831s] INFO:colcon.colcon_core.shell:Creating environment hook '/home/student48/assessments/coursework2/install/sfr_coursework2_interface_package/share/sfr_coursework2_interface_package/hook/pythonpath.ps1'
[7.834s] INFO:colcon.colcon_core.shell:Creating environment descriptor '/home/student48/assessments/coursework2/install/sfr_coursework2_interface_package/share/sfr_coursework2_interface_package/hook/pythonpath.dsv'
[7.836s] INFO:colcon.colcon_core.shell:Creating environment hook '/home/student48/assessments/coursework2/install/sfr_coursework2_interface_package/share/sfr_coursework2_interface_package/hook/pythonpath.sh'
[7.838s] Level 1:colcon.colcon_core.environment:checking '/home/student48/assessments/coursework2/install/sfr_coursework2_interface_package/bin'
[7.839s] INFO:colcon.colcon_core.shell:Creating package script '/home/student48/assessments/coursework2/install/sfr_coursework2_interface_package/share/sfr_coursework2_interface_package/package.ps1'
[7.842s] INFO:colcon.colcon_core.shell:Creating package descriptor '/home/student48/assessments/coursework2/install/sfr_coursework2_interface_package/share/sfr_coursework2_interface_package/package.dsv'
[7.845s] INFO:colcon.colcon_core.shell:Creating package script '/home/student48/assessments/coursework2/install/sfr_coursework2_interface_package/share/sfr_coursework2_interface_package/package.sh'
[7.847s] INFO:colcon.colcon_core.shell:Creating package script '/home/student48/assessments/coursework2/install/sfr_coursework2_interface_package/share/sfr_coursework2_interface_package/package.bash'
[7.852s] INFO:colcon.colcon_core.shell:Creating package script '/home/student48/assessments/coursework2/install/sfr_coursework2_interface_package/share/sfr_coursework2_interface_package/package.zsh'
[7.854s] Level 1:colcon.colcon_core.environment:create_file_with_runtime_dependencies(/home/student48/assessments/coursework2/install/sfr_coursework2_interface_package/share/colcon-core/packages/sfr_coursework2_interface_package)
[7.857s] Level 1:colcon.colcon_core.environment:create_environment_scripts_only(sfr_coursework2_interface_package)
[7.857s] Level 1:colcon.colcon_core.environment:checking '/home/student48/assessments/coursework2/install/sfr_coursework2_interface_package' for CMake module files
[7.859s] Level 1:colcon.colcon_core.environment:checking '/home/student48/assessments/coursework2/install/sfr_coursework2_interface_package' for CMake config files
[7.861s] Level 1:colcon.colcon_core.shell:create_environment_hook('sfr_coursework2_interface_package', 'cmake_prefix_path')
[7.861s] INFO:colcon.colcon_core.shell:Creating environment hook '/home/student48/assessments/coursework2/install/sfr_coursework2_interface_package/share/sfr_coursework2_interface_package/hook/cmake_prefix_path.ps1'
[7.863s] INFO:colcon.colcon_core.shell:Creating environment descriptor '/home/student48/assessments/coursework2/install/sfr_coursework2_interface_package/share/sfr_coursework2_interface_package/hook/cmake_prefix_path.dsv'
[7.867s] INFO:colcon.colcon_core.shell:Creating environment hook '/home/student48/assessments/coursework2/install/sfr_coursework2_interface_package/share/sfr_coursework2_interface_package/hook/cmake_prefix_path.sh'
[7.869s] Level 1:colcon.colcon_core.environment:checking '/home/student48/assessments/coursework2/install/sfr_coursework2_interface_package/lib'
[7.870s] Level 1:colcon.colcon_core.shell:create_environment_hook('sfr_coursework2_interface_package', 'ld_library_path_lib')
[7.873s] INFO:colcon.colcon_core.shell:Creating environment hook '/home/student48/assessments/coursework2/install/sfr_coursework2_interface_package/share/sfr_coursework2_interface_package/hook/ld_library_path_lib.ps1'
[7.875s] INFO:colcon.colcon_core.shell:Creating environment descriptor '/home/student48/assessments/coursework2/install/sfr_coursework2_interface_package/share/sfr_coursework2_interface_package/hook/ld_library_path_lib.dsv'
[7.876s] INFO:colcon.colcon_core.shell:Creating environment hook '/home/student48/assessments/coursework2/install/sfr_coursework2_interface_package/share/sfr_coursework2_interface_package/hook/ld_library_path_lib.sh'
[7.878s] Level 1:colcon.colcon_core.environment:checking '/home/student48/assessments/coursework2/install/sfr_coursework2_interface_package/bin'
[7.878s] Level 1:colcon.colcon_core.environment:checking '/home/student48/assessments/coursework2/install/sfr_coursework2_interface_package/lib/pkgconfig/sfr_coursework2_interface_package.pc'
[7.879s] Level 1:colcon.colcon_core.environment:checking '/home/student48/assessments/coursework2/install/sfr_coursework2_interface_package/lib/python3.12/site-packages'
[7.880s] Level 1:colcon.colcon_core.shell:create_environment_hook('sfr_coursework2_interface_package', 'pythonpath')
[7.880s] INFO:colcon.colcon_core.shell:Creating environment hook '/home/student48/assessments/coursework2/install/sfr_coursework2_interface_package/share/sfr_coursework2_interface_package/hook/pythonpath.ps1'
[7.884s] INFO:colcon.colcon_core.shell:Creating environment descriptor '/home/student48/assessments/coursework2/install/sfr_coursework2_interface_package/share/sfr_coursework2_interface_package/hook/pythonpath.dsv'
[7.887s] INFO:colcon.colcon_core.shell:Creating environment hook '/home/student48/assessments/coursework2/install/sfr_coursework2_interface_package/share/sfr_coursework2_interface_package/hook/pythonpath.sh'
[7.889s] Level 1:colcon.colcon_core.environment:checking '/home/student48/assessments/coursework2/install/sfr_coursework2_interface_package/bin'
[7.890s] INFO:colcon.colcon_core.shell:Creating package script '/home/student48/assessments/coursework2/install/sfr_coursework2_interface_package/share/sfr_coursework2_interface_package/package.ps1'
[7.894s] INFO:colcon.colcon_core.shell:Creating package descriptor '/home/student48/assessments/coursework2/install/sfr_coursework2_interface_package/share/sfr_coursework2_interface_package/package.dsv'
[7.897s] INFO:colcon.colcon_core.shell:Creating package script '/home/student48/assessments/coursework2/install/sfr_coursework2_interface_package/share/sfr_coursework2_interface_package/package.sh'
[7.899s] INFO:colcon.colcon_core.shell:Creating package script '/home/student48/assessments/coursework2/install/sfr_coursework2_interface_package/share/sfr_coursework2_interface_package/package.bash'
[7.902s] INFO:colcon.colcon_core.shell:Creating package script '/home/student48/assessments/coursework2/install/sfr_coursework2_interface_package/share/sfr_coursework2_interface_package/package.zsh'
[7.903s] Level 1:colcon.colcon_core.environment:create_file_with_runtime_dependencies(/home/student48/assessments/coursework2/install/sfr_coursework2_interface_package/share/colcon-core/packages/sfr_coursework2_interface_package)
[10.044s] Level 1:colcon.colcon_core.environment:checking '/home/student48/assessments/coursework2/install/gamma_system_controller_pkg' for CMake module files
[10.048s] DEBUG:colcon.colcon_core.event_handler.log_command:Invoked command in '/home/student48/assessments/coursework2/src/gamma_system_controller_pkg' returned '0': DEBUGINFOD_URLS=https://debuginfod.ubuntu.com PYTHONPATH=/home/student48/assessments/coursework2/build/gamma_system_controller_pkg/prefix_override:/usr/lib/python3/dist-packages/colcon_core/task/python/colcon_distutils_commands:/home/student48/assessments/coursework2/install/gamma_system_controller_pkg/lib/python3.12/site-packages:${PYTHONPATH} /usr/bin/python3 -W ignore:setup.py install is deprecated -W ignore:easy_install command is deprecated setup.py egg_info --egg-base ../../build/gamma_system_controller_pkg build --build-base /home/student48/assessments/coursework2/build/gamma_system_controller_pkg/build install --record /home/student48/assessments/coursework2/build/gamma_system_controller_pkg/install.log --single-version-externally-managed install_data
[10.049s] Level 1:colcon.colcon_core.environment:checking '/home/student48/assessments/coursework2/install/gamma_system_controller_pkg' for CMake config files
[10.050s] Level 1:colcon.colcon_core.environment:checking '/home/student48/assessments/coursework2/install/gamma_system_controller_pkg/lib'
[10.050s] Level 1:colcon.colcon_core.environment:checking '/home/student48/assessments/coursework2/install/gamma_system_controller_pkg/bin'
[10.050s] Level 1:colcon.colcon_core.environment:checking '/home/student48/assessments/coursework2/install/gamma_system_controller_pkg/lib/pkgconfig/gamma_system_controller_pkg.pc'
[10.051s] Level 1:colcon.colcon_core.environment:checking '/home/student48/assessments/coursework2/install/gamma_system_controller_pkg/lib/python3.12/site-packages'
[10.051s] Level 1:colcon.colcon_core.shell:create_environment_hook('gamma_system_controller_pkg', 'pythonpath')
[10.051s] INFO:colcon.colcon_core.shell:Creating environment hook '/home/student48/assessments/coursework2/install/gamma_system_controller_pkg/share/gamma_system_controller_pkg/hook/pythonpath.ps1'
[10.052s] INFO:colcon.colcon_core.shell:Creating environment descriptor '/home/student48/assessments/coursework2/install/gamma_system_controller_pkg/share/gamma_system_controller_pkg/hook/pythonpath.dsv'
[10.052s] INFO:colcon.colcon_core.shell:Creating environment hook '/home/student48/assessments/coursework2/install/gamma_system_controller_pkg/share/gamma_system_controller_pkg/hook/pythonpath.sh'
[10.054s] Level 1:colcon.colcon_core.environment:checking '/home/student48/assessments/coursework2/install/gamma_system_controller_pkg/bin'
[10.054s] Level 1:colcon.colcon_core.environment:create_environment_scripts_only(gamma_system_controller_pkg)
[10.055s] INFO:colcon.colcon_core.shell:Creating package script '/home/student48/assessments/coursework2/install/gamma_system_controller_pkg/share/gamma_system_controller_pkg/package.ps1'
[10.057s] INFO:colcon.colcon_core.shell:Creating package descriptor '/home/student48/assessments/coursework2/install/gamma_system_controller_pkg/share/gamma_system_controller_pkg/package.dsv'
[10.060s] INFO:colcon.colcon_core.shell:Creating package script '/home/student48/assessments/coursework2/install/gamma_system_controller_pkg/share/gamma_system_controller_pkg/package.sh'
[10.063s] INFO:colcon.colcon_core.shell:Creating package script '/home/student48/assessments/coursework2/install/gamma_system_controller_pkg/share/gamma_system_controller_pkg/package.bash'
[10.065s] INFO:colcon.colcon_core.shell:Creating package script '/home/student48/assessments/coursework2/install/gamma_system_controller_pkg/share/gamma_system_controller_pkg/package.zsh'
[10.078s] Level 1:colcon.colcon_core.environment:create_file_with_runtime_dependencies(/home/student48/assessments/coursework2/install/gamma_system_controller_pkg/share/colcon-core/packages/gamma_system_controller_pkg)
[10.634s] Level 1:colcon.colcon_core.environment:checking '/home/student48/assessments/coursework2/install/gamma_system_bridge_pkg' for CMake module files
[10.637s] DEBUG:colcon.colcon_core.event_handler.log_command:Invoked command in '/home/student48/assessments/coursework2/src/gamma_system_bridge_pkg' returned '0': DEBUGINFOD_URLS=https://debuginfod.ubuntu.com PYTHONPATH=/home/student48/assessments/coursework2/build/gamma_system_bridge_pkg/prefix_override:/usr/lib/python3/dist-packages/colcon_core/task/python/colcon_distutils_commands:/home/student48/assessments/coursework2/install/gamma_system_bridge_pkg/lib/python3.12/site-packages:${PYTHONPATH} /usr/bin/python3 -W ignore:setup.py install is deprecated -W ignore:easy_install command is deprecated setup.py egg_info --egg-base ../../build/gamma_system_bridge_pkg build --build-base /home/student48/assessments/coursework2/build/gamma_system_bridge_pkg/build install --record /home/student48/assessments/coursework2/build/gamma_system_bridge_pkg/install.log --single-version-externally-managed install_data
[10.639s] Level 1:colcon.colcon_core.environment:checking '/home/student48/assessments/coursework2/install/gamma_system_bridge_pkg' for CMake config files
[10.641s] Level 1:colcon.colcon_core.environment:checking '/home/student48/assessments/coursework2/install/gamma_system_bridge_pkg/lib'
[10.641s] Level 1:colcon.colcon_core.environment:checking '/home/student48/assessments/coursework2/install/gamma_system_bridge_pkg/bin'
[10.641s] Level 1:colcon.colcon_core.environment:checking '/home/student48/assessments/coursework2/install/gamma_system_bridge_pkg/lib/pkgconfig/gamma_system_bridge_pkg.pc'
[10.641s] Level 1:colcon.colcon_core.environment:checking '/home/student48/assessments/coursework2/install/gamma_system_bridge_pkg/lib/python3.12/site-packages'
[10.642s] Level 1:colcon.colcon_core.shell:create_environment_hook('gamma_system_bridge_pkg', 'pythonpath')
[10.642s] INFO:colcon.colcon_core.shell:Creating environment hook '/home/student48/assessments/coursework2/install/gamma_system_bridge_pkg/share/gamma_system_bridge_pkg/hook/pythonpath.ps1'
[10.644s] INFO:colcon.colcon_core.shell:Creating environment descriptor '/home/student48/assessments/coursework2/install/gamma_system_bridge_pkg/share/gamma_system_bridge_pkg/hook/pythonpath.dsv'
[10.645s] INFO:colcon.colcon_core.shell:Creating environment hook '/home/student48/assessments/coursework2/install/gamma_system_bridge_pkg/share/gamma_system_bridge_pkg/hook/pythonpath.sh'
[10.647s] Level 1:colcon.colcon_core.environment:checking '/home/student48/assessments/coursework2/install/gamma_system_bridge_pkg/bin'
[10.648s] Level 1:colcon.colcon_core.environment:create_environment_scripts_only(gamma_system_bridge_pkg)
[10.648s] INFO:colcon.colcon_core.shell:Creating package script '/home/student48/assessments/coursework2/install/gamma_system_bridge_pkg/share/gamma_system_bridge_pkg/package.ps1'
[10.651s] INFO:colcon.colcon_core.shell:Creating package descriptor '/home/student48/assessments/coursework2/install/gamma_system_bridge_pkg/share/gamma_system_bridge_pkg/package.dsv'
[10.654s] INFO:colcon.colcon_core.shell:Creating package script '/home/student48/assessments/coursework2/install/gamma_system_bridge_pkg/share/gamma_system_bridge_pkg/package.sh'
[10.656s] INFO:colcon.colcon_core.shell:Creating package script '/home/student48/assessments/coursework2/install/gamma_system_bridge_pkg/share/gamma_system_bridge_pkg/package.bash'
[10.657s] INFO:colcon.colcon_core.shell:Creating package script '/home/student48/assessments/coursework2/install/gamma_system_bridge_pkg/share/gamma_system_bridge_pkg/package.zsh'
[10.658s] Level 1:colcon.colcon_core.environment:create_file_with_runtime_dependencies(/home/student48/assessments/coursework2/install/gamma_system_bridge_pkg/share/colcon-core/packages/gamma_system_bridge_pkg)
[10.659s] DEBUG:colcon.colcon_parallel_executor.executor.parallel:closing loop
[10.660s] DEBUG:colcon.colcon_parallel_executor.executor.parallel:loop closed
[10.660s] DEBUG:colcon.colcon_parallel_executor.executor.parallel:run_until_complete finished with '0'
[10.660s] DEBUG:colcon.colcon_core.event_reactor:joining thread
[10.692s] INFO:colcon.colcon_core.plugin_system:Skipping extension 'colcon_notification.desktop_notification.terminal_notifier': Not used on non-Darwin systems
[10.693s] INFO:colcon.colcon_core.plugin_system:Skipping extension 'colcon_notification.desktop_notification.win32': Not used on non-Windows systems
[10.693s] INFO:colcon.colcon_notification.desktop_notification:Sending desktop notification using 'notify2'
[10.720s] DEBUG:colcon.colcon_core.event_reactor:joined thread
[10.722s] INFO:colcon.colcon_core.shell:Creating prefix script '/home/student48/assessments/coursework2/install/local_setup.ps1'
[10.728s] INFO:colcon.colcon_core.shell:Creating prefix util module '/home/student48/assessments/coursework2/install/_local_setup_util_ps1.py'
[10.734s] INFO:colcon.colcon_core.shell:Creating prefix chain script '/home/student48/assessments/coursework2/install/setup.ps1'
[10.742s] INFO:colcon.colcon_core.shell:Creating prefix script '/home/student48/assessments/coursework2/install/local_setup.sh'
[10.745s] INFO:colcon.colcon_core.shell:Creating prefix util module '/home/student48/assessments/coursework2/install/_local_setup_util_sh.py'
[10.747s] INFO:colcon.colcon_core.shell:Creating prefix chain script '/home/student48/assessments/coursework2/install/setup.sh'
[10.754s] INFO:colcon.colcon_core.shell:Creating prefix script '/home/student48/assessments/coursework2/install/local_setup.bash'
[10.757s] INFO:colcon.colcon_core.shell:Creating prefix chain script '/home/student48/assessments/coursework2/install/setup.bash'
[10.765s] INFO:colcon.colcon_core.shell:Creating prefix script '/home/student48/assessments/coursework2/install/local_setup.zsh'
[10.766s] INFO:colcon.colcon_core.shell:Creating prefix chain script '/home/student48/assessments/coursework2/install/setup.zsh'
