[1.593s] Invoking command in '/home/student48/assessments/week5/src/cardiff': DEBUGINFOD_URLS=https://debuginfod.ubuntu.com PYTHONPATH=/home/student48/assessments/week5/src/build/cardiff/prefix_override:/usr/lib/python3/dist-packages/colcon_core/task/python/colcon_distutils_commands:/home/student48/assessments/week5/src/install/cardiff/lib/python3.12/site-packages:${PYTHONPATH} /usr/bin/python3 -W ignore:setup.py install is deprecated -W ignore:easy_install command is deprecated setup.py egg_info --egg-base ../build/cardiff build --build-base /home/student48/assessments/week5/src/build/cardiff/build install --record /home/student48/assessments/week5/src/build/cardiff/install.log --single-version-externally-managed install_data
[1.989s] running egg_info
[1.989s] creating ../build/cardiff/cardiff.egg-info
[2.017s] writing ../build/cardiff/cardiff.egg-info/PKG-INFO
[2.018s] writing dependency_links to ../build/cardiff/cardiff.egg-info/dependency_links.txt
[2.019s] writing entry points to ../build/cardiff/cardiff.egg-info/entry_points.txt
[2.019s] writing requirements to ../build/cardiff/cardiff.egg-info/requires.txt
[2.020s] writing top-level names to ../build/cardiff/cardiff.egg-info/top_level.txt
[2.020s] writing manifest file '../build/cardiff/cardiff.egg-info/SOURCES.txt'
[2.104s] reading manifest file '../build/cardiff/cardiff.egg-info/SOURCES.txt'
[2.106s] writing manifest file '../build/cardiff/cardiff.egg-info/SOURCES.txt'
[2.107s] running build
[2.107s] running build_py
[2.107s] creating /home/student48/assessments/week5/src/build/cardiff/build
[2.108s] creating /home/student48/assessments/week5/src/build/cardiff/build/lib
[2.108s] creating /home/student48/assessments/week5/src/build/cardiff/build/lib/cardiff
[2.108s] copying cardiff/grape.py -> /home/student48/assessments/week5/src/build/cardiff/build/lib/cardiff
[2.108s] copying cardiff/__init__.py -> /home/student48/assessments/week5/src/build/cardiff/build/lib/cardiff
[2.109s] running install
[2.127s] running install_lib
[2.198s] creating /home/student48/assessments/week5/src/install/cardiff/lib/python3.12/site-packages/cardiff
[2.198s] copying /home/student48/assessments/week5/src/build/cardiff/build/lib/cardiff/grape.py -> /home/student48/assessments/week5/src/install/cardiff/lib/python3.12/site-packages/cardiff
[2.198s] copying /home/student48/assessments/week5/src/build/cardiff/build/lib/cardiff/__init__.py -> /home/student48/assessments/week5/src/install/cardiff/lib/python3.12/site-packages/cardiff
[2.200s] byte-compiling /home/student48/assessments/week5/src/install/cardiff/lib/python3.12/site-packages/cardiff/grape.py to grape.cpython-312.pyc
[2.203s] byte-compiling /home/student48/assessments/week5/src/install/cardiff/lib/python3.12/site-packages/cardiff/__init__.py to __init__.cpython-312.pyc
[2.204s] running install_data
[2.204s] creating /home/student48/assessments/week5/src/install/cardiff/share/ament_index
[2.205s] creating /home/student48/assessments/week5/src/install/cardiff/share/ament_index/resource_index
[2.205s] creating /home/student48/assessments/week5/src/install/cardiff/share/ament_index/resource_index/packages
[2.206s] copying resource/cardiff -> /home/student48/assessments/week5/src/install/cardiff/share/ament_index/resource_index/packages
[2.206s] copying package.xml -> /home/student48/assessments/week5/src/install/cardiff/share/cardiff
[2.206s] running install_egg_info
[2.250s] Copying ../build/cardiff/cardiff.egg-info to /home/student48/assessments/week5/src/install/cardiff/lib/python3.12/site-packages/cardiff-0.0.0-py3.12.egg-info
[2.251s] running install_scripts
[2.453s] Installing grape script to /home/student48/assessments/week5/src/install/cardiff/lib/cardiff
[2.454s] writing list of installed files to '/home/student48/assessments/week5/src/build/cardiff/install.log'
[2.511s] Invoked command in '/home/student48/assessments/week5/src/cardiff' returned '0': DEBUGINFOD_URLS=https://debuginfod.ubuntu.com PYTHONPATH=/home/student48/assessments/week5/src/build/cardiff/prefix_override:/usr/lib/python3/dist-packages/colcon_core/task/python/colcon_distutils_commands:/home/student48/assessments/week5/src/install/cardiff/lib/python3.12/site-packages:${PYTHONPATH} /usr/bin/python3 -W ignore:setup.py install is deprecated -W ignore:easy_install command is deprecated setup.py egg_info --egg-base ../build/cardiff build --build-base /home/student48/assessments/week5/src/build/cardiff/build install --record /home/student48/assessments/week5/src/build/cardiff/install.log --single-version-externally-managed install_data
