[5.408s] Invoking command in '/home/student48/assessments/coursework2/src/gamma_system_controller_pkg': DEBUGINFOD_URLS=https://debuginfod.ubuntu.com PYTHONPATH=/home/student48/assessments/coursework2/build/gamma_system_controller_pkg/prefix_override:/usr/lib/python3/dist-packages/colcon_core/task/python/colcon_distutils_commands:/home/student48/assessments/coursework2/install/gamma_system_controller_pkg/lib/python3.12/site-packages:${PYTHONPATH} /usr/bin/python3 -W ignore:setup.py install is deprecated -W ignore:easy_install command is deprecated setup.py egg_info --egg-base ../../build/gamma_system_controller_pkg build --build-base /home/student48/assessments/coursework2/build/gamma_system_controller_pkg/build install --record /home/student48/assessments/coursework2/build/gamma_system_controller_pkg/install.log --single-version-externally-managed install_data
[6.751s] running egg_info
[6.878s] writing ../../build/gamma_system_controller_pkg/gamma_system_controller_pkg.egg-info/PKG-INFO
[6.880s] writing dependency_links to ../../build/gamma_system_controller_pkg/gamma_system_controller_pkg.egg-info/dependency_links.txt
[6.881s] writing entry points to ../../build/gamma_system_controller_pkg/gamma_system_controller_pkg.egg-info/entry_points.txt
[6.881s] writing requirements to ../../build/gamma_system_controller_pkg/gamma_system_controller_pkg.egg-info/requires.txt
[6.882s] writing top-level names to ../../build/gamma_system_controller_pkg/gamma_system_controller_pkg.egg-info/top_level.txt
[7.109s] reading manifest file '../../build/gamma_system_controller_pkg/gamma_system_controller_pkg.egg-info/SOURCES.txt'
[7.112s] writing manifest file '../../build/gamma_system_controller_pkg/gamma_system_controller_pkg.egg-info/SOURCES.txt'
[7.112s] running build
[7.113s] running build_py
[7.113s] running install
[7.138s] running install_lib
[7.253s] running install_data
[7.254s] running install_egg_info
[7.375s] removing '/home/student48/assessments/coursework2/install/gamma_system_controller_pkg/lib/python3.12/site-packages/gamma_system_controller_pkg-0.0.0-py3.12.egg-info' (and everything under it)
[7.375s] Copying ../../build/gamma_system_controller_pkg/gamma_system_controller_pkg.egg-info to /home/student48/assessments/coursework2/install/gamma_system_controller_pkg/lib/python3.12/site-packages/gamma_system_controller_pkg-0.0.0-py3.12.egg-info
[7.384s] running install_scripts
[8.087s] Installing gamma_system_controller_node script to /home/student48/assessments/coursework2/install/gamma_system_controller_pkg/lib/gamma_system_controller_pkg
[8.088s] writing list of installed files to '/home/student48/assessments/coursework2/build/gamma_system_controller_pkg/install.log'
[8.251s] Invoked command in '/home/student48/assessments/coursework2/src/gamma_system_controller_pkg' returned '0': DEBUGINFOD_URLS=https://debuginfod.ubuntu.com PYTHONPATH=/home/student48/assessments/coursework2/build/gamma_system_controller_pkg/prefix_override:/usr/lib/python3/dist-packages/colcon_core/task/python/colcon_distutils_commands:/home/student48/assessments/coursework2/install/gamma_system_controller_pkg/lib/python3.12/site-packages:${PYTHONPATH} /usr/bin/python3 -W ignore:setup.py install is deprecated -W ignore:easy_install command is deprecated setup.py egg_info --egg-base ../../build/gamma_system_controller_pkg build --build-base /home/student48/assessments/coursework2/build/gamma_system_controller_pkg/build install --record /home/student48/assessments/coursework2/build/gamma_system_controller_pkg/install.log --single-version-externally-managed install_data
