[0.106s] DEBUG:colcon:Command line arguments: ['/usr/bin/colcon', 'build']
[0.106s] DEBUG:colcon:Parsed command line arguments: Namespace(log_base=None, log_level=None, verb_name='build', build_base='build', install_base='install', merge_install=False, symlink_install=False, test_result_base=None, continue_on_error=False, executor='parallel', parallel_workers=12, event_handlers=None, ignore_user_meta=False, metas=['./colcon.meta'], base_paths=['.'], packages_ignore=None, packages_ignore_regex=None, paths=None, packages_up_to=None, packages_up_to_regex=None, packages_above=None, packages_above_and_dependencies=None, packages_above_depth=None, packages_select_by_dep=None, packages_skip_by_dep=None, packages_skip_up_to=None, packages_select_build_failed=False, packages_skip_build_finished=False, packages_select_test_failures=False, packages_skip_test_passed=False, packages_select=None, packages_skip=None, packages_select_regex=None, packages_skip_regex=None, packages_start=None, packages_end=None, allow_overriding=[], cmake_args=None, cmake_target=None, cmake_target_skip_unavailable=False, cmake_clean_cache=False, cmake_clean_first=False, cmake_force_configure=False, ament_cmake_args=None, catkin_cmake_args=None, catkin_skip_building_tests=False, mixin_files=None, mixin=None, verb_parser=<colcon_mixin.mixin.mixin_argument.MixinArgumentDecorator object at 0x7243840ddfa0>, verb_extension=<colcon_core.verb.build.BuildVerb object at 0x7243840ddc40>, main=<bound method BuildVerb.main of <colcon_core.verb.build.BuildVerb object at 0x7243840ddc40>>, mixin_verb=('build',))
[0.146s] Level 1:colcon.colcon_core.package_discovery:discover_packages(colcon_meta) check parameters
[0.146s] Level 1:colcon.colcon_core.package_discovery:discover_packages(recursive) check parameters
[0.146s] Level 1:colcon.colcon_core.package_discovery:discover_packages(ignore) check parameters
[0.146s] Level 1:colcon.colcon_core.package_discovery:discover_packages(path) check parameters
[0.146s] Level 1:colcon.colcon_core.package_discovery:discover_packages(colcon_meta) discover
[0.146s] Level 1:colcon.colcon_core.package_discovery:discover_packages(recursive) discover
[0.146s] INFO:colcon.colcon_core.package_discovery:Crawling recursively for packages in '/home/student48/assessments/coursework1'
[0.146s] Level 1:colcon.colcon_core.package_identification:_identify(.) by extensions ['ignore', 'ignore_ament_install']
[0.147s] Level 1:colcon.colcon_core.package_identification:_identify(.) by extension 'ignore'
[0.147s] Level 1:colcon.colcon_core.package_identification:_identify(.) by extension 'ignore_ament_install'
[0.147s] Level 1:colcon.colcon_core.package_identification:_identify(.) by extensions ['colcon_pkg']
[0.147s] Level 1:colcon.colcon_core.package_identification:_identify(.) by extension 'colcon_pkg'
[0.147s] Level 1:colcon.colcon_core.package_identification:_identify(.) by extensions ['colcon_meta']
[0.147s] Level 1:colcon.colcon_core.package_identification:_identify(.) by extension 'colcon_meta'
[0.147s] Level 1:colcon.colcon_core.package_identification:_identify(.) by extensions ['ros']
[0.147s] Level 1:colcon.colcon_core.package_identification:_identify(.) by extension 'ros'
[0.169s] Level 1:colcon.colcon_core.package_identification:_identify(.) by extensions ['cmake', 'python']
[0.169s] Level 1:colcon.colcon_core.package_identification:_identify(.) by extension 'cmake'
[0.169s] Level 1:colcon.colcon_core.package_identification:_identify(.) by extension 'python'
[0.169s] Level 1:colcon.colcon_core.package_identification:_identify(.) by extensions ['python_setup_py']
[0.169s] Level 1:colcon.colcon_core.package_identification:_identify(.) by extension 'python_setup_py'
[0.170s] Level 1:colcon.colcon_core.package_identification:_identify(build) by extensions ['ignore', 'ignore_ament_install']
[0.170s] Level 1:colcon.colcon_core.package_identification:_identify(build) by extension 'ignore'
[0.170s] Level 1:colcon.colcon_core.package_identification:_identify(build) ignored
[0.170s] Level 1:colcon.colcon_core.package_identification:_identify(install) by extensions ['ignore', 'ignore_ament_install']
[0.170s] Level 1:colcon.colcon_core.package_identification:_identify(install) by extension 'ignore'
[0.170s] Level 1:colcon.colcon_core.package_identification:_identify(install) ignored
[0.170s] Level 1:colcon.colcon_core.package_identification:_identify(log) by extensions ['ignore', 'ignore_ament_install']
[0.170s] Level 1:colcon.colcon_core.package_identification:_identify(log) by extension 'ignore'
[0.170s] Level 1:colcon.colcon_core.package_identification:_identify(log) ignored
[0.170s] Level 1:colcon.colcon_core.package_identification:_identify(src) by extensions ['ignore', 'ignore_ament_install']
[0.170s] Level 1:colcon.colcon_core.package_identification:_identify(src) by extension 'ignore'
[0.170s] Level 1:colcon.colcon_core.package_identification:_identify(src) by extension 'ignore_ament_install'
[0.170s] Level 1:colcon.colcon_core.package_identification:_identify(src) by extensions ['colcon_pkg']
[0.170s] Level 1:colcon.colcon_core.package_identification:_identify(src) by extension 'colcon_pkg'
[0.170s] Level 1:colcon.colcon_core.package_identification:_identify(src) by extensions ['colcon_meta']
[0.170s] Level 1:colcon.colcon_core.package_identification:_identify(src) by extension 'colcon_meta'
[0.170s] Level 1:colcon.colcon_core.package_identification:_identify(src) by extensions ['ros']
[0.170s] Level 1:colcon.colcon_core.package_identification:_identify(src) by extension 'ros'
[0.170s] Level 1:colcon.colcon_core.package_identification:_identify(src) by extensions ['cmake', 'python']
[0.170s] Level 1:colcon.colcon_core.package_identification:_identify(src) by extension 'cmake'
[0.170s] Level 1:colcon.colcon_core.package_identification:_identify(src) by extension 'python'
[0.170s] Level 1:colcon.colcon_core.package_identification:_identify(src) by extensions ['python_setup_py']
[0.170s] Level 1:colcon.colcon_core.package_identification:_identify(src) by extension 'python_setup_py'
[0.170s] Level 1:colcon.colcon_core.package_identification:_identify(src/alpha_warrior_pkg) by extensions ['ignore', 'ignore_ament_install']
[0.170s] Level 1:colcon.colcon_core.package_identification:_identify(src/alpha_warrior_pkg) by extension 'ignore'
[0.170s] Level 1:colcon.colcon_core.package_identification:_identify(src/alpha_warrior_pkg) by extension 'ignore_ament_install'
[0.170s] Level 1:colcon.colcon_core.package_identification:_identify(src/alpha_warrior_pkg) by extensions ['colcon_pkg']
[0.170s] Level 1:colcon.colcon_core.package_identification:_identify(src/alpha_warrior_pkg) by extension 'colcon_pkg'
[0.170s] Level 1:colcon.colcon_core.package_identification:_identify(src/alpha_warrior_pkg) by extensions ['colcon_meta']
[0.170s] Level 1:colcon.colcon_core.package_identification:_identify(src/alpha_warrior_pkg) by extension 'colcon_meta'
[0.171s] Level 1:colcon.colcon_core.package_identification:_identify(src/alpha_warrior_pkg) by extensions ['ros']
[0.171s] Level 1:colcon.colcon_core.package_identification:_identify(src/alpha_warrior_pkg) by extension 'ros'
[0.172s] DEBUG:colcon.colcon_core.package_identification:Package 'src/alpha_warrior_pkg' with type 'ros.ament_python' and name 'alpha_warrior_pkg'
[0.172s] Level 1:colcon.colcon_core.package_identification:_identify(src/sfr_coursework1_interface_package) by extensions ['ignore', 'ignore_ament_install']
[0.172s] Level 1:colcon.colcon_core.package_identification:_identify(src/sfr_coursework1_interface_package) by extension 'ignore'
[0.172s] Level 1:colcon.colcon_core.package_identification:_identify(src/sfr_coursework1_interface_package) by extension 'ignore_ament_install'
[0.173s] Level 1:colcon.colcon_core.package_identification:_identify(src/sfr_coursework1_interface_package) by extensions ['colcon_pkg']
[0.173s] Level 1:colcon.colcon_core.package_identification:_identify(src/sfr_coursework1_interface_package) by extension 'colcon_pkg'
[0.173s] Level 1:colcon.colcon_core.package_identification:_identify(src/sfr_coursework1_interface_package) by extensions ['colcon_meta']
[0.173s] Level 1:colcon.colcon_core.package_identification:_identify(src/sfr_coursework1_interface_package) by extension 'colcon_meta'
[0.173s] Level 1:colcon.colcon_core.package_identification:_identify(src/sfr_coursework1_interface_package) by extensions ['ros']
[0.173s] Level 1:colcon.colcon_core.package_identification:_identify(src/sfr_coursework1_interface_package) by extension 'ros'
[0.173s] DEBUG:colcon.colcon_core.package_identification:Package 'src/sfr_coursework1_interface_package' with type 'ros.ament_cmake' and name 'sfr_coursework1_interface_package'
[0.173s] Level 1:colcon.colcon_core.package_discovery:discover_packages(recursive) using defaults
[0.173s] Level 1:colcon.colcon_core.package_discovery:discover_packages(ignore) discover
[0.173s] Level 1:colcon.colcon_core.package_discovery:discover_packages(ignore) using defaults
[0.173s] Level 1:colcon.colcon_core.package_discovery:discover_packages(path) discover
[0.173s] Level 1:colcon.colcon_core.package_discovery:discover_packages(path) using defaults
[0.190s] Level 1:colcon.colcon_core.package_discovery:discover_packages(prefix_path) check parameters
[0.190s] Level 1:colcon.colcon_core.package_discovery:discover_packages(prefix_path) discover
[0.192s] DEBUG:colcon.colcon_installed_package_information.package_discovery:Found 20 installed packages in /home/student48/ros2_tutorial_workspace/install
[0.193s] DEBUG:colcon.colcon_installed_package_information.package_discovery:Found 2 installed packages in /home/student48/assessments/week4/src/install
[0.194s] DEBUG:colcon.colcon_installed_package_information.package_discovery:Found 285 installed packages in /opt/ros/jazzy
[0.194s] Level 1:colcon.colcon_core.package_discovery:discover_packages(prefix_path) using defaults
[0.225s] Level 5:colcon.colcon_core.verb:set package 'sfr_coursework1_interface_package' build argument 'cmake_args' from command line to 'None'
[0.225s] Level 5:colcon.colcon_core.verb:set package 'sfr_coursework1_interface_package' build argument 'cmake_target' from command line to 'None'
[0.225s] Level 5:colcon.colcon_core.verb:set package 'sfr_coursework1_interface_package' build argument 'cmake_target_skip_unavailable' from command line to 'False'
[0.225s] Level 5:colcon.colcon_core.verb:set package 'sfr_coursework1_interface_package' build argument 'cmake_clean_cache' from command line to 'False'
[0.225s] Level 5:colcon.colcon_core.verb:set package 'sfr_coursework1_interface_package' build argument 'cmake_clean_first' from command line to 'False'
[0.225s] Level 5:colcon.colcon_core.verb:set package 'sfr_coursework1_interface_package' build argument 'cmake_force_configure' from command line to 'False'
[0.225s] Level 5:colcon.colcon_core.verb:set package 'sfr_coursework1_interface_package' build argument 'ament_cmake_args' from command line to 'None'
[0.225s] Level 5:colcon.colcon_core.verb:set package 'sfr_coursework1_interface_package' build argument 'catkin_cmake_args' from command line to 'None'
[0.225s] Level 5:colcon.colcon_core.verb:set package 'sfr_coursework1_interface_package' build argument 'catkin_skip_building_tests' from command line to 'False'
[0.225s] DEBUG:colcon.colcon_core.verb:Building package 'sfr_coursework1_interface_package' with the following arguments: {'ament_cmake_args': None, 'build_base': '/home/student48/assessments/coursework1/build/sfr_coursework1_interface_package', 'catkin_cmake_args': None, 'catkin_skip_building_tests': False, 'cmake_args': None, 'cmake_clean_cache': False, 'cmake_clean_first': False, 'cmake_force_configure': False, 'cmake_target': None, 'cmake_target_skip_unavailable': False, 'install_base': '/home/student48/assessments/coursework1/install/sfr_coursework1_interface_package', 'merge_install': False, 'path': '/home/student48/assessments/coursework1/src/sfr_coursework1_interface_package', 'symlink_install': False, 'test_result_base': None}
[0.226s] Level 5:colcon.colcon_core.verb:set package 'alpha_warrior_pkg' build argument 'cmake_args' from command line to 'None'
[0.226s] Level 5:colcon.colcon_core.verb:set package 'alpha_warrior_pkg' build argument 'cmake_target' from command line to 'None'
[0.226s] Level 5:colcon.colcon_core.verb:set package 'alpha_warrior_pkg' build argument 'cmake_target_skip_unavailable' from command line to 'False'
[0.226s] Level 5:colcon.colcon_core.verb:set package 'alpha_warrior_pkg' build argument 'cmake_clean_cache' from command line to 'False'
[0.226s] Level 5:colcon.colcon_core.verb:set package 'alpha_warrior_pkg' build argument 'cmake_clean_first' from command line to 'False'
[0.226s] Level 5:colcon.colcon_core.verb:set package 'alpha_warrior_pkg' build argument 'cmake_force_configure' from command line to 'False'
[0.226s] Level 5:colcon.colcon_core.verb:set package 'alpha_warrior_pkg' build argument 'ament_cmake_args' from command line to 'None'
[0.226s] Level 5:colcon.colcon_core.verb:set package 'alpha_warrior_pkg' build argument 'catkin_cmake_args' from command line to 'None'
[0.226s] Level 5:colcon.colcon_core.verb:set package 'alpha_warrior_pkg' build argument 'catkin_skip_building_tests' from command line to 'False'
[0.226s] DEBUG:colcon.colcon_core.verb:Building package 'alpha_warrior_pkg' with the following arguments: {'ament_cmake_args': None, 'build_base': '/home/student48/assessments/coursework1/build/alpha_warrior_pkg', 'catkin_cmake_args': None, 'catkin_skip_building_tests': False, 'cmake_args': None, 'cmake_clean_cache': False, 'cmake_clean_first': False, 'cmake_force_configure': False, 'cmake_target': None, 'cmake_target_skip_unavailable': False, 'install_base': '/home/student48/assessments/coursework1/install/alpha_warrior_pkg', 'merge_install': False, 'path': '/home/student48/assessments/coursework1/src/alpha_warrior_pkg', 'symlink_install': False, 'test_result_base': None}
[0.226s] INFO:colcon.colcon_core.executor:Executing jobs using 'parallel' executor
[0.227s] DEBUG:colcon.colcon_parallel_executor.executor.parallel:run_until_complete
[0.228s] INFO:colcon.colcon_ros.task.ament_cmake.build:Building ROS package in '/home/student48/assessments/coursework1/src/sfr_coursework1_interface_package' with build type 'ament_cmake'
[0.228s] INFO:colcon.colcon_cmake.task.cmake.build:Building CMake package in '/home/student48/assessments/coursework1/src/sfr_coursework1_interface_package'
[0.234s] INFO:colcon.colcon_core.plugin_system:Skipping extension 'colcon_core.shell.bat': Not used on non-Windows systems
[0.235s] INFO:colcon.colcon_core.shell:Skip shell extension 'powershell' for command environment: Not usable outside of PowerShell
[0.235s] DEBUG:colcon.colcon_core.shell:Skip shell extension 'dsv' for command environment
[0.253s] DEBUG:colcon.colcon_core.event_handler.log_command:Invoking command in '/home/student48/assessments/coursework1/build/sfr_coursework1_interface_package': CMAKE_PREFIX_PATH=${CMAKE_PREFIX_PATH}:/home/student48/ros2_tutorial_workspace/install/the_simplest_python_packagee:/home/student48/ros2_tutorial_workspace/install/the_simplest_python_package:/home/student48/ros2_tutorial_workspace/install/python_package_with_a_node:/home/student48/ros2_tutorial_workspace/install/python_package_that_uses_the_library:/home/student48/ros2_tutorial_workspace/install/python_package_with_a_library:/home/student48/ros2_tutorial_workspace/install/python_package_that_uses_the_services:/home/student48/ros2_tutorial_workspace/install/python_package_that_uses_the_messages:/home/student48/ros2_tutorial_workspace/install/python_package_that_uses_the_actions:/home/student48/ros2_tutorial_workspace/install/python_package_that_uses_parameters_and_launch_files:/home/student48/ros2_tutorial_workspace/install/my_package:/home/student48/ros2_tutorial_workspace/install/custom_subscriber_package:/home/student48/ros2_tutorial_workspace/install/custom_server_package:/home/student48/ros2_tutorial_workspace/install/custom_publisher_package:/home/student48/ros2_tutorial_workspace/install/custom_package_with_node:/home/student48/ros2_tutorial_workspace/install/custom_package_with_library:/home/student48/ros2_tutorial_workspace/install/custom_client_package:/home/student48/ros2_tutorial_workspace/install/custom_action_server_package:/home/student48/ros2_tutorial_workspace/install/custom_action_client_package:/home/student48/ros2_tutorial_workspace/install/another_package:/home/student48/assessments/week4/src/install/volkswagen:/home/student48/assessments/week4/src/install/building:/opt/ros/jazzy DEBUGINFOD_URLS=https://debuginfod.ubuntu.com /usr/bin/cmake --build /home/student48/assessments/coursework1/build/sfr_coursework1_interface_package -- -j12 -l12
[0.931s] DEBUG:colcon.colcon_core.event_handler.log_command:Invoked command in '/home/student48/assessments/coursework1/build/sfr_coursework1_interface_package' returned '0': CMAKE_PREFIX_PATH=${CMAKE_PREFIX_PATH}:/home/student48/ros2_tutorial_workspace/install/the_simplest_python_packagee:/home/student48/ros2_tutorial_workspace/install/the_simplest_python_package:/home/student48/ros2_tutorial_workspace/install/python_package_with_a_node:/home/student48/ros2_tutorial_workspace/install/python_package_that_uses_the_library:/home/student48/ros2_tutorial_workspace/install/python_package_with_a_library:/home/student48/ros2_tutorial_workspace/install/python_package_that_uses_the_services:/home/student48/ros2_tutorial_workspace/install/python_package_that_uses_the_messages:/home/student48/ros2_tutorial_workspace/install/python_package_that_uses_the_actions:/home/student48/ros2_tutorial_workspace/install/python_package_that_uses_parameters_and_launch_files:/home/student48/ros2_tutorial_workspace/install/my_package:/home/student48/ros2_tutorial_workspace/install/custom_subscriber_package:/home/student48/ros2_tutorial_workspace/install/custom_server_package:/home/student48/ros2_tutorial_workspace/install/custom_publisher_package:/home/student48/ros2_tutorial_workspace/install/custom_package_with_node:/home/student48/ros2_tutorial_workspace/install/custom_package_with_library:/home/student48/ros2_tutorial_workspace/install/custom_client_package:/home/student48/ros2_tutorial_workspace/install/custom_action_server_package:/home/student48/ros2_tutorial_workspace/install/custom_action_client_package:/home/student48/ros2_tutorial_workspace/install/another_package:/home/student48/assessments/week4/src/install/volkswagen:/home/student48/assessments/week4/src/install/building:/opt/ros/jazzy DEBUGINFOD_URLS=https://debuginfod.ubuntu.com /usr/bin/cmake --build /home/student48/assessments/coursework1/build/sfr_coursework1_interface_package -- -j12 -l12
[0.948s] DEBUG:colcon.colcon_core.event_handler.log_command:Invoking command in '/home/student48/assessments/coursework1/build/sfr_coursework1_interface_package': CMAKE_PREFIX_PATH=${CMAKE_PREFIX_PATH}:/home/student48/ros2_tutorial_workspace/install/the_simplest_python_packagee:/home/student48/ros2_tutorial_workspace/install/the_simplest_python_package:/home/student48/ros2_tutorial_workspace/install/python_package_with_a_node:/home/student48/ros2_tutorial_workspace/install/python_package_that_uses_the_library:/home/student48/ros2_tutorial_workspace/install/python_package_with_a_library:/home/student48/ros2_tutorial_workspace/install/python_package_that_uses_the_services:/home/student48/ros2_tutorial_workspace/install/python_package_that_uses_the_messages:/home/student48/ros2_tutorial_workspace/install/python_package_that_uses_the_actions:/home/student48/ros2_tutorial_workspace/install/python_package_that_uses_parameters_and_launch_files:/home/student48/ros2_tutorial_workspace/install/my_package:/home/student48/ros2_tutorial_workspace/install/custom_subscriber_package:/home/student48/ros2_tutorial_workspace/install/custom_server_package:/home/student48/ros2_tutorial_workspace/install/custom_publisher_package:/home/student48/ros2_tutorial_workspace/install/custom_package_with_node:/home/student48/ros2_tutorial_workspace/install/custom_package_with_library:/home/student48/ros2_tutorial_workspace/install/custom_client_package:/home/student48/ros2_tutorial_workspace/install/custom_action_server_package:/home/student48/ros2_tutorial_workspace/install/custom_action_client_package:/home/student48/ros2_tutorial_workspace/install/another_package:/home/student48/assessments/week4/src/install/volkswagen:/home/student48/assessments/week4/src/install/building:/opt/ros/jazzy DEBUGINFOD_URLS=https://debuginfod.ubuntu.com /usr/bin/cmake --install /home/student48/assessments/coursework1/build/sfr_coursework1_interface_package
[1.052s] Level 1:colcon.colcon_core.environment:create_environment_scripts_only(sfr_coursework1_interface_package)
[1.053s] DEBUG:colcon.colcon_core.event_handler.log_command:Invoked command in '/home/student48/assessments/coursework1/build/sfr_coursework1_interface_package' returned '0': CMAKE_PREFIX_PATH=${CMAKE_PREFIX_PATH}:/home/student48/ros2_tutorial_workspace/install/the_simplest_python_packagee:/home/student48/ros2_tutorial_workspace/install/the_simplest_python_package:/home/student48/ros2_tutorial_workspace/install/python_package_with_a_node:/home/student48/ros2_tutorial_workspace/install/python_package_that_uses_the_library:/home/student48/ros2_tutorial_workspace/install/python_package_with_a_library:/home/student48/ros2_tutorial_workspace/install/python_package_that_uses_the_services:/home/student48/ros2_tutorial_workspace/install/python_package_that_uses_the_messages:/home/student48/ros2_tutorial_workspace/install/python_package_that_uses_the_actions:/home/student48/ros2_tutorial_workspace/install/python_package_that_uses_parameters_and_launch_files:/home/student48/ros2_tutorial_workspace/install/my_package:/home/student48/ros2_tutorial_workspace/install/custom_subscriber_package:/home/student48/ros2_tutorial_workspace/install/custom_server_package:/home/student48/ros2_tutorial_workspace/install/custom_publisher_package:/home/student48/ros2_tutorial_workspace/install/custom_package_with_node:/home/student48/ros2_tutorial_workspace/install/custom_package_with_library:/home/student48/ros2_tutorial_workspace/install/custom_client_package:/home/student48/ros2_tutorial_workspace/install/custom_action_server_package:/home/student48/ros2_tutorial_workspace/install/custom_action_client_package:/home/student48/ros2_tutorial_workspace/install/another_package:/home/student48/assessments/week4/src/install/volkswagen:/home/student48/assessments/week4/src/install/building:/opt/ros/jazzy DEBUGINFOD_URLS=https://debuginfod.ubuntu.com /usr/bin/cmake --install /home/student48/assessments/coursework1/build/sfr_coursework1_interface_package
[1.055s] Level 1:colcon.colcon_core.environment:checking '/home/student48/assessments/coursework1/install/sfr_coursework1_interface_package' for CMake module files
[1.055s] Level 1:colcon.colcon_core.environment:checking '/home/student48/assessments/coursework1/install/sfr_coursework1_interface_package' for CMake config files
[1.056s] Level 1:colcon.colcon_core.shell:create_environment_hook('sfr_coursework1_interface_package', 'cmake_prefix_path')
[1.056s] INFO:colcon.colcon_core.shell:Creating environment hook '/home/student48/assessments/coursework1/install/sfr_coursework1_interface_package/share/sfr_coursework1_interface_package/hook/cmake_prefix_path.ps1'
[1.056s] INFO:colcon.colcon_core.shell:Creating environment descriptor '/home/student48/assessments/coursework1/install/sfr_coursework1_interface_package/share/sfr_coursework1_interface_package/hook/cmake_prefix_path.dsv'
[1.057s] INFO:colcon.colcon_core.shell:Creating environment hook '/home/student48/assessments/coursework1/install/sfr_coursework1_interface_package/share/sfr_coursework1_interface_package/hook/cmake_prefix_path.sh'
[1.058s] Level 1:colcon.colcon_core.environment:checking '/home/student48/assessments/coursework1/install/sfr_coursework1_interface_package/lib'
[1.058s] Level 1:colcon.colcon_core.shell:create_environment_hook('sfr_coursework1_interface_package', 'ld_library_path_lib')
[1.058s] INFO:colcon.colcon_core.shell:Creating environment hook '/home/student48/assessments/coursework1/install/sfr_coursework1_interface_package/share/sfr_coursework1_interface_package/hook/ld_library_path_lib.ps1'
[1.058s] INFO:colcon.colcon_core.shell:Creating environment descriptor '/home/student48/assessments/coursework1/install/sfr_coursework1_interface_package/share/sfr_coursework1_interface_package/hook/ld_library_path_lib.dsv'
[1.059s] INFO:colcon.colcon_core.shell:Creating environment hook '/home/student48/assessments/coursework1/install/sfr_coursework1_interface_package/share/sfr_coursework1_interface_package/hook/ld_library_path_lib.sh'
[1.059s] Level 1:colcon.colcon_core.environment:checking '/home/student48/assessments/coursework1/install/sfr_coursework1_interface_package/bin'
[1.059s] Level 1:colcon.colcon_core.environment:checking '/home/student48/assessments/coursework1/install/sfr_coursework1_interface_package/lib/pkgconfig/sfr_coursework1_interface_package.pc'
[1.060s] Level 1:colcon.colcon_core.environment:checking '/home/student48/assessments/coursework1/install/sfr_coursework1_interface_package/lib/python3.12/site-packages'
[1.060s] Level 1:colcon.colcon_core.shell:create_environment_hook('sfr_coursework1_interface_package', 'pythonpath')
[1.061s] INFO:colcon.colcon_core.shell:Creating environment hook '/home/student48/assessments/coursework1/install/sfr_coursework1_interface_package/share/sfr_coursework1_interface_package/hook/pythonpath.ps1'
[1.063s] INFO:colcon.colcon_core.shell:Creating environment descriptor '/home/student48/assessments/coursework1/install/sfr_coursework1_interface_package/share/sfr_coursework1_interface_package/hook/pythonpath.dsv'
[1.064s] INFO:colcon.colcon_core.shell:Creating environment hook '/home/student48/assessments/coursework1/install/sfr_coursework1_interface_package/share/sfr_coursework1_interface_package/hook/pythonpath.sh'
[1.065s] Level 1:colcon.colcon_core.environment:checking '/home/student48/assessments/coursework1/install/sfr_coursework1_interface_package/bin'
[1.066s] INFO:colcon.colcon_core.shell:Creating package script '/home/student48/assessments/coursework1/install/sfr_coursework1_interface_package/share/sfr_coursework1_interface_package/package.ps1'
[1.069s] INFO:colcon.colcon_core.shell:Creating package descriptor '/home/student48/assessments/coursework1/install/sfr_coursework1_interface_package/share/sfr_coursework1_interface_package/package.dsv'
[1.070s] INFO:colcon.colcon_core.shell:Creating package script '/home/student48/assessments/coursework1/install/sfr_coursework1_interface_package/share/sfr_coursework1_interface_package/package.sh'
[1.072s] INFO:colcon.colcon_core.shell:Creating package script '/home/student48/assessments/coursework1/install/sfr_coursework1_interface_package/share/sfr_coursework1_interface_package/package.bash'
[1.074s] INFO:colcon.colcon_core.shell:Creating package script '/home/student48/assessments/coursework1/install/sfr_coursework1_interface_package/share/sfr_coursework1_interface_package/package.zsh'
[1.075s] Level 1:colcon.colcon_core.environment:create_file_with_runtime_dependencies(/home/student48/assessments/coursework1/install/sfr_coursework1_interface_package/share/colcon-core/packages/sfr_coursework1_interface_package)
[1.077s] Level 1:colcon.colcon_core.environment:create_environment_scripts_only(sfr_coursework1_interface_package)
[1.078s] Level 1:colcon.colcon_core.environment:checking '/home/student48/assessments/coursework1/install/sfr_coursework1_interface_package' for CMake module files
[1.080s] Level 1:colcon.colcon_core.environment:checking '/home/student48/assessments/coursework1/install/sfr_coursework1_interface_package' for CMake config files
[1.081s] Level 1:colcon.colcon_core.shell:create_environment_hook('sfr_coursework1_interface_package', 'cmake_prefix_path')
[1.081s] INFO:colcon.colcon_core.shell:Creating environment hook '/home/student48/assessments/coursework1/install/sfr_coursework1_interface_package/share/sfr_coursework1_interface_package/hook/cmake_prefix_path.ps1'
[1.083s] INFO:colcon.colcon_core.shell:Creating environment descriptor '/home/student48/assessments/coursework1/install/sfr_coursework1_interface_package/share/sfr_coursework1_interface_package/hook/cmake_prefix_path.dsv'
[1.084s] INFO:colcon.colcon_core.shell:Creating environment hook '/home/student48/assessments/coursework1/install/sfr_coursework1_interface_package/share/sfr_coursework1_interface_package/hook/cmake_prefix_path.sh'
[1.086s] Level 1:colcon.colcon_core.environment:checking '/home/student48/assessments/coursework1/install/sfr_coursework1_interface_package/lib'
[1.086s] Level 1:colcon.colcon_core.shell:create_environment_hook('sfr_coursework1_interface_package', 'ld_library_path_lib')
[1.087s] INFO:colcon.colcon_core.shell:Creating environment hook '/home/student48/assessments/coursework1/install/sfr_coursework1_interface_package/share/sfr_coursework1_interface_package/hook/ld_library_path_lib.ps1'
[1.088s] INFO:colcon.colcon_core.shell:Creating environment descriptor '/home/student48/assessments/coursework1/install/sfr_coursework1_interface_package/share/sfr_coursework1_interface_package/hook/ld_library_path_lib.dsv'
[1.089s] INFO:colcon.colcon_core.shell:Creating environment hook '/home/student48/assessments/coursework1/install/sfr_coursework1_interface_package/share/sfr_coursework1_interface_package/hook/ld_library_path_lib.sh'
[1.091s] Level 1:colcon.colcon_core.environment:checking '/home/student48/assessments/coursework1/install/sfr_coursework1_interface_package/bin'
[1.091s] Level 1:colcon.colcon_core.environment:checking '/home/student48/assessments/coursework1/install/sfr_coursework1_interface_package/lib/pkgconfig/sfr_coursework1_interface_package.pc'
[1.091s] Level 1:colcon.colcon_core.environment:checking '/home/student48/assessments/coursework1/install/sfr_coursework1_interface_package/lib/python3.12/site-packages'
[1.092s] Level 1:colcon.colcon_core.shell:create_environment_hook('sfr_coursework1_interface_package', 'pythonpath')
[1.092s] INFO:colcon.colcon_core.shell:Creating environment hook '/home/student48/assessments/coursework1/install/sfr_coursework1_interface_package/share/sfr_coursework1_interface_package/hook/pythonpath.ps1'
[1.093s] INFO:colcon.colcon_core.shell:Creating environment descriptor '/home/student48/assessments/coursework1/install/sfr_coursework1_interface_package/share/sfr_coursework1_interface_package/hook/pythonpath.dsv'
[1.094s] INFO:colcon.colcon_core.shell:Creating environment hook '/home/student48/assessments/coursework1/install/sfr_coursework1_interface_package/share/sfr_coursework1_interface_package/hook/pythonpath.sh'
[1.096s] Level 1:colcon.colcon_core.environment:checking '/home/student48/assessments/coursework1/install/sfr_coursework1_interface_package/bin'
[1.097s] INFO:colcon.colcon_core.shell:Creating package script '/home/student48/assessments/coursework1/install/sfr_coursework1_interface_package/share/sfr_coursework1_interface_package/package.ps1'
[1.098s] INFO:colcon.colcon_core.shell:Creating package descriptor '/home/student48/assessments/coursework1/install/sfr_coursework1_interface_package/share/sfr_coursework1_interface_package/package.dsv'
[1.099s] INFO:colcon.colcon_core.shell:Creating package script '/home/student48/assessments/coursework1/install/sfr_coursework1_interface_package/share/sfr_coursework1_interface_package/package.sh'
[1.100s] INFO:colcon.colcon_core.shell:Creating package script '/home/student48/assessments/coursework1/install/sfr_coursework1_interface_package/share/sfr_coursework1_interface_package/package.bash'
[1.101s] INFO:colcon.colcon_core.shell:Creating package script '/home/student48/assessments/coursework1/install/sfr_coursework1_interface_package/share/sfr_coursework1_interface_package/package.zsh'
[1.102s] Level 1:colcon.colcon_core.environment:create_file_with_runtime_dependencies(/home/student48/assessments/coursework1/install/sfr_coursework1_interface_package/share/colcon-core/packages/sfr_coursework1_interface_package)
[1.102s] INFO:colcon.colcon_ros.task.ament_python.build:Building ROS package in '/home/student48/assessments/coursework1/src/alpha_warrior_pkg' with build type 'ament_python'
[1.103s] Level 1:colcon.colcon_core.shell:create_environment_hook('alpha_warrior_pkg', 'ament_prefix_path')
[1.103s] INFO:colcon.colcon_core.shell:Creating environment hook '/home/student48/assessments/coursework1/install/alpha_warrior_pkg/share/alpha_warrior_pkg/hook/ament_prefix_path.ps1'
[1.105s] INFO:colcon.colcon_core.shell:Creating environment descriptor '/home/student48/assessments/coursework1/install/alpha_warrior_pkg/share/alpha_warrior_pkg/hook/ament_prefix_path.dsv'
[1.106s] INFO:colcon.colcon_core.shell:Creating environment hook '/home/student48/assessments/coursework1/install/alpha_warrior_pkg/share/alpha_warrior_pkg/hook/ament_prefix_path.sh'
[1.107s] INFO:colcon.colcon_core.shell:Skip shell extension 'powershell' for command environment: Not usable outside of PowerShell
[1.107s] DEBUG:colcon.colcon_core.shell:Skip shell extension 'dsv' for command environment
[1.526s] INFO:colcon.colcon_core.task.python.build:Building Python package in '/home/student48/assessments/coursework1/src/alpha_warrior_pkg'
[1.526s] INFO:colcon.colcon_core.shell:Skip shell extension 'powershell' for command environment: Not usable outside of PowerShell
[1.526s] DEBUG:colcon.colcon_core.shell:Skip shell extension 'dsv' for command environment
[2.224s] DEBUG:colcon.colcon_core.event_handler.log_command:Invoking command in '/home/student48/assessments/coursework1/src/alpha_warrior_pkg': AMENT_PREFIX_PATH=/home/student48/assessments/coursework1/install/sfr_coursework1_interface_package:${AMENT_PREFIX_PATH} CMAKE_PREFIX_PATH=/home/student48/assessments/coursework1/install/sfr_coursework1_interface_package:${CMAKE_PREFIX_PATH} DEBUGINFOD_URLS=https://debuginfod.ubuntu.com LD_LIBRARY_PATH=/home/student48/assessments/coursework1/install/sfr_coursework1_interface_package/lib:${LD_LIBRARY_PATH} PYTHONPATH=/home/student48/assessments/coursework1/build/alpha_warrior_pkg/prefix_override:/usr/lib/python3/dist-packages/colcon_core/task/python/colcon_distutils_commands:/home/student48/assessments/coursework1/install/alpha_warrior_pkg/lib/python3.12/site-packages:/home/student48/assessments/coursework1/install/sfr_coursework1_interface_package/lib/python3.12/site-packages:${PYTHONPATH} /usr/bin/python3 -W ignore:setup.py install is deprecated -W ignore:easy_install command is deprecated setup.py egg_info --egg-base ../../build/alpha_warrior_pkg build --build-base /home/student48/assessments/coursework1/build/alpha_warrior_pkg/build install --record /home/student48/assessments/coursework1/build/alpha_warrior_pkg/install.log --single-version-externally-managed install_data
[2.891s] Level 1:colcon.colcon_core.environment:checking '/home/student48/assessments/coursework1/install/alpha_warrior_pkg' for CMake module files
[2.892s] DEBUG:colcon.colcon_core.event_handler.log_command:Invoked command in '/home/student48/assessments/coursework1/src/alpha_warrior_pkg' returned '0': AMENT_PREFIX_PATH=/home/student48/assessments/coursework1/install/sfr_coursework1_interface_package:${AMENT_PREFIX_PATH} CMAKE_PREFIX_PATH=/home/student48/assessments/coursework1/install/sfr_coursework1_interface_package:${CMAKE_PREFIX_PATH} DEBUGINFOD_URLS=https://debuginfod.ubuntu.com LD_LIBRARY_PATH=/home/student48/assessments/coursework1/install/sfr_coursework1_interface_package/lib:${LD_LIBRARY_PATH} PYTHONPATH=/home/student48/assessments/coursework1/build/alpha_warrior_pkg/prefix_override:/usr/lib/python3/dist-packages/colcon_core/task/python/colcon_distutils_commands:/home/student48/assessments/coursework1/install/alpha_warrior_pkg/lib/python3.12/site-packages:/home/student48/assessments/coursework1/install/sfr_coursework1_interface_package/lib/python3.12/site-packages:${PYTHONPATH} /usr/bin/python3 -W ignore:setup.py install is deprecated -W ignore:easy_install command is deprecated setup.py egg_info --egg-base ../../build/alpha_warrior_pkg build --build-base /home/student48/assessments/coursework1/build/alpha_warrior_pkg/build install --record /home/student48/assessments/coursework1/build/alpha_warrior_pkg/install.log --single-version-externally-managed install_data
[2.892s] Level 1:colcon.colcon_core.environment:checking '/home/student48/assessments/coursework1/install/alpha_warrior_pkg' for CMake config files
[2.893s] Level 1:colcon.colcon_core.environment:checking '/home/student48/assessments/coursework1/install/alpha_warrior_pkg/lib'
[2.893s] Level 1:colcon.colcon_core.environment:checking '/home/student48/assessments/coursework1/install/alpha_warrior_pkg/bin'
[2.893s] Level 1:colcon.colcon_core.environment:checking '/home/student48/assessments/coursework1/install/alpha_warrior_pkg/lib/pkgconfig/alpha_warrior_pkg.pc'
[2.894s] Level 1:colcon.colcon_core.environment:checking '/home/student48/assessments/coursework1/install/alpha_warrior_pkg/lib/python3.12/site-packages'
[2.894s] Level 1:colcon.colcon_core.shell:create_environment_hook('alpha_warrior_pkg', 'pythonpath')
[2.895s] INFO:colcon.colcon_core.shell:Creating environment hook '/home/student48/assessments/coursework1/install/alpha_warrior_pkg/share/alpha_warrior_pkg/hook/pythonpath.ps1'
[2.895s] INFO:colcon.colcon_core.shell:Creating environment descriptor '/home/student48/assessments/coursework1/install/alpha_warrior_pkg/share/alpha_warrior_pkg/hook/pythonpath.dsv'
[2.896s] INFO:colcon.colcon_core.shell:Creating environment hook '/home/student48/assessments/coursework1/install/alpha_warrior_pkg/share/alpha_warrior_pkg/hook/pythonpath.sh'
[2.898s] Level 1:colcon.colcon_core.environment:checking '/home/student48/assessments/coursework1/install/alpha_warrior_pkg/bin'
[2.898s] Level 1:colcon.colcon_core.environment:create_environment_scripts_only(alpha_warrior_pkg)
[2.898s] INFO:colcon.colcon_core.shell:Creating package script '/home/student48/assessments/coursework1/install/alpha_warrior_pkg/share/alpha_warrior_pkg/package.ps1'
[2.899s] INFO:colcon.colcon_core.shell:Creating package descriptor '/home/student48/assessments/coursework1/install/alpha_warrior_pkg/share/alpha_warrior_pkg/package.dsv'
[2.900s] INFO:colcon.colcon_core.shell:Creating package script '/home/student48/assessments/coursework1/install/alpha_warrior_pkg/share/alpha_warrior_pkg/package.sh'
[2.900s] INFO:colcon.colcon_core.shell:Creating package script '/home/student48/assessments/coursework1/install/alpha_warrior_pkg/share/alpha_warrior_pkg/package.bash'
[2.901s] INFO:colcon.colcon_core.shell:Creating package script '/home/student48/assessments/coursework1/install/alpha_warrior_pkg/share/alpha_warrior_pkg/package.zsh'
[2.901s] Level 1:colcon.colcon_core.environment:create_file_with_runtime_dependencies(/home/student48/assessments/coursework1/install/alpha_warrior_pkg/share/colcon-core/packages/alpha_warrior_pkg)
[2.901s] DEBUG:colcon.colcon_parallel_executor.executor.parallel:closing loop
[2.902s] DEBUG:colcon.colcon_parallel_executor.executor.parallel:loop closed
[2.902s] DEBUG:colcon.colcon_parallel_executor.executor.parallel:run_until_complete finished with '0'
[2.902s] DEBUG:colcon.colcon_core.event_reactor:joining thread
[2.919s] INFO:colcon.colcon_core.plugin_system:Skipping extension 'colcon_notification.desktop_notification.terminal_notifier': Not used on non-Darwin systems
[2.920s] INFO:colcon.colcon_core.plugin_system:Skipping extension 'colcon_notification.desktop_notification.win32': Not used on non-Windows systems
[2.920s] INFO:colcon.colcon_notification.desktop_notification:Sending desktop notification using 'notify2'
[2.942s] DEBUG:colcon.colcon_core.event_reactor:joined thread
[2.942s] INFO:colcon.colcon_core.shell:Creating prefix script '/home/student48/assessments/coursework1/install/local_setup.ps1'
[2.944s] INFO:colcon.colcon_core.shell:Creating prefix util module '/home/student48/assessments/coursework1/install/_local_setup_util_ps1.py'
[2.947s] INFO:colcon.colcon_core.shell:Creating prefix chain script '/home/student48/assessments/coursework1/install/setup.ps1'
[2.950s] INFO:colcon.colcon_core.shell:Creating prefix script '/home/student48/assessments/coursework1/install/local_setup.sh'
[2.952s] INFO:colcon.colcon_core.shell:Creating prefix util module '/home/student48/assessments/coursework1/install/_local_setup_util_sh.py'
[2.952s] INFO:colcon.colcon_core.shell:Creating prefix chain script '/home/student48/assessments/coursework1/install/setup.sh'
[2.957s] INFO:colcon.colcon_core.shell:Creating prefix script '/home/student48/assessments/coursework1/install/local_setup.bash'
[2.958s] INFO:colcon.colcon_core.shell:Creating prefix chain script '/home/student48/assessments/coursework1/install/setup.bash'
[2.963s] INFO:colcon.colcon_core.shell:Creating prefix script '/home/student48/assessments/coursework1/install/local_setup.zsh'
[2.965s] INFO:colcon.colcon_core.shell:Creating prefix chain script '/home/student48/assessments/coursework1/install/setup.zsh'
