[3.239s] Invoking command in '/home/student48/assessments/coursework2/src/gamma_system_navigation_pkg': DEBUGINFOD_URLS=https://debuginfod.ubuntu.com PYTHONPATH=/home/student48/assessments/coursework2/build/gamma_system_navigation_pkg/prefix_override:/usr/lib/python3/dist-packages/colcon_core/task/python/colcon_distutils_commands:/home/student48/assessments/coursework2/install/gamma_system_navigation_pkg/lib/python3.12/site-packages:${PYTHONPATH} /usr/bin/python3 -W ignore:setup.py install is deprecated -W ignore:easy_install command is deprecated setup.py egg_info --egg-base ../../build/gamma_system_navigation_pkg build --build-base /home/student48/assessments/coursework2/build/gamma_system_navigation_pkg/build install --record /home/student48/assessments/coursework2/build/gamma_system_navigation_pkg/install.log --single-version-externally-managed install_data
[3.784s] running egg_info
[3.809s] writing ../../build/gamma_system_navigation_pkg/gamma_system_navigation_pkg.egg-info/PKG-INFO
[3.810s] writing dependency_links to ../../build/gamma_system_navigation_pkg/gamma_system_navigation_pkg.egg-info/dependency_links.txt
[3.810s] writing entry points to ../../build/gamma_system_navigation_pkg/gamma_system_navigation_pkg.egg-info/entry_points.txt
[3.810s] writing requirements to ../../build/gamma_system_navigation_pkg/gamma_system_navigation_pkg.egg-info/requires.txt
[3.811s] writing top-level names to ../../build/gamma_system_navigation_pkg/gamma_system_navigation_pkg.egg-info/top_level.txt
[3.896s] reading manifest file '../../build/gamma_system_navigation_pkg/gamma_system_navigation_pkg.egg-info/SOURCES.txt'
[3.898s] writing manifest file '../../build/gamma_system_navigation_pkg/gamma_system_navigation_pkg.egg-info/SOURCES.txt'
[3.898s] running build
[3.898s] running build_py
[3.898s] copying gamma_system_navigation_pkg/gamma_system_navigation_node.py -> /home/student48/assessments/coursework2/build/gamma_system_navigation_pkg/build/lib/gamma_system_navigation_pkg
[3.899s] running install
[3.910s] running install_lib
[3.945s] copying /home/student48/assessments/coursework2/build/gamma_system_navigation_pkg/build/lib/gamma_system_navigation_pkg/gamma_system_navigation_node.py -> /home/student48/assessments/coursework2/install/gamma_system_navigation_pkg/lib/python3.12/site-packages/gamma_system_navigation_pkg
[3.947s] byte-compiling /home/student48/assessments/coursework2/install/gamma_system_navigation_pkg/lib/python3.12/site-packages/gamma_system_navigation_pkg/gamma_system_navigation_node.py to gamma_system_navigation_node.cpython-312.pyc
[3.949s] running install_data
[3.950s] running install_egg_info
[3.990s] removing '/home/student48/assessments/coursework2/install/gamma_system_navigation_pkg/lib/python3.12/site-packages/gamma_system_navigation_pkg-0.0.0-py3.12.egg-info' (and everything under it)
[3.991s] Copying ../../build/gamma_system_navigation_pkg/gamma_system_navigation_pkg.egg-info to /home/student48/assessments/coursework2/install/gamma_system_navigation_pkg/lib/python3.12/site-packages/gamma_system_navigation_pkg-0.0.0-py3.12.egg-info
[3.994s] running install_scripts
[4.279s] Installing gamma_system_navigation_node script to /home/student48/assessments/coursework2/install/gamma_system_navigation_pkg/lib/gamma_system_navigation_pkg
[4.279s] writing list of installed files to '/home/student48/assessments/coursework2/build/gamma_system_navigation_pkg/install.log'
[4.377s] Invoked command in '/home/student48/assessments/coursework2/src/gamma_system_navigation_pkg' returned '0': DEBUGINFOD_URLS=https://debuginfod.ubuntu.com PYTHONPATH=/home/student48/assessments/coursework2/build/gamma_system_navigation_pkg/prefix_override:/usr/lib/python3/dist-packages/colcon_core/task/python/colcon_distutils_commands:/home/student48/assessments/coursework2/install/gamma_system_navigation_pkg/lib/python3.12/site-packages:${PYTHONPATH} /usr/bin/python3 -W ignore:setup.py install is deprecated -W ignore:easy_install command is deprecated setup.py egg_info --egg-base ../../build/gamma_system_navigation_pkg build --build-base /home/student48/assessments/coursework2/build/gamma_system_navigation_pkg/build install --record /home/student48/assessments/coursework2/build/gamma_system_navigation_pkg/install.log --single-version-externally-managed install_data
