[0.201s] DEBUG:colcon:Command line arguments: ['/usr/bin/colcon', 'build']
[0.201s] DEBUG:colcon:Parsed command line arguments: Namespace(log_base=None, log_level=None, verb_name='build', build_base='build', install_base='install', merge_install=False, symlink_install=False, test_result_base=None, continue_on_error=False, executor='parallel', parallel_workers=12, event_handlers=None, ignore_user_meta=False, metas=['./colcon.meta'], base_paths=['.'], packages_ignore=None, packages_ignore_regex=None, paths=None, packages_up_to=None, packages_up_to_regex=None, packages_above=None, packages_above_and_dependencies=None, packages_above_depth=None, packages_select_by_dep=None, packages_skip_by_dep=None, packages_skip_up_to=None, packages_select_build_failed=False, packages_skip_build_finished=False, packages_select_test_failures=False, packages_skip_test_passed=False, packages_select=None, packages_skip=None, packages_select_regex=None, packages_skip_regex=None, packages_start=None, packages_end=None, allow_overriding=[], cmake_args=None, cmake_target=None, cmake_target_skip_unavailable=False, cmake_clean_cache=False, cmake_clean_first=False, cmake_force_configure=False, ament_cmake_args=None, catkin_cmake_args=None, catkin_skip_building_tests=False, mixin_files=None, mixin=None, verb_parser=<colcon_mixin.mixin.mixin_argument.MixinArgumentDecorator object at 0x7aca6faf8bc0>, verb_extension=<colcon_core.verb.build.BuildVerb object at 0x7aca6faf8860>, main=<bound method BuildVerb.main of <colcon_core.verb.build.BuildVerb object at 0x7aca6faf8860>>, mixin_verb=('build',))
[0.309s] Level 1:colcon.colcon_core.package_discovery:discover_packages(colcon_meta) check parameters
[0.309s] Level 1:colcon.colcon_core.package_discovery:discover_packages(recursive) check parameters
[0.309s] Level 1:colcon.colcon_core.package_discovery:discover_packages(ignore) check parameters
[0.309s] Level 1:colcon.colcon_core.package_discovery:discover_packages(path) check parameters
[0.309s] Level 1:colcon.colcon_core.package_discovery:discover_packages(colcon_meta) discover
[0.310s] Level 1:colcon.colcon_core.package_discovery:discover_packages(recursive) discover
[0.310s] INFO:colcon.colcon_core.package_discovery:Crawling recursively for packages in '/home/student48/assessments/coursework2'
[0.310s] Level 1:colcon.colcon_core.package_identification:_identify(.) by extensions ['ignore', 'ignore_ament_install']
[0.311s] Level 1:colcon.colcon_core.package_identification:_identify(.) by extension 'ignore'
[0.311s] Level 1:colcon.colcon_core.package_identification:_identify(.) by extension 'ignore_ament_install'
[0.311s] Level 1:colcon.colcon_core.package_identification:_identify(.) by extensions ['colcon_pkg']
[0.311s] Level 1:colcon.colcon_core.package_identification:_identify(.) by extension 'colcon_pkg'
[0.312s] Level 1:colcon.colcon_core.package_identification:_identify(.) by extensions ['colcon_meta']
[0.312s] Level 1:colcon.colcon_core.package_identification:_identify(.) by extension 'colcon_meta'
[0.312s] Level 1:colcon.colcon_core.package_identification:_identify(.) by extensions ['ros']
[0.312s] Level 1:colcon.colcon_core.package_identification:_identify(.) by extension 'ros'
[0.383s] Level 1:colcon.colcon_core.package_identification:_identify(.) by extensions ['cmake', 'python']
[0.383s] Level 1:colcon.colcon_core.package_identification:_identify(.) by extension 'cmake'
[0.383s] Level 1:colcon.colcon_core.package_identification:_identify(.) by extension 'python'
[0.383s] Level 1:colcon.colcon_core.package_identification:_identify(.) by extensions ['python_setup_py']
[0.383s] Level 1:colcon.colcon_core.package_identification:_identify(.) by extension 'python_setup_py'
[0.383s] Level 1:colcon.colcon_core.package_identification:_identify(build) by extensions ['ignore', 'ignore_ament_install']
[0.383s] Level 1:colcon.colcon_core.package_identification:_identify(build) by extension 'ignore'
[0.383s] Level 1:colcon.colcon_core.package_identification:_identify(build) ignored
[0.384s] Level 1:colcon.colcon_core.package_identification:_identify(install) by extensions ['ignore', 'ignore_ament_install']
[0.384s] Level 1:colcon.colcon_core.package_identification:_identify(install) by extension 'ignore'
[0.384s] Level 1:colcon.colcon_core.package_identification:_identify(install) ignored
[0.384s] Level 1:colcon.colcon_core.package_identification:_identify(log) by extensions ['ignore', 'ignore_ament_install']
[0.384s] Level 1:colcon.colcon_core.package_identification:_identify(log) by extension 'ignore'
[0.384s] Level 1:colcon.colcon_core.package_identification:_identify(log) ignored
[0.384s] Level 1:colcon.colcon_core.package_identification:_identify(src) by extensions ['ignore', 'ignore_ament_install']
[0.384s] Level 1:colcon.colcon_core.package_identification:_identify(src) by extension 'ignore'
[0.384s] Level 1:colcon.colcon_core.package_identification:_identify(src) by extension 'ignore_ament_install'
[0.384s] Level 1:colcon.colcon_core.package_identification:_identify(src) by extensions ['colcon_pkg']
[0.384s] Level 1:colcon.colcon_core.package_identification:_identify(src) by extension 'colcon_pkg'
[0.384s] Level 1:colcon.colcon_core.package_identification:_identify(src) by extensions ['colcon_meta']
[0.384s] Level 1:colcon.colcon_core.package_identification:_identify(src) by extension 'colcon_meta'
[0.384s] Level 1:colcon.colcon_core.package_identification:_identify(src) by extensions ['ros']
[0.384s] Level 1:colcon.colcon_core.package_identification:_identify(src) by extension 'ros'
[0.385s] Level 1:colcon.colcon_core.package_identification:_identify(src) by extensions ['cmake', 'python']
[0.385s] Level 1:colcon.colcon_core.package_identification:_identify(src) by extension 'cmake'
[0.385s] Level 1:colcon.colcon_core.package_identification:_identify(src) by extension 'python'
[0.385s] Level 1:colcon.colcon_core.package_identification:_identify(src) by extensions ['python_setup_py']
[0.385s] Level 1:colcon.colcon_core.package_identification:_identify(src) by extension 'python_setup_py'
[0.385s] Level 1:colcon.colcon_core.package_identification:_identify(src/gamma_system_bridge_pkg) by extensions ['ignore', 'ignore_ament_install']
[0.385s] Level 1:colcon.colcon_core.package_identification:_identify(src/gamma_system_bridge_pkg) by extension 'ignore'
[0.385s] Level 1:colcon.colcon_core.package_identification:_identify(src/gamma_system_bridge_pkg) by extension 'ignore_ament_install'
[0.385s] Level 1:colcon.colcon_core.package_identification:_identify(src/gamma_system_bridge_pkg) by extensions ['colcon_pkg']
[0.385s] Level 1:colcon.colcon_core.package_identification:_identify(src/gamma_system_bridge_pkg) by extension 'colcon_pkg'
[0.385s] Level 1:colcon.colcon_core.package_identification:_identify(src/gamma_system_bridge_pkg) by extensions ['colcon_meta']
[0.385s] Level 1:colcon.colcon_core.package_identification:_identify(src/gamma_system_bridge_pkg) by extension 'colcon_meta'
[0.385s] Level 1:colcon.colcon_core.package_identification:_identify(src/gamma_system_bridge_pkg) by extensions ['ros']
[0.385s] Level 1:colcon.colcon_core.package_identification:_identify(src/gamma_system_bridge_pkg) by extension 'ros'
[0.388s] DEBUG:colcon.colcon_core.package_identification:Package 'src/gamma_system_bridge_pkg' with type 'ros.ament_python' and name 'gamma_system_bridge_pkg'
[0.388s] Level 1:colcon.colcon_core.package_identification:_identify(src/gamma_system_controller_pkg) by extensions ['ignore', 'ignore_ament_install']
[0.388s] Level 1:colcon.colcon_core.package_identification:_identify(src/gamma_system_controller_pkg) by extension 'ignore'
[0.388s] Level 1:colcon.colcon_core.package_identification:_identify(src/gamma_system_controller_pkg) by extension 'ignore_ament_install'
[0.388s] Level 1:colcon.colcon_core.package_identification:_identify(src/gamma_system_controller_pkg) by extensions ['colcon_pkg']
[0.388s] Level 1:colcon.colcon_core.package_identification:_identify(src/gamma_system_controller_pkg) by extension 'colcon_pkg'
[0.388s] Level 1:colcon.colcon_core.package_identification:_identify(src/gamma_system_controller_pkg) by extensions ['colcon_meta']
[0.389s] Level 1:colcon.colcon_core.package_identification:_identify(src/gamma_system_controller_pkg) by extension 'colcon_meta'
[0.389s] Level 1:colcon.colcon_core.package_identification:_identify(src/gamma_system_controller_pkg) by extensions ['ros']
[0.389s] Level 1:colcon.colcon_core.package_identification:_identify(src/gamma_system_controller_pkg) by extension 'ros'
[0.389s] DEBUG:colcon.colcon_core.package_identification:Package 'src/gamma_system_controller_pkg' with type 'ros.ament_python' and name 'gamma_system_controller_pkg'
[0.389s] Level 1:colcon.colcon_core.package_identification:_identify(src/sfr_coursework2_interface_package) by extensions ['ignore', 'ignore_ament_install']
[0.390s] Level 1:colcon.colcon_core.package_identification:_identify(src/sfr_coursework2_interface_package) by extension 'ignore'
[0.390s] Level 1:colcon.colcon_core.package_identification:_identify(src/sfr_coursework2_interface_package) by extension 'ignore_ament_install'
[0.390s] Level 1:colcon.colcon_core.package_identification:_identify(src/sfr_coursework2_interface_package) by extensions ['colcon_pkg']
[0.390s] Level 1:colcon.colcon_core.package_identification:_identify(src/sfr_coursework2_interface_package) by extension 'colcon_pkg'
[0.390s] Level 1:colcon.colcon_core.package_identification:_identify(src/sfr_coursework2_interface_package) by extensions ['colcon_meta']
[0.390s] Level 1:colcon.colcon_core.package_identification:_identify(src/sfr_coursework2_interface_package) by extension 'colcon_meta'
[0.390s] Level 1:colcon.colcon_core.package_identification:_identify(src/sfr_coursework2_interface_package) by extensions ['ros']
[0.390s] Level 1:colcon.colcon_core.package_identification:_identify(src/sfr_coursework2_interface_package) by extension 'ros'
[0.391s] DEBUG:colcon.colcon_core.package_identification:Package 'src/sfr_coursework2_interface_package' with type 'ros.ament_cmake' and name 'sfr_coursework2_interface_package'
[0.391s] Level 1:colcon.colcon_core.package_discovery:discover_packages(recursive) using defaults
[0.391s] Level 1:colcon.colcon_core.package_discovery:discover_packages(ignore) discover
[0.391s] Level 1:colcon.colcon_core.package_discovery:discover_packages(ignore) using defaults
[0.391s] Level 1:colcon.colcon_core.package_discovery:discover_packages(path) discover
[0.391s] Level 1:colcon.colcon_core.package_discovery:discover_packages(path) using defaults
[0.420s] Level 1:colcon.colcon_core.package_discovery:discover_packages(prefix_path) check parameters
[0.420s] Level 1:colcon.colcon_core.package_discovery:discover_packages(prefix_path) discover
[0.423s] DEBUG:colcon.colcon_installed_package_information.package_discovery:Found 3 installed packages in /home/student48/assessments/coursework2/install
[0.424s] DEBUG:colcon.colcon_installed_package_information.package_discovery:Found 26 installed packages in /home/student48/ros2_tutorial_workspace/install
[0.425s] DEBUG:colcon.colcon_installed_package_information.package_discovery:Found 2 installed packages in /home/student48/assessments/week4/src/install
[0.428s] DEBUG:colcon.colcon_installed_package_information.package_discovery:Found 386 installed packages in /opt/ros/jazzy
[0.430s] Level 1:colcon.colcon_core.package_discovery:discover_packages(prefix_path) using defaults
[0.497s] Level 5:colcon.colcon_core.verb:set package 'gamma_system_bridge_pkg' build argument 'cmake_args' from command line to 'None'
[0.498s] Level 5:colcon.colcon_core.verb:set package 'gamma_system_bridge_pkg' build argument 'cmake_target' from command line to 'None'
[0.498s] Level 5:colcon.colcon_core.verb:set package 'gamma_system_bridge_pkg' build argument 'cmake_target_skip_unavailable' from command line to 'False'
[0.498s] Level 5:colcon.colcon_core.verb:set package 'gamma_system_bridge_pkg' build argument 'cmake_clean_cache' from command line to 'False'
[0.498s] Level 5:colcon.colcon_core.verb:set package 'gamma_system_bridge_pkg' build argument 'cmake_clean_first' from command line to 'False'
[0.498s] Level 5:colcon.colcon_core.verb:set package 'gamma_system_bridge_pkg' build argument 'cmake_force_configure' from command line to 'False'
[0.498s] Level 5:colcon.colcon_core.verb:set package 'gamma_system_bridge_pkg' build argument 'ament_cmake_args' from command line to 'None'
[0.498s] Level 5:colcon.colcon_core.verb:set package 'gamma_system_bridge_pkg' build argument 'catkin_cmake_args' from command line to 'None'
[0.498s] Level 5:colcon.colcon_core.verb:set package 'gamma_system_bridge_pkg' build argument 'catkin_skip_building_tests' from command line to 'False'
[0.498s] DEBUG:colcon.colcon_core.verb:Building package 'gamma_system_bridge_pkg' with the following arguments: {'ament_cmake_args': None, 'build_base': '/home/student48/assessments/coursework2/build/gamma_system_bridge_pkg', 'catkin_cmake_args': None, 'catkin_skip_building_tests': False, 'cmake_args': None, 'cmake_clean_cache': False, 'cmake_clean_first': False, 'cmake_force_configure': False, 'cmake_target': None, 'cmake_target_skip_unavailable': False, 'install_base': '/home/student48/assessments/coursework2/install/gamma_system_bridge_pkg', 'merge_install': False, 'path': '/home/student48/assessments/coursework2/src/gamma_system_bridge_pkg', 'symlink_install': False, 'test_result_base': None}
[0.498s] Level 5:colcon.colcon_core.verb:set package 'gamma_system_controller_pkg' build argument 'cmake_args' from command line to 'None'
[0.498s] Level 5:colcon.colcon_core.verb:set package 'gamma_system_controller_pkg' build argument 'cmake_target' from command line to 'None'
[0.499s] Level 5:colcon.colcon_core.verb:set package 'gamma_system_controller_pkg' build argument 'cmake_target_skip_unavailable' from command line to 'False'
[0.499s] Level 5:colcon.colcon_core.verb:set package 'gamma_system_controller_pkg' build argument 'cmake_clean_cache' from command line to 'False'
[0.499s] Level 5:colcon.colcon_core.verb:set package 'gamma_system_controller_pkg' build argument 'cmake_clean_first' from command line to 'False'
[0.499s] Level 5:colcon.colcon_core.verb:set package 'gamma_system_controller_pkg' build argument 'cmake_force_configure' from command line to 'False'
[0.499s] Level 5:colcon.colcon_core.verb:set package 'gamma_system_controller_pkg' build argument 'ament_cmake_args' from command line to 'None'
[0.499s] Level 5:colcon.colcon_core.verb:set package 'gamma_system_controller_pkg' build argument 'catkin_cmake_args' from command line to 'None'
[0.499s] Level 5:colcon.colcon_core.verb:set package 'gamma_system_controller_pkg' build argument 'catkin_skip_building_tests' from command line to 'False'
[0.499s] DEBUG:colcon.colcon_core.verb:Building package 'gamma_system_controller_pkg' with the following arguments: {'ament_cmake_args': None, 'build_base': '/home/student48/assessments/coursework2/build/gamma_system_controller_pkg', 'catkin_cmake_args': None, 'catkin_skip_building_tests': False, 'cmake_args': None, 'cmake_clean_cache': False, 'cmake_clean_first': False, 'cmake_force_configure': False, 'cmake_target': None, 'cmake_target_skip_unavailable': False, 'install_base': '/home/student48/assessments/coursework2/install/gamma_system_controller_pkg', 'merge_install': False, 'path': '/home/student48/assessments/coursework2/src/gamma_system_controller_pkg', 'symlink_install': False, 'test_result_base': None}
[0.499s] Level 5:colcon.colcon_core.verb:set package 'sfr_coursework2_interface_package' build argument 'cmake_args' from command line to 'None'
[0.499s] Level 5:colcon.colcon_core.verb:set package 'sfr_coursework2_interface_package' build argument 'cmake_target' from command line to 'None'
[0.499s] Level 5:colcon.colcon_core.verb:set package 'sfr_coursework2_interface_package' build argument 'cmake_target_skip_unavailable' from command line to 'False'
[0.499s] Level 5:colcon.colcon_core.verb:set package 'sfr_coursework2_interface_package' build argument 'cmake_clean_cache' from command line to 'False'
[0.499s] Level 5:colcon.colcon_core.verb:set package 'sfr_coursework2_interface_package' build argument 'cmake_clean_first' from command line to 'False'
[0.499s] Level 5:colcon.colcon_core.verb:set package 'sfr_coursework2_interface_package' build argument 'cmake_force_configure' from command line to 'False'
[0.499s] Level 5:colcon.colcon_core.verb:set package 'sfr_coursework2_interface_package' build argument 'ament_cmake_args' from command line to 'None'
[0.499s] Level 5:colcon.colcon_core.verb:set package 'sfr_coursework2_interface_package' build argument 'catkin_cmake_args' from command line to 'None'
[0.499s] Level 5:colcon.colcon_core.verb:set package 'sfr_coursework2_interface_package' build argument 'catkin_skip_building_tests' from command line to 'False'
[0.499s] DEBUG:colcon.colcon_core.verb:Building package 'sfr_coursework2_interface_package' with the following arguments: {'ament_cmake_args': None, 'build_base': '/home/student48/assessments/coursework2/build/sfr_coursework2_interface_package', 'catkin_cmake_args': None, 'catkin_skip_building_tests': False, 'cmake_args': None, 'cmake_clean_cache': False, 'cmake_clean_first': False, 'cmake_force_configure': False, 'cmake_target': None, 'cmake_target_skip_unavailable': False, 'install_base': '/home/student48/assessments/coursework2/install/sfr_coursework2_interface_package', 'merge_install': False, 'path': '/home/student48/assessments/coursework2/src/sfr_coursework2_interface_package', 'symlink_install': False, 'test_result_base': None}
[0.499s] INFO:colcon.colcon_core.executor:Executing jobs using 'parallel' executor
[0.501s] DEBUG:colcon.colcon_parallel_executor.executor.parallel:run_until_complete
[0.502s] INFO:colcon.colcon_ros.task.ament_python.build:Building ROS package in '/home/student48/assessments/coursework2/src/gamma_system_bridge_pkg' with build type 'ament_python'
[0.502s] Level 1:colcon.colcon_core.shell:create_environment_hook('gamma_system_bridge_pkg', 'ament_prefix_path')
[0.510s] INFO:colcon.colcon_core.plugin_system:Skipping extension 'colcon_core.shell.bat': Not used on non-Windows systems
[0.510s] INFO:colcon.colcon_core.shell:Creating environment hook '/home/student48/assessments/coursework2/install/gamma_system_bridge_pkg/share/gamma_system_bridge_pkg/hook/ament_prefix_path.ps1'
[0.512s] INFO:colcon.colcon_core.shell:Creating environment descriptor '/home/student48/assessments/coursework2/install/gamma_system_bridge_pkg/share/gamma_system_bridge_pkg/hook/ament_prefix_path.dsv'
[0.513s] INFO:colcon.colcon_core.shell:Creating environment hook '/home/student48/assessments/coursework2/install/gamma_system_bridge_pkg/share/gamma_system_bridge_pkg/hook/ament_prefix_path.sh'
[0.515s] INFO:colcon.colcon_core.shell:Skip shell extension 'powershell' for command environment: Not usable outside of PowerShell
[0.516s] DEBUG:colcon.colcon_core.shell:Skip shell extension 'dsv' for command environment
[0.530s] INFO:colcon.colcon_ros.task.ament_python.build:Building ROS package in '/home/student48/assessments/coursework2/src/gamma_system_controller_pkg' with build type 'ament_python'
[0.531s] Level 1:colcon.colcon_core.shell:create_environment_hook('gamma_system_controller_pkg', 'ament_prefix_path')
[0.531s] INFO:colcon.colcon_core.shell:Creating environment hook '/home/student48/assessments/coursework2/install/gamma_system_controller_pkg/share/gamma_system_controller_pkg/hook/ament_prefix_path.ps1'
[0.533s] INFO:colcon.colcon_core.shell:Creating environment descriptor '/home/student48/assessments/coursework2/install/gamma_system_controller_pkg/share/gamma_system_controller_pkg/hook/ament_prefix_path.dsv'
[0.534s] INFO:colcon.colcon_core.shell:Creating environment hook '/home/student48/assessments/coursework2/install/gamma_system_controller_pkg/share/gamma_system_controller_pkg/hook/ament_prefix_path.sh'
[0.535s] INFO:colcon.colcon_core.shell:Skip shell extension 'powershell' for command environment: Not usable outside of PowerShell
[0.535s] DEBUG:colcon.colcon_core.shell:Skip shell extension 'dsv' for command environment
[0.547s] INFO:colcon.colcon_ros.task.ament_cmake.build:Building ROS package in '/home/student48/assessments/coursework2/src/sfr_coursework2_interface_package' with build type 'ament_cmake'
[0.547s] INFO:colcon.colcon_cmake.task.cmake.build:Building CMake package in '/home/student48/assessments/coursework2/src/sfr_coursework2_interface_package'
[0.548s] INFO:colcon.colcon_core.shell:Skip shell extension 'powershell' for command environment: Not usable outside of PowerShell
[0.549s] DEBUG:colcon.colcon_core.shell:Skip shell extension 'dsv' for command environment
[1.032s] INFO:colcon.colcon_core.task.python.build:Building Python package in '/home/student48/assessments/coursework2/src/gamma_system_bridge_pkg'
[1.032s] INFO:colcon.colcon_core.shell:Skip shell extension 'powershell' for command environment: Not usable outside of PowerShell
[1.032s] DEBUG:colcon.colcon_core.shell:Skip shell extension 'dsv' for command environment
[1.479s] INFO:colcon.colcon_core.task.python.build:Building Python package in '/home/student48/assessments/coursework2/src/gamma_system_controller_pkg'
[1.479s] INFO:colcon.colcon_core.shell:Skip shell extension 'powershell' for command environment: Not usable outside of PowerShell
[1.479s] DEBUG:colcon.colcon_core.shell:Skip shell extension 'dsv' for command environment
[1.502s] DEBUG:colcon.colcon_core.event_handler.log_command:Invoking command in '/home/student48/assessments/coursework2/build/sfr_coursework2_interface_package': CMAKE_PREFIX_PATH=${CMAKE_PREFIX_PATH}:/home/student48/assessments/coursework2/install/gamma_system_controller_pkg:/home/student48/assessments/coursework2/install/gamma_system_bridge_pkg:/home/student48/ros2_tutorial_workspace/install/the_simplest_python_packagee:/home/student48/ros2_tutorial_workspace/install/the_simplest_python_package:/home/student48/ros2_tutorial_workspace/install/python_package_with_a_node:/home/student48/ros2_tutorial_workspace/install/python_package_that_uses_the_library:/home/student48/ros2_tutorial_workspace/install/python_package_with_a_library:/home/student48/ros2_tutorial_workspace/install/python_package_that_uses_the_services:/home/student48/ros2_tutorial_workspace/install/python_package_that_uses_the_messages:/home/student48/ros2_tutorial_workspace/install/python_package_that_uses_the_actions:/home/student48/ros2_tutorial_workspace/install/python_package_that_uses_tf2:/home/student48/ros2_tutorial_workspace/install/python_package_that_uses_parameters_and_launch_files:/home/student48/ros2_tutorial_workspace/install/python_package_that_uses_nav2:/home/student48/ros2_tutorial_workspace/install/python_package_that_uses_geometry_msgs:/home/student48/ros2_tutorial_workspace/install/python_package_that_uses_gazebo:/home/student48/ros2_tutorial_workspace/install/my_package:/home/student48/ros2_tutorial_workspace/install/custom_tf_package:/home/student48/ros2_tutorial_workspace/install/custom_tf_broadcaster_package:/home/student48/ros2_tutorial_workspace/install/custom_subscriber_package:/home/student48/ros2_tutorial_workspace/install/custom_server_package:/home/student48/ros2_tutorial_workspace/install/custom_publisher_package:/home/student48/ros2_tutorial_workspace/install/custom_package_with_node:/home/student48/ros2_tutorial_workspace/install/custom_package_with_library:/home/student48/ros2_tutorial_workspace/install/custom_client_package:/home/student48/ros2_tutorial_workspace/install/custom_action_server_package:/home/student48/ros2_tutorial_workspace/install/custom_action_client_package:/home/student48/ros2_tutorial_workspace/install/another_package:/home/student48/assessments/week4/src/install/volkswagen:/home/student48/assessments/week4/src/install/building:/opt/ros/jazzy DEBUGINFOD_URLS=https://debuginfod.ubuntu.com /usr/bin/cmake --build /home/student48/assessments/coursework2/build/sfr_coursework2_interface_package -- -j12 -l12
[2.788s] DEBUG:colcon.colcon_core.event_handler.log_command:Invoked command in '/home/student48/assessments/coursework2/build/sfr_coursework2_interface_package' returned '0': CMAKE_PREFIX_PATH=${CMAKE_PREFIX_PATH}:/home/student48/assessments/coursework2/install/gamma_system_controller_pkg:/home/student48/assessments/coursework2/install/gamma_system_bridge_pkg:/home/student48/ros2_tutorial_workspace/install/the_simplest_python_packagee:/home/student48/ros2_tutorial_workspace/install/the_simplest_python_package:/home/student48/ros2_tutorial_workspace/install/python_package_with_a_node:/home/student48/ros2_tutorial_workspace/install/python_package_that_uses_the_library:/home/student48/ros2_tutorial_workspace/install/python_package_with_a_library:/home/student48/ros2_tutorial_workspace/install/python_package_that_uses_the_services:/home/student48/ros2_tutorial_workspace/install/python_package_that_uses_the_messages:/home/student48/ros2_tutorial_workspace/install/python_package_that_uses_the_actions:/home/student48/ros2_tutorial_workspace/install/python_package_that_uses_tf2:/home/student48/ros2_tutorial_workspace/install/python_package_that_uses_parameters_and_launch_files:/home/student48/ros2_tutorial_workspace/install/python_package_that_uses_nav2:/home/student48/ros2_tutorial_workspace/install/python_package_that_uses_geometry_msgs:/home/student48/ros2_tutorial_workspace/install/python_package_that_uses_gazebo:/home/student48/ros2_tutorial_workspace/install/my_package:/home/student48/ros2_tutorial_workspace/install/custom_tf_package:/home/student48/ros2_tutorial_workspace/install/custom_tf_broadcaster_package:/home/student48/ros2_tutorial_workspace/install/custom_subscriber_package:/home/student48/ros2_tutorial_workspace/install/custom_server_package:/home/student48/ros2_tutorial_workspace/install/custom_publisher_package:/home/student48/ros2_tutorial_workspace/install/custom_package_with_node:/home/student48/ros2_tutorial_workspace/install/custom_package_with_library:/home/student48/ros2_tutorial_workspace/install/custom_client_package:/home/student48/ros2_tutorial_workspace/install/custom_action_server_package:/home/student48/ros2_tutorial_workspace/install/custom_action_client_package:/home/student48/ros2_tutorial_workspace/install/another_package:/home/student48/assessments/week4/src/install/volkswagen:/home/student48/assessments/week4/src/install/building:/opt/ros/jazzy DEBUGINFOD_URLS=https://debuginfod.ubuntu.com /usr/bin/cmake --build /home/student48/assessments/coursework2/build/sfr_coursework2_interface_package -- -j12 -l12
[2.824s] DEBUG:colcon.colcon_core.event_handler.log_command:Invoking command in '/home/student48/assessments/coursework2/build/sfr_coursework2_interface_package': CMAKE_PREFIX_PATH=${CMAKE_PREFIX_PATH}:/home/student48/assessments/coursework2/install/gamma_system_controller_pkg:/home/student48/assessments/coursework2/install/gamma_system_bridge_pkg:/home/student48/ros2_tutorial_workspace/install/the_simplest_python_packagee:/home/student48/ros2_tutorial_workspace/install/the_simplest_python_package:/home/student48/ros2_tutorial_workspace/install/python_package_with_a_node:/home/student48/ros2_tutorial_workspace/install/python_package_that_uses_the_library:/home/student48/ros2_tutorial_workspace/install/python_package_with_a_library:/home/student48/ros2_tutorial_workspace/install/python_package_that_uses_the_services:/home/student48/ros2_tutorial_workspace/install/python_package_that_uses_the_messages:/home/student48/ros2_tutorial_workspace/install/python_package_that_uses_the_actions:/home/student48/ros2_tutorial_workspace/install/python_package_that_uses_tf2:/home/student48/ros2_tutorial_workspace/install/python_package_that_uses_parameters_and_launch_files:/home/student48/ros2_tutorial_workspace/install/python_package_that_uses_nav2:/home/student48/ros2_tutorial_workspace/install/python_package_that_uses_geometry_msgs:/home/student48/ros2_tutorial_workspace/install/python_package_that_uses_gazebo:/home/student48/ros2_tutorial_workspace/install/my_package:/home/student48/ros2_tutorial_workspace/install/custom_tf_package:/home/student48/ros2_tutorial_workspace/install/custom_tf_broadcaster_package:/home/student48/ros2_tutorial_workspace/install/custom_subscriber_package:/home/student48/ros2_tutorial_workspace/install/custom_server_package:/home/student48/ros2_tutorial_workspace/install/custom_publisher_package:/home/student48/ros2_tutorial_workspace/install/custom_package_with_node:/home/student48/ros2_tutorial_workspace/install/custom_package_with_library:/home/student48/ros2_tutorial_workspace/install/custom_client_package:/home/student48/ros2_tutorial_workspace/install/custom_action_server_package:/home/student48/ros2_tutorial_workspace/install/custom_action_client_package:/home/student48/ros2_tutorial_workspace/install/another_package:/home/student48/assessments/week4/src/install/volkswagen:/home/student48/assessments/week4/src/install/building:/opt/ros/jazzy DEBUGINFOD_URLS=https://debuginfod.ubuntu.com /usr/bin/cmake --install /home/student48/assessments/coursework2/build/sfr_coursework2_interface_package
[2.973s] Level 1:colcon.colcon_core.environment:create_environment_scripts_only(sfr_coursework2_interface_package)
[2.975s] DEBUG:colcon.colcon_core.event_handler.log_command:Invoked command in '/home/student48/assessments/coursework2/build/sfr_coursework2_interface_package' returned '0': CMAKE_PREFIX_PATH=${CMAKE_PREFIX_PATH}:/home/student48/assessments/coursework2/install/gamma_system_controller_pkg:/home/student48/assessments/coursework2/install/gamma_system_bridge_pkg:/home/student48/ros2_tutorial_workspace/install/the_simplest_python_packagee:/home/student48/ros2_tutorial_workspace/install/the_simplest_python_package:/home/student48/ros2_tutorial_workspace/install/python_package_with_a_node:/home/student48/ros2_tutorial_workspace/install/python_package_that_uses_the_library:/home/student48/ros2_tutorial_workspace/install/python_package_with_a_library:/home/student48/ros2_tutorial_workspace/install/python_package_that_uses_the_services:/home/student48/ros2_tutorial_workspace/install/python_package_that_uses_the_messages:/home/student48/ros2_tutorial_workspace/install/python_package_that_uses_the_actions:/home/student48/ros2_tutorial_workspace/install/python_package_that_uses_tf2:/home/student48/ros2_tutorial_workspace/install/python_package_that_uses_parameters_and_launch_files:/home/student48/ros2_tutorial_workspace/install/python_package_that_uses_nav2:/home/student48/ros2_tutorial_workspace/install/python_package_that_uses_geometry_msgs:/home/student48/ros2_tutorial_workspace/install/python_package_that_uses_gazebo:/home/student48/ros2_tutorial_workspace/install/my_package:/home/student48/ros2_tutorial_workspace/install/custom_tf_package:/home/student48/ros2_tutorial_workspace/install/custom_tf_broadcaster_package:/home/student48/ros2_tutorial_workspace/install/custom_subscriber_package:/home/student48/ros2_tutorial_workspace/install/custom_server_package:/home/student48/ros2_tutorial_workspace/install/custom_publisher_package:/home/student48/ros2_tutorial_workspace/install/custom_package_with_node:/home/student48/ros2_tutorial_workspace/install/custom_package_with_library:/home/student48/ros2_tutorial_workspace/install/custom_client_package:/home/student48/ros2_tutorial_workspace/install/custom_action_server_package:/home/student48/ros2_tutorial_workspace/install/custom_action_client_package:/home/student48/ros2_tutorial_workspace/install/another_package:/home/student48/assessments/week4/src/install/volkswagen:/home/student48/assessments/week4/src/install/building:/opt/ros/jazzy DEBUGINFOD_URLS=https://debuginfod.ubuntu.com /usr/bin/cmake --install /home/student48/assessments/coursework2/build/sfr_coursework2_interface_package
[2.978s] Level 1:colcon.colcon_core.environment:checking '/home/student48/assessments/coursework2/install/sfr_coursework2_interface_package' for CMake module files
[2.979s] Level 1:colcon.colcon_core.environment:checking '/home/student48/assessments/coursework2/install/sfr_coursework2_interface_package' for CMake config files
[2.980s] Level 1:colcon.colcon_core.shell:create_environment_hook('sfr_coursework2_interface_package', 'cmake_prefix_path')
[2.981s] INFO:colcon.colcon_core.shell:Creating environment hook '/home/student48/assessments/coursework2/install/sfr_coursework2_interface_package/share/sfr_coursework2_interface_package/hook/cmake_prefix_path.ps1'
[2.982s] INFO:colcon.colcon_core.shell:Creating environment descriptor '/home/student48/assessments/coursework2/install/sfr_coursework2_interface_package/share/sfr_coursework2_interface_package/hook/cmake_prefix_path.dsv'
[2.982s] INFO:colcon.colcon_core.shell:Creating environment hook '/home/student48/assessments/coursework2/install/sfr_coursework2_interface_package/share/sfr_coursework2_interface_package/hook/cmake_prefix_path.sh'
[2.984s] Level 1:colcon.colcon_core.environment:checking '/home/student48/assessments/coursework2/install/sfr_coursework2_interface_package/lib'
[2.984s] Level 1:colcon.colcon_core.shell:create_environment_hook('sfr_coursework2_interface_package', 'ld_library_path_lib')
[2.984s] INFO:colcon.colcon_core.shell:Creating environment hook '/home/student48/assessments/coursework2/install/sfr_coursework2_interface_package/share/sfr_coursework2_interface_package/hook/ld_library_path_lib.ps1'
[2.985s] INFO:colcon.colcon_core.shell:Creating environment descriptor '/home/student48/assessments/coursework2/install/sfr_coursework2_interface_package/share/sfr_coursework2_interface_package/hook/ld_library_path_lib.dsv'
[2.986s] INFO:colcon.colcon_core.shell:Creating environment hook '/home/student48/assessments/coursework2/install/sfr_coursework2_interface_package/share/sfr_coursework2_interface_package/hook/ld_library_path_lib.sh'
[2.987s] Level 1:colcon.colcon_core.environment:checking '/home/student48/assessments/coursework2/install/sfr_coursework2_interface_package/bin'
[2.987s] Level 1:colcon.colcon_core.environment:checking '/home/student48/assessments/coursework2/install/sfr_coursework2_interface_package/lib/pkgconfig/sfr_coursework2_interface_package.pc'
[2.987s] Level 1:colcon.colcon_core.environment:checking '/home/student48/assessments/coursework2/install/sfr_coursework2_interface_package/lib/python3.12/site-packages'
[2.988s] Level 1:colcon.colcon_core.shell:create_environment_hook('sfr_coursework2_interface_package', 'pythonpath')
[2.988s] INFO:colcon.colcon_core.shell:Creating environment hook '/home/student48/assessments/coursework2/install/sfr_coursework2_interface_package/share/sfr_coursework2_interface_package/hook/pythonpath.ps1'
[2.989s] INFO:colcon.colcon_core.shell:Creating environment descriptor '/home/student48/assessments/coursework2/install/sfr_coursework2_interface_package/share/sfr_coursework2_interface_package/hook/pythonpath.dsv'
[2.990s] INFO:colcon.colcon_core.shell:Creating environment hook '/home/student48/assessments/coursework2/install/sfr_coursework2_interface_package/share/sfr_coursework2_interface_package/hook/pythonpath.sh'
[2.992s] Level 1:colcon.colcon_core.environment:checking '/home/student48/assessments/coursework2/install/sfr_coursework2_interface_package/bin'
[2.993s] INFO:colcon.colcon_core.shell:Creating package script '/home/student48/assessments/coursework2/install/sfr_coursework2_interface_package/share/sfr_coursework2_interface_package/package.ps1'
[2.995s] INFO:colcon.colcon_core.shell:Creating package descriptor '/home/student48/assessments/coursework2/install/sfr_coursework2_interface_package/share/sfr_coursework2_interface_package/package.dsv'
[2.996s] INFO:colcon.colcon_core.shell:Creating package script '/home/student48/assessments/coursework2/install/sfr_coursework2_interface_package/share/sfr_coursework2_interface_package/package.sh'
[3.001s] INFO:colcon.colcon_core.shell:Creating package script '/home/student48/assessments/coursework2/install/sfr_coursework2_interface_package/share/sfr_coursework2_interface_package/package.bash'
[3.006s] INFO:colcon.colcon_core.shell:Creating package script '/home/student48/assessments/coursework2/install/sfr_coursework2_interface_package/share/sfr_coursework2_interface_package/package.zsh'
[3.011s] Level 1:colcon.colcon_core.environment:create_file_with_runtime_dependencies(/home/student48/assessments/coursework2/install/sfr_coursework2_interface_package/share/colcon-core/packages/sfr_coursework2_interface_package)
[3.015s] Level 1:colcon.colcon_core.environment:create_environment_scripts_only(sfr_coursework2_interface_package)
[3.015s] Level 1:colcon.colcon_core.environment:checking '/home/student48/assessments/coursework2/install/sfr_coursework2_interface_package' for CMake module files
[3.018s] Level 1:colcon.colcon_core.environment:checking '/home/student48/assessments/coursework2/install/sfr_coursework2_interface_package' for CMake config files
[3.021s] Level 1:colcon.colcon_core.shell:create_environment_hook('sfr_coursework2_interface_package', 'cmake_prefix_path')
[3.022s] INFO:colcon.colcon_core.shell:Creating environment hook '/home/student48/assessments/coursework2/install/sfr_coursework2_interface_package/share/sfr_coursework2_interface_package/hook/cmake_prefix_path.ps1'
[3.024s] INFO:colcon.colcon_core.shell:Creating environment descriptor '/home/student48/assessments/coursework2/install/sfr_coursework2_interface_package/share/sfr_coursework2_interface_package/hook/cmake_prefix_path.dsv'
[3.027s] INFO:colcon.colcon_core.shell:Creating environment hook '/home/student48/assessments/coursework2/install/sfr_coursework2_interface_package/share/sfr_coursework2_interface_package/hook/cmake_prefix_path.sh'
[3.030s] Level 1:colcon.colcon_core.environment:checking '/home/student48/assessments/coursework2/install/sfr_coursework2_interface_package/lib'
[3.030s] Level 1:colcon.colcon_core.shell:create_environment_hook('sfr_coursework2_interface_package', 'ld_library_path_lib')
[3.030s] INFO:colcon.colcon_core.shell:Creating environment hook '/home/student48/assessments/coursework2/install/sfr_coursework2_interface_package/share/sfr_coursework2_interface_package/hook/ld_library_path_lib.ps1'
[3.031s] INFO:colcon.colcon_core.shell:Creating environment descriptor '/home/student48/assessments/coursework2/install/sfr_coursework2_interface_package/share/sfr_coursework2_interface_package/hook/ld_library_path_lib.dsv'
[3.031s] INFO:colcon.colcon_core.shell:Creating environment hook '/home/student48/assessments/coursework2/install/sfr_coursework2_interface_package/share/sfr_coursework2_interface_package/hook/ld_library_path_lib.sh'
[3.032s] Level 1:colcon.colcon_core.environment:checking '/home/student48/assessments/coursework2/install/sfr_coursework2_interface_package/bin'
[3.032s] Level 1:colcon.colcon_core.environment:checking '/home/student48/assessments/coursework2/install/sfr_coursework2_interface_package/lib/pkgconfig/sfr_coursework2_interface_package.pc'
[3.032s] Level 1:colcon.colcon_core.environment:checking '/home/student48/assessments/coursework2/install/sfr_coursework2_interface_package/lib/python3.12/site-packages'
[3.033s] Level 1:colcon.colcon_core.shell:create_environment_hook('sfr_coursework2_interface_package', 'pythonpath')
[3.033s] INFO:colcon.colcon_core.shell:Creating environment hook '/home/student48/assessments/coursework2/install/sfr_coursework2_interface_package/share/sfr_coursework2_interface_package/hook/pythonpath.ps1'
[3.033s] INFO:colcon.colcon_core.shell:Creating environment descriptor '/home/student48/assessments/coursework2/install/sfr_coursework2_interface_package/share/sfr_coursework2_interface_package/hook/pythonpath.dsv'
[3.034s] INFO:colcon.colcon_core.shell:Creating environment hook '/home/student48/assessments/coursework2/install/sfr_coursework2_interface_package/share/sfr_coursework2_interface_package/hook/pythonpath.sh'
[3.035s] Level 1:colcon.colcon_core.environment:checking '/home/student48/assessments/coursework2/install/sfr_coursework2_interface_package/bin'
[3.036s] INFO:colcon.colcon_core.shell:Creating package script '/home/student48/assessments/coursework2/install/sfr_coursework2_interface_package/share/sfr_coursework2_interface_package/package.ps1'
[3.036s] INFO:colcon.colcon_core.shell:Creating package descriptor '/home/student48/assessments/coursework2/install/sfr_coursework2_interface_package/share/sfr_coursework2_interface_package/package.dsv'
[3.037s] INFO:colcon.colcon_core.shell:Creating package script '/home/student48/assessments/coursework2/install/sfr_coursework2_interface_package/share/sfr_coursework2_interface_package/package.sh'
[3.038s] INFO:colcon.colcon_core.shell:Creating package script '/home/student48/assessments/coursework2/install/sfr_coursework2_interface_package/share/sfr_coursework2_interface_package/package.bash'
[3.038s] INFO:colcon.colcon_core.shell:Creating package script '/home/student48/assessments/coursework2/install/sfr_coursework2_interface_package/share/sfr_coursework2_interface_package/package.zsh'
[3.039s] Level 1:colcon.colcon_core.environment:create_file_with_runtime_dependencies(/home/student48/assessments/coursework2/install/sfr_coursework2_interface_package/share/colcon-core/packages/sfr_coursework2_interface_package)
[3.763s] DEBUG:colcon.colcon_core.event_handler.log_command:Invoking command in '/home/student48/assessments/coursework2/src/gamma_system_controller_pkg': DEBUGINFOD_URLS=https://debuginfod.ubuntu.com PYTHONPATH=/home/student48/assessments/coursework2/build/gamma_system_controller_pkg/prefix_override:/usr/lib/python3/dist-packages/colcon_core/task/python/colcon_distutils_commands:/home/student48/assessments/coursework2/install/gamma_system_controller_pkg/lib/python3.12/site-packages:${PYTHONPATH} /usr/bin/python3 -W ignore:setup.py install is deprecated -W ignore:easy_install command is deprecated setup.py egg_info --egg-base ../../build/gamma_system_controller_pkg build --build-base /home/student48/assessments/coursework2/build/gamma_system_controller_pkg/build install --record /home/student48/assessments/coursework2/build/gamma_system_controller_pkg/install.log --single-version-externally-managed install_data
[3.950s] DEBUG:colcon.colcon_core.event_handler.log_command:Invoking command in '/home/student48/assessments/coursework2/src/gamma_system_bridge_pkg': DEBUGINFOD_URLS=https://debuginfod.ubuntu.com PYTHONPATH=/home/student48/assessments/coursework2/build/gamma_system_bridge_pkg/prefix_override:/usr/lib/python3/dist-packages/colcon_core/task/python/colcon_distutils_commands:/home/student48/assessments/coursework2/install/gamma_system_bridge_pkg/lib/python3.12/site-packages:${PYTHONPATH} /usr/bin/python3 -W ignore:setup.py install is deprecated -W ignore:easy_install command is deprecated setup.py egg_info --egg-base ../../build/gamma_system_bridge_pkg build --build-base /home/student48/assessments/coursework2/build/gamma_system_bridge_pkg/build install --record /home/student48/assessments/coursework2/build/gamma_system_bridge_pkg/install.log --single-version-externally-managed install_data
[5.101s] Level 1:colcon.colcon_core.environment:checking '/home/student48/assessments/coursework2/install/gamma_system_controller_pkg' for CMake module files
[5.102s] Level 1:colcon.colcon_core.environment:checking '/home/student48/assessments/coursework2/install/gamma_system_controller_pkg' for CMake config files
[5.102s] DEBUG:colcon.colcon_core.event_handler.log_command:Invoked command in '/home/student48/assessments/coursework2/src/gamma_system_controller_pkg' returned '0': DEBUGINFOD_URLS=https://debuginfod.ubuntu.com PYTHONPATH=/home/student48/assessments/coursework2/build/gamma_system_controller_pkg/prefix_override:/usr/lib/python3/dist-packages/colcon_core/task/python/colcon_distutils_commands:/home/student48/assessments/coursework2/install/gamma_system_controller_pkg/lib/python3.12/site-packages:${PYTHONPATH} /usr/bin/python3 -W ignore:setup.py install is deprecated -W ignore:easy_install command is deprecated setup.py egg_info --egg-base ../../build/gamma_system_controller_pkg build --build-base /home/student48/assessments/coursework2/build/gamma_system_controller_pkg/build install --record /home/student48/assessments/coursework2/build/gamma_system_controller_pkg/install.log --single-version-externally-managed install_data
[5.104s] Level 1:colcon.colcon_core.environment:checking '/home/student48/assessments/coursework2/install/gamma_system_controller_pkg/lib'
[5.104s] Level 1:colcon.colcon_core.environment:checking '/home/student48/assessments/coursework2/install/gamma_system_controller_pkg/bin'
[5.104s] Level 1:colcon.colcon_core.environment:checking '/home/student48/assessments/coursework2/install/gamma_system_controller_pkg/lib/pkgconfig/gamma_system_controller_pkg.pc'
[5.105s] Level 1:colcon.colcon_core.environment:checking '/home/student48/assessments/coursework2/install/gamma_system_controller_pkg/lib/python3.12/site-packages'
[5.106s] Level 1:colcon.colcon_core.shell:create_environment_hook('gamma_system_controller_pkg', 'pythonpath')
[5.106s] INFO:colcon.colcon_core.shell:Creating environment hook '/home/student48/assessments/coursework2/install/gamma_system_controller_pkg/share/gamma_system_controller_pkg/hook/pythonpath.ps1'
[5.107s] INFO:colcon.colcon_core.shell:Creating environment descriptor '/home/student48/assessments/coursework2/install/gamma_system_controller_pkg/share/gamma_system_controller_pkg/hook/pythonpath.dsv'
[5.108s] INFO:colcon.colcon_core.shell:Creating environment hook '/home/student48/assessments/coursework2/install/gamma_system_controller_pkg/share/gamma_system_controller_pkg/hook/pythonpath.sh'
[5.110s] Level 1:colcon.colcon_core.environment:checking '/home/student48/assessments/coursework2/install/gamma_system_controller_pkg/bin'
[5.110s] Level 1:colcon.colcon_core.environment:create_environment_scripts_only(gamma_system_controller_pkg)
[5.111s] INFO:colcon.colcon_core.shell:Creating package script '/home/student48/assessments/coursework2/install/gamma_system_controller_pkg/share/gamma_system_controller_pkg/package.ps1'
[5.112s] INFO:colcon.colcon_core.shell:Creating package descriptor '/home/student48/assessments/coursework2/install/gamma_system_controller_pkg/share/gamma_system_controller_pkg/package.dsv'
[5.114s] INFO:colcon.colcon_core.shell:Creating package script '/home/student48/assessments/coursework2/install/gamma_system_controller_pkg/share/gamma_system_controller_pkg/package.sh'
[5.115s] INFO:colcon.colcon_core.shell:Creating package script '/home/student48/assessments/coursework2/install/gamma_system_controller_pkg/share/gamma_system_controller_pkg/package.bash'
[5.117s] INFO:colcon.colcon_core.shell:Creating package script '/home/student48/assessments/coursework2/install/gamma_system_controller_pkg/share/gamma_system_controller_pkg/package.zsh'
[5.118s] Level 1:colcon.colcon_core.environment:create_file_with_runtime_dependencies(/home/student48/assessments/coursework2/install/gamma_system_controller_pkg/share/colcon-core/packages/gamma_system_controller_pkg)
[5.222s] Level 1:colcon.colcon_core.environment:checking '/home/student48/assessments/coursework2/install/gamma_system_bridge_pkg' for CMake module files
[5.223s] DEBUG:colcon.colcon_core.event_handler.log_command:Invoked command in '/home/student48/assessments/coursework2/src/gamma_system_bridge_pkg' returned '0': DEBUGINFOD_URLS=https://debuginfod.ubuntu.com PYTHONPATH=/home/student48/assessments/coursework2/build/gamma_system_bridge_pkg/prefix_override:/usr/lib/python3/dist-packages/colcon_core/task/python/colcon_distutils_commands:/home/student48/assessments/coursework2/install/gamma_system_bridge_pkg/lib/python3.12/site-packages:${PYTHONPATH} /usr/bin/python3 -W ignore:setup.py install is deprecated -W ignore:easy_install command is deprecated setup.py egg_info --egg-base ../../build/gamma_system_bridge_pkg build --build-base /home/student48/assessments/coursework2/build/gamma_system_bridge_pkg/build install --record /home/student48/assessments/coursework2/build/gamma_system_bridge_pkg/install.log --single-version-externally-managed install_data
[5.225s] Level 1:colcon.colcon_core.environment:checking '/home/student48/assessments/coursework2/install/gamma_system_bridge_pkg' for CMake config files
[5.226s] Level 1:colcon.colcon_core.environment:checking '/home/student48/assessments/coursework2/install/gamma_system_bridge_pkg/lib'
[5.226s] Level 1:colcon.colcon_core.environment:checking '/home/student48/assessments/coursework2/install/gamma_system_bridge_pkg/bin'
[5.226s] Level 1:colcon.colcon_core.environment:checking '/home/student48/assessments/coursework2/install/gamma_system_bridge_pkg/lib/pkgconfig/gamma_system_bridge_pkg.pc'
[5.227s] Level 1:colcon.colcon_core.environment:checking '/home/student48/assessments/coursework2/install/gamma_system_bridge_pkg/lib/python3.12/site-packages'
[5.227s] Level 1:colcon.colcon_core.shell:create_environment_hook('gamma_system_bridge_pkg', 'pythonpath')
[5.228s] INFO:colcon.colcon_core.shell:Creating environment hook '/home/student48/assessments/coursework2/install/gamma_system_bridge_pkg/share/gamma_system_bridge_pkg/hook/pythonpath.ps1'
[5.229s] INFO:colcon.colcon_core.shell:Creating environment descriptor '/home/student48/assessments/coursework2/install/gamma_system_bridge_pkg/share/gamma_system_bridge_pkg/hook/pythonpath.dsv'
[5.230s] INFO:colcon.colcon_core.shell:Creating environment hook '/home/student48/assessments/coursework2/install/gamma_system_bridge_pkg/share/gamma_system_bridge_pkg/hook/pythonpath.sh'
[5.233s] Level 1:colcon.colcon_core.environment:checking '/home/student48/assessments/coursework2/install/gamma_system_bridge_pkg/bin'
[5.234s] Level 1:colcon.colcon_core.environment:create_environment_scripts_only(gamma_system_bridge_pkg)
[5.235s] INFO:colcon.colcon_core.shell:Creating package script '/home/student48/assessments/coursework2/install/gamma_system_bridge_pkg/share/gamma_system_bridge_pkg/package.ps1'
[5.239s] INFO:colcon.colcon_core.shell:Creating package descriptor '/home/student48/assessments/coursework2/install/gamma_system_bridge_pkg/share/gamma_system_bridge_pkg/package.dsv'
[5.241s] INFO:colcon.colcon_core.shell:Creating package script '/home/student48/assessments/coursework2/install/gamma_system_bridge_pkg/share/gamma_system_bridge_pkg/package.sh'
[5.243s] INFO:colcon.colcon_core.shell:Creating package script '/home/student48/assessments/coursework2/install/gamma_system_bridge_pkg/share/gamma_system_bridge_pkg/package.bash'
[5.245s] INFO:colcon.colcon_core.shell:Creating package script '/home/student48/assessments/coursework2/install/gamma_system_bridge_pkg/share/gamma_system_bridge_pkg/package.zsh'
[5.246s] Level 1:colcon.colcon_core.environment:create_file_with_runtime_dependencies(/home/student48/assessments/coursework2/install/gamma_system_bridge_pkg/share/colcon-core/packages/gamma_system_bridge_pkg)
[5.247s] DEBUG:colcon.colcon_parallel_executor.executor.parallel:closing loop
[5.249s] DEBUG:colcon.colcon_parallel_executor.executor.parallel:loop closed
[5.249s] DEBUG:colcon.colcon_parallel_executor.executor.parallel:run_until_complete finished with '0'
[5.250s] DEBUG:colcon.colcon_core.event_reactor:joining thread
[5.269s] INFO:colcon.colcon_core.plugin_system:Skipping extension 'colcon_notification.desktop_notification.terminal_notifier': Not used on non-Darwin systems
[5.269s] INFO:colcon.colcon_core.plugin_system:Skipping extension 'colcon_notification.desktop_notification.win32': Not used on non-Windows systems
[5.269s] INFO:colcon.colcon_notification.desktop_notification:Sending desktop notification using 'notify2'
[5.295s] DEBUG:colcon.colcon_core.event_reactor:joined thread
[5.295s] INFO:colcon.colcon_core.shell:Creating prefix script '/home/student48/assessments/coursework2/install/local_setup.ps1'
[5.298s] INFO:colcon.colcon_core.shell:Creating prefix util module '/home/student48/assessments/coursework2/install/_local_setup_util_ps1.py'
[5.307s] INFO:colcon.colcon_core.shell:Creating prefix chain script '/home/student48/assessments/coursework2/install/setup.ps1'
[5.317s] INFO:colcon.colcon_core.shell:Creating prefix script '/home/student48/assessments/coursework2/install/local_setup.sh'
[5.320s] INFO:colcon.colcon_core.shell:Creating prefix util module '/home/student48/assessments/coursework2/install/_local_setup_util_sh.py'
[5.323s] INFO:colcon.colcon_core.shell:Creating prefix chain script '/home/student48/assessments/coursework2/install/setup.sh'
[5.330s] INFO:colcon.colcon_core.shell:Creating prefix script '/home/student48/assessments/coursework2/install/local_setup.bash'
[5.331s] INFO:colcon.colcon_core.shell:Creating prefix chain script '/home/student48/assessments/coursework2/install/setup.bash'
[5.333s] INFO:colcon.colcon_core.shell:Creating prefix script '/home/student48/assessments/coursework2/install/local_setup.zsh'
[5.333s] INFO:colcon.colcon_core.shell:Creating prefix chain script '/home/student48/assessments/coursework2/install/setup.zsh'
