[0.915s] Invoking command in '/home/student48/assessments/coursework2/build/sfr_coursework2_interface_package': CMAKE_PREFIX_PATH=${CMAKE_PREFIX_PATH}:/home/student48/assessments/coursework2/install/gamma_system_controller_pkg:/home/student48/assessments/coursework2/install/gamma_system_bridge_pkg:/home/student48/ros2_tutorial_workspace/install/the_simplest_python_packagee:/home/student48/ros2_tutorial_workspace/install/the_simplest_python_package:/home/student48/ros2_tutorial_workspace/install/python_package_with_a_node:/home/student48/ros2_tutorial_workspace/install/python_package_that_uses_the_library:/home/student48/ros2_tutorial_workspace/install/python_package_with_a_library:/home/student48/ros2_tutorial_workspace/install/python_package_that_uses_the_services:/home/student48/ros2_tutorial_workspace/install/python_package_that_uses_the_messages:/home/student48/ros2_tutorial_workspace/install/python_package_that_uses_the_actions:/home/student48/ros2_tutorial_workspace/install/python_package_that_uses_tf2:/home/student48/ros2_tutorial_workspace/install/python_package_that_uses_parameters_and_launch_files:/home/student48/ros2_tutorial_workspace/install/python_package_that_uses_nav2:/home/student48/ros2_tutorial_workspace/install/python_package_that_uses_geometry_msgs:/home/student48/ros2_tutorial_workspace/install/python_package_that_uses_gazebo:/home/student48/ros2_tutorial_workspace/install/my_package:/home/student48/ros2_tutorial_workspace/install/custom_tf_package:/home/student48/ros2_tutorial_workspace/install/custom_tf_broadcaster_package:/home/student48/ros2_tutorial_workspace/install/custom_subscriber_package:/home/student48/ros2_tutorial_workspace/install/custom_server_package:/home/student48/ros2_tutorial_workspace/install/custom_publisher_package:/home/student48/ros2_tutorial_workspace/install/custom_package_with_node:/home/student48/ros2_tutorial_workspace/install/custom_package_with_library:/home/student48/ros2_tutorial_workspace/install/custom_client_package:/home/student48/ros2_tutorial_workspace/install/custom_action_server_package:/home/student48/ros2_tutorial_workspace/install/custom_action_client_package:/home/student48/ros2_tutorial_workspace/install/another_package:/home/student48/assessments/week4/src/install/volkswagen:/home/student48/assessments/week4/src/install/building:/opt/ros/jazzy DEBUGINFOD_URLS=https://debuginfod.ubuntu.com /usr/bin/cmake --build /home/student48/assessments/coursework2/build/sfr_coursework2_interface_package -- -j12 -l12
[1.042s] [  2%] Built target sfr_coursework2_interface_package__rosidl_generator_type_description
[1.067s] [  2%] Built target ament_cmake_python_copy_sfr_coursework2_interface_package
[1.098s] [  5%] Built target sfr_coursework2_interface_package__cpp
[1.109s] [ 20%] Built target sfr_coursework2_interface_package__rosidl_generator_c
[1.165s] [ 38%] Built target sfr_coursework2_interface_package__rosidl_typesupport_fastrtps_c
[1.166s] [ 38%] Built target sfr_coursework2_interface_package__rosidl_typesupport_introspection_cpp
[1.167s] [ 47%] Built target sfr_coursework2_interface_package__rosidl_typesupport_introspection_c
[1.173s] [ 55%] Built target sfr_coursework2_interface_package__rosidl_typesupport_fastrtps_cpp
[1.174s] [ 64%] Built target sfr_coursework2_interface_package__rosidl_typesupport_c
[1.188s] [ 73%] Built target sfr_coursework2_interface_package__rosidl_typesupport_cpp
[1.230s] [ 73%] Built target sfr_coursework2_interface_package
[1.281s] [ 76%] Built target sfr_coursework2_interface_package__py
[1.336s] [ 82%] Built target sfr_coursework2_interface_package__rosidl_generator_py
[1.403s] [ 88%] Built target sfr_coursework2_interface_package_s__rosidl_typesupport_c
[1.404s] [ 94%] Built target sfr_coursework2_interface_package_s__rosidl_typesupport_introspection_c
[1.412s] [100%] Built target sfr_coursework2_interface_package_s__rosidl_typesupport_fastrtps_c
[1.780s] running egg_info
[1.833s] writing sfr_coursework2_interface_package.egg-info/PKG-INFO
[1.833s] writing dependency_links to sfr_coursework2_interface_package.egg-info/dependency_links.txt
[1.833s] writing top-level names to sfr_coursework2_interface_package.egg-info/top_level.txt
[2.030s] reading manifest file 'sfr_coursework2_interface_package.egg-info/SOURCES.txt'
[2.031s] writing manifest file 'sfr_coursework2_interface_package.egg-info/SOURCES.txt'
[2.094s] [100%] Built target ament_cmake_python_build_sfr_coursework2_interface_package_egg
[2.132s] Invoked command in '/home/student48/assessments/coursework2/build/sfr_coursework2_interface_package' returned '0': CMAKE_PREFIX_PATH=${CMAKE_PREFIX_PATH}:/home/student48/assessments/coursework2/install/gamma_system_controller_pkg:/home/student48/assessments/coursework2/install/gamma_system_bridge_pkg:/home/student48/ros2_tutorial_workspace/install/the_simplest_python_packagee:/home/student48/ros2_tutorial_workspace/install/the_simplest_python_package:/home/student48/ros2_tutorial_workspace/install/python_package_with_a_node:/home/student48/ros2_tutorial_workspace/install/python_package_that_uses_the_library:/home/student48/ros2_tutorial_workspace/install/python_package_with_a_library:/home/student48/ros2_tutorial_workspace/install/python_package_that_uses_the_services:/home/student48/ros2_tutorial_workspace/install/python_package_that_uses_the_messages:/home/student48/ros2_tutorial_workspace/install/python_package_that_uses_the_actions:/home/student48/ros2_tutorial_workspace/install/python_package_that_uses_tf2:/home/student48/ros2_tutorial_workspace/install/python_package_that_uses_parameters_and_launch_files:/home/student48/ros2_tutorial_workspace/install/python_package_that_uses_nav2:/home/student48/ros2_tutorial_workspace/install/python_package_that_uses_geometry_msgs:/home/student48/ros2_tutorial_workspace/install/python_package_that_uses_gazebo:/home/student48/ros2_tutorial_workspace/install/my_package:/home/student48/ros2_tutorial_workspace/install/custom_tf_package:/home/student48/ros2_tutorial_workspace/install/custom_tf_broadcaster_package:/home/student48/ros2_tutorial_workspace/install/custom_subscriber_package:/home/student48/ros2_tutorial_workspace/install/custom_server_package:/home/student48/ros2_tutorial_workspace/install/custom_publisher_package:/home/student48/ros2_tutorial_workspace/install/custom_package_with_node:/home/student48/ros2_tutorial_workspace/install/custom_package_with_library:/home/student48/ros2_tutorial_workspace/install/custom_client_package:/home/student48/ros2_tutorial_workspace/install/custom_action_server_package:/home/student48/ros2_tutorial_workspace/install/custom_action_client_package:/home/student48/ros2_tutorial_workspace/install/another_package:/home/student48/assessments/week4/src/install/volkswagen:/home/student48/assessments/week4/src/install/building:/opt/ros/jazzy DEBUGINFOD_URLS=https://debuginfod.ubuntu.com /usr/bin/cmake --build /home/student48/assessments/coursework2/build/sfr_coursework2_interface_package -- -j12 -l12
[2.158s] Invoking command in '/home/student48/assessments/coursework2/build/sfr_coursework2_interface_package': CMAKE_PREFIX_PATH=${CMAKE_PREFIX_PATH}:/home/student48/assessments/coursework2/install/gamma_system_controller_pkg:/home/student48/assessments/coursework2/install/gamma_system_bridge_pkg:/home/student48/ros2_tutorial_workspace/install/the_simplest_python_packagee:/home/student48/ros2_tutorial_workspace/install/the_simplest_python_package:/home/student48/ros2_tutorial_workspace/install/python_package_with_a_node:/home/student48/ros2_tutorial_workspace/install/python_package_that_uses_the_library:/home/student48/ros2_tutorial_workspace/install/python_package_with_a_library:/home/student48/ros2_tutorial_workspace/install/python_package_that_uses_the_services:/home/student48/ros2_tutorial_workspace/install/python_package_that_uses_the_messages:/home/student48/ros2_tutorial_workspace/install/python_package_that_uses_the_actions:/home/student48/ros2_tutorial_workspace/install/python_package_that_uses_tf2:/home/student48/ros2_tutorial_workspace/install/python_package_that_uses_parameters_and_launch_files:/home/student48/ros2_tutorial_workspace/install/python_package_that_uses_nav2:/home/student48/ros2_tutorial_workspace/install/python_package_that_uses_geometry_msgs:/home/student48/ros2_tutorial_workspace/install/python_package_that_uses_gazebo:/home/student48/ros2_tutorial_workspace/install/my_package:/home/student48/ros2_tutorial_workspace/install/custom_tf_package:/home/student48/ros2_tutorial_workspace/install/custom_tf_broadcaster_package:/home/student48/ros2_tutorial_workspace/install/custom_subscriber_package:/home/student48/ros2_tutorial_workspace/install/custom_server_package:/home/student48/ros2_tutorial_workspace/install/custom_publisher_package:/home/student48/ros2_tutorial_workspace/install/custom_package_with_node:/home/student48/ros2_tutorial_workspace/install/custom_package_with_library:/home/student48/ros2_tutorial_workspace/install/custom_client_package:/home/student48/ros2_tutorial_workspace/install/custom_action_server_package:/home/student48/ros2_tutorial_workspace/install/custom_action_client_package:/home/student48/ros2_tutorial_workspace/install/another_package:/home/student48/assessments/week4/src/install/volkswagen:/home/student48/assessments/week4/src/install/building:/opt/ros/jazzy DEBUGINFOD_URLS=https://debuginfod.ubuntu.com /usr/bin/cmake --install /home/student48/assessments/coursework2/build/sfr_coursework2_interface_package
[2.195s] -- Install configuration: ""
[2.195s] -- Up-to-date: /home/student48/assessments/coursework2/install/sfr_coursework2_interface_package/share/ament_index/resource_index/rosidl_interfaces/sfr_coursework2_interface_package
[2.196s] -- Up-to-date: /home/student48/assessments/coursework2/install/sfr_coursework2_interface_package/share/sfr_coursework2_interface_package/action/DroneControl.json
[2.197s] -- Up-to-date: /home/student48/assessments/coursework2/install/sfr_coursework2_interface_package/include/sfr_coursework2_interface_package/sfr_coursework2_interface_package
[2.198s] -- Up-to-date: /home/student48/assessments/coursework2/install/sfr_coursework2_interface_package/include/sfr_coursework2_interface_package/sfr_coursework2_interface_package/msg
[2.198s] -- Up-to-date: /home/student48/assessments/coursework2/install/sfr_coursework2_interface_package/include/sfr_coursework2_interface_package/sfr_coursework2_interface_package/msg/rosidl_generator_c__visibility_control.h
[2.199s] -- Up-to-date: /home/student48/assessments/coursework2/install/sfr_coursework2_interface_package/include/sfr_coursework2_interface_package/sfr_coursework2_interface_package/action
[2.199s] -- Up-to-date: /home/student48/assessments/coursework2/install/sfr_coursework2_interface_package/include/sfr_coursework2_interface_package/sfr_coursework2_interface_package/action/drone_control.h
[2.200s] -- Up-to-date: /home/student48/assessments/coursework2/install/sfr_coursework2_interface_package/include/sfr_coursework2_interface_package/sfr_coursework2_interface_package/action/detail
[2.200s] -- Up-to-date: /home/student48/assessments/coursework2/install/sfr_coursework2_interface_package/include/sfr_coursework2_interface_package/sfr_coursework2_interface_package/action/detail/drone_control__functions.h
[2.201s] -- Up-to-date: /home/student48/assessments/coursework2/install/sfr_coursework2_interface_package/include/sfr_coursework2_interface_package/sfr_coursework2_interface_package/action/detail/drone_control__functions.c
[2.202s] -- Up-to-date: /home/student48/assessments/coursework2/install/sfr_coursework2_interface_package/include/sfr_coursework2_interface_package/sfr_coursework2_interface_package/action/detail/drone_control__type_support.c
[2.202s] -- Up-to-date: /home/student48/assessments/coursework2/install/sfr_coursework2_interface_package/include/sfr_coursework2_interface_package/sfr_coursework2_interface_package/action/detail/drone_control__struct.h
[2.202s] -- Up-to-date: /home/student48/assessments/coursework2/install/sfr_coursework2_interface_package/include/sfr_coursework2_interface_package/sfr_coursework2_interface_package/action/detail/drone_control__description.c
[2.203s] -- Up-to-date: /home/student48/assessments/coursework2/install/sfr_coursework2_interface_package/include/sfr_coursework2_interface_package/sfr_coursework2_interface_package/action/detail/drone_control__type_support.h
[2.203s] -- Up-to-date: /home/student48/assessments/coursework2/install/sfr_coursework2_interface_package/share/sfr_coursework2_interface_package/environment/library_path.sh
[2.203s] -- Up-to-date: /home/student48/assessments/coursework2/install/sfr_coursework2_interface_package/share/sfr_coursework2_interface_package/environment/library_path.dsv
[2.204s] -- Up-to-date: /home/student48/assessments/coursework2/install/sfr_coursework2_interface_package/lib/libsfr_coursework2_interface_package__rosidl_generator_c.so
[2.204s] -- Up-to-date: /home/student48/assessments/coursework2/install/sfr_coursework2_interface_package/include/sfr_coursework2_interface_package/sfr_coursework2_interface_package
[2.204s] -- Up-to-date: /home/student48/assessments/coursework2/install/sfr_coursework2_interface_package/include/sfr_coursework2_interface_package/sfr_coursework2_interface_package/msg
[2.204s] -- Up-to-date: /home/student48/assessments/coursework2/install/sfr_coursework2_interface_package/include/sfr_coursework2_interface_package/sfr_coursework2_interface_package/msg/rosidl_typesupport_fastrtps_c__visibility_control.h
[2.204s] -- Up-to-date: /home/student48/assessments/coursework2/install/sfr_coursework2_interface_package/include/sfr_coursework2_interface_package/sfr_coursework2_interface_package/action
[2.205s] -- Up-to-date: /home/student48/assessments/coursework2/install/sfr_coursework2_interface_package/include/sfr_coursework2_interface_package/sfr_coursework2_interface_package/action/detail
[2.205s] -- Up-to-date: /home/student48/assessments/coursework2/install/sfr_coursework2_interface_package/include/sfr_coursework2_interface_package/sfr_coursework2_interface_package/action/detail/drone_control__rosidl_typesupport_fastrtps_c.h
[2.205s] -- Up-to-date: /home/student48/assessments/coursework2/install/sfr_coursework2_interface_package/lib/libsfr_coursework2_interface_package__rosidl_typesupport_fastrtps_c.so
[2.206s] -- Up-to-date: /home/student48/assessments/coursework2/install/sfr_coursework2_interface_package/include/sfr_coursework2_interface_package/sfr_coursework2_interface_package
[2.206s] -- Up-to-date: /home/student48/assessments/coursework2/install/sfr_coursework2_interface_package/include/sfr_coursework2_interface_package/sfr_coursework2_interface_package/msg
[2.206s] -- Up-to-date: /home/student48/assessments/coursework2/install/sfr_coursework2_interface_package/include/sfr_coursework2_interface_package/sfr_coursework2_interface_package/msg/rosidl_generator_cpp__visibility_control.hpp
[2.207s] -- Up-to-date: /home/student48/assessments/coursework2/install/sfr_coursework2_interface_package/include/sfr_coursework2_interface_package/sfr_coursework2_interface_package/action
[2.207s] -- Up-to-date: /home/student48/assessments/coursework2/install/sfr_coursework2_interface_package/include/sfr_coursework2_interface_package/sfr_coursework2_interface_package/action/detail
[2.208s] -- Up-to-date: /home/student48/assessments/coursework2/install/sfr_coursework2_interface_package/include/sfr_coursework2_interface_package/sfr_coursework2_interface_package/action/detail/drone_control__type_support.hpp
[2.208s] -- Up-to-date: /home/student48/assessments/coursework2/install/sfr_coursework2_interface_package/include/sfr_coursework2_interface_package/sfr_coursework2_interface_package/action/detail/drone_control__struct.hpp
[2.208s] -- Up-to-date: /home/student48/assessments/coursework2/install/sfr_coursework2_interface_package/include/sfr_coursework2_interface_package/sfr_coursework2_interface_package/action/detail/drone_control__traits.hpp
[2.208s] -- Up-to-date: /home/student48/assessments/coursework2/install/sfr_coursework2_interface_package/include/sfr_coursework2_interface_package/sfr_coursework2_interface_package/action/detail/drone_control__builder.hpp
[2.209s] -- Up-to-date: /home/student48/assessments/coursework2/install/sfr_coursework2_interface_package/include/sfr_coursework2_interface_package/sfr_coursework2_interface_package/action/drone_control.hpp
[2.209s] -- Up-to-date: /home/student48/assessments/coursework2/install/sfr_coursework2_interface_package/include/sfr_coursework2_interface_package/sfr_coursework2_interface_package
[2.209s] -- Up-to-date: /home/student48/assessments/coursework2/install/sfr_coursework2_interface_package/include/sfr_coursework2_interface_package/sfr_coursework2_interface_package/msg
[2.210s] -- Up-to-date: /home/student48/assessments/coursework2/install/sfr_coursework2_interface_package/include/sfr_coursework2_interface_package/sfr_coursework2_interface_package/msg/rosidl_typesupport_fastrtps_cpp__visibility_control.h
[2.210s] -- Up-to-date: /home/student48/assessments/coursework2/install/sfr_coursework2_interface_package/include/sfr_coursework2_interface_package/sfr_coursework2_interface_package/action
[2.210s] -- Up-to-date: /home/student48/assessments/coursework2/install/sfr_coursework2_interface_package/include/sfr_coursework2_interface_package/sfr_coursework2_interface_package/action/detail
[2.211s] -- Up-to-date: /home/student48/assessments/coursework2/install/sfr_coursework2_interface_package/include/sfr_coursework2_interface_package/sfr_coursework2_interface_package/action/detail/drone_control__rosidl_typesupport_fastrtps_cpp.hpp
[2.211s] -- Up-to-date: /home/student48/assessments/coursework2/install/sfr_coursework2_interface_package/include/sfr_coursework2_interface_package/sfr_coursework2_interface_package/action/detail/dds_fastrtps
[2.211s] -- Up-to-date: /home/student48/assessments/coursework2/install/sfr_coursework2_interface_package/lib/libsfr_coursework2_interface_package__rosidl_typesupport_fastrtps_cpp.so
[2.211s] -- Up-to-date: /home/student48/assessments/coursework2/install/sfr_coursework2_interface_package/include/sfr_coursework2_interface_package/sfr_coursework2_interface_package
[2.212s] -- Up-to-date: /home/student48/assessments/coursework2/install/sfr_coursework2_interface_package/include/sfr_coursework2_interface_package/sfr_coursework2_interface_package/msg
[2.212s] -- Up-to-date: /home/student48/assessments/coursework2/install/sfr_coursework2_interface_package/include/sfr_coursework2_interface_package/sfr_coursework2_interface_package/msg/rosidl_typesupport_introspection_c__visibility_control.h
[2.212s] -- Up-to-date: /home/student48/assessments/coursework2/install/sfr_coursework2_interface_package/include/sfr_coursework2_interface_package/sfr_coursework2_interface_package/action
[2.213s] -- Up-to-date: /home/student48/assessments/coursework2/install/sfr_coursework2_interface_package/include/sfr_coursework2_interface_package/sfr_coursework2_interface_package/action/detail
[2.213s] -- Up-to-date: /home/student48/assessments/coursework2/install/sfr_coursework2_interface_package/include/sfr_coursework2_interface_package/sfr_coursework2_interface_package/action/detail/drone_control__type_support.c
[2.213s] -- Up-to-date: /home/student48/assessments/coursework2/install/sfr_coursework2_interface_package/include/sfr_coursework2_interface_package/sfr_coursework2_interface_package/action/detail/drone_control__rosidl_typesupport_introspection_c.h
[2.213s] -- Up-to-date: /home/student48/assessments/coursework2/install/sfr_coursework2_interface_package/lib/libsfr_coursework2_interface_package__rosidl_typesupport_introspection_c.so
[2.214s] -- Up-to-date: /home/student48/assessments/coursework2/install/sfr_coursework2_interface_package/lib/libsfr_coursework2_interface_package__rosidl_typesupport_c.so
[2.214s] -- Up-to-date: /home/student48/assessments/coursework2/install/sfr_coursework2_interface_package/include/sfr_coursework2_interface_package/sfr_coursework2_interface_package
[2.214s] -- Up-to-date: /home/student48/assessments/coursework2/install/sfr_coursework2_interface_package/include/sfr_coursework2_interface_package/sfr_coursework2_interface_package/action
[2.215s] -- Up-to-date: /home/student48/assessments/coursework2/install/sfr_coursework2_interface_package/include/sfr_coursework2_interface_package/sfr_coursework2_interface_package/action/detail
[2.215s] -- Up-to-date: /home/student48/assessments/coursework2/install/sfr_coursework2_interface_package/include/sfr_coursework2_interface_package/sfr_coursework2_interface_package/action/detail/drone_control__type_support.cpp
[2.215s] -- Up-to-date: /home/student48/assessments/coursework2/install/sfr_coursework2_interface_package/include/sfr_coursework2_interface_package/sfr_coursework2_interface_package/action/detail/drone_control__rosidl_typesupport_introspection_cpp.hpp
[2.216s] -- Up-to-date: /home/student48/assessments/coursework2/install/sfr_coursework2_interface_package/lib/libsfr_coursework2_interface_package__rosidl_typesupport_introspection_cpp.so
[2.216s] -- Up-to-date: /home/student48/assessments/coursework2/install/sfr_coursework2_interface_package/lib/libsfr_coursework2_interface_package__rosidl_typesupport_cpp.so
[2.216s] -- Up-to-date: /home/student48/assessments/coursework2/install/sfr_coursework2_interface_package/share/sfr_coursework2_interface_package/environment/pythonpath.sh
[2.217s] -- Up-to-date: /home/student48/assessments/coursework2/install/sfr_coursework2_interface_package/share/sfr_coursework2_interface_package/environment/pythonpath.dsv
[2.217s] -- Up-to-date: /home/student48/assessments/coursework2/install/sfr_coursework2_interface_package/lib/python3.12/site-packages/sfr_coursework2_interface_package-0.0.0-py3.12.egg-info
[2.217s] -- Installing: /home/student48/assessments/coursework2/install/sfr_coursework2_interface_package/lib/python3.12/site-packages/sfr_coursework2_interface_package-0.0.0-py3.12.egg-info/top_level.txt
[2.218s] -- Installing: /home/student48/assessments/coursework2/install/sfr_coursework2_interface_package/lib/python3.12/site-packages/sfr_coursework2_interface_package-0.0.0-py3.12.egg-info/SOURCES.txt
[2.218s] -- Installing: /home/student48/assessments/coursework2/install/sfr_coursework2_interface_package/lib/python3.12/site-packages/sfr_coursework2_interface_package-0.0.0-py3.12.egg-info/PKG-INFO
[2.219s] -- Installing: /home/student48/assessments/coursework2/install/sfr_coursework2_interface_package/lib/python3.12/site-packages/sfr_coursework2_interface_package-0.0.0-py3.12.egg-info/dependency_links.txt
[2.219s] -- Up-to-date: /home/student48/assessments/coursework2/install/sfr_coursework2_interface_package/lib/python3.12/site-packages/sfr_coursework2_interface_package
[2.219s] -- Up-to-date: /home/student48/assessments/coursework2/install/sfr_coursework2_interface_package/lib/python3.12/site-packages/sfr_coursework2_interface_package/sfr_coursework2_interface_package_s__rosidl_typesupport_introspection_c.so
[2.219s] -- Up-to-date: /home/student48/assessments/coursework2/install/sfr_coursework2_interface_package/lib/python3.12/site-packages/sfr_coursework2_interface_package/_sfr_coursework2_interface_package_s.ep.rosidl_typesupport_introspection_c.c
[2.220s] -- Up-to-date: /home/student48/assessments/coursework2/install/sfr_coursework2_interface_package/lib/python3.12/site-packages/sfr_coursework2_interface_package/_sfr_coursework2_interface_package_s.ep.rosidl_typesupport_fastrtps_c.c
[2.220s] -- Up-to-date: /home/student48/assessments/coursework2/install/sfr_coursework2_interface_package/lib/python3.12/site-packages/sfr_coursework2_interface_package/action
[2.220s] -- Up-to-date: /home/student48/assessments/coursework2/install/sfr_coursework2_interface_package/lib/python3.12/site-packages/sfr_coursework2_interface_package/action/_drone_control_s.c
[2.221s] -- Up-to-date: /home/student48/assessments/coursework2/install/sfr_coursework2_interface_package/lib/python3.12/site-packages/sfr_coursework2_interface_package/action/_drone_control.py
[2.221s] -- Up-to-date: /home/student48/assessments/coursework2/install/sfr_coursework2_interface_package/lib/python3.12/site-packages/sfr_coursework2_interface_package/action/__init__.py
[2.221s] -- Up-to-date: /home/student48/assessments/coursework2/install/sfr_coursework2_interface_package/lib/python3.12/site-packages/sfr_coursework2_interface_package/_sfr_coursework2_interface_package_s.ep.rosidl_typesupport_c.c
[2.221s] -- Up-to-date: /home/student48/assessments/coursework2/install/sfr_coursework2_interface_package/lib/python3.12/site-packages/sfr_coursework2_interface_package/sfr_coursework2_interface_package_s__rosidl_typesupport_fastrtps_c.so
[2.222s] -- Up-to-date: /home/student48/assessments/coursework2/install/sfr_coursework2_interface_package/lib/python3.12/site-packages/sfr_coursework2_interface_package/sfr_coursework2_interface_package_s__rosidl_typesupport_c.so
[2.222s] -- Up-to-date: /home/student48/assessments/coursework2/install/sfr_coursework2_interface_package/lib/python3.12/site-packages/sfr_coursework2_interface_package/__init__.py
[2.346s] Listing '/home/student48/assessments/coursework2/install/sfr_coursework2_interface_package/lib/python3.12/site-packages/sfr_coursework2_interface_package'...
[2.347s] Listing '/home/student48/assessments/coursework2/install/sfr_coursework2_interface_package/lib/python3.12/site-packages/sfr_coursework2_interface_package/action'...
[2.356s] -- Up-to-date: /home/student48/assessments/coursework2/install/sfr_coursework2_interface_package/lib/python3.12/site-packages/sfr_coursework2_interface_package/sfr_coursework2_interface_package_s__rosidl_typesupport_fastrtps_c.so
[2.356s] -- Up-to-date: /home/student48/assessments/coursework2/install/sfr_coursework2_interface_package/lib/python3.12/site-packages/sfr_coursework2_interface_package/sfr_coursework2_interface_package_s__rosidl_typesupport_introspection_c.so
[2.357s] -- Up-to-date: /home/student48/assessments/coursework2/install/sfr_coursework2_interface_package/lib/python3.12/site-packages/sfr_coursework2_interface_package/sfr_coursework2_interface_package_s__rosidl_typesupport_c.so
[2.358s] -- Up-to-date: /home/student48/assessments/coursework2/install/sfr_coursework2_interface_package/lib/libsfr_coursework2_interface_package__rosidl_generator_py.so
[2.358s] -- Up-to-date: /home/student48/assessments/coursework2/install/sfr_coursework2_interface_package/share/sfr_coursework2_interface_package/action/DroneControl.idl
[2.358s] -- Up-to-date: /home/student48/assessments/coursework2/install/sfr_coursework2_interface_package/share/sfr_coursework2_interface_package/action/DroneControl.action
[2.358s] -- Up-to-date: /home/student48/assessments/coursework2/install/sfr_coursework2_interface_package/share/ament_index/resource_index/package_run_dependencies/sfr_coursework2_interface_package
[2.359s] -- Up-to-date: /home/student48/assessments/coursework2/install/sfr_coursework2_interface_package/share/ament_index/resource_index/parent_prefix_path/sfr_coursework2_interface_package
[2.359s] -- Up-to-date: /home/student48/assessments/coursework2/install/sfr_coursework2_interface_package/share/sfr_coursework2_interface_package/environment/ament_prefix_path.sh
[2.359s] -- Up-to-date: /home/student48/assessments/coursework2/install/sfr_coursework2_interface_package/share/sfr_coursework2_interface_package/environment/ament_prefix_path.dsv
[2.360s] -- Up-to-date: /home/student48/assessments/coursework2/install/sfr_coursework2_interface_package/share/sfr_coursework2_interface_package/environment/path.sh
[2.360s] -- Up-to-date: /home/student48/assessments/coursework2/install/sfr_coursework2_interface_package/share/sfr_coursework2_interface_package/environment/path.dsv
[2.360s] -- Up-to-date: /home/student48/assessments/coursework2/install/sfr_coursework2_interface_package/share/sfr_coursework2_interface_package/local_setup.bash
[2.360s] -- Up-to-date: /home/student48/assessments/coursework2/install/sfr_coursework2_interface_package/share/sfr_coursework2_interface_package/local_setup.sh
[2.360s] -- Up-to-date: /home/student48/assessments/coursework2/install/sfr_coursework2_interface_package/share/sfr_coursework2_interface_package/local_setup.zsh
[2.361s] -- Up-to-date: /home/student48/assessments/coursework2/install/sfr_coursework2_interface_package/share/sfr_coursework2_interface_package/local_setup.dsv
[2.361s] -- Installing: /home/student48/assessments/coursework2/install/sfr_coursework2_interface_package/share/sfr_coursework2_interface_package/package.dsv
[2.361s] -- Up-to-date: /home/student48/assessments/coursework2/install/sfr_coursework2_interface_package/share/ament_index/resource_index/packages/sfr_coursework2_interface_package
[2.361s] -- Up-to-date: /home/student48/assessments/coursework2/install/sfr_coursework2_interface_package/share/sfr_coursework2_interface_package/cmake/export_sfr_coursework2_interface_package__rosidl_generator_cExport.cmake
[2.362s] -- Up-to-date: /home/student48/assessments/coursework2/install/sfr_coursework2_interface_package/share/sfr_coursework2_interface_package/cmake/export_sfr_coursework2_interface_package__rosidl_generator_cExport-noconfig.cmake
[2.362s] -- Up-to-date: /home/student48/assessments/coursework2/install/sfr_coursework2_interface_package/share/sfr_coursework2_interface_package/cmake/export_sfr_coursework2_interface_package__rosidl_typesupport_fastrtps_cExport.cmake
[2.362s] -- Up-to-date: /home/student48/assessments/coursework2/install/sfr_coursework2_interface_package/share/sfr_coursework2_interface_package/cmake/export_sfr_coursework2_interface_package__rosidl_typesupport_fastrtps_cExport-noconfig.cmake
[2.363s] -- Up-to-date: /home/student48/assessments/coursework2/install/sfr_coursework2_interface_package/share/sfr_coursework2_interface_package/cmake/export_sfr_coursework2_interface_package__rosidl_generator_cppExport.cmake
[2.363s] -- Up-to-date: /home/student48/assessments/coursework2/install/sfr_coursework2_interface_package/share/sfr_coursework2_interface_package/cmake/export_sfr_coursework2_interface_package__rosidl_typesupport_fastrtps_cppExport.cmake
[2.363s] -- Up-to-date: /home/student48/assessments/coursework2/install/sfr_coursework2_interface_package/share/sfr_coursework2_interface_package/cmake/export_sfr_coursework2_interface_package__rosidl_typesupport_fastrtps_cppExport-noconfig.cmake
[2.364s] -- Up-to-date: /home/student48/assessments/coursework2/install/sfr_coursework2_interface_package/share/sfr_coursework2_interface_package/cmake/sfr_coursework2_interface_package__rosidl_typesupport_introspection_cExport.cmake
[2.364s] -- Up-to-date: /home/student48/assessments/coursework2/install/sfr_coursework2_interface_package/share/sfr_coursework2_interface_package/cmake/sfr_coursework2_interface_package__rosidl_typesupport_introspection_cExport-noconfig.cmake
[2.365s] -- Up-to-date: /home/student48/assessments/coursework2/install/sfr_coursework2_interface_package/share/sfr_coursework2_interface_package/cmake/sfr_coursework2_interface_package__rosidl_typesupport_cExport.cmake
[2.365s] -- Up-to-date: /home/student48/assessments/coursework2/install/sfr_coursework2_interface_package/share/sfr_coursework2_interface_package/cmake/sfr_coursework2_interface_package__rosidl_typesupport_cExport-noconfig.cmake
[2.365s] -- Up-to-date: /home/student48/assessments/coursework2/install/sfr_coursework2_interface_package/share/sfr_coursework2_interface_package/cmake/sfr_coursework2_interface_package__rosidl_typesupport_introspection_cppExport.cmake
[2.366s] -- Up-to-date: /home/student48/assessments/coursework2/install/sfr_coursework2_interface_package/share/sfr_coursework2_interface_package/cmake/sfr_coursework2_interface_package__rosidl_typesupport_introspection_cppExport-noconfig.cmake
[2.366s] -- Up-to-date: /home/student48/assessments/coursework2/install/sfr_coursework2_interface_package/share/sfr_coursework2_interface_package/cmake/sfr_coursework2_interface_package__rosidl_typesupport_cppExport.cmake
[2.366s] -- Up-to-date: /home/student48/assessments/coursework2/install/sfr_coursework2_interface_package/share/sfr_coursework2_interface_package/cmake/sfr_coursework2_interface_package__rosidl_typesupport_cppExport-noconfig.cmake
[2.367s] -- Up-to-date: /home/student48/assessments/coursework2/install/sfr_coursework2_interface_package/share/sfr_coursework2_interface_package/cmake/export_sfr_coursework2_interface_package__rosidl_generator_pyExport.cmake
[2.367s] -- Up-to-date: /home/student48/assessments/coursework2/install/sfr_coursework2_interface_package/share/sfr_coursework2_interface_package/cmake/export_sfr_coursework2_interface_package__rosidl_generator_pyExport-noconfig.cmake
[2.367s] -- Up-to-date: /home/student48/assessments/coursework2/install/sfr_coursework2_interface_package/share/sfr_coursework2_interface_package/cmake/rosidl_cmake-extras.cmake
[2.368s] -- Up-to-date: /home/student48/assessments/coursework2/install/sfr_coursework2_interface_package/share/sfr_coursework2_interface_package/cmake/ament_cmake_export_dependencies-extras.cmake
[2.368s] -- Up-to-date: /home/student48/assessments/coursework2/install/sfr_coursework2_interface_package/share/sfr_coursework2_interface_package/cmake/ament_cmake_export_include_directories-extras.cmake
[2.368s] -- Up-to-date: /home/student48/assessments/coursework2/install/sfr_coursework2_interface_package/share/sfr_coursework2_interface_package/cmake/ament_cmake_export_libraries-extras.cmake
[2.369s] -- Up-to-date: /home/student48/assessments/coursework2/install/sfr_coursework2_interface_package/share/sfr_coursework2_interface_package/cmake/ament_cmake_export_targets-extras.cmake
[2.370s] -- Up-to-date: /home/student48/assessments/coursework2/install/sfr_coursework2_interface_package/share/sfr_coursework2_interface_package/cmake/rosidl_cmake_export_typesupport_targets-extras.cmake
[2.370s] -- Up-to-date: /home/student48/assessments/coursework2/install/sfr_coursework2_interface_package/share/sfr_coursework2_interface_package/cmake/rosidl_cmake_export_typesupport_libraries-extras.cmake
[2.370s] -- Up-to-date: /home/student48/assessments/coursework2/install/sfr_coursework2_interface_package/share/sfr_coursework2_interface_package/cmake/sfr_coursework2_interface_packageConfig.cmake
[2.374s] -- Up-to-date: /home/student48/assessments/coursework2/install/sfr_coursework2_interface_package/share/sfr_coursework2_interface_package/cmake/sfr_coursework2_interface_packageConfig-version.cmake
[2.374s] -- Up-to-date: /home/student48/assessments/coursework2/install/sfr_coursework2_interface_package/share/sfr_coursework2_interface_package/package.xml
[2.375s] Invoked command in '/home/student48/assessments/coursework2/build/sfr_coursework2_interface_package' returned '0': CMAKE_PREFIX_PATH=${CMAKE_PREFIX_PATH}:/home/student48/assessments/coursework2/install/gamma_system_controller_pkg:/home/student48/assessments/coursework2/install/gamma_system_bridge_pkg:/home/student48/ros2_tutorial_workspace/install/the_simplest_python_packagee:/home/student48/ros2_tutorial_workspace/install/the_simplest_python_package:/home/student48/ros2_tutorial_workspace/install/python_package_with_a_node:/home/student48/ros2_tutorial_workspace/install/python_package_that_uses_the_library:/home/student48/ros2_tutorial_workspace/install/python_package_with_a_library:/home/student48/ros2_tutorial_workspace/install/python_package_that_uses_the_services:/home/student48/ros2_tutorial_workspace/install/python_package_that_uses_the_messages:/home/student48/ros2_tutorial_workspace/install/python_package_that_uses_the_actions:/home/student48/ros2_tutorial_workspace/install/python_package_that_uses_tf2:/home/student48/ros2_tutorial_workspace/install/python_package_that_uses_parameters_and_launch_files:/home/student48/ros2_tutorial_workspace/install/python_package_that_uses_nav2:/home/student48/ros2_tutorial_workspace/install/python_package_that_uses_geometry_msgs:/home/student48/ros2_tutorial_workspace/install/python_package_that_uses_gazebo:/home/student48/ros2_tutorial_workspace/install/my_package:/home/student48/ros2_tutorial_workspace/install/custom_tf_package:/home/student48/ros2_tutorial_workspace/install/custom_tf_broadcaster_package:/home/student48/ros2_tutorial_workspace/install/custom_subscriber_package:/home/student48/ros2_tutorial_workspace/install/custom_server_package:/home/student48/ros2_tutorial_workspace/install/custom_publisher_package:/home/student48/ros2_tutorial_workspace/install/custom_package_with_node:/home/student48/ros2_tutorial_workspace/install/custom_package_with_library:/home/student48/ros2_tutorial_workspace/install/custom_client_package:/home/student48/ros2_tutorial_workspace/install/custom_action_server_package:/home/student48/ros2_tutorial_workspace/install/custom_action_client_package:/home/student48/ros2_tutorial_workspace/install/another_package:/home/student48/assessments/week4/src/install/volkswagen:/home/student48/assessments/week4/src/install/building:/opt/ros/jazzy DEBUGINFOD_URLS=https://debuginfod.ubuntu.com /usr/bin/cmake --install /home/student48/assessments/coursework2/build/sfr_coursework2_interface_package
