[0.606s] DEBUG:colcon:Command line arguments: ['/usr/bin/colcon', 'build']
[0.607s] DEBUG:colcon:Parsed command line arguments: Namespace(log_base=None, log_level=None, verb_name='build', build_base='build', install_base='install', merge_install=False, symlink_install=False, test_result_base=None, continue_on_error=False, executor='parallel', parallel_workers=12, event_handlers=None, ignore_user_meta=False, metas=['./colcon.meta'], base_paths=['.'], packages_ignore=None, packages_ignore_regex=None, paths=None, packages_up_to=None, packages_up_to_regex=None, packages_above=None, packages_above_and_dependencies=None, packages_above_depth=None, packages_select_by_dep=None, packages_skip_by_dep=None, packages_skip_up_to=None, packages_select_build_failed=False, packages_skip_build_finished=False, packages_select_test_failures=False, packages_skip_test_passed=False, packages_select=None, packages_skip=None, packages_select_regex=None, packages_skip_regex=None, packages_start=None, packages_end=None, allow_overriding=[], cmake_args=None, cmake_target=None, cmake_target_skip_unavailable=False, cmake_clean_cache=False, cmake_clean_first=False, cmake_force_configure=False, ament_cmake_args=None, catkin_cmake_args=None, catkin_skip_building_tests=False, mixin_files=None, mixin=None, verb_parser=<colcon_mixin.mixin.mixin_argument.MixinArgumentDecorator object at 0x7f9cad8f88f0>, verb_extension=<colcon_core.verb.build.BuildVerb object at 0x7f9cad8f8590>, main=<bound method BuildVerb.main of <colcon_core.verb.build.BuildVerb object at 0x7f9cad8f8590>>, mixin_verb=('build',))
[0.750s] Level 1:colcon.colcon_core.package_discovery:discover_packages(colcon_meta) check parameters
[0.750s] Level 1:colcon.colcon_core.package_discovery:discover_packages(recursive) check parameters
[0.750s] Level 1:colcon.colcon_core.package_discovery:discover_packages(ignore) check parameters
[0.750s] Level 1:colcon.colcon_core.package_discovery:discover_packages(path) check parameters
[0.751s] Level 1:colcon.colcon_core.package_discovery:discover_packages(colcon_meta) discover
[0.751s] Level 1:colcon.colcon_core.package_discovery:discover_packages(recursive) discover
[0.751s] INFO:colcon.colcon_core.package_discovery:Crawling recursively for packages in '/home/student48/assessments/coursework2'
[0.751s] Level 1:colcon.colcon_core.package_identification:_identify(.) by extensions ['ignore', 'ignore_ament_install']
[0.751s] Level 1:colcon.colcon_core.package_identification:_identify(.) by extension 'ignore'
[0.751s] Level 1:colcon.colcon_core.package_identification:_identify(.) by extension 'ignore_ament_install'
[0.751s] Level 1:colcon.colcon_core.package_identification:_identify(.) by extensions ['colcon_pkg']
[0.752s] Level 1:colcon.colcon_core.package_identification:_identify(.) by extension 'colcon_pkg'
[0.752s] Level 1:colcon.colcon_core.package_identification:_identify(.) by extensions ['colcon_meta']
[0.752s] Level 1:colcon.colcon_core.package_identification:_identify(.) by extension 'colcon_meta'
[0.752s] Level 1:colcon.colcon_core.package_identification:_identify(.) by extensions ['ros']
[0.752s] Level 1:colcon.colcon_core.package_identification:_identify(.) by extension 'ros'
[0.846s] Level 1:colcon.colcon_core.package_identification:_identify(.) by extensions ['cmake', 'python']
[0.846s] Level 1:colcon.colcon_core.package_identification:_identify(.) by extension 'cmake'
[0.846s] Level 1:colcon.colcon_core.package_identification:_identify(.) by extension 'python'
[0.846s] Level 1:colcon.colcon_core.package_identification:_identify(.) by extensions ['python_setup_py']
[0.847s] Level 1:colcon.colcon_core.package_identification:_identify(.) by extension 'python_setup_py'
[0.847s] Level 1:colcon.colcon_core.package_identification:_identify(build) by extensions ['ignore', 'ignore_ament_install']
[0.847s] Level 1:colcon.colcon_core.package_identification:_identify(build) by extension 'ignore'
[0.847s] Level 1:colcon.colcon_core.package_identification:_identify(build) ignored
[0.848s] Level 1:colcon.colcon_core.package_identification:_identify(install) by extensions ['ignore', 'ignore_ament_install']
[0.848s] Level 1:colcon.colcon_core.package_identification:_identify(install) by extension 'ignore'
[0.848s] Level 1:colcon.colcon_core.package_identification:_identify(install) ignored
[0.849s] Level 1:colcon.colcon_core.package_identification:_identify(log) by extensions ['ignore', 'ignore_ament_install']
[0.849s] Level 1:colcon.colcon_core.package_identification:_identify(log) by extension 'ignore'
[0.849s] Level 1:colcon.colcon_core.package_identification:_identify(log) ignored
[0.849s] Level 1:colcon.colcon_core.package_identification:_identify(src) by extensions ['ignore', 'ignore_ament_install']
[0.849s] Level 1:colcon.colcon_core.package_identification:_identify(src) by extension 'ignore'
[0.849s] Level 1:colcon.colcon_core.package_identification:_identify(src) by extension 'ignore_ament_install'
[0.849s] Level 1:colcon.colcon_core.package_identification:_identify(src) by extensions ['colcon_pkg']
[0.849s] Level 1:colcon.colcon_core.package_identification:_identify(src) by extension 'colcon_pkg'
[0.849s] Level 1:colcon.colcon_core.package_identification:_identify(src) by extensions ['colcon_meta']
[0.849s] Level 1:colcon.colcon_core.package_identification:_identify(src) by extension 'colcon_meta'
[0.849s] Level 1:colcon.colcon_core.package_identification:_identify(src) by extensions ['ros']
[0.850s] Level 1:colcon.colcon_core.package_identification:_identify(src) by extension 'ros'
[0.850s] Level 1:colcon.colcon_core.package_identification:_identify(src) by extensions ['cmake', 'python']
[0.850s] Level 1:colcon.colcon_core.package_identification:_identify(src) by extension 'cmake'
[0.850s] Level 1:colcon.colcon_core.package_identification:_identify(src) by extension 'python'
[0.850s] Level 1:colcon.colcon_core.package_identification:_identify(src) by extensions ['python_setup_py']
[0.850s] Level 1:colcon.colcon_core.package_identification:_identify(src) by extension 'python_setup_py'
[0.850s] Level 1:colcon.colcon_core.package_identification:_identify(src/gamma_system_bridge_pkg) by extensions ['ignore', 'ignore_ament_install']
[0.850s] Level 1:colcon.colcon_core.package_identification:_identify(src/gamma_system_bridge_pkg) by extension 'ignore'
[0.850s] Level 1:colcon.colcon_core.package_identification:_identify(src/gamma_system_bridge_pkg) by extension 'ignore_ament_install'
[0.850s] Level 1:colcon.colcon_core.package_identification:_identify(src/gamma_system_bridge_pkg) by extensions ['colcon_pkg']
[0.850s] Level 1:colcon.colcon_core.package_identification:_identify(src/gamma_system_bridge_pkg) by extension 'colcon_pkg'
[0.850s] Level 1:colcon.colcon_core.package_identification:_identify(src/gamma_system_bridge_pkg) by extensions ['colcon_meta']
[0.850s] Level 1:colcon.colcon_core.package_identification:_identify(src/gamma_system_bridge_pkg) by extension 'colcon_meta'
[0.851s] Level 1:colcon.colcon_core.package_identification:_identify(src/gamma_system_bridge_pkg) by extensions ['ros']
[0.851s] Level 1:colcon.colcon_core.package_identification:_identify(src/gamma_system_bridge_pkg) by extension 'ros'
[0.856s] DEBUG:colcon.colcon_core.package_identification:Package 'src/gamma_system_bridge_pkg' with type 'ros.ament_python' and name 'gamma_system_bridge_pkg'
[0.857s] Level 1:colcon.colcon_core.package_identification:_identify(src/gamma_system_controller_pkg) by extensions ['ignore', 'ignore_ament_install']
[0.857s] Level 1:colcon.colcon_core.package_identification:_identify(src/gamma_system_controller_pkg) by extension 'ignore'
[0.857s] Level 1:colcon.colcon_core.package_identification:_identify(src/gamma_system_controller_pkg) by extension 'ignore_ament_install'
[0.857s] Level 1:colcon.colcon_core.package_identification:_identify(src/gamma_system_controller_pkg) by extensions ['colcon_pkg']
[0.857s] Level 1:colcon.colcon_core.package_identification:_identify(src/gamma_system_controller_pkg) by extension 'colcon_pkg'
[0.858s] Level 1:colcon.colcon_core.package_identification:_identify(src/gamma_system_controller_pkg) by extensions ['colcon_meta']
[0.858s] Level 1:colcon.colcon_core.package_identification:_identify(src/gamma_system_controller_pkg) by extension 'colcon_meta'
[0.858s] Level 1:colcon.colcon_core.package_identification:_identify(src/gamma_system_controller_pkg) by extensions ['ros']
[0.858s] Level 1:colcon.colcon_core.package_identification:_identify(src/gamma_system_controller_pkg) by extension 'ros'
[0.861s] DEBUG:colcon.colcon_core.package_identification:Package 'src/gamma_system_controller_pkg' with type 'ros.ament_python' and name 'gamma_system_controller_pkg'
[0.862s] Level 1:colcon.colcon_core.package_identification:_identify(src/sfr_coursework2_interface_package) by extensions ['ignore', 'ignore_ament_install']
[0.862s] Level 1:colcon.colcon_core.package_identification:_identify(src/sfr_coursework2_interface_package) by extension 'ignore'
[0.862s] Level 1:colcon.colcon_core.package_identification:_identify(src/sfr_coursework2_interface_package) by extension 'ignore_ament_install'
[0.863s] Level 1:colcon.colcon_core.package_identification:_identify(src/sfr_coursework2_interface_package) by extensions ['colcon_pkg']
[0.863s] Level 1:colcon.colcon_core.package_identification:_identify(src/sfr_coursework2_interface_package) by extension 'colcon_pkg'
[0.863s] Level 1:colcon.colcon_core.package_identification:_identify(src/sfr_coursework2_interface_package) by extensions ['colcon_meta']
[0.863s] Level 1:colcon.colcon_core.package_identification:_identify(src/sfr_coursework2_interface_package) by extension 'colcon_meta'
[0.863s] Level 1:colcon.colcon_core.package_identification:_identify(src/sfr_coursework2_interface_package) by extensions ['ros']
[0.863s] Level 1:colcon.colcon_core.package_identification:_identify(src/sfr_coursework2_interface_package) by extension 'ros'
[0.865s] DEBUG:colcon.colcon_core.package_identification:Package 'src/sfr_coursework2_interface_package' with type 'ros.ament_cmake' and name 'sfr_coursework2_interface_package'
[0.865s] Level 1:colcon.colcon_core.package_discovery:discover_packages(recursive) using defaults
[0.865s] Level 1:colcon.colcon_core.package_discovery:discover_packages(ignore) discover
[0.865s] Level 1:colcon.colcon_core.package_discovery:discover_packages(ignore) using defaults
[0.865s] Level 1:colcon.colcon_core.package_discovery:discover_packages(path) discover
[0.865s] Level 1:colcon.colcon_core.package_discovery:discover_packages(path) using defaults
[0.927s] Level 1:colcon.colcon_core.package_discovery:discover_packages(prefix_path) check parameters
[0.928s] Level 1:colcon.colcon_core.package_discovery:discover_packages(prefix_path) discover
[0.935s] DEBUG:colcon.colcon_installed_package_information.package_discovery:Found 3 installed packages in /home/student48/assessments/coursework2/install
[0.937s] DEBUG:colcon.colcon_installed_package_information.package_discovery:Found 26 installed packages in /home/student48/ros2_tutorial_workspace/install
[0.940s] DEBUG:colcon.colcon_installed_package_information.package_discovery:Found 2 installed packages in /home/student48/assessments/week4/src/install
[0.949s] DEBUG:colcon.colcon_installed_package_information.package_discovery:Found 386 installed packages in /opt/ros/jazzy
[0.952s] Level 1:colcon.colcon_core.package_discovery:discover_packages(prefix_path) using defaults
[1.191s] Level 5:colcon.colcon_core.verb:set package 'gamma_system_bridge_pkg' build argument 'cmake_args' from command line to 'None'
[1.191s] Level 5:colcon.colcon_core.verb:set package 'gamma_system_bridge_pkg' build argument 'cmake_target' from command line to 'None'
[1.191s] Level 5:colcon.colcon_core.verb:set package 'gamma_system_bridge_pkg' build argument 'cmake_target_skip_unavailable' from command line to 'False'
[1.191s] Level 5:colcon.colcon_core.verb:set package 'gamma_system_bridge_pkg' build argument 'cmake_clean_cache' from command line to 'False'
[1.191s] Level 5:colcon.colcon_core.verb:set package 'gamma_system_bridge_pkg' build argument 'cmake_clean_first' from command line to 'False'
[1.191s] Level 5:colcon.colcon_core.verb:set package 'gamma_system_bridge_pkg' build argument 'cmake_force_configure' from command line to 'False'
[1.191s] Level 5:colcon.colcon_core.verb:set package 'gamma_system_bridge_pkg' build argument 'ament_cmake_args' from command line to 'None'
[1.192s] Level 5:colcon.colcon_core.verb:set package 'gamma_system_bridge_pkg' build argument 'catkin_cmake_args' from command line to 'None'
[1.192s] Level 5:colcon.colcon_core.verb:set package 'gamma_system_bridge_pkg' build argument 'catkin_skip_building_tests' from command line to 'False'
[1.192s] DEBUG:colcon.colcon_core.verb:Building package 'gamma_system_bridge_pkg' with the following arguments: {'ament_cmake_args': None, 'build_base': '/home/student48/assessments/coursework2/build/gamma_system_bridge_pkg', 'catkin_cmake_args': None, 'catkin_skip_building_tests': False, 'cmake_args': None, 'cmake_clean_cache': False, 'cmake_clean_first': False, 'cmake_force_configure': False, 'cmake_target': None, 'cmake_target_skip_unavailable': False, 'install_base': '/home/student48/assessments/coursework2/install/gamma_system_bridge_pkg', 'merge_install': False, 'path': '/home/student48/assessments/coursework2/src/gamma_system_bridge_pkg', 'symlink_install': False, 'test_result_base': None}
[1.194s] Level 5:colcon.colcon_core.verb:set package 'gamma_system_controller_pkg' build argument 'cmake_args' from command line to 'None'
[1.194s] Level 5:colcon.colcon_core.verb:set package 'gamma_system_controller_pkg' build argument 'cmake_target' from command line to 'None'
[1.195s] Level 5:colcon.colcon_core.verb:set package 'gamma_system_controller_pkg' build argument 'cmake_target_skip_unavailable' from command line to 'False'
[1.195s] Level 5:colcon.colcon_core.verb:set package 'gamma_system_controller_pkg' build argument 'cmake_clean_cache' from command line to 'False'
[1.195s] Level 5:colcon.colcon_core.verb:set package 'gamma_system_controller_pkg' build argument 'cmake_clean_first' from command line to 'False'
[1.195s] Level 5:colcon.colcon_core.verb:set package 'gamma_system_controller_pkg' build argument 'cmake_force_configure' from command line to 'False'
[1.195s] Level 5:colcon.colcon_core.verb:set package 'gamma_system_controller_pkg' build argument 'ament_cmake_args' from command line to 'None'
[1.195s] Level 5:colcon.colcon_core.verb:set package 'gamma_system_controller_pkg' build argument 'catkin_cmake_args' from command line to 'None'
[1.195s] Level 5:colcon.colcon_core.verb:set package 'gamma_system_controller_pkg' build argument 'catkin_skip_building_tests' from command line to 'False'
[1.195s] DEBUG:colcon.colcon_core.verb:Building package 'gamma_system_controller_pkg' with the following arguments: {'ament_cmake_args': None, 'build_base': '/home/student48/assessments/coursework2/build/gamma_system_controller_pkg', 'catkin_cmake_args': None, 'catkin_skip_building_tests': False, 'cmake_args': None, 'cmake_clean_cache': False, 'cmake_clean_first': False, 'cmake_force_configure': False, 'cmake_target': None, 'cmake_target_skip_unavailable': False, 'install_base': '/home/student48/assessments/coursework2/install/gamma_system_controller_pkg', 'merge_install': False, 'path': '/home/student48/assessments/coursework2/src/gamma_system_controller_pkg', 'symlink_install': False, 'test_result_base': None}
[1.197s] Level 5:colcon.colcon_core.verb:set package 'sfr_coursework2_interface_package' build argument 'cmake_args' from command line to 'None'
[1.197s] Level 5:colcon.colcon_core.verb:set package 'sfr_coursework2_interface_package' build argument 'cmake_target' from command line to 'None'
[1.198s] Level 5:colcon.colcon_core.verb:set package 'sfr_coursework2_interface_package' build argument 'cmake_target_skip_unavailable' from command line to 'False'
[1.198s] Level 5:colcon.colcon_core.verb:set package 'sfr_coursework2_interface_package' build argument 'cmake_clean_cache' from command line to 'False'
[1.198s] Level 5:colcon.colcon_core.verb:set package 'sfr_coursework2_interface_package' build argument 'cmake_clean_first' from command line to 'False'
[1.198s] Level 5:colcon.colcon_core.verb:set package 'sfr_coursework2_interface_package' build argument 'cmake_force_configure' from command line to 'False'
[1.198s] Level 5:colcon.colcon_core.verb:set package 'sfr_coursework2_interface_package' build argument 'ament_cmake_args' from command line to 'None'
[1.198s] Level 5:colcon.colcon_core.verb:set package 'sfr_coursework2_interface_package' build argument 'catkin_cmake_args' from command line to 'None'
[1.198s] Level 5:colcon.colcon_core.verb:set package 'sfr_coursework2_interface_package' build argument 'catkin_skip_building_tests' from command line to 'False'
[1.198s] DEBUG:colcon.colcon_core.verb:Building package 'sfr_coursework2_interface_package' with the following arguments: {'ament_cmake_args': None, 'build_base': '/home/student48/assessments/coursework2/build/sfr_coursework2_interface_package', 'catkin_cmake_args': None, 'catkin_skip_building_tests': False, 'cmake_args': None, 'cmake_clean_cache': False, 'cmake_clean_first': False, 'cmake_force_configure': False, 'cmake_target': None, 'cmake_target_skip_unavailable': False, 'install_base': '/home/student48/assessments/coursework2/install/sfr_coursework2_interface_package', 'merge_install': False, 'path': '/home/student48/assessments/coursework2/src/sfr_coursework2_interface_package', 'symlink_install': False, 'test_result_base': None}
[1.199s] INFO:colcon.colcon_core.executor:Executing jobs using 'parallel' executor
[1.202s] DEBUG:colcon.colcon_parallel_executor.executor.parallel:run_until_complete
[1.203s] INFO:colcon.colcon_ros.task.ament_python.build:Building ROS package in '/home/student48/assessments/coursework2/src/gamma_system_bridge_pkg' with build type 'ament_python'
[1.203s] Level 1:colcon.colcon_core.shell:create_environment_hook('gamma_system_bridge_pkg', 'ament_prefix_path')
[1.213s] INFO:colcon.colcon_core.plugin_system:Skipping extension 'colcon_core.shell.bat': Not used on non-Windows systems
[1.214s] INFO:colcon.colcon_core.shell:Creating environment hook '/home/student48/assessments/coursework2/install/gamma_system_bridge_pkg/share/gamma_system_bridge_pkg/hook/ament_prefix_path.ps1'
[1.218s] INFO:colcon.colcon_core.shell:Creating environment descriptor '/home/student48/assessments/coursework2/install/gamma_system_bridge_pkg/share/gamma_system_bridge_pkg/hook/ament_prefix_path.dsv'
[1.220s] INFO:colcon.colcon_core.shell:Creating environment hook '/home/student48/assessments/coursework2/install/gamma_system_bridge_pkg/share/gamma_system_bridge_pkg/hook/ament_prefix_path.sh'
[1.224s] INFO:colcon.colcon_core.shell:Skip shell extension 'powershell' for command environment: Not usable outside of PowerShell
[1.224s] DEBUG:colcon.colcon_core.shell:Skip shell extension 'dsv' for command environment
[1.248s] INFO:colcon.colcon_ros.task.ament_python.build:Building ROS package in '/home/student48/assessments/coursework2/src/gamma_system_controller_pkg' with build type 'ament_python'
[1.248s] Level 1:colcon.colcon_core.shell:create_environment_hook('gamma_system_controller_pkg', 'ament_prefix_path')
[1.249s] INFO:colcon.colcon_core.shell:Creating environment hook '/home/student48/assessments/coursework2/install/gamma_system_controller_pkg/share/gamma_system_controller_pkg/hook/ament_prefix_path.ps1'
[1.250s] INFO:colcon.colcon_core.shell:Creating environment descriptor '/home/student48/assessments/coursework2/install/gamma_system_controller_pkg/share/gamma_system_controller_pkg/hook/ament_prefix_path.dsv'
[1.252s] INFO:colcon.colcon_core.shell:Creating environment hook '/home/student48/assessments/coursework2/install/gamma_system_controller_pkg/share/gamma_system_controller_pkg/hook/ament_prefix_path.sh'
[1.257s] INFO:colcon.colcon_core.shell:Skip shell extension 'powershell' for command environment: Not usable outside of PowerShell
[1.258s] DEBUG:colcon.colcon_core.shell:Skip shell extension 'dsv' for command environment
[1.281s] INFO:colcon.colcon_ros.task.ament_cmake.build:Building ROS package in '/home/student48/assessments/coursework2/src/sfr_coursework2_interface_package' with build type 'ament_cmake'
[1.282s] INFO:colcon.colcon_cmake.task.cmake.build:Building CMake package in '/home/student48/assessments/coursework2/src/sfr_coursework2_interface_package'
[1.283s] INFO:colcon.colcon_core.shell:Skip shell extension 'powershell' for command environment: Not usable outside of PowerShell
[1.283s] DEBUG:colcon.colcon_core.shell:Skip shell extension 'dsv' for command environment
[2.454s] INFO:colcon.colcon_core.task.python.build:Building Python package in '/home/student48/assessments/coursework2/src/gamma_system_bridge_pkg'
[2.455s] INFO:colcon.colcon_core.shell:Skip shell extension 'powershell' for command environment: Not usable outside of PowerShell
[2.455s] DEBUG:colcon.colcon_core.shell:Skip shell extension 'dsv' for command environment
[3.590s] INFO:colcon.colcon_core.task.python.build:Building Python package in '/home/student48/assessments/coursework2/src/gamma_system_controller_pkg'
[3.591s] INFO:colcon.colcon_core.shell:Skip shell extension 'powershell' for command environment: Not usable outside of PowerShell
[3.592s] DEBUG:colcon.colcon_core.shell:Skip shell extension 'dsv' for command environment
[3.631s] DEBUG:colcon.colcon_core.event_handler.log_command:Invoking command in '/home/student48/assessments/coursework2/build/sfr_coursework2_interface_package': CMAKE_PREFIX_PATH=${CMAKE_PREFIX_PATH}:/home/student48/assessments/coursework2/install/gamma_system_controller_pkg:/home/student48/assessments/coursework2/install/gamma_system_bridge_pkg:/home/student48/ros2_tutorial_workspace/install/the_simplest_python_packagee:/home/student48/ros2_tutorial_workspace/install/the_simplest_python_package:/home/student48/ros2_tutorial_workspace/install/python_package_with_a_node:/home/student48/ros2_tutorial_workspace/install/python_package_that_uses_the_library:/home/student48/ros2_tutorial_workspace/install/python_package_with_a_library:/home/student48/ros2_tutorial_workspace/install/python_package_that_uses_the_services:/home/student48/ros2_tutorial_workspace/install/python_package_that_uses_the_messages:/home/student48/ros2_tutorial_workspace/install/python_package_that_uses_the_actions:/home/student48/ros2_tutorial_workspace/install/python_package_that_uses_tf2:/home/student48/ros2_tutorial_workspace/install/python_package_that_uses_parameters_and_launch_files:/home/student48/ros2_tutorial_workspace/install/python_package_that_uses_nav2:/home/student48/ros2_tutorial_workspace/install/python_package_that_uses_geometry_msgs:/home/student48/ros2_tutorial_workspace/install/python_package_that_uses_gazebo:/home/student48/ros2_tutorial_workspace/install/my_package:/home/student48/ros2_tutorial_workspace/install/custom_tf_package:/home/student48/ros2_tutorial_workspace/install/custom_tf_broadcaster_package:/home/student48/ros2_tutorial_workspace/install/custom_subscriber_package:/home/student48/ros2_tutorial_workspace/install/custom_server_package:/home/student48/ros2_tutorial_workspace/install/custom_publisher_package:/home/student48/ros2_tutorial_workspace/install/custom_package_with_node:/home/student48/ros2_tutorial_workspace/install/custom_package_with_library:/home/student48/ros2_tutorial_workspace/install/custom_client_package:/home/student48/ros2_tutorial_workspace/install/custom_action_server_package:/home/student48/ros2_tutorial_workspace/install/custom_action_client_package:/home/student48/ros2_tutorial_workspace/install/another_package:/home/student48/assessments/week4/src/install/volkswagen:/home/student48/assessments/week4/src/install/building:/opt/ros/jazzy DEBUGINFOD_URLS=https://debuginfod.ubuntu.com /usr/bin/cmake --build /home/student48/assessments/coursework2/build/sfr_coursework2_interface_package -- -j12 -l12
[5.838s] DEBUG:colcon.colcon_core.event_handler.log_command:Invoked command in '/home/student48/assessments/coursework2/build/sfr_coursework2_interface_package' returned '0': CMAKE_PREFIX_PATH=${CMAKE_PREFIX_PATH}:/home/student48/assessments/coursework2/install/gamma_system_controller_pkg:/home/student48/assessments/coursework2/install/gamma_system_bridge_pkg:/home/student48/ros2_tutorial_workspace/install/the_simplest_python_packagee:/home/student48/ros2_tutorial_workspace/install/the_simplest_python_package:/home/student48/ros2_tutorial_workspace/install/python_package_with_a_node:/home/student48/ros2_tutorial_workspace/install/python_package_that_uses_the_library:/home/student48/ros2_tutorial_workspace/install/python_package_with_a_library:/home/student48/ros2_tutorial_workspace/install/python_package_that_uses_the_services:/home/student48/ros2_tutorial_workspace/install/python_package_that_uses_the_messages:/home/student48/ros2_tutorial_workspace/install/python_package_that_uses_the_actions:/home/student48/ros2_tutorial_workspace/install/python_package_that_uses_tf2:/home/student48/ros2_tutorial_workspace/install/python_package_that_uses_parameters_and_launch_files:/home/student48/ros2_tutorial_workspace/install/python_package_that_uses_nav2:/home/student48/ros2_tutorial_workspace/install/python_package_that_uses_geometry_msgs:/home/student48/ros2_tutorial_workspace/install/python_package_that_uses_gazebo:/home/student48/ros2_tutorial_workspace/install/my_package:/home/student48/ros2_tutorial_workspace/install/custom_tf_package:/home/student48/ros2_tutorial_workspace/install/custom_tf_broadcaster_package:/home/student48/ros2_tutorial_workspace/install/custom_subscriber_package:/home/student48/ros2_tutorial_workspace/install/custom_server_package:/home/student48/ros2_tutorial_workspace/install/custom_publisher_package:/home/student48/ros2_tutorial_workspace/install/custom_package_with_node:/home/student48/ros2_tutorial_workspace/install/custom_package_with_library:/home/student48/ros2_tutorial_workspace/install/custom_client_package:/home/student48/ros2_tutorial_workspace/install/custom_action_server_package:/home/student48/ros2_tutorial_workspace/install/custom_action_client_package:/home/student48/ros2_tutorial_workspace/install/another_package:/home/student48/assessments/week4/src/install/volkswagen:/home/student48/assessments/week4/src/install/building:/opt/ros/jazzy DEBUGINFOD_URLS=https://debuginfod.ubuntu.com /usr/bin/cmake --build /home/student48/assessments/coursework2/build/sfr_coursework2_interface_package -- -j12 -l12
[5.884s] DEBUG:colcon.colcon_core.event_handler.log_command:Invoking command in '/home/student48/assessments/coursework2/build/sfr_coursework2_interface_package': CMAKE_PREFIX_PATH=${CMAKE_PREFIX_PATH}:/home/student48/assessments/coursework2/install/gamma_system_controller_pkg:/home/student48/assessments/coursework2/install/gamma_system_bridge_pkg:/home/student48/ros2_tutorial_workspace/install/the_simplest_python_packagee:/home/student48/ros2_tutorial_workspace/install/the_simplest_python_package:/home/student48/ros2_tutorial_workspace/install/python_package_with_a_node:/home/student48/ros2_tutorial_workspace/install/python_package_that_uses_the_library:/home/student48/ros2_tutorial_workspace/install/python_package_with_a_library:/home/student48/ros2_tutorial_workspace/install/python_package_that_uses_the_services:/home/student48/ros2_tutorial_workspace/install/python_package_that_uses_the_messages:/home/student48/ros2_tutorial_workspace/install/python_package_that_uses_the_actions:/home/student48/ros2_tutorial_workspace/install/python_package_that_uses_tf2:/home/student48/ros2_tutorial_workspace/install/python_package_that_uses_parameters_and_launch_files:/home/student48/ros2_tutorial_workspace/install/python_package_that_uses_nav2:/home/student48/ros2_tutorial_workspace/install/python_package_that_uses_geometry_msgs:/home/student48/ros2_tutorial_workspace/install/python_package_that_uses_gazebo:/home/student48/ros2_tutorial_workspace/install/my_package:/home/student48/ros2_tutorial_workspace/install/custom_tf_package:/home/student48/ros2_tutorial_workspace/install/custom_tf_broadcaster_package:/home/student48/ros2_tutorial_workspace/install/custom_subscriber_package:/home/student48/ros2_tutorial_workspace/install/custom_server_package:/home/student48/ros2_tutorial_workspace/install/custom_publisher_package:/home/student48/ros2_tutorial_workspace/install/custom_package_with_node:/home/student48/ros2_tutorial_workspace/install/custom_package_with_library:/home/student48/ros2_tutorial_workspace/install/custom_client_package:/home/student48/ros2_tutorial_workspace/install/custom_action_server_package:/home/student48/ros2_tutorial_workspace/install/custom_action_client_package:/home/student48/ros2_tutorial_workspace/install/another_package:/home/student48/assessments/week4/src/install/volkswagen:/home/student48/assessments/week4/src/install/building:/opt/ros/jazzy DEBUGINFOD_URLS=https://debuginfod.ubuntu.com /usr/bin/cmake --install /home/student48/assessments/coursework2/build/sfr_coursework2_interface_package
[6.205s] Level 1:colcon.colcon_core.environment:create_environment_scripts_only(sfr_coursework2_interface_package)
[6.208s] DEBUG:colcon.colcon_core.event_handler.log_command:Invoked command in '/home/student48/assessments/coursework2/build/sfr_coursework2_interface_package' returned '0': CMAKE_PREFIX_PATH=${CMAKE_PREFIX_PATH}:/home/student48/assessments/coursework2/install/gamma_system_controller_pkg:/home/student48/assessments/coursework2/install/gamma_system_bridge_pkg:/home/student48/ros2_tutorial_workspace/install/the_simplest_python_packagee:/home/student48/ros2_tutorial_workspace/install/the_simplest_python_package:/home/student48/ros2_tutorial_workspace/install/python_package_with_a_node:/home/student48/ros2_tutorial_workspace/install/python_package_that_uses_the_library:/home/student48/ros2_tutorial_workspace/install/python_package_with_a_library:/home/student48/ros2_tutorial_workspace/install/python_package_that_uses_the_services:/home/student48/ros2_tutorial_workspace/install/python_package_that_uses_the_messages:/home/student48/ros2_tutorial_workspace/install/python_package_that_uses_the_actions:/home/student48/ros2_tutorial_workspace/install/python_package_that_uses_tf2:/home/student48/ros2_tutorial_workspace/install/python_package_that_uses_parameters_and_launch_files:/home/student48/ros2_tutorial_workspace/install/python_package_that_uses_nav2:/home/student48/ros2_tutorial_workspace/install/python_package_that_uses_geometry_msgs:/home/student48/ros2_tutorial_workspace/install/python_package_that_uses_gazebo:/home/student48/ros2_tutorial_workspace/install/my_package:/home/student48/ros2_tutorial_workspace/install/custom_tf_package:/home/student48/ros2_tutorial_workspace/install/custom_tf_broadcaster_package:/home/student48/ros2_tutorial_workspace/install/custom_subscriber_package:/home/student48/ros2_tutorial_workspace/install/custom_server_package:/home/student48/ros2_tutorial_workspace/install/custom_publisher_package:/home/student48/ros2_tutorial_workspace/install/custom_package_with_node:/home/student48/ros2_tutorial_workspace/install/custom_package_with_library:/home/student48/ros2_tutorial_workspace/install/custom_client_package:/home/student48/ros2_tutorial_workspace/install/custom_action_server_package:/home/student48/ros2_tutorial_workspace/install/custom_action_client_package:/home/student48/ros2_tutorial_workspace/install/another_package:/home/student48/assessments/week4/src/install/volkswagen:/home/student48/assessments/week4/src/install/building:/opt/ros/jazzy DEBUGINFOD_URLS=https://debuginfod.ubuntu.com /usr/bin/cmake --install /home/student48/assessments/coursework2/build/sfr_coursework2_interface_package
[6.216s] Level 1:colcon.colcon_core.environment:checking '/home/student48/assessments/coursework2/install/sfr_coursework2_interface_package' for CMake module files
[6.219s] Level 1:colcon.colcon_core.environment:checking '/home/student48/assessments/coursework2/install/sfr_coursework2_interface_package' for CMake config files
[6.221s] Level 1:colcon.colcon_core.shell:create_environment_hook('sfr_coursework2_interface_package', 'cmake_prefix_path')
[6.222s] INFO:colcon.colcon_core.shell:Creating environment hook '/home/student48/assessments/coursework2/install/sfr_coursework2_interface_package/share/sfr_coursework2_interface_package/hook/cmake_prefix_path.ps1'
[6.223s] INFO:colcon.colcon_core.shell:Creating environment descriptor '/home/student48/assessments/coursework2/install/sfr_coursework2_interface_package/share/sfr_coursework2_interface_package/hook/cmake_prefix_path.dsv'
[6.225s] INFO:colcon.colcon_core.shell:Creating environment hook '/home/student48/assessments/coursework2/install/sfr_coursework2_interface_package/share/sfr_coursework2_interface_package/hook/cmake_prefix_path.sh'
[6.227s] Level 1:colcon.colcon_core.environment:checking '/home/student48/assessments/coursework2/install/sfr_coursework2_interface_package/lib'
[6.227s] Level 1:colcon.colcon_core.shell:create_environment_hook('sfr_coursework2_interface_package', 'ld_library_path_lib')
[6.228s] INFO:colcon.colcon_core.shell:Creating environment hook '/home/student48/assessments/coursework2/install/sfr_coursework2_interface_package/share/sfr_coursework2_interface_package/hook/ld_library_path_lib.ps1'
[6.229s] INFO:colcon.colcon_core.shell:Creating environment descriptor '/home/student48/assessments/coursework2/install/sfr_coursework2_interface_package/share/sfr_coursework2_interface_package/hook/ld_library_path_lib.dsv'
[6.230s] INFO:colcon.colcon_core.shell:Creating environment hook '/home/student48/assessments/coursework2/install/sfr_coursework2_interface_package/share/sfr_coursework2_interface_package/hook/ld_library_path_lib.sh'
[6.232s] Level 1:colcon.colcon_core.environment:checking '/home/student48/assessments/coursework2/install/sfr_coursework2_interface_package/bin'
[6.232s] Level 1:colcon.colcon_core.environment:checking '/home/student48/assessments/coursework2/install/sfr_coursework2_interface_package/lib/pkgconfig/sfr_coursework2_interface_package.pc'
[6.234s] Level 1:colcon.colcon_core.environment:checking '/home/student48/assessments/coursework2/install/sfr_coursework2_interface_package/lib/python3.12/site-packages'
[6.234s] Level 1:colcon.colcon_core.shell:create_environment_hook('sfr_coursework2_interface_package', 'pythonpath')
[6.236s] INFO:colcon.colcon_core.shell:Creating environment hook '/home/student48/assessments/coursework2/install/sfr_coursework2_interface_package/share/sfr_coursework2_interface_package/hook/pythonpath.ps1'
[6.238s] INFO:colcon.colcon_core.shell:Creating environment descriptor '/home/student48/assessments/coursework2/install/sfr_coursework2_interface_package/share/sfr_coursework2_interface_package/hook/pythonpath.dsv'
[6.239s] INFO:colcon.colcon_core.shell:Creating environment hook '/home/student48/assessments/coursework2/install/sfr_coursework2_interface_package/share/sfr_coursework2_interface_package/hook/pythonpath.sh'
[6.242s] Level 1:colcon.colcon_core.environment:checking '/home/student48/assessments/coursework2/install/sfr_coursework2_interface_package/bin'
[6.242s] INFO:colcon.colcon_core.shell:Creating package script '/home/student48/assessments/coursework2/install/sfr_coursework2_interface_package/share/sfr_coursework2_interface_package/package.ps1'
[6.245s] INFO:colcon.colcon_core.shell:Creating package descriptor '/home/student48/assessments/coursework2/install/sfr_coursework2_interface_package/share/sfr_coursework2_interface_package/package.dsv'
[6.249s] INFO:colcon.colcon_core.shell:Creating package script '/home/student48/assessments/coursework2/install/sfr_coursework2_interface_package/share/sfr_coursework2_interface_package/package.sh'
[6.252s] INFO:colcon.colcon_core.shell:Creating package script '/home/student48/assessments/coursework2/install/sfr_coursework2_interface_package/share/sfr_coursework2_interface_package/package.bash'
[6.255s] INFO:colcon.colcon_core.shell:Creating package script '/home/student48/assessments/coursework2/install/sfr_coursework2_interface_package/share/sfr_coursework2_interface_package/package.zsh'
[6.258s] Level 1:colcon.colcon_core.environment:create_file_with_runtime_dependencies(/home/student48/assessments/coursework2/install/sfr_coursework2_interface_package/share/colcon-core/packages/sfr_coursework2_interface_package)
[6.263s] Level 1:colcon.colcon_core.environment:create_environment_scripts_only(sfr_coursework2_interface_package)
[6.264s] Level 1:colcon.colcon_core.environment:checking '/home/student48/assessments/coursework2/install/sfr_coursework2_interface_package' for CMake module files
[6.270s] Level 1:colcon.colcon_core.environment:checking '/home/student48/assessments/coursework2/install/sfr_coursework2_interface_package' for CMake config files
[6.272s] Level 1:colcon.colcon_core.shell:create_environment_hook('sfr_coursework2_interface_package', 'cmake_prefix_path')
[6.274s] INFO:colcon.colcon_core.shell:Creating environment hook '/home/student48/assessments/coursework2/install/sfr_coursework2_interface_package/share/sfr_coursework2_interface_package/hook/cmake_prefix_path.ps1'
[6.278s] INFO:colcon.colcon_core.shell:Creating environment descriptor '/home/student48/assessments/coursework2/install/sfr_coursework2_interface_package/share/sfr_coursework2_interface_package/hook/cmake_prefix_path.dsv'
[6.282s] INFO:colcon.colcon_core.shell:Creating environment hook '/home/student48/assessments/coursework2/install/sfr_coursework2_interface_package/share/sfr_coursework2_interface_package/hook/cmake_prefix_path.sh'
[6.284s] Level 1:colcon.colcon_core.environment:checking '/home/student48/assessments/coursework2/install/sfr_coursework2_interface_package/lib'
[6.284s] Level 1:colcon.colcon_core.shell:create_environment_hook('sfr_coursework2_interface_package', 'ld_library_path_lib')
[6.293s] INFO:colcon.colcon_core.shell:Creating environment hook '/home/student48/assessments/coursework2/install/sfr_coursework2_interface_package/share/sfr_coursework2_interface_package/hook/ld_library_path_lib.ps1'
[6.294s] INFO:colcon.colcon_core.shell:Creating environment descriptor '/home/student48/assessments/coursework2/install/sfr_coursework2_interface_package/share/sfr_coursework2_interface_package/hook/ld_library_path_lib.dsv'
[6.295s] INFO:colcon.colcon_core.shell:Creating environment hook '/home/student48/assessments/coursework2/install/sfr_coursework2_interface_package/share/sfr_coursework2_interface_package/hook/ld_library_path_lib.sh'
[6.297s] Level 1:colcon.colcon_core.environment:checking '/home/student48/assessments/coursework2/install/sfr_coursework2_interface_package/bin'
[6.297s] Level 1:colcon.colcon_core.environment:checking '/home/student48/assessments/coursework2/install/sfr_coursework2_interface_package/lib/pkgconfig/sfr_coursework2_interface_package.pc'
[6.297s] Level 1:colcon.colcon_core.environment:checking '/home/student48/assessments/coursework2/install/sfr_coursework2_interface_package/lib/python3.12/site-packages'
[6.298s] Level 1:colcon.colcon_core.shell:create_environment_hook('sfr_coursework2_interface_package', 'pythonpath')
[6.298s] INFO:colcon.colcon_core.shell:Creating environment hook '/home/student48/assessments/coursework2/install/sfr_coursework2_interface_package/share/sfr_coursework2_interface_package/hook/pythonpath.ps1'
[6.299s] INFO:colcon.colcon_core.shell:Creating environment descriptor '/home/student48/assessments/coursework2/install/sfr_coursework2_interface_package/share/sfr_coursework2_interface_package/hook/pythonpath.dsv'
[6.300s] INFO:colcon.colcon_core.shell:Creating environment hook '/home/student48/assessments/coursework2/install/sfr_coursework2_interface_package/share/sfr_coursework2_interface_package/hook/pythonpath.sh'
[6.302s] Level 1:colcon.colcon_core.environment:checking '/home/student48/assessments/coursework2/install/sfr_coursework2_interface_package/bin'
[6.306s] INFO:colcon.colcon_core.shell:Creating package script '/home/student48/assessments/coursework2/install/sfr_coursework2_interface_package/share/sfr_coursework2_interface_package/package.ps1'
[6.311s] INFO:colcon.colcon_core.shell:Creating package descriptor '/home/student48/assessments/coursework2/install/sfr_coursework2_interface_package/share/sfr_coursework2_interface_package/package.dsv'
[6.313s] INFO:colcon.colcon_core.shell:Creating package script '/home/student48/assessments/coursework2/install/sfr_coursework2_interface_package/share/sfr_coursework2_interface_package/package.sh'
[6.314s] INFO:colcon.colcon_core.shell:Creating package script '/home/student48/assessments/coursework2/install/sfr_coursework2_interface_package/share/sfr_coursework2_interface_package/package.bash'
[6.316s] INFO:colcon.colcon_core.shell:Creating package script '/home/student48/assessments/coursework2/install/sfr_coursework2_interface_package/share/sfr_coursework2_interface_package/package.zsh'
[6.317s] Level 1:colcon.colcon_core.environment:create_file_with_runtime_dependencies(/home/student48/assessments/coursework2/install/sfr_coursework2_interface_package/share/colcon-core/packages/sfr_coursework2_interface_package)
[6.850s] DEBUG:colcon.colcon_core.event_handler.log_command:Invoking command in '/home/student48/assessments/coursework2/src/gamma_system_bridge_pkg': DEBUGINFOD_URLS=https://debuginfod.ubuntu.com PYTHONPATH=/home/student48/assessments/coursework2/build/gamma_system_bridge_pkg/prefix_override:/usr/lib/python3/dist-packages/colcon_core/task/python/colcon_distutils_commands:/home/student48/assessments/coursework2/install/gamma_system_bridge_pkg/lib/python3.12/site-packages:${PYTHONPATH} /usr/bin/python3 -W ignore:setup.py install is deprecated -W ignore:easy_install command is deprecated setup.py egg_info --egg-base ../../build/gamma_system_bridge_pkg build --build-base /home/student48/assessments/coursework2/build/gamma_system_bridge_pkg/build install --record /home/student48/assessments/coursework2/build/gamma_system_bridge_pkg/install.log --single-version-externally-managed install_data
[6.860s] DEBUG:colcon.colcon_core.event_handler.log_command:Invoking command in '/home/student48/assessments/coursework2/src/gamma_system_controller_pkg': DEBUGINFOD_URLS=https://debuginfod.ubuntu.com PYTHONPATH=/home/student48/assessments/coursework2/build/gamma_system_controller_pkg/prefix_override:/usr/lib/python3/dist-packages/colcon_core/task/python/colcon_distutils_commands:/home/student48/assessments/coursework2/install/gamma_system_controller_pkg/lib/python3.12/site-packages:${PYTHONPATH} /usr/bin/python3 -W ignore:setup.py install is deprecated -W ignore:easy_install command is deprecated setup.py egg_info --egg-base ../../build/gamma_system_controller_pkg build --build-base /home/student48/assessments/coursework2/build/gamma_system_controller_pkg/build install --record /home/student48/assessments/coursework2/build/gamma_system_controller_pkg/install.log --single-version-externally-managed install_data
[9.849s] Level 1:colcon.colcon_core.environment:checking '/home/student48/assessments/coursework2/install/gamma_system_bridge_pkg' for CMake module files
[9.851s] DEBUG:colcon.colcon_core.event_handler.log_command:Invoked command in '/home/student48/assessments/coursework2/src/gamma_system_bridge_pkg' returned '0': DEBUGINFOD_URLS=https://debuginfod.ubuntu.com PYTHONPATH=/home/student48/assessments/coursework2/build/gamma_system_bridge_pkg/prefix_override:/usr/lib/python3/dist-packages/colcon_core/task/python/colcon_distutils_commands:/home/student48/assessments/coursework2/install/gamma_system_bridge_pkg/lib/python3.12/site-packages:${PYTHONPATH} /usr/bin/python3 -W ignore:setup.py install is deprecated -W ignore:easy_install command is deprecated setup.py egg_info --egg-base ../../build/gamma_system_bridge_pkg build --build-base /home/student48/assessments/coursework2/build/gamma_system_bridge_pkg/build install --record /home/student48/assessments/coursework2/build/gamma_system_bridge_pkg/install.log --single-version-externally-managed install_data
[9.853s] Level 1:colcon.colcon_core.environment:checking '/home/student48/assessments/coursework2/install/gamma_system_bridge_pkg' for CMake config files
[9.855s] Level 1:colcon.colcon_core.environment:checking '/home/student48/assessments/coursework2/install/gamma_system_bridge_pkg/lib'
[9.855s] Level 1:colcon.colcon_core.environment:checking '/home/student48/assessments/coursework2/install/gamma_system_bridge_pkg/bin'
[9.856s] Level 1:colcon.colcon_core.environment:checking '/home/student48/assessments/coursework2/install/gamma_system_bridge_pkg/lib/pkgconfig/gamma_system_bridge_pkg.pc'
[9.856s] Level 1:colcon.colcon_core.environment:checking '/home/student48/assessments/coursework2/install/gamma_system_bridge_pkg/lib/python3.12/site-packages'
[9.857s] Level 1:colcon.colcon_core.shell:create_environment_hook('gamma_system_bridge_pkg', 'pythonpath')
[9.857s] INFO:colcon.colcon_core.shell:Creating environment hook '/home/student48/assessments/coursework2/install/gamma_system_bridge_pkg/share/gamma_system_bridge_pkg/hook/pythonpath.ps1'
[9.859s] INFO:colcon.colcon_core.shell:Creating environment descriptor '/home/student48/assessments/coursework2/install/gamma_system_bridge_pkg/share/gamma_system_bridge_pkg/hook/pythonpath.dsv'
[9.860s] INFO:colcon.colcon_core.shell:Creating environment hook '/home/student48/assessments/coursework2/install/gamma_system_bridge_pkg/share/gamma_system_bridge_pkg/hook/pythonpath.sh'
[9.862s] Level 1:colcon.colcon_core.environment:checking '/home/student48/assessments/coursework2/install/gamma_system_bridge_pkg/bin'
[9.863s] Level 1:colcon.colcon_core.environment:create_environment_scripts_only(gamma_system_bridge_pkg)
[9.864s] INFO:colcon.colcon_core.shell:Creating package script '/home/student48/assessments/coursework2/install/gamma_system_bridge_pkg/share/gamma_system_bridge_pkg/package.ps1'
[9.871s] INFO:colcon.colcon_core.shell:Creating package descriptor '/home/student48/assessments/coursework2/install/gamma_system_bridge_pkg/share/gamma_system_bridge_pkg/package.dsv'
[9.894s] INFO:colcon.colcon_core.shell:Creating package script '/home/student48/assessments/coursework2/install/gamma_system_bridge_pkg/share/gamma_system_bridge_pkg/package.sh'
[9.899s] INFO:colcon.colcon_core.shell:Creating package script '/home/student48/assessments/coursework2/install/gamma_system_bridge_pkg/share/gamma_system_bridge_pkg/package.bash'
[9.903s] INFO:colcon.colcon_core.shell:Creating package script '/home/student48/assessments/coursework2/install/gamma_system_bridge_pkg/share/gamma_system_bridge_pkg/package.zsh'
[9.904s] Level 1:colcon.colcon_core.environment:create_file_with_runtime_dependencies(/home/student48/assessments/coursework2/install/gamma_system_bridge_pkg/share/colcon-core/packages/gamma_system_bridge_pkg)
[9.957s] Level 1:colcon.colcon_core.environment:checking '/home/student48/assessments/coursework2/install/gamma_system_controller_pkg' for CMake module files
[9.961s] Level 1:colcon.colcon_core.environment:checking '/home/student48/assessments/coursework2/install/gamma_system_controller_pkg' for CMake config files
[9.958s] DEBUG:colcon.colcon_core.event_handler.log_command:Invoked command in '/home/student48/assessments/coursework2/src/gamma_system_controller_pkg' returned '0': DEBUGINFOD_URLS=https://debuginfod.ubuntu.com PYTHONPATH=/home/student48/assessments/coursework2/build/gamma_system_controller_pkg/prefix_override:/usr/lib/python3/dist-packages/colcon_core/task/python/colcon_distutils_commands:/home/student48/assessments/coursework2/install/gamma_system_controller_pkg/lib/python3.12/site-packages:${PYTHONPATH} /usr/bin/python3 -W ignore:setup.py install is deprecated -W ignore:easy_install command is deprecated setup.py egg_info --egg-base ../../build/gamma_system_controller_pkg build --build-base /home/student48/assessments/coursework2/build/gamma_system_controller_pkg/build install --record /home/student48/assessments/coursework2/build/gamma_system_controller_pkg/install.log --single-version-externally-managed install_data
[9.963s] Level 1:colcon.colcon_core.environment:checking '/home/student48/assessments/coursework2/install/gamma_system_controller_pkg/lib'
[9.963s] Level 1:colcon.colcon_core.environment:checking '/home/student48/assessments/coursework2/install/gamma_system_controller_pkg/bin'
[9.963s] Level 1:colcon.colcon_core.environment:checking '/home/student48/assessments/coursework2/install/gamma_system_controller_pkg/lib/pkgconfig/gamma_system_controller_pkg.pc'
[9.964s] Level 1:colcon.colcon_core.environment:checking '/home/student48/assessments/coursework2/install/gamma_system_controller_pkg/lib/python3.12/site-packages'
[9.965s] Level 1:colcon.colcon_core.shell:create_environment_hook('gamma_system_controller_pkg', 'pythonpath')
[9.966s] INFO:colcon.colcon_core.shell:Creating environment hook '/home/student48/assessments/coursework2/install/gamma_system_controller_pkg/share/gamma_system_controller_pkg/hook/pythonpath.ps1'
[9.970s] INFO:colcon.colcon_core.shell:Creating environment descriptor '/home/student48/assessments/coursework2/install/gamma_system_controller_pkg/share/gamma_system_controller_pkg/hook/pythonpath.dsv'
[9.984s] INFO:colcon.colcon_core.shell:Creating environment hook '/home/student48/assessments/coursework2/install/gamma_system_controller_pkg/share/gamma_system_controller_pkg/hook/pythonpath.sh'
[9.988s] Level 1:colcon.colcon_core.environment:checking '/home/student48/assessments/coursework2/install/gamma_system_controller_pkg/bin'
[9.988s] Level 1:colcon.colcon_core.environment:create_environment_scripts_only(gamma_system_controller_pkg)
[9.989s] INFO:colcon.colcon_core.shell:Creating package script '/home/student48/assessments/coursework2/install/gamma_system_controller_pkg/share/gamma_system_controller_pkg/package.ps1'
[9.991s] INFO:colcon.colcon_core.shell:Creating package descriptor '/home/student48/assessments/coursework2/install/gamma_system_controller_pkg/share/gamma_system_controller_pkg/package.dsv'
[9.994s] INFO:colcon.colcon_core.shell:Creating package script '/home/student48/assessments/coursework2/install/gamma_system_controller_pkg/share/gamma_system_controller_pkg/package.sh'
[9.998s] INFO:colcon.colcon_core.shell:Creating package script '/home/student48/assessments/coursework2/install/gamma_system_controller_pkg/share/gamma_system_controller_pkg/package.bash'
[10.001s] INFO:colcon.colcon_core.shell:Creating package script '/home/student48/assessments/coursework2/install/gamma_system_controller_pkg/share/gamma_system_controller_pkg/package.zsh'
[10.003s] Level 1:colcon.colcon_core.environment:create_file_with_runtime_dependencies(/home/student48/assessments/coursework2/install/gamma_system_controller_pkg/share/colcon-core/packages/gamma_system_controller_pkg)
[10.004s] DEBUG:colcon.colcon_parallel_executor.executor.parallel:closing loop
[10.005s] DEBUG:colcon.colcon_parallel_executor.executor.parallel:loop closed
[10.006s] DEBUG:colcon.colcon_parallel_executor.executor.parallel:run_until_complete finished with '0'
[10.006s] DEBUG:colcon.colcon_core.event_reactor:joining thread
[10.027s] INFO:colcon.colcon_core.plugin_system:Skipping extension 'colcon_notification.desktop_notification.terminal_notifier': Not used on non-Darwin systems
[10.027s] INFO:colcon.colcon_core.plugin_system:Skipping extension 'colcon_notification.desktop_notification.win32': Not used on non-Windows systems
[10.027s] INFO:colcon.colcon_notification.desktop_notification:Sending desktop notification using 'notify2'
[10.094s] DEBUG:colcon.colcon_core.event_reactor:joined thread
[10.094s] INFO:colcon.colcon_core.shell:Creating prefix script '/home/student48/assessments/coursework2/install/local_setup.ps1'
[10.102s] INFO:colcon.colcon_core.shell:Creating prefix util module '/home/student48/assessments/coursework2/install/_local_setup_util_ps1.py'
[10.107s] INFO:colcon.colcon_core.shell:Creating prefix chain script '/home/student48/assessments/coursework2/install/setup.ps1'
[10.113s] INFO:colcon.colcon_core.shell:Creating prefix script '/home/student48/assessments/coursework2/install/local_setup.sh'
[10.115s] INFO:colcon.colcon_core.shell:Creating prefix util module '/home/student48/assessments/coursework2/install/_local_setup_util_sh.py'
[10.118s] INFO:colcon.colcon_core.shell:Creating prefix chain script '/home/student48/assessments/coursework2/install/setup.sh'
[10.129s] INFO:colcon.colcon_core.shell:Creating prefix script '/home/student48/assessments/coursework2/install/local_setup.bash'
[10.131s] INFO:colcon.colcon_core.shell:Creating prefix chain script '/home/student48/assessments/coursework2/install/setup.bash'
[10.138s] INFO:colcon.colcon_core.shell:Creating prefix script '/home/student48/assessments/coursework2/install/local_setup.zsh'
[10.140s] INFO:colcon.colcon_core.shell:Creating prefix chain script '/home/student48/assessments/coursework2/install/setup.zsh'
