[5.914s] Invoking command in '/home/student48/assessments/coursework2/src/gamma_system_navigation_pkg': DEBUGINFOD_URLS=https://debuginfod.ubuntu.com PYTHONPATH=/home/student48/assessments/coursework2/build/gamma_system_navigation_pkg/prefix_override:/usr/lib/python3/dist-packages/colcon_core/task/python/colcon_distutils_commands:/home/student48/assessments/coursework2/install/gamma_system_navigation_pkg/lib/python3.12/site-packages:${PYTHONPATH} /usr/bin/python3 -W ignore:setup.py install is deprecated -W ignore:easy_install command is deprecated setup.py egg_info --egg-base ../../build/gamma_system_navigation_pkg build --build-base /home/student48/assessments/coursework2/build/gamma_system_navigation_pkg/build install --record /home/student48/assessments/coursework2/build/gamma_system_navigation_pkg/install.log --single-version-externally-managed install_data
[7.258s] running egg_info
[7.393s] writing ../../build/gamma_system_navigation_pkg/gamma_system_navigation_pkg.egg-info/PKG-INFO
[7.394s] writing dependency_links to ../../build/gamma_system_navigation_pkg/gamma_system_navigation_pkg.egg-info/dependency_links.txt
[7.394s] writing entry points to ../../build/gamma_system_navigation_pkg/gamma_system_navigation_pkg.egg-info/entry_points.txt
[7.394s] writing requirements to ../../build/gamma_system_navigation_pkg/gamma_system_navigation_pkg.egg-info/requires.txt
[7.394s] writing top-level names to ../../build/gamma_system_navigation_pkg/gamma_system_navigation_pkg.egg-info/top_level.txt
[7.603s] reading manifest file '../../build/gamma_system_navigation_pkg/gamma_system_navigation_pkg.egg-info/SOURCES.txt'
[7.605s] writing manifest file '../../build/gamma_system_navigation_pkg/gamma_system_navigation_pkg.egg-info/SOURCES.txt'
[7.608s] running build
[7.610s] running build_py
[7.611s] running install
[7.634s] running install_lib
[7.749s] running install_data
[7.750s] running install_egg_info
[7.870s] removing '/home/student48/assessments/coursework2/install/gamma_system_navigation_pkg/lib/python3.12/site-packages/gamma_system_navigation_pkg-0.0.0-py3.12.egg-info' (and everything under it)
[7.871s] Copying ../../build/gamma_system_navigation_pkg/gamma_system_navigation_pkg.egg-info to /home/student48/assessments/coursework2/install/gamma_system_navigation_pkg/lib/python3.12/site-packages/gamma_system_navigation_pkg-0.0.0-py3.12.egg-info
[7.871s] running install_scripts
[8.529s] Installing gamma_system_navigation_node script to /home/student48/assessments/coursework2/install/gamma_system_navigation_pkg/lib/gamma_system_navigation_pkg
[8.531s] writing list of installed files to '/home/student48/assessments/coursework2/build/gamma_system_navigation_pkg/install.log'
[8.669s] Invoked command in '/home/student48/assessments/coursework2/src/gamma_system_navigation_pkg' returned '0': DEBUGINFOD_URLS=https://debuginfod.ubuntu.com PYTHONPATH=/home/student48/assessments/coursework2/build/gamma_system_navigation_pkg/prefix_override:/usr/lib/python3/dist-packages/colcon_core/task/python/colcon_distutils_commands:/home/student48/assessments/coursework2/install/gamma_system_navigation_pkg/lib/python3.12/site-packages:${PYTHONPATH} /usr/bin/python3 -W ignore:setup.py install is deprecated -W ignore:easy_install command is deprecated setup.py egg_info --egg-base ../../build/gamma_system_navigation_pkg build --build-base /home/student48/assessments/coursework2/build/gamma_system_navigation_pkg/build install --record /home/student48/assessments/coursework2/build/gamma_system_navigation_pkg/install.log --single-version-externally-managed install_data
