[0.130s] DEBUG:colcon:Command line arguments: ['/usr/bin/colcon', 'build']
[0.130s] DEBUG:colcon:Parsed command line arguments: Namespace(log_base=None, log_level=None, verb_name='build', build_base='build', install_base='install', merge_install=False, symlink_install=False, test_result_base=None, continue_on_error=False, executor='parallel', parallel_workers=12, event_handlers=None, ignore_user_meta=False, metas=['./colcon.meta'], base_paths=['.'], packages_ignore=None, packages_ignore_regex=None, paths=None, packages_up_to=None, packages_up_to_regex=None, packages_above=None, packages_above_and_dependencies=None, packages_above_depth=None, packages_select_by_dep=None, packages_skip_by_dep=None, packages_skip_up_to=None, packages_select_build_failed=False, packages_skip_build_finished=False, packages_select_test_failures=False, packages_skip_test_passed=False, packages_select=None, packages_skip=None, packages_select_regex=None, packages_skip_regex=None, packages_start=None, packages_end=None, allow_overriding=[], cmake_args=None, cmake_target=None, cmake_target_skip_unavailable=False, cmake_clean_cache=False, cmake_clean_first=False, cmake_force_configure=False, ament_cmake_args=None, catkin_cmake_args=None, catkin_skip_building_tests=False, mixin_files=None, mixin=None, verb_parser=<colcon_mixin.mixin.mixin_argument.MixinArgumentDecorator object at 0x7aa65908f560>, verb_extension=<colcon_core.verb.build.BuildVerb object at 0x7aa6591b3c20>, main=<bound method BuildVerb.main of <colcon_core.verb.build.BuildVerb object at 0x7aa6591b3c20>>, mixin_verb=('build',))
[0.179s] Level 1:colcon.colcon_core.package_discovery:discover_packages(colcon_meta) check parameters
[0.179s] Level 1:colcon.colcon_core.package_discovery:discover_packages(recursive) check parameters
[0.179s] Level 1:colcon.colcon_core.package_discovery:discover_packages(ignore) check parameters
[0.179s] Level 1:colcon.colcon_core.package_discovery:discover_packages(path) check parameters
[0.179s] Level 1:colcon.colcon_core.package_discovery:discover_packages(colcon_meta) discover
[0.179s] Level 1:colcon.colcon_core.package_discovery:discover_packages(recursive) discover
[0.179s] INFO:colcon.colcon_core.package_discovery:Crawling recursively for packages in '/home/student48/assessments/week2'
[0.179s] Level 1:colcon.colcon_core.package_identification:_identify(.) by extensions ['ignore', 'ignore_ament_install']
[0.179s] Level 1:colcon.colcon_core.package_identification:_identify(.) by extension 'ignore'
[0.179s] Level 1:colcon.colcon_core.package_identification:_identify(.) by extension 'ignore_ament_install'
[0.179s] Level 1:colcon.colcon_core.package_identification:_identify(.) by extensions ['colcon_pkg']
[0.179s] Level 1:colcon.colcon_core.package_identification:_identify(.) by extension 'colcon_pkg'
[0.180s] Level 1:colcon.colcon_core.package_identification:_identify(.) by extensions ['colcon_meta']
[0.180s] Level 1:colcon.colcon_core.package_identification:_identify(.) by extension 'colcon_meta'
[0.180s] Level 1:colcon.colcon_core.package_identification:_identify(.) by extensions ['ros']
[0.180s] Level 1:colcon.colcon_core.package_identification:_identify(.) by extension 'ros'
[0.211s] Level 1:colcon.colcon_core.package_identification:_identify(.) by extensions ['cmake', 'python']
[0.212s] Level 1:colcon.colcon_core.package_identification:_identify(.) by extension 'cmake'
[0.212s] Level 1:colcon.colcon_core.package_identification:_identify(.) by extension 'python'
[0.212s] Level 1:colcon.colcon_core.package_identification:_identify(.) by extensions ['python_setup_py']
[0.212s] Level 1:colcon.colcon_core.package_identification:_identify(.) by extension 'python_setup_py'
[0.212s] Level 1:colcon.colcon_core.package_identification:_identify(build) by extensions ['ignore', 'ignore_ament_install']
[0.212s] Level 1:colcon.colcon_core.package_identification:_identify(build) by extension 'ignore'
[0.212s] Level 1:colcon.colcon_core.package_identification:_identify(build) ignored
[0.212s] Level 1:colcon.colcon_core.package_identification:_identify(install) by extensions ['ignore', 'ignore_ament_install']
[0.212s] Level 1:colcon.colcon_core.package_identification:_identify(install) by extension 'ignore'
[0.212s] Level 1:colcon.colcon_core.package_identification:_identify(install) ignored
[0.212s] Level 1:colcon.colcon_core.package_identification:_identify(log) by extensions ['ignore', 'ignore_ament_install']
[0.212s] Level 1:colcon.colcon_core.package_identification:_identify(log) by extension 'ignore'
[0.213s] Level 1:colcon.colcon_core.package_identification:_identify(log) ignored
[0.213s] Level 1:colcon.colcon_core.package_identification:_identify(src) by extensions ['ignore', 'ignore_ament_install']
[0.213s] Level 1:colcon.colcon_core.package_identification:_identify(src) by extension 'ignore'
[0.213s] Level 1:colcon.colcon_core.package_identification:_identify(src) by extension 'ignore_ament_install'
[0.213s] Level 1:colcon.colcon_core.package_identification:_identify(src) by extensions ['colcon_pkg']
[0.213s] Level 1:colcon.colcon_core.package_identification:_identify(src) by extension 'colcon_pkg'
[0.213s] Level 1:colcon.colcon_core.package_identification:_identify(src) by extensions ['colcon_meta']
[0.213s] Level 1:colcon.colcon_core.package_identification:_identify(src) by extension 'colcon_meta'
[0.213s] Level 1:colcon.colcon_core.package_identification:_identify(src) by extensions ['ros']
[0.213s] Level 1:colcon.colcon_core.package_identification:_identify(src) by extension 'ros'
[0.213s] Level 1:colcon.colcon_core.package_identification:_identify(src) by extensions ['cmake', 'python']
[0.213s] Level 1:colcon.colcon_core.package_identification:_identify(src) by extension 'cmake'
[0.213s] Level 1:colcon.colcon_core.package_identification:_identify(src) by extension 'python'
[0.213s] Level 1:colcon.colcon_core.package_identification:_identify(src) by extensions ['python_setup_py']
[0.213s] Level 1:colcon.colcon_core.package_identification:_identify(src) by extension 'python_setup_py'
[0.213s] Level 1:colcon.colcon_core.package_identification:_identify(src/honda) by extensions ['ignore', 'ignore_ament_install']
[0.213s] Level 1:colcon.colcon_core.package_identification:_identify(src/honda) by extension 'ignore'
[0.213s] Level 1:colcon.colcon_core.package_identification:_identify(src/honda) by extension 'ignore_ament_install'
[0.213s] Level 1:colcon.colcon_core.package_identification:_identify(src/honda) by extensions ['colcon_pkg']
[0.213s] Level 1:colcon.colcon_core.package_identification:_identify(src/honda) by extension 'colcon_pkg'
[0.214s] Level 1:colcon.colcon_core.package_identification:_identify(src/honda) by extensions ['colcon_meta']
[0.214s] Level 1:colcon.colcon_core.package_identification:_identify(src/honda) by extension 'colcon_meta'
[0.214s] Level 1:colcon.colcon_core.package_identification:_identify(src/honda) by extensions ['ros']
[0.214s] Level 1:colcon.colcon_core.package_identification:_identify(src/honda) by extension 'ros'
[0.216s] DEBUG:colcon.colcon_core.package_identification:Package 'src/honda' with type 'ros.ament_python' and name 'honda'
[0.216s] Level 1:colcon.colcon_core.package_identification:_identify(src/kia) by extensions ['ignore', 'ignore_ament_install']
[0.217s] Level 1:colcon.colcon_core.package_identification:_identify(src/kia) by extension 'ignore'
[0.217s] Level 1:colcon.colcon_core.package_identification:_identify(src/kia) by extension 'ignore_ament_install'
[0.217s] Level 1:colcon.colcon_core.package_identification:_identify(src/kia) by extensions ['colcon_pkg']
[0.217s] Level 1:colcon.colcon_core.package_identification:_identify(src/kia) by extension 'colcon_pkg'
[0.217s] Level 1:colcon.colcon_core.package_identification:_identify(src/kia) by extensions ['colcon_meta']
[0.217s] Level 1:colcon.colcon_core.package_identification:_identify(src/kia) by extension 'colcon_meta'
[0.217s] Level 1:colcon.colcon_core.package_identification:_identify(src/kia) by extensions ['ros']
[0.217s] Level 1:colcon.colcon_core.package_identification:_identify(src/kia) by extension 'ros'
[0.217s] DEBUG:colcon.colcon_core.package_identification:Package 'src/kia' with type 'ros.ament_python' and name 'kia'
[0.218s] Level 1:colcon.colcon_core.package_discovery:discover_packages(recursive) using defaults
[0.218s] Level 1:colcon.colcon_core.package_discovery:discover_packages(ignore) discover
[0.218s] Level 1:colcon.colcon_core.package_discovery:discover_packages(ignore) using defaults
[0.218s] Level 1:colcon.colcon_core.package_discovery:discover_packages(path) discover
[0.218s] Level 1:colcon.colcon_core.package_discovery:discover_packages(path) using defaults
[0.240s] Level 1:colcon.colcon_core.package_discovery:discover_packages(prefix_path) check parameters
[0.240s] Level 1:colcon.colcon_core.package_discovery:discover_packages(prefix_path) discover
[0.242s] DEBUG:colcon.colcon_installed_package_information.package_discovery:Found 5 installed packages in /home/student48/ros2_tutorial_workspace/install
[0.243s] DEBUG:colcon.colcon_installed_package_information.package_discovery:Found 285 installed packages in /opt/ros/jazzy
[0.245s] Level 1:colcon.colcon_core.package_discovery:discover_packages(prefix_path) using defaults
[0.286s] Level 5:colcon.colcon_core.verb:set package 'honda' build argument 'cmake_args' from command line to 'None'
[0.286s] Level 5:colcon.colcon_core.verb:set package 'honda' build argument 'cmake_target' from command line to 'None'
[0.286s] Level 5:colcon.colcon_core.verb:set package 'honda' build argument 'cmake_target_skip_unavailable' from command line to 'False'
[0.286s] Level 5:colcon.colcon_core.verb:set package 'honda' build argument 'cmake_clean_cache' from command line to 'False'
[0.286s] Level 5:colcon.colcon_core.verb:set package 'honda' build argument 'cmake_clean_first' from command line to 'False'
[0.286s] Level 5:colcon.colcon_core.verb:set package 'honda' build argument 'cmake_force_configure' from command line to 'False'
[0.286s] Level 5:colcon.colcon_core.verb:set package 'honda' build argument 'ament_cmake_args' from command line to 'None'
[0.286s] Level 5:colcon.colcon_core.verb:set package 'honda' build argument 'catkin_cmake_args' from command line to 'None'
[0.286s] Level 5:colcon.colcon_core.verb:set package 'honda' build argument 'catkin_skip_building_tests' from command line to 'False'
[0.286s] DEBUG:colcon.colcon_core.verb:Building package 'honda' with the following arguments: {'ament_cmake_args': None, 'build_base': '/home/student48/assessments/week2/build/honda', 'catkin_cmake_args': None, 'catkin_skip_building_tests': False, 'cmake_args': None, 'cmake_clean_cache': False, 'cmake_clean_first': False, 'cmake_force_configure': False, 'cmake_target': None, 'cmake_target_skip_unavailable': False, 'install_base': '/home/student48/assessments/week2/install/honda', 'merge_install': False, 'path': '/home/student48/assessments/week2/src/honda', 'symlink_install': False, 'test_result_base': None}
[0.287s] Level 5:colcon.colcon_core.verb:set package 'kia' build argument 'cmake_args' from command line to 'None'
[0.287s] Level 5:colcon.colcon_core.verb:set package 'kia' build argument 'cmake_target' from command line to 'None'
[0.287s] Level 5:colcon.colcon_core.verb:set package 'kia' build argument 'cmake_target_skip_unavailable' from command line to 'False'
[0.287s] Level 5:colcon.colcon_core.verb:set package 'kia' build argument 'cmake_clean_cache' from command line to 'False'
[0.287s] Level 5:colcon.colcon_core.verb:set package 'kia' build argument 'cmake_clean_first' from command line to 'False'
[0.287s] Level 5:colcon.colcon_core.verb:set package 'kia' build argument 'cmake_force_configure' from command line to 'False'
[0.287s] Level 5:colcon.colcon_core.verb:set package 'kia' build argument 'ament_cmake_args' from command line to 'None'
[0.287s] Level 5:colcon.colcon_core.verb:set package 'kia' build argument 'catkin_cmake_args' from command line to 'None'
[0.287s] Level 5:colcon.colcon_core.verb:set package 'kia' build argument 'catkin_skip_building_tests' from command line to 'False'
[0.287s] DEBUG:colcon.colcon_core.verb:Building package 'kia' with the following arguments: {'ament_cmake_args': None, 'build_base': '/home/student48/assessments/week2/build/kia', 'catkin_cmake_args': None, 'catkin_skip_building_tests': False, 'cmake_args': None, 'cmake_clean_cache': False, 'cmake_clean_first': False, 'cmake_force_configure': False, 'cmake_target': None, 'cmake_target_skip_unavailable': False, 'install_base': '/home/student48/assessments/week2/install/kia', 'merge_install': False, 'path': '/home/student48/assessments/week2/src/kia', 'symlink_install': False, 'test_result_base': None}
[0.287s] INFO:colcon.colcon_core.executor:Executing jobs using 'parallel' executor
[0.288s] DEBUG:colcon.colcon_parallel_executor.executor.parallel:run_until_complete
[0.288s] INFO:colcon.colcon_ros.task.ament_python.build:Building ROS package in '/home/student48/assessments/week2/src/honda' with build type 'ament_python'
[0.289s] Level 1:colcon.colcon_core.shell:create_environment_hook('honda', 'ament_prefix_path')
[0.291s] INFO:colcon.colcon_core.plugin_system:Skipping extension 'colcon_core.shell.bat': Not used on non-Windows systems
[0.291s] INFO:colcon.colcon_core.shell:Creating environment hook '/home/student48/assessments/week2/install/honda/share/honda/hook/ament_prefix_path.ps1'
[0.292s] INFO:colcon.colcon_core.shell:Creating environment descriptor '/home/student48/assessments/week2/install/honda/share/honda/hook/ament_prefix_path.dsv'
[0.292s] INFO:colcon.colcon_core.shell:Creating environment hook '/home/student48/assessments/week2/install/honda/share/honda/hook/ament_prefix_path.sh'
[0.293s] INFO:colcon.colcon_core.shell:Skip shell extension 'powershell' for command environment: Not usable outside of PowerShell
[0.293s] DEBUG:colcon.colcon_core.shell:Skip shell extension 'dsv' for command environment
[0.298s] INFO:colcon.colcon_ros.task.ament_python.build:Building ROS package in '/home/student48/assessments/week2/src/kia' with build type 'ament_python'
[0.298s] Level 1:colcon.colcon_core.shell:create_environment_hook('kia', 'ament_prefix_path')
[0.299s] INFO:colcon.colcon_core.shell:Creating environment hook '/home/student48/assessments/week2/install/kia/share/kia/hook/ament_prefix_path.ps1'
[0.301s] INFO:colcon.colcon_core.shell:Creating environment descriptor '/home/student48/assessments/week2/install/kia/share/kia/hook/ament_prefix_path.dsv'
[0.302s] INFO:colcon.colcon_core.shell:Creating environment hook '/home/student48/assessments/week2/install/kia/share/kia/hook/ament_prefix_path.sh'
[0.303s] INFO:colcon.colcon_core.shell:Skip shell extension 'powershell' for command environment: Not usable outside of PowerShell
[0.303s] DEBUG:colcon.colcon_core.shell:Skip shell extension 'dsv' for command environment
[0.583s] INFO:colcon.colcon_core.task.python.build:Building Python package in '/home/student48/assessments/week2/src/honda'
[0.583s] INFO:colcon.colcon_core.shell:Skip shell extension 'powershell' for command environment: Not usable outside of PowerShell
[0.583s] DEBUG:colcon.colcon_core.shell:Skip shell extension 'dsv' for command environment
[0.874s] INFO:colcon.colcon_core.task.python.build:Building Python package in '/home/student48/assessments/week2/src/kia'
[0.875s] INFO:colcon.colcon_core.shell:Skip shell extension 'powershell' for command environment: Not usable outside of PowerShell
[0.875s] DEBUG:colcon.colcon_core.shell:Skip shell extension 'dsv' for command environment
[1.671s] DEBUG:colcon.colcon_core.event_handler.log_command:Invoking command in '/home/student48/assessments/week2/src/kia': DEBUGINFOD_URLS=https://debuginfod.ubuntu.com PYTHONPATH=/home/student48/assessments/week2/build/kia/prefix_override:/usr/lib/python3/dist-packages/colcon_core/task/python/colcon_distutils_commands:/home/student48/assessments/week2/install/kia/lib/python3.12/site-packages:${PYTHONPATH} /usr/bin/python3 -W ignore:setup.py install is deprecated -W ignore:easy_install command is deprecated setup.py egg_info --egg-base ../../build/kia build --build-base /home/student48/assessments/week2/build/kia/build install --record /home/student48/assessments/week2/build/kia/install.log --single-version-externally-managed install_data
[1.689s] DEBUG:colcon.colcon_core.event_handler.log_command:Invoking command in '/home/student48/assessments/week2/src/honda': DEBUGINFOD_URLS=https://debuginfod.ubuntu.com PYTHONPATH=/home/student48/assessments/week2/build/honda/prefix_override:/usr/lib/python3/dist-packages/colcon_core/task/python/colcon_distutils_commands:/home/student48/assessments/week2/install/honda/lib/python3.12/site-packages:${PYTHONPATH} /usr/bin/python3 -W ignore:setup.py install is deprecated -W ignore:easy_install command is deprecated setup.py egg_info --egg-base ../../build/honda build --build-base /home/student48/assessments/week2/build/honda/build install --record /home/student48/assessments/week2/build/honda/install.log --single-version-externally-managed install_data
[2.771s] DEBUG:colcon.colcon_core.event_handler.log_command:Invoked command in '/home/student48/assessments/week2/src/kia' returned '0': DEBUGINFOD_URLS=https://debuginfod.ubuntu.com PYTHONPATH=/home/student48/assessments/week2/build/kia/prefix_override:/usr/lib/python3/dist-packages/colcon_core/task/python/colcon_distutils_commands:/home/student48/assessments/week2/install/kia/lib/python3.12/site-packages:${PYTHONPATH} /usr/bin/python3 -W ignore:setup.py install is deprecated -W ignore:easy_install command is deprecated setup.py egg_info --egg-base ../../build/kia build --build-base /home/student48/assessments/week2/build/kia/build install --record /home/student48/assessments/week2/build/kia/install.log --single-version-externally-managed install_data
[2.775s] Level 1:colcon.colcon_core.environment:checking '/home/student48/assessments/week2/install/kia' for CMake module files
[2.776s] Level 1:colcon.colcon_core.environment:checking '/home/student48/assessments/week2/install/kia' for CMake config files
[2.776s] Level 1:colcon.colcon_core.environment:checking '/home/student48/assessments/week2/install/kia/lib'
[2.777s] Level 1:colcon.colcon_core.environment:checking '/home/student48/assessments/week2/install/kia/bin'
[2.777s] Level 1:colcon.colcon_core.environment:checking '/home/student48/assessments/week2/install/kia/lib/pkgconfig/kia.pc'
[2.777s] Level 1:colcon.colcon_core.environment:checking '/home/student48/assessments/week2/install/kia/lib/python3.12/site-packages'
[2.777s] Level 1:colcon.colcon_core.shell:create_environment_hook('kia', 'pythonpath')
[2.777s] INFO:colcon.colcon_core.shell:Creating environment hook '/home/student48/assessments/week2/install/kia/share/kia/hook/pythonpath.ps1'
[2.778s] INFO:colcon.colcon_core.shell:Creating environment descriptor '/home/student48/assessments/week2/install/kia/share/kia/hook/pythonpath.dsv'
[2.778s] INFO:colcon.colcon_core.shell:Creating environment hook '/home/student48/assessments/week2/install/kia/share/kia/hook/pythonpath.sh'
[2.780s] Level 1:colcon.colcon_core.environment:checking '/home/student48/assessments/week2/install/kia/bin'
[2.780s] Level 1:colcon.colcon_core.environment:create_environment_scripts_only(kia)
[2.781s] INFO:colcon.colcon_core.shell:Creating package script '/home/student48/assessments/week2/install/kia/share/kia/package.ps1'
[2.784s] INFO:colcon.colcon_core.shell:Creating package descriptor '/home/student48/assessments/week2/install/kia/share/kia/package.dsv'
[2.786s] INFO:colcon.colcon_core.shell:Creating package script '/home/student48/assessments/week2/install/kia/share/kia/package.sh'
[2.788s] INFO:colcon.colcon_core.shell:Creating package script '/home/student48/assessments/week2/install/kia/share/kia/package.bash'
[2.790s] INFO:colcon.colcon_core.shell:Creating package script '/home/student48/assessments/week2/install/kia/share/kia/package.zsh'
[2.792s] Level 1:colcon.colcon_core.environment:create_file_with_runtime_dependencies(/home/student48/assessments/week2/install/kia/share/colcon-core/packages/kia)
[2.915s] Level 1:colcon.colcon_core.environment:checking '/home/student48/assessments/week2/install/honda' for CMake module files
[2.917s] DEBUG:colcon.colcon_core.event_handler.log_command:Invoked command in '/home/student48/assessments/week2/src/honda' returned '0': DEBUGINFOD_URLS=https://debuginfod.ubuntu.com PYTHONPATH=/home/student48/assessments/week2/build/honda/prefix_override:/usr/lib/python3/dist-packages/colcon_core/task/python/colcon_distutils_commands:/home/student48/assessments/week2/install/honda/lib/python3.12/site-packages:${PYTHONPATH} /usr/bin/python3 -W ignore:setup.py install is deprecated -W ignore:easy_install command is deprecated setup.py egg_info --egg-base ../../build/honda build --build-base /home/student48/assessments/week2/build/honda/build install --record /home/student48/assessments/week2/build/honda/install.log --single-version-externally-managed install_data
[2.918s] Level 1:colcon.colcon_core.environment:checking '/home/student48/assessments/week2/install/honda' for CMake config files
[2.919s] Level 1:colcon.colcon_core.environment:checking '/home/student48/assessments/week2/install/honda/lib'
[2.920s] Level 1:colcon.colcon_core.environment:checking '/home/student48/assessments/week2/install/honda/bin'
[2.920s] Level 1:colcon.colcon_core.environment:checking '/home/student48/assessments/week2/install/honda/lib/pkgconfig/honda.pc'
[2.921s] Level 1:colcon.colcon_core.environment:checking '/home/student48/assessments/week2/install/honda/lib/python3.12/site-packages'
[2.921s] Level 1:colcon.colcon_core.shell:create_environment_hook('honda', 'pythonpath')
[2.922s] INFO:colcon.colcon_core.shell:Creating environment hook '/home/student48/assessments/week2/install/honda/share/honda/hook/pythonpath.ps1'
[2.924s] INFO:colcon.colcon_core.shell:Creating environment descriptor '/home/student48/assessments/week2/install/honda/share/honda/hook/pythonpath.dsv'
[2.925s] INFO:colcon.colcon_core.shell:Creating environment hook '/home/student48/assessments/week2/install/honda/share/honda/hook/pythonpath.sh'
[2.927s] Level 1:colcon.colcon_core.environment:checking '/home/student48/assessments/week2/install/honda/bin'
[2.928s] Level 1:colcon.colcon_core.environment:create_environment_scripts_only(honda)
[2.928s] INFO:colcon.colcon_core.shell:Creating package script '/home/student48/assessments/week2/install/honda/share/honda/package.ps1'
[2.930s] INFO:colcon.colcon_core.shell:Creating package descriptor '/home/student48/assessments/week2/install/honda/share/honda/package.dsv'
[2.931s] INFO:colcon.colcon_core.shell:Creating package script '/home/student48/assessments/week2/install/honda/share/honda/package.sh'
[2.933s] INFO:colcon.colcon_core.shell:Creating package script '/home/student48/assessments/week2/install/honda/share/honda/package.bash'
[2.933s] INFO:colcon.colcon_core.shell:Creating package script '/home/student48/assessments/week2/install/honda/share/honda/package.zsh'
[2.934s] Level 1:colcon.colcon_core.environment:create_file_with_runtime_dependencies(/home/student48/assessments/week2/install/honda/share/colcon-core/packages/honda)
[2.935s] DEBUG:colcon.colcon_parallel_executor.executor.parallel:closing loop
[2.937s] DEBUG:colcon.colcon_parallel_executor.executor.parallel:loop closed
[2.939s] DEBUG:colcon.colcon_parallel_executor.executor.parallel:run_until_complete finished with '0'
[2.939s] DEBUG:colcon.colcon_core.event_reactor:joining thread
[2.955s] INFO:colcon.colcon_core.plugin_system:Skipping extension 'colcon_notification.desktop_notification.terminal_notifier': Not used on non-Darwin systems
[2.955s] INFO:colcon.colcon_core.plugin_system:Skipping extension 'colcon_notification.desktop_notification.win32': Not used on non-Windows systems
[2.955s] INFO:colcon.colcon_notification.desktop_notification:Sending desktop notification using 'notify2'
[2.993s] DEBUG:colcon.colcon_core.event_reactor:joined thread
[2.994s] INFO:colcon.colcon_core.shell:Creating prefix script '/home/student48/assessments/week2/install/local_setup.ps1'
[2.995s] INFO:colcon.colcon_core.shell:Creating prefix util module '/home/student48/assessments/week2/install/_local_setup_util_ps1.py'
[2.998s] INFO:colcon.colcon_core.shell:Creating prefix chain script '/home/student48/assessments/week2/install/setup.ps1'
[3.000s] INFO:colcon.colcon_core.shell:Creating prefix script '/home/student48/assessments/week2/install/local_setup.sh'
[3.002s] INFO:colcon.colcon_core.shell:Creating prefix util module '/home/student48/assessments/week2/install/_local_setup_util_sh.py'
[3.003s] INFO:colcon.colcon_core.shell:Creating prefix chain script '/home/student48/assessments/week2/install/setup.sh'
[3.006s] INFO:colcon.colcon_core.shell:Creating prefix script '/home/student48/assessments/week2/install/local_setup.bash'
[3.008s] INFO:colcon.colcon_core.shell:Creating prefix chain script '/home/student48/assessments/week2/install/setup.bash'
[3.010s] INFO:colcon.colcon_core.shell:Creating prefix script '/home/student48/assessments/week2/install/local_setup.zsh'
[3.012s] INFO:colcon.colcon_core.shell:Creating prefix chain script '/home/student48/assessments/week2/install/setup.zsh'
