running egg_info
writing ../../build/tesla/tesla.egg-info/PKG-INFO
writing dependency_links to ../../build/tesla/tesla.egg-info/dependency_links.txt
writing requirements to ../../build/tesla/tesla.egg-info/requires.txt
writing top-level names to ../../build/tesla/tesla.egg-info/top_level.txt
reading manifest file '../../build/tesla/tesla.egg-info/SOURCES.txt'
writing manifest file '../../build/tesla/tesla.egg-info/SOURCES.txt'
running build
running build_py
copying tesla/__init__.py -> /home/student48/assessments/week3/build/tesla/build/lib/tesla
running install
running install_lib
copying /home/student48/assessments/week3/build/tesla/build/lib/tesla/__init__.py -> /home/student48/assessments/week3/install/tesla/lib/python3.12/site-packages/tesla
byte-compiling /home/student48/assessments/week3/install/tesla/lib/python3.12/site-packages/tesla/__init__.py to __init__.cpython-312.pyc
running install_data
running install_egg_info
removing '/home/student48/assessments/week3/install/tesla/lib/python3.12/site-packages/tesla-0.0.0-py3.12.egg-info' (and everything under it)
Copying ../../build/tesla/tesla.egg-info to /home/student48/assessments/week3/install/tesla/lib/python3.12/site-packages/tesla-0.0.0-py3.12.egg-info
running install_scripts
writing list of installed files to '/home/student48/assessments/week3/build/tesla/install.log'
