[1.598s] Invoking command in '/home/student48/assessments/week8/src/london': DEBUGINFOD_URLS=https://debuginfod.ubuntu.com PYTHONPATH=/home/student48/assessments/week8/build/london/prefix_override:/usr/lib/python3/dist-packages/colcon_core/task/python/colcon_distutils_commands:/home/student48/assessments/week8/install/london/lib/python3.12/site-packages:${PYTHONPATH} /usr/bin/python3 -W ignore:setup.py install is deprecated -W ignore:easy_install command is deprecated setup.py egg_info --egg-base ../../build/london build --build-base /home/student48/assessments/week8/build/london/build install --record /home/student48/assessments/week8/build/london/install.log --single-version-externally-managed install_data
[2.030s] running egg_info
[2.079s] writing ../../build/london/london.egg-info/PKG-INFO
[2.080s] writing dependency_links to ../../build/london/london.egg-info/dependency_links.txt
[2.080s] writing entry points to ../../build/london/london.egg-info/entry_points.txt
[2.081s] writing requirements to ../../build/london/london.egg-info/requires.txt
[2.081s] writing top-level names to ../../build/london/london.egg-info/top_level.txt
[2.191s] reading manifest file '../../build/london/london.egg-info/SOURCES.txt'
[2.193s] writing manifest file '../../build/london/london.egg-info/SOURCES.txt'
[2.193s] running build
[2.193s] running build_py
[2.194s] running install
[2.208s] running install_lib
[2.238s] running install_data
[2.239s] running install_egg_info
[2.267s] removing '/home/student48/assessments/week8/install/london/lib/python3.12/site-packages/london-0.0.0-py3.12.egg-info' (and everything under it)
[2.269s] Copying ../../build/london/london.egg-info to /home/student48/assessments/week8/install/london/lib/python3.12/site-packages/london-0.0.0-py3.12.egg-info
[2.269s] running install_scripts
[2.466s] Installing strawberry script to /home/student48/assessments/week8/install/london/lib/london
[2.467s] writing list of installed files to '/home/student48/assessments/week8/build/london/install.log'
[2.505s] Invoked command in '/home/student48/assessments/week8/src/london' returned '0': DEBUGINFOD_URLS=https://debuginfod.ubuntu.com PYTHONPATH=/home/student48/assessments/week8/build/london/prefix_override:/usr/lib/python3/dist-packages/colcon_core/task/python/colcon_distutils_commands:/home/student48/assessments/week8/install/london/lib/python3.12/site-packages:${PYTHONPATH} /usr/bin/python3 -W ignore:setup.py install is deprecated -W ignore:easy_install command is deprecated setup.py egg_info --egg-base ../../build/london build --build-base /home/student48/assessments/week8/build/london/build install --record /home/student48/assessments/week8/build/london/install.log --single-version-externally-managed install_data
