[2.071s] Invoking command in '/home/student48/assessments/coursework1/src/alpha_warrior_pkg': AMENT_PREFIX_PATH=/home/student48/assessments/coursework1/install/sfr_coursework1_interface_package:${AMENT_PREFIX_PATH} CMAKE_PREFIX_PATH=/home/student48/assessments/coursework1/install/sfr_coursework1_interface_package:${CMAKE_PREFIX_PATH} DEBUGINFOD_URLS=https://debuginfod.ubuntu.com LD_LIBRARY_PATH=/home/student48/assessments/coursework1/install/sfr_coursework1_interface_package/lib:${LD_LIBRARY_PATH} PYTHONPATH=/home/student48/assessments/coursework1/build/alpha_warrior_pkg/prefix_override:/usr/lib/python3/dist-packages/colcon_core/task/python/colcon_distutils_commands:/home/student48/assessments/coursework1/install/alpha_warrior_pkg/lib/python3.12/site-packages:/home/student48/assessments/coursework1/install/sfr_coursework1_interface_package/lib/python3.12/site-packages:${PYTHONPATH} /usr/bin/python3 -W ignore:setup.py install is deprecated -W ignore:easy_install command is deprecated setup.py egg_info --egg-base ../../build/alpha_warrior_pkg build --build-base /home/student48/assessments/coursework1/build/alpha_warrior_pkg/build install --record /home/student48/assessments/coursework1/build/alpha_warrior_pkg/install.log --single-version-externally-managed install_data
[2.570s] running egg_info
[2.600s] writing ../../build/alpha_warrior_pkg/alpha_warrior_pkg.egg-info/PKG-INFO
[2.601s] writing dependency_links to ../../build/alpha_warrior_pkg/alpha_warrior_pkg.egg-info/dependency_links.txt
[2.601s] writing entry points to ../../build/alpha_warrior_pkg/alpha_warrior_pkg.egg-info/entry_points.txt
[2.602s] writing requirements to ../../build/alpha_warrior_pkg/alpha_warrior_pkg.egg-info/requires.txt
[2.602s] writing top-level names to ../../build/alpha_warrior_pkg/alpha_warrior_pkg.egg-info/top_level.txt
[2.729s] reading manifest file '../../build/alpha_warrior_pkg/alpha_warrior_pkg.egg-info/SOURCES.txt'
[2.731s] writing manifest file '../../build/alpha_warrior_pkg/alpha_warrior_pkg.egg-info/SOURCES.txt'
[2.731s] running build
[2.731s] running build_py
[2.731s] running install
[2.741s] running install_lib
[2.771s] running install_data
[2.772s] running install_egg_info
[2.807s] removing '/home/student48/assessments/coursework1/install/alpha_warrior_pkg/lib/python3.12/site-packages/alpha_warrior_pkg-0.0.0-py3.12.egg-info' (and everything under it)
[2.808s] Copying ../../build/alpha_warrior_pkg/alpha_warrior_pkg.egg-info to /home/student48/assessments/coursework1/install/alpha_warrior_pkg/lib/python3.12/site-packages/alpha_warrior_pkg-0.0.0-py3.12.egg-info
[2.812s] running install_scripts
[2.987s] Installing alpha_warrior_node script to /home/student48/assessments/coursework1/install/alpha_warrior_pkg/lib/alpha_warrior_pkg
[2.988s] writing list of installed files to '/home/student48/assessments/coursework1/build/alpha_warrior_pkg/install.log'
[3.020s] Invoked command in '/home/student48/assessments/coursework1/src/alpha_warrior_pkg' returned '0': AMENT_PREFIX_PATH=/home/student48/assessments/coursework1/install/sfr_coursework1_interface_package:${AMENT_PREFIX_PATH} CMAKE_PREFIX_PATH=/home/student48/assessments/coursework1/install/sfr_coursework1_interface_package:${CMAKE_PREFIX_PATH} DEBUGINFOD_URLS=https://debuginfod.ubuntu.com LD_LIBRARY_PATH=/home/student48/assessments/coursework1/install/sfr_coursework1_interface_package/lib:${LD_LIBRARY_PATH} PYTHONPATH=/home/student48/assessments/coursework1/build/alpha_warrior_pkg/prefix_override:/usr/lib/python3/dist-packages/colcon_core/task/python/colcon_distutils_commands:/home/student48/assessments/coursework1/install/alpha_warrior_pkg/lib/python3.12/site-packages:/home/student48/assessments/coursework1/install/sfr_coursework1_interface_package/lib/python3.12/site-packages:${PYTHONPATH} /usr/bin/python3 -W ignore:setup.py install is deprecated -W ignore:easy_install command is deprecated setup.py egg_info --egg-base ../../build/alpha_warrior_pkg build --build-base /home/student48/assessments/coursework1/build/alpha_warrior_pkg/build install --record /home/student48/assessments/coursework1/build/alpha_warrior_pkg/install.log --single-version-externally-managed install_data
