[0.196s] DEBUG:colcon:Command line arguments: ['/usr/bin/colcon', 'build']
[0.196s] DEBUG:colcon:Parsed command line arguments: Namespace(log_base=None, log_level=None, verb_name='build', build_base='build', install_base='install', merge_install=False, symlink_install=False, test_result_base=None, continue_on_error=False, executor='parallel', parallel_workers=12, event_handlers=None, ignore_user_meta=False, metas=['./colcon.meta'], base_paths=['.'], packages_ignore=None, packages_ignore_regex=None, paths=None, packages_up_to=None, packages_up_to_regex=None, packages_above=None, packages_above_and_dependencies=None, packages_above_depth=None, packages_select_by_dep=None, packages_skip_by_dep=None, packages_skip_up_to=None, packages_select_build_failed=False, packages_skip_build_finished=False, packages_select_test_failures=False, packages_skip_test_passed=False, packages_select=None, packages_skip=None, packages_select_regex=None, packages_skip_regex=None, packages_start=None, packages_end=None, allow_overriding=[], cmake_args=None, cmake_target=None, cmake_target_skip_unavailable=False, cmake_clean_cache=False, cmake_clean_first=False, cmake_force_configure=False, ament_cmake_args=None, catkin_cmake_args=None, catkin_skip_building_tests=False, mixin_files=None, mixin=None, verb_parser=<colcon_mixin.mixin.mixin_argument.MixinArgumentDecorator object at 0x774e620be3f0>, verb_extension=<colcon_core.verb.build.BuildVerb object at 0x774e620be180>, main=<bound method BuildVerb.main of <colcon_core.verb.build.BuildVerb object at 0x774e620be180>>, mixin_verb=('build',))
[0.243s] Level 1:colcon.colcon_core.package_discovery:discover_packages(colcon_meta) check parameters
[0.243s] Level 1:colcon.colcon_core.package_discovery:discover_packages(recursive) check parameters
[0.243s] Level 1:colcon.colcon_core.package_discovery:discover_packages(ignore) check parameters
[0.243s] Level 1:colcon.colcon_core.package_discovery:discover_packages(path) check parameters
[0.243s] Level 1:colcon.colcon_core.package_discovery:discover_packages(colcon_meta) discover
[0.243s] Level 1:colcon.colcon_core.package_discovery:discover_packages(recursive) discover
[0.243s] INFO:colcon.colcon_core.package_discovery:Crawling recursively for packages in '/home/student48/assessments/coursework1'
[0.243s] Level 1:colcon.colcon_core.package_identification:_identify(.) by extensions ['ignore', 'ignore_ament_install']
[0.243s] Level 1:colcon.colcon_core.package_identification:_identify(.) by extension 'ignore'
[0.243s] Level 1:colcon.colcon_core.package_identification:_identify(.) by extension 'ignore_ament_install'
[0.243s] Level 1:colcon.colcon_core.package_identification:_identify(.) by extensions ['colcon_pkg']
[0.243s] Level 1:colcon.colcon_core.package_identification:_identify(.) by extension 'colcon_pkg'
[0.243s] Level 1:colcon.colcon_core.package_identification:_identify(.) by extensions ['colcon_meta']
[0.243s] Level 1:colcon.colcon_core.package_identification:_identify(.) by extension 'colcon_meta'
[0.243s] Level 1:colcon.colcon_core.package_identification:_identify(.) by extensions ['ros']
[0.243s] Level 1:colcon.colcon_core.package_identification:_identify(.) by extension 'ros'
[0.266s] Level 1:colcon.colcon_core.package_identification:_identify(.) by extensions ['cmake', 'python']
[0.266s] Level 1:colcon.colcon_core.package_identification:_identify(.) by extension 'cmake'
[0.266s] Level 1:colcon.colcon_core.package_identification:_identify(.) by extension 'python'
[0.266s] Level 1:colcon.colcon_core.package_identification:_identify(.) by extensions ['python_setup_py']
[0.266s] Level 1:colcon.colcon_core.package_identification:_identify(.) by extension 'python_setup_py'
[0.267s] Level 1:colcon.colcon_core.package_identification:_identify(build) by extensions ['ignore', 'ignore_ament_install']
[0.268s] Level 1:colcon.colcon_core.package_identification:_identify(build) by extension 'ignore'
[0.268s] Level 1:colcon.colcon_core.package_identification:_identify(build) ignored
[0.268s] Level 1:colcon.colcon_core.package_identification:_identify(install) by extensions ['ignore', 'ignore_ament_install']
[0.269s] Level 1:colcon.colcon_core.package_identification:_identify(install) by extension 'ignore'
[0.269s] Level 1:colcon.colcon_core.package_identification:_identify(install) ignored
[0.269s] Level 1:colcon.colcon_core.package_identification:_identify(log) by extensions ['ignore', 'ignore_ament_install']
[0.269s] Level 1:colcon.colcon_core.package_identification:_identify(log) by extension 'ignore'
[0.269s] Level 1:colcon.colcon_core.package_identification:_identify(log) ignored
[0.269s] Level 1:colcon.colcon_core.package_identification:_identify(src) by extensions ['ignore', 'ignore_ament_install']
[0.269s] Level 1:colcon.colcon_core.package_identification:_identify(src) by extension 'ignore'
[0.269s] Level 1:colcon.colcon_core.package_identification:_identify(src) by extension 'ignore_ament_install'
[0.269s] Level 1:colcon.colcon_core.package_identification:_identify(src) by extensions ['colcon_pkg']
[0.269s] Level 1:colcon.colcon_core.package_identification:_identify(src) by extension 'colcon_pkg'
[0.269s] Level 1:colcon.colcon_core.package_identification:_identify(src) by extensions ['colcon_meta']
[0.269s] Level 1:colcon.colcon_core.package_identification:_identify(src) by extension 'colcon_meta'
[0.269s] Level 1:colcon.colcon_core.package_identification:_identify(src) by extensions ['ros']
[0.269s] Level 1:colcon.colcon_core.package_identification:_identify(src) by extension 'ros'
[0.270s] Level 1:colcon.colcon_core.package_identification:_identify(src) by extensions ['cmake', 'python']
[0.270s] Level 1:colcon.colcon_core.package_identification:_identify(src) by extension 'cmake'
[0.270s] Level 1:colcon.colcon_core.package_identification:_identify(src) by extension 'python'
[0.270s] Level 1:colcon.colcon_core.package_identification:_identify(src) by extensions ['python_setup_py']
[0.270s] Level 1:colcon.colcon_core.package_identification:_identify(src) by extension 'python_setup_py'
[0.270s] Level 1:colcon.colcon_core.package_identification:_identify(src/alpha_warrior_controller_pkg) by extensions ['ignore', 'ignore_ament_install']
[0.270s] Level 1:colcon.colcon_core.package_identification:_identify(src/alpha_warrior_controller_pkg) by extension 'ignore'
[0.270s] Level 1:colcon.colcon_core.package_identification:_identify(src/alpha_warrior_controller_pkg) by extension 'ignore_ament_install'
[0.270s] Level 1:colcon.colcon_core.package_identification:_identify(src/alpha_warrior_controller_pkg) by extensions ['colcon_pkg']
[0.270s] Level 1:colcon.colcon_core.package_identification:_identify(src/alpha_warrior_controller_pkg) by extension 'colcon_pkg'
[0.270s] Level 1:colcon.colcon_core.package_identification:_identify(src/alpha_warrior_controller_pkg) by extensions ['colcon_meta']
[0.270s] Level 1:colcon.colcon_core.package_identification:_identify(src/alpha_warrior_controller_pkg) by extension 'colcon_meta'
[0.270s] Level 1:colcon.colcon_core.package_identification:_identify(src/alpha_warrior_controller_pkg) by extensions ['ros']
[0.271s] Level 1:colcon.colcon_core.package_identification:_identify(src/alpha_warrior_controller_pkg) by extension 'ros'
[0.275s] DEBUG:colcon.colcon_core.package_identification:Package 'src/alpha_warrior_controller_pkg' with type 'ros.ament_python' and name 'alpha_warrior_controller_pkg'
[0.275s] Level 1:colcon.colcon_core.package_identification:_identify(src/alpha_warrior_launch_pkg) by extensions ['ignore', 'ignore_ament_install']
[0.275s] Level 1:colcon.colcon_core.package_identification:_identify(src/alpha_warrior_launch_pkg) by extension 'ignore'
[0.275s] Level 1:colcon.colcon_core.package_identification:_identify(src/alpha_warrior_launch_pkg) by extension 'ignore_ament_install'
[0.275s] Level 1:colcon.colcon_core.package_identification:_identify(src/alpha_warrior_launch_pkg) by extensions ['colcon_pkg']
[0.275s] Level 1:colcon.colcon_core.package_identification:_identify(src/alpha_warrior_launch_pkg) by extension 'colcon_pkg'
[0.275s] Level 1:colcon.colcon_core.package_identification:_identify(src/alpha_warrior_launch_pkg) by extensions ['colcon_meta']
[0.275s] Level 1:colcon.colcon_core.package_identification:_identify(src/alpha_warrior_launch_pkg) by extension 'colcon_meta'
[0.275s] Level 1:colcon.colcon_core.package_identification:_identify(src/alpha_warrior_launch_pkg) by extensions ['ros']
[0.275s] Level 1:colcon.colcon_core.package_identification:_identify(src/alpha_warrior_launch_pkg) by extension 'ros'
[0.276s] DEBUG:colcon.colcon_core.package_identification:Package 'src/alpha_warrior_launch_pkg' with type 'ros.ament_python' and name 'alpha_warrior_launch_pkg'
[0.276s] Level 1:colcon.colcon_core.package_identification:_identify(src/alpha_warrior_pkg) by extensions ['ignore', 'ignore_ament_install']
[0.276s] Level 1:colcon.colcon_core.package_identification:_identify(src/alpha_warrior_pkg) by extension 'ignore'
[0.276s] Level 1:colcon.colcon_core.package_identification:_identify(src/alpha_warrior_pkg) by extension 'ignore_ament_install'
[0.276s] Level 1:colcon.colcon_core.package_identification:_identify(src/alpha_warrior_pkg) by extensions ['colcon_pkg']
[0.276s] Level 1:colcon.colcon_core.package_identification:_identify(src/alpha_warrior_pkg) by extension 'colcon_pkg'
[0.277s] Level 1:colcon.colcon_core.package_identification:_identify(src/alpha_warrior_pkg) by extensions ['colcon_meta']
[0.277s] Level 1:colcon.colcon_core.package_identification:_identify(src/alpha_warrior_pkg) by extension 'colcon_meta'
[0.277s] Level 1:colcon.colcon_core.package_identification:_identify(src/alpha_warrior_pkg) by extensions ['ros']
[0.277s] Level 1:colcon.colcon_core.package_identification:_identify(src/alpha_warrior_pkg) by extension 'ros'
[0.277s] DEBUG:colcon.colcon_core.package_identification:Package 'src/alpha_warrior_pkg' with type 'ros.ament_python' and name 'alpha_warrior_pkg'
[0.277s] Level 1:colcon.colcon_core.package_identification:_identify(src/sfr_coursework1_interface_package) by extensions ['ignore', 'ignore_ament_install']
[0.277s] Level 1:colcon.colcon_core.package_identification:_identify(src/sfr_coursework1_interface_package) by extension 'ignore'
[0.278s] Level 1:colcon.colcon_core.package_identification:_identify(src/sfr_coursework1_interface_package) by extension 'ignore_ament_install'
[0.278s] Level 1:colcon.colcon_core.package_identification:_identify(src/sfr_coursework1_interface_package) by extensions ['colcon_pkg']
[0.278s] Level 1:colcon.colcon_core.package_identification:_identify(src/sfr_coursework1_interface_package) by extension 'colcon_pkg'
[0.278s] Level 1:colcon.colcon_core.package_identification:_identify(src/sfr_coursework1_interface_package) by extensions ['colcon_meta']
[0.278s] Level 1:colcon.colcon_core.package_identification:_identify(src/sfr_coursework1_interface_package) by extension 'colcon_meta'
[0.278s] Level 1:colcon.colcon_core.package_identification:_identify(src/sfr_coursework1_interface_package) by extensions ['ros']
[0.278s] Level 1:colcon.colcon_core.package_identification:_identify(src/sfr_coursework1_interface_package) by extension 'ros'
[0.278s] DEBUG:colcon.colcon_core.package_identification:Package 'src/sfr_coursework1_interface_package' with type 'ros.ament_cmake' and name 'sfr_coursework1_interface_package'
[0.278s] Level 1:colcon.colcon_core.package_discovery:discover_packages(recursive) using defaults
[0.278s] Level 1:colcon.colcon_core.package_discovery:discover_packages(ignore) discover
[0.278s] Level 1:colcon.colcon_core.package_discovery:discover_packages(ignore) using defaults
[0.278s] Level 1:colcon.colcon_core.package_discovery:discover_packages(path) discover
[0.278s] Level 1:colcon.colcon_core.package_discovery:discover_packages(path) using defaults
[0.296s] Level 1:colcon.colcon_core.package_discovery:discover_packages(prefix_path) check parameters
[0.296s] Level 1:colcon.colcon_core.package_discovery:discover_packages(prefix_path) discover
[0.300s] DEBUG:colcon.colcon_installed_package_information.package_discovery:Found 20 installed packages in /home/student48/ros2_tutorial_workspace/install
[0.301s] DEBUG:colcon.colcon_installed_package_information.package_discovery:Found 2 installed packages in /home/student48/assessments/week4/src/install
[0.302s] DEBUG:colcon.colcon_installed_package_information.package_discovery:Found 285 installed packages in /opt/ros/jazzy
[0.304s] Level 1:colcon.colcon_core.package_discovery:discover_packages(prefix_path) using defaults
[0.402s] Level 5:colcon.colcon_core.verb:set package 'sfr_coursework1_interface_package' build argument 'cmake_args' from command line to 'None'
[0.402s] Level 5:colcon.colcon_core.verb:set package 'sfr_coursework1_interface_package' build argument 'cmake_target' from command line to 'None'
[0.402s] Level 5:colcon.colcon_core.verb:set package 'sfr_coursework1_interface_package' build argument 'cmake_target_skip_unavailable' from command line to 'False'
[0.402s] Level 5:colcon.colcon_core.verb:set package 'sfr_coursework1_interface_package' build argument 'cmake_clean_cache' from command line to 'False'
[0.402s] Level 5:colcon.colcon_core.verb:set package 'sfr_coursework1_interface_package' build argument 'cmake_clean_first' from command line to 'False'
[0.402s] Level 5:colcon.colcon_core.verb:set package 'sfr_coursework1_interface_package' build argument 'cmake_force_configure' from command line to 'False'
[0.402s] Level 5:colcon.colcon_core.verb:set package 'sfr_coursework1_interface_package' build argument 'ament_cmake_args' from command line to 'None'
[0.402s] Level 5:colcon.colcon_core.verb:set package 'sfr_coursework1_interface_package' build argument 'catkin_cmake_args' from command line to 'None'
[0.402s] Level 5:colcon.colcon_core.verb:set package 'sfr_coursework1_interface_package' build argument 'catkin_skip_building_tests' from command line to 'False'
[0.402s] DEBUG:colcon.colcon_core.verb:Building package 'sfr_coursework1_interface_package' with the following arguments: {'ament_cmake_args': None, 'build_base': '/home/student48/assessments/coursework1/build/sfr_coursework1_interface_package', 'catkin_cmake_args': None, 'catkin_skip_building_tests': False, 'cmake_args': None, 'cmake_clean_cache': False, 'cmake_clean_first': False, 'cmake_force_configure': False, 'cmake_target': None, 'cmake_target_skip_unavailable': False, 'install_base': '/home/student48/assessments/coursework1/install/sfr_coursework1_interface_package', 'merge_install': False, 'path': '/home/student48/assessments/coursework1/src/sfr_coursework1_interface_package', 'symlink_install': False, 'test_result_base': None}
[0.402s] Level 5:colcon.colcon_core.verb:set package 'alpha_warrior_controller_pkg' build argument 'cmake_args' from command line to 'None'
[0.402s] Level 5:colcon.colcon_core.verb:set package 'alpha_warrior_controller_pkg' build argument 'cmake_target' from command line to 'None'
[0.403s] Level 5:colcon.colcon_core.verb:set package 'alpha_warrior_controller_pkg' build argument 'cmake_target_skip_unavailable' from command line to 'False'
[0.403s] Level 5:colcon.colcon_core.verb:set package 'alpha_warrior_controller_pkg' build argument 'cmake_clean_cache' from command line to 'False'
[0.403s] Level 5:colcon.colcon_core.verb:set package 'alpha_warrior_controller_pkg' build argument 'cmake_clean_first' from command line to 'False'
[0.403s] Level 5:colcon.colcon_core.verb:set package 'alpha_warrior_controller_pkg' build argument 'cmake_force_configure' from command line to 'False'
[0.403s] Level 5:colcon.colcon_core.verb:set package 'alpha_warrior_controller_pkg' build argument 'ament_cmake_args' from command line to 'None'
[0.403s] Level 5:colcon.colcon_core.verb:set package 'alpha_warrior_controller_pkg' build argument 'catkin_cmake_args' from command line to 'None'
[0.403s] Level 5:colcon.colcon_core.verb:set package 'alpha_warrior_controller_pkg' build argument 'catkin_skip_building_tests' from command line to 'False'
[0.403s] DEBUG:colcon.colcon_core.verb:Building package 'alpha_warrior_controller_pkg' with the following arguments: {'ament_cmake_args': None, 'build_base': '/home/student48/assessments/coursework1/build/alpha_warrior_controller_pkg', 'catkin_cmake_args': None, 'catkin_skip_building_tests': False, 'cmake_args': None, 'cmake_clean_cache': False, 'cmake_clean_first': False, 'cmake_force_configure': False, 'cmake_target': None, 'cmake_target_skip_unavailable': False, 'install_base': '/home/student48/assessments/coursework1/install/alpha_warrior_controller_pkg', 'merge_install': False, 'path': '/home/student48/assessments/coursework1/src/alpha_warrior_controller_pkg', 'symlink_install': False, 'test_result_base': None}
[0.403s] Level 5:colcon.colcon_core.verb:set package 'alpha_warrior_pkg' build argument 'cmake_args' from command line to 'None'
[0.403s] Level 5:colcon.colcon_core.verb:set package 'alpha_warrior_pkg' build argument 'cmake_target' from command line to 'None'
[0.403s] Level 5:colcon.colcon_core.verb:set package 'alpha_warrior_pkg' build argument 'cmake_target_skip_unavailable' from command line to 'False'
[0.403s] Level 5:colcon.colcon_core.verb:set package 'alpha_warrior_pkg' build argument 'cmake_clean_cache' from command line to 'False'
[0.403s] Level 5:colcon.colcon_core.verb:set package 'alpha_warrior_pkg' build argument 'cmake_clean_first' from command line to 'False'
[0.403s] Level 5:colcon.colcon_core.verb:set package 'alpha_warrior_pkg' build argument 'cmake_force_configure' from command line to 'False'
[0.403s] Level 5:colcon.colcon_core.verb:set package 'alpha_warrior_pkg' build argument 'ament_cmake_args' from command line to 'None'
[0.403s] Level 5:colcon.colcon_core.verb:set package 'alpha_warrior_pkg' build argument 'catkin_cmake_args' from command line to 'None'
[0.403s] Level 5:colcon.colcon_core.verb:set package 'alpha_warrior_pkg' build argument 'catkin_skip_building_tests' from command line to 'False'
[0.403s] DEBUG:colcon.colcon_core.verb:Building package 'alpha_warrior_pkg' with the following arguments: {'ament_cmake_args': None, 'build_base': '/home/student48/assessments/coursework1/build/alpha_warrior_pkg', 'catkin_cmake_args': None, 'catkin_skip_building_tests': False, 'cmake_args': None, 'cmake_clean_cache': False, 'cmake_clean_first': False, 'cmake_force_configure': False, 'cmake_target': None, 'cmake_target_skip_unavailable': False, 'install_base': '/home/student48/assessments/coursework1/install/alpha_warrior_pkg', 'merge_install': False, 'path': '/home/student48/assessments/coursework1/src/alpha_warrior_pkg', 'symlink_install': False, 'test_result_base': None}
[0.403s] Level 5:colcon.colcon_core.verb:set package 'alpha_warrior_launch_pkg' build argument 'cmake_args' from command line to 'None'
[0.403s] Level 5:colcon.colcon_core.verb:set package 'alpha_warrior_launch_pkg' build argument 'cmake_target' from command line to 'None'
[0.403s] Level 5:colcon.colcon_core.verb:set package 'alpha_warrior_launch_pkg' build argument 'cmake_target_skip_unavailable' from command line to 'False'
[0.403s] Level 5:colcon.colcon_core.verb:set package 'alpha_warrior_launch_pkg' build argument 'cmake_clean_cache' from command line to 'False'
[0.403s] Level 5:colcon.colcon_core.verb:set package 'alpha_warrior_launch_pkg' build argument 'cmake_clean_first' from command line to 'False'
[0.403s] Level 5:colcon.colcon_core.verb:set package 'alpha_warrior_launch_pkg' build argument 'cmake_force_configure' from command line to 'False'
[0.403s] Level 5:colcon.colcon_core.verb:set package 'alpha_warrior_launch_pkg' build argument 'ament_cmake_args' from command line to 'None'
[0.403s] Level 5:colcon.colcon_core.verb:set package 'alpha_warrior_launch_pkg' build argument 'catkin_cmake_args' from command line to 'None'
[0.403s] Level 5:colcon.colcon_core.verb:set package 'alpha_warrior_launch_pkg' build argument 'catkin_skip_building_tests' from command line to 'False'
[0.403s] DEBUG:colcon.colcon_core.verb:Building package 'alpha_warrior_launch_pkg' with the following arguments: {'ament_cmake_args': None, 'build_base': '/home/student48/assessments/coursework1/build/alpha_warrior_launch_pkg', 'catkin_cmake_args': None, 'catkin_skip_building_tests': False, 'cmake_args': None, 'cmake_clean_cache': False, 'cmake_clean_first': False, 'cmake_force_configure': False, 'cmake_target': None, 'cmake_target_skip_unavailable': False, 'install_base': '/home/student48/assessments/coursework1/install/alpha_warrior_launch_pkg', 'merge_install': False, 'path': '/home/student48/assessments/coursework1/src/alpha_warrior_launch_pkg', 'symlink_install': False, 'test_result_base': None}
[0.404s] INFO:colcon.colcon_core.executor:Executing jobs using 'parallel' executor
[0.405s] DEBUG:colcon.colcon_parallel_executor.executor.parallel:run_until_complete
[0.406s] INFO:colcon.colcon_ros.task.ament_cmake.build:Building ROS package in '/home/student48/assessments/coursework1/src/sfr_coursework1_interface_package' with build type 'ament_cmake'
[0.406s] INFO:colcon.colcon_cmake.task.cmake.build:Building CMake package in '/home/student48/assessments/coursework1/src/sfr_coursework1_interface_package'
[0.414s] INFO:colcon.colcon_core.plugin_system:Skipping extension 'colcon_core.shell.bat': Not used on non-Windows systems
[0.414s] INFO:colcon.colcon_core.shell:Skip shell extension 'powershell' for command environment: Not usable outside of PowerShell
[0.414s] DEBUG:colcon.colcon_core.shell:Skip shell extension 'dsv' for command environment
[0.439s] DEBUG:colcon.colcon_core.event_handler.log_command:Invoking command in '/home/student48/assessments/coursework1/build/sfr_coursework1_interface_package': CMAKE_PREFIX_PATH=${CMAKE_PREFIX_PATH}:/home/student48/ros2_tutorial_workspace/install/the_simplest_python_packagee:/home/student48/ros2_tutorial_workspace/install/the_simplest_python_package:/home/student48/ros2_tutorial_workspace/install/python_package_with_a_node:/home/student48/ros2_tutorial_workspace/install/python_package_that_uses_the_library:/home/student48/ros2_tutorial_workspace/install/python_package_with_a_library:/home/student48/ros2_tutorial_workspace/install/python_package_that_uses_the_services:/home/student48/ros2_tutorial_workspace/install/python_package_that_uses_the_messages:/home/student48/ros2_tutorial_workspace/install/python_package_that_uses_the_actions:/home/student48/ros2_tutorial_workspace/install/python_package_that_uses_parameters_and_launch_files:/home/student48/ros2_tutorial_workspace/install/my_package:/home/student48/ros2_tutorial_workspace/install/custom_subscriber_package:/home/student48/ros2_tutorial_workspace/install/custom_server_package:/home/student48/ros2_tutorial_workspace/install/custom_publisher_package:/home/student48/ros2_tutorial_workspace/install/custom_package_with_node:/home/student48/ros2_tutorial_workspace/install/custom_package_with_library:/home/student48/ros2_tutorial_workspace/install/custom_client_package:/home/student48/ros2_tutorial_workspace/install/custom_action_server_package:/home/student48/ros2_tutorial_workspace/install/custom_action_client_package:/home/student48/ros2_tutorial_workspace/install/another_package:/home/student48/assessments/week4/src/install/volkswagen:/home/student48/assessments/week4/src/install/building:/opt/ros/jazzy DEBUGINFOD_URLS=https://debuginfod.ubuntu.com /usr/bin/cmake --build /home/student48/assessments/coursework1/build/sfr_coursework1_interface_package -- -j12 -l12
[1.196s] DEBUG:colcon.colcon_core.event_handler.log_command:Invoked command in '/home/student48/assessments/coursework1/build/sfr_coursework1_interface_package' returned '0': CMAKE_PREFIX_PATH=${CMAKE_PREFIX_PATH}:/home/student48/ros2_tutorial_workspace/install/the_simplest_python_packagee:/home/student48/ros2_tutorial_workspace/install/the_simplest_python_package:/home/student48/ros2_tutorial_workspace/install/python_package_with_a_node:/home/student48/ros2_tutorial_workspace/install/python_package_that_uses_the_library:/home/student48/ros2_tutorial_workspace/install/python_package_with_a_library:/home/student48/ros2_tutorial_workspace/install/python_package_that_uses_the_services:/home/student48/ros2_tutorial_workspace/install/python_package_that_uses_the_messages:/home/student48/ros2_tutorial_workspace/install/python_package_that_uses_the_actions:/home/student48/ros2_tutorial_workspace/install/python_package_that_uses_parameters_and_launch_files:/home/student48/ros2_tutorial_workspace/install/my_package:/home/student48/ros2_tutorial_workspace/install/custom_subscriber_package:/home/student48/ros2_tutorial_workspace/install/custom_server_package:/home/student48/ros2_tutorial_workspace/install/custom_publisher_package:/home/student48/ros2_tutorial_workspace/install/custom_package_with_node:/home/student48/ros2_tutorial_workspace/install/custom_package_with_library:/home/student48/ros2_tutorial_workspace/install/custom_client_package:/home/student48/ros2_tutorial_workspace/install/custom_action_server_package:/home/student48/ros2_tutorial_workspace/install/custom_action_client_package:/home/student48/ros2_tutorial_workspace/install/another_package:/home/student48/assessments/week4/src/install/volkswagen:/home/student48/assessments/week4/src/install/building:/opt/ros/jazzy DEBUGINFOD_URLS=https://debuginfod.ubuntu.com /usr/bin/cmake --build /home/student48/assessments/coursework1/build/sfr_coursework1_interface_package -- -j12 -l12
[1.217s] DEBUG:colcon.colcon_core.event_handler.log_command:Invoking command in '/home/student48/assessments/coursework1/build/sfr_coursework1_interface_package': CMAKE_PREFIX_PATH=${CMAKE_PREFIX_PATH}:/home/student48/ros2_tutorial_workspace/install/the_simplest_python_packagee:/home/student48/ros2_tutorial_workspace/install/the_simplest_python_package:/home/student48/ros2_tutorial_workspace/install/python_package_with_a_node:/home/student48/ros2_tutorial_workspace/install/python_package_that_uses_the_library:/home/student48/ros2_tutorial_workspace/install/python_package_with_a_library:/home/student48/ros2_tutorial_workspace/install/python_package_that_uses_the_services:/home/student48/ros2_tutorial_workspace/install/python_package_that_uses_the_messages:/home/student48/ros2_tutorial_workspace/install/python_package_that_uses_the_actions:/home/student48/ros2_tutorial_workspace/install/python_package_that_uses_parameters_and_launch_files:/home/student48/ros2_tutorial_workspace/install/my_package:/home/student48/ros2_tutorial_workspace/install/custom_subscriber_package:/home/student48/ros2_tutorial_workspace/install/custom_server_package:/home/student48/ros2_tutorial_workspace/install/custom_publisher_package:/home/student48/ros2_tutorial_workspace/install/custom_package_with_node:/home/student48/ros2_tutorial_workspace/install/custom_package_with_library:/home/student48/ros2_tutorial_workspace/install/custom_client_package:/home/student48/ros2_tutorial_workspace/install/custom_action_server_package:/home/student48/ros2_tutorial_workspace/install/custom_action_client_package:/home/student48/ros2_tutorial_workspace/install/another_package:/home/student48/assessments/week4/src/install/volkswagen:/home/student48/assessments/week4/src/install/building:/opt/ros/jazzy DEBUGINFOD_URLS=https://debuginfod.ubuntu.com /usr/bin/cmake --install /home/student48/assessments/coursework1/build/sfr_coursework1_interface_package
[1.355s] Level 1:colcon.colcon_core.environment:create_environment_scripts_only(sfr_coursework1_interface_package)
[1.358s] DEBUG:colcon.colcon_core.event_handler.log_command:Invoked command in '/home/student48/assessments/coursework1/build/sfr_coursework1_interface_package' returned '0': CMAKE_PREFIX_PATH=${CMAKE_PREFIX_PATH}:/home/student48/ros2_tutorial_workspace/install/the_simplest_python_packagee:/home/student48/ros2_tutorial_workspace/install/the_simplest_python_package:/home/student48/ros2_tutorial_workspace/install/python_package_with_a_node:/home/student48/ros2_tutorial_workspace/install/python_package_that_uses_the_library:/home/student48/ros2_tutorial_workspace/install/python_package_with_a_library:/home/student48/ros2_tutorial_workspace/install/python_package_that_uses_the_services:/home/student48/ros2_tutorial_workspace/install/python_package_that_uses_the_messages:/home/student48/ros2_tutorial_workspace/install/python_package_that_uses_the_actions:/home/student48/ros2_tutorial_workspace/install/python_package_that_uses_parameters_and_launch_files:/home/student48/ros2_tutorial_workspace/install/my_package:/home/student48/ros2_tutorial_workspace/install/custom_subscriber_package:/home/student48/ros2_tutorial_workspace/install/custom_server_package:/home/student48/ros2_tutorial_workspace/install/custom_publisher_package:/home/student48/ros2_tutorial_workspace/install/custom_package_with_node:/home/student48/ros2_tutorial_workspace/install/custom_package_with_library:/home/student48/ros2_tutorial_workspace/install/custom_client_package:/home/student48/ros2_tutorial_workspace/install/custom_action_server_package:/home/student48/ros2_tutorial_workspace/install/custom_action_client_package:/home/student48/ros2_tutorial_workspace/install/another_package:/home/student48/assessments/week4/src/install/volkswagen:/home/student48/assessments/week4/src/install/building:/opt/ros/jazzy DEBUGINFOD_URLS=https://debuginfod.ubuntu.com /usr/bin/cmake --install /home/student48/assessments/coursework1/build/sfr_coursework1_interface_package
[1.363s] Level 1:colcon.colcon_core.environment:checking '/home/student48/assessments/coursework1/install/sfr_coursework1_interface_package' for CMake module files
[1.366s] Level 1:colcon.colcon_core.environment:checking '/home/student48/assessments/coursework1/install/sfr_coursework1_interface_package' for CMake config files
[1.370s] Level 1:colcon.colcon_core.shell:create_environment_hook('sfr_coursework1_interface_package', 'cmake_prefix_path')
[1.371s] INFO:colcon.colcon_core.shell:Creating environment hook '/home/student48/assessments/coursework1/install/sfr_coursework1_interface_package/share/sfr_coursework1_interface_package/hook/cmake_prefix_path.ps1'
[1.374s] INFO:colcon.colcon_core.shell:Creating environment descriptor '/home/student48/assessments/coursework1/install/sfr_coursework1_interface_package/share/sfr_coursework1_interface_package/hook/cmake_prefix_path.dsv'
[1.375s] INFO:colcon.colcon_core.shell:Creating environment hook '/home/student48/assessments/coursework1/install/sfr_coursework1_interface_package/share/sfr_coursework1_interface_package/hook/cmake_prefix_path.sh'
[1.378s] Level 1:colcon.colcon_core.environment:checking '/home/student48/assessments/coursework1/install/sfr_coursework1_interface_package/lib'
[1.378s] Level 1:colcon.colcon_core.shell:create_environment_hook('sfr_coursework1_interface_package', 'ld_library_path_lib')
[1.379s] INFO:colcon.colcon_core.shell:Creating environment hook '/home/student48/assessments/coursework1/install/sfr_coursework1_interface_package/share/sfr_coursework1_interface_package/hook/ld_library_path_lib.ps1'
[1.380s] INFO:colcon.colcon_core.shell:Creating environment descriptor '/home/student48/assessments/coursework1/install/sfr_coursework1_interface_package/share/sfr_coursework1_interface_package/hook/ld_library_path_lib.dsv'
[1.381s] INFO:colcon.colcon_core.shell:Creating environment hook '/home/student48/assessments/coursework1/install/sfr_coursework1_interface_package/share/sfr_coursework1_interface_package/hook/ld_library_path_lib.sh'
[1.382s] Level 1:colcon.colcon_core.environment:checking '/home/student48/assessments/coursework1/install/sfr_coursework1_interface_package/bin'
[1.383s] Level 1:colcon.colcon_core.environment:checking '/home/student48/assessments/coursework1/install/sfr_coursework1_interface_package/lib/pkgconfig/sfr_coursework1_interface_package.pc'
[1.383s] Level 1:colcon.colcon_core.environment:checking '/home/student48/assessments/coursework1/install/sfr_coursework1_interface_package/lib/python3.12/site-packages'
[1.383s] Level 1:colcon.colcon_core.shell:create_environment_hook('sfr_coursework1_interface_package', 'pythonpath')
[1.384s] INFO:colcon.colcon_core.shell:Creating environment hook '/home/student48/assessments/coursework1/install/sfr_coursework1_interface_package/share/sfr_coursework1_interface_package/hook/pythonpath.ps1'
[1.384s] INFO:colcon.colcon_core.shell:Creating environment descriptor '/home/student48/assessments/coursework1/install/sfr_coursework1_interface_package/share/sfr_coursework1_interface_package/hook/pythonpath.dsv'
[1.385s] INFO:colcon.colcon_core.shell:Creating environment hook '/home/student48/assessments/coursework1/install/sfr_coursework1_interface_package/share/sfr_coursework1_interface_package/hook/pythonpath.sh'
[1.386s] Level 1:colcon.colcon_core.environment:checking '/home/student48/assessments/coursework1/install/sfr_coursework1_interface_package/bin'
[1.387s] INFO:colcon.colcon_core.shell:Creating package script '/home/student48/assessments/coursework1/install/sfr_coursework1_interface_package/share/sfr_coursework1_interface_package/package.ps1'
[1.388s] INFO:colcon.colcon_core.shell:Creating package descriptor '/home/student48/assessments/coursework1/install/sfr_coursework1_interface_package/share/sfr_coursework1_interface_package/package.dsv'
[1.390s] INFO:colcon.colcon_core.shell:Creating package script '/home/student48/assessments/coursework1/install/sfr_coursework1_interface_package/share/sfr_coursework1_interface_package/package.sh'
[1.391s] INFO:colcon.colcon_core.shell:Creating package script '/home/student48/assessments/coursework1/install/sfr_coursework1_interface_package/share/sfr_coursework1_interface_package/package.bash'
[1.392s] INFO:colcon.colcon_core.shell:Creating package script '/home/student48/assessments/coursework1/install/sfr_coursework1_interface_package/share/sfr_coursework1_interface_package/package.zsh'
[1.393s] Level 1:colcon.colcon_core.environment:create_file_with_runtime_dependencies(/home/student48/assessments/coursework1/install/sfr_coursework1_interface_package/share/colcon-core/packages/sfr_coursework1_interface_package)
[1.393s] Level 1:colcon.colcon_core.environment:create_environment_scripts_only(sfr_coursework1_interface_package)
[1.393s] Level 1:colcon.colcon_core.environment:checking '/home/student48/assessments/coursework1/install/sfr_coursework1_interface_package' for CMake module files
[1.394s] Level 1:colcon.colcon_core.environment:checking '/home/student48/assessments/coursework1/install/sfr_coursework1_interface_package' for CMake config files
[1.394s] Level 1:colcon.colcon_core.shell:create_environment_hook('sfr_coursework1_interface_package', 'cmake_prefix_path')
[1.394s] INFO:colcon.colcon_core.shell:Creating environment hook '/home/student48/assessments/coursework1/install/sfr_coursework1_interface_package/share/sfr_coursework1_interface_package/hook/cmake_prefix_path.ps1'
[1.395s] INFO:colcon.colcon_core.shell:Creating environment descriptor '/home/student48/assessments/coursework1/install/sfr_coursework1_interface_package/share/sfr_coursework1_interface_package/hook/cmake_prefix_path.dsv'
[1.395s] INFO:colcon.colcon_core.shell:Creating environment hook '/home/student48/assessments/coursework1/install/sfr_coursework1_interface_package/share/sfr_coursework1_interface_package/hook/cmake_prefix_path.sh'
[1.396s] Level 1:colcon.colcon_core.environment:checking '/home/student48/assessments/coursework1/install/sfr_coursework1_interface_package/lib'
[1.396s] Level 1:colcon.colcon_core.shell:create_environment_hook('sfr_coursework1_interface_package', 'ld_library_path_lib')
[1.396s] INFO:colcon.colcon_core.shell:Creating environment hook '/home/student48/assessments/coursework1/install/sfr_coursework1_interface_package/share/sfr_coursework1_interface_package/hook/ld_library_path_lib.ps1'
[1.396s] INFO:colcon.colcon_core.shell:Creating environment descriptor '/home/student48/assessments/coursework1/install/sfr_coursework1_interface_package/share/sfr_coursework1_interface_package/hook/ld_library_path_lib.dsv'
[1.397s] INFO:colcon.colcon_core.shell:Creating environment hook '/home/student48/assessments/coursework1/install/sfr_coursework1_interface_package/share/sfr_coursework1_interface_package/hook/ld_library_path_lib.sh'
[1.397s] Level 1:colcon.colcon_core.environment:checking '/home/student48/assessments/coursework1/install/sfr_coursework1_interface_package/bin'
[1.397s] Level 1:colcon.colcon_core.environment:checking '/home/student48/assessments/coursework1/install/sfr_coursework1_interface_package/lib/pkgconfig/sfr_coursework1_interface_package.pc'
[1.397s] Level 1:colcon.colcon_core.environment:checking '/home/student48/assessments/coursework1/install/sfr_coursework1_interface_package/lib/python3.12/site-packages'
[1.397s] Level 1:colcon.colcon_core.shell:create_environment_hook('sfr_coursework1_interface_package', 'pythonpath')
[1.397s] INFO:colcon.colcon_core.shell:Creating environment hook '/home/student48/assessments/coursework1/install/sfr_coursework1_interface_package/share/sfr_coursework1_interface_package/hook/pythonpath.ps1'
[1.398s] INFO:colcon.colcon_core.shell:Creating environment descriptor '/home/student48/assessments/coursework1/install/sfr_coursework1_interface_package/share/sfr_coursework1_interface_package/hook/pythonpath.dsv'
[1.398s] INFO:colcon.colcon_core.shell:Creating environment hook '/home/student48/assessments/coursework1/install/sfr_coursework1_interface_package/share/sfr_coursework1_interface_package/hook/pythonpath.sh'
[1.399s] Level 1:colcon.colcon_core.environment:checking '/home/student48/assessments/coursework1/install/sfr_coursework1_interface_package/bin'
[1.399s] INFO:colcon.colcon_core.shell:Creating package script '/home/student48/assessments/coursework1/install/sfr_coursework1_interface_package/share/sfr_coursework1_interface_package/package.ps1'
[1.399s] INFO:colcon.colcon_core.shell:Creating package descriptor '/home/student48/assessments/coursework1/install/sfr_coursework1_interface_package/share/sfr_coursework1_interface_package/package.dsv'
[1.400s] INFO:colcon.colcon_core.shell:Creating package script '/home/student48/assessments/coursework1/install/sfr_coursework1_interface_package/share/sfr_coursework1_interface_package/package.sh'
[1.400s] INFO:colcon.colcon_core.shell:Creating package script '/home/student48/assessments/coursework1/install/sfr_coursework1_interface_package/share/sfr_coursework1_interface_package/package.bash'
[1.401s] INFO:colcon.colcon_core.shell:Creating package script '/home/student48/assessments/coursework1/install/sfr_coursework1_interface_package/share/sfr_coursework1_interface_package/package.zsh'
[1.401s] Level 1:colcon.colcon_core.environment:create_file_with_runtime_dependencies(/home/student48/assessments/coursework1/install/sfr_coursework1_interface_package/share/colcon-core/packages/sfr_coursework1_interface_package)
[1.401s] INFO:colcon.colcon_ros.task.ament_python.build:Building ROS package in '/home/student48/assessments/coursework1/src/alpha_warrior_controller_pkg' with build type 'ament_python'
[1.401s] Level 1:colcon.colcon_core.shell:create_environment_hook('alpha_warrior_controller_pkg', 'ament_prefix_path')
[1.401s] INFO:colcon.colcon_core.shell:Creating environment hook '/home/student48/assessments/coursework1/install/alpha_warrior_controller_pkg/share/alpha_warrior_controller_pkg/hook/ament_prefix_path.ps1'
[1.403s] INFO:colcon.colcon_core.shell:Creating environment descriptor '/home/student48/assessments/coursework1/install/alpha_warrior_controller_pkg/share/alpha_warrior_controller_pkg/hook/ament_prefix_path.dsv'
[1.404s] INFO:colcon.colcon_core.shell:Creating environment hook '/home/student48/assessments/coursework1/install/alpha_warrior_controller_pkg/share/alpha_warrior_controller_pkg/hook/ament_prefix_path.sh'
[1.405s] INFO:colcon.colcon_core.shell:Skip shell extension 'powershell' for command environment: Not usable outside of PowerShell
[1.406s] DEBUG:colcon.colcon_core.shell:Skip shell extension 'dsv' for command environment
[1.418s] INFO:colcon.colcon_ros.task.ament_python.build:Building ROS package in '/home/student48/assessments/coursework1/src/alpha_warrior_pkg' with build type 'ament_python'
[1.419s] Level 1:colcon.colcon_core.shell:create_environment_hook('alpha_warrior_pkg', 'ament_prefix_path')
[1.419s] INFO:colcon.colcon_core.shell:Creating environment hook '/home/student48/assessments/coursework1/install/alpha_warrior_pkg/share/alpha_warrior_pkg/hook/ament_prefix_path.ps1'
[1.420s] INFO:colcon.colcon_core.shell:Creating environment descriptor '/home/student48/assessments/coursework1/install/alpha_warrior_pkg/share/alpha_warrior_pkg/hook/ament_prefix_path.dsv'
[1.421s] INFO:colcon.colcon_core.shell:Creating environment hook '/home/student48/assessments/coursework1/install/alpha_warrior_pkg/share/alpha_warrior_pkg/hook/ament_prefix_path.sh'
[1.423s] INFO:colcon.colcon_core.shell:Skip shell extension 'powershell' for command environment: Not usable outside of PowerShell
[1.423s] DEBUG:colcon.colcon_core.shell:Skip shell extension 'dsv' for command environment
[1.708s] INFO:colcon.colcon_core.task.python.build:Building Python package in '/home/student48/assessments/coursework1/src/alpha_warrior_controller_pkg'
[1.708s] INFO:colcon.colcon_core.shell:Skip shell extension 'powershell' for command environment: Not usable outside of PowerShell
[1.708s] DEBUG:colcon.colcon_core.shell:Skip shell extension 'dsv' for command environment
[2.033s] INFO:colcon.colcon_core.task.python.build:Building Python package in '/home/student48/assessments/coursework1/src/alpha_warrior_pkg'
[2.033s] INFO:colcon.colcon_core.shell:Skip shell extension 'powershell' for command environment: Not usable outside of PowerShell
[2.033s] DEBUG:colcon.colcon_core.shell:Skip shell extension 'dsv' for command environment
[3.239s] DEBUG:colcon.colcon_core.event_handler.log_command:Invoking command in '/home/student48/assessments/coursework1/src/alpha_warrior_controller_pkg': AMENT_PREFIX_PATH=/home/student48/assessments/coursework1/install/sfr_coursework1_interface_package:${AMENT_PREFIX_PATH} CMAKE_PREFIX_PATH=/home/student48/assessments/coursework1/install/sfr_coursework1_interface_package:${CMAKE_PREFIX_PATH} DEBUGINFOD_URLS=https://debuginfod.ubuntu.com LD_LIBRARY_PATH=/home/student48/assessments/coursework1/install/sfr_coursework1_interface_package/lib:${LD_LIBRARY_PATH} PYTHONPATH=/home/student48/assessments/coursework1/build/alpha_warrior_controller_pkg/prefix_override:/usr/lib/python3/dist-packages/colcon_core/task/python/colcon_distutils_commands:/home/student48/assessments/coursework1/install/alpha_warrior_controller_pkg/lib/python3.12/site-packages:/home/student48/assessments/coursework1/install/sfr_coursework1_interface_package/lib/python3.12/site-packages:${PYTHONPATH} /usr/bin/python3 -W ignore:setup.py install is deprecated -W ignore:easy_install command is deprecated setup.py egg_info --egg-base ../../build/alpha_warrior_controller_pkg build --build-base /home/student48/assessments/coursework1/build/alpha_warrior_controller_pkg/build install --record /home/student48/assessments/coursework1/build/alpha_warrior_controller_pkg/install.log --single-version-externally-managed install_data
[3.245s] DEBUG:colcon.colcon_core.event_handler.log_command:Invoking command in '/home/student48/assessments/coursework1/src/alpha_warrior_pkg': AMENT_PREFIX_PATH=/home/student48/assessments/coursework1/install/sfr_coursework1_interface_package:${AMENT_PREFIX_PATH} CMAKE_PREFIX_PATH=/home/student48/assessments/coursework1/install/sfr_coursework1_interface_package:${CMAKE_PREFIX_PATH} DEBUGINFOD_URLS=https://debuginfod.ubuntu.com LD_LIBRARY_PATH=/home/student48/assessments/coursework1/install/sfr_coursework1_interface_package/lib:${LD_LIBRARY_PATH} PYTHONPATH=/home/student48/assessments/coursework1/build/alpha_warrior_pkg/prefix_override:/usr/lib/python3/dist-packages/colcon_core/task/python/colcon_distutils_commands:/home/student48/assessments/coursework1/install/alpha_warrior_pkg/lib/python3.12/site-packages:/home/student48/assessments/coursework1/install/sfr_coursework1_interface_package/lib/python3.12/site-packages:${PYTHONPATH} /usr/bin/python3 -W ignore:setup.py install is deprecated -W ignore:easy_install command is deprecated setup.py egg_info --egg-base ../../build/alpha_warrior_pkg build --build-base /home/student48/assessments/coursework1/build/alpha_warrior_pkg/build install --record /home/student48/assessments/coursework1/build/alpha_warrior_pkg/install.log --single-version-externally-managed install_data
[4.129s] Level 1:colcon.colcon_core.environment:checking '/home/student48/assessments/coursework1/install/alpha_warrior_pkg' for CMake module files
[4.129s] DEBUG:colcon.colcon_core.event_handler.log_command:Invoked command in '/home/student48/assessments/coursework1/src/alpha_warrior_pkg' returned '0': AMENT_PREFIX_PATH=/home/student48/assessments/coursework1/install/sfr_coursework1_interface_package:${AMENT_PREFIX_PATH} CMAKE_PREFIX_PATH=/home/student48/assessments/coursework1/install/sfr_coursework1_interface_package:${CMAKE_PREFIX_PATH} DEBUGINFOD_URLS=https://debuginfod.ubuntu.com LD_LIBRARY_PATH=/home/student48/assessments/coursework1/install/sfr_coursework1_interface_package/lib:${LD_LIBRARY_PATH} PYTHONPATH=/home/student48/assessments/coursework1/build/alpha_warrior_pkg/prefix_override:/usr/lib/python3/dist-packages/colcon_core/task/python/colcon_distutils_commands:/home/student48/assessments/coursework1/install/alpha_warrior_pkg/lib/python3.12/site-packages:/home/student48/assessments/coursework1/install/sfr_coursework1_interface_package/lib/python3.12/site-packages:${PYTHONPATH} /usr/bin/python3 -W ignore:setup.py install is deprecated -W ignore:easy_install command is deprecated setup.py egg_info --egg-base ../../build/alpha_warrior_pkg build --build-base /home/student48/assessments/coursework1/build/alpha_warrior_pkg/build install --record /home/student48/assessments/coursework1/build/alpha_warrior_pkg/install.log --single-version-externally-managed install_data
[4.131s] Level 1:colcon.colcon_core.environment:checking '/home/student48/assessments/coursework1/install/alpha_warrior_pkg' for CMake config files
[4.133s] Level 1:colcon.colcon_core.environment:checking '/home/student48/assessments/coursework1/install/alpha_warrior_pkg/lib'
[4.134s] Level 1:colcon.colcon_core.environment:checking '/home/student48/assessments/coursework1/install/alpha_warrior_pkg/bin'
[4.134s] Level 1:colcon.colcon_core.environment:checking '/home/student48/assessments/coursework1/install/alpha_warrior_pkg/lib/pkgconfig/alpha_warrior_pkg.pc'
[4.134s] Level 1:colcon.colcon_core.environment:checking '/home/student48/assessments/coursework1/install/alpha_warrior_pkg/lib/python3.12/site-packages'
[4.134s] Level 1:colcon.colcon_core.shell:create_environment_hook('alpha_warrior_pkg', 'pythonpath')
[4.134s] INFO:colcon.colcon_core.shell:Creating environment hook '/home/student48/assessments/coursework1/install/alpha_warrior_pkg/share/alpha_warrior_pkg/hook/pythonpath.ps1'
[4.135s] INFO:colcon.colcon_core.shell:Creating environment descriptor '/home/student48/assessments/coursework1/install/alpha_warrior_pkg/share/alpha_warrior_pkg/hook/pythonpath.dsv'
[4.137s] INFO:colcon.colcon_core.shell:Creating environment hook '/home/student48/assessments/coursework1/install/alpha_warrior_pkg/share/alpha_warrior_pkg/hook/pythonpath.sh'
[4.140s] Level 1:colcon.colcon_core.environment:checking '/home/student48/assessments/coursework1/install/alpha_warrior_pkg/bin'
[4.141s] Level 1:colcon.colcon_core.environment:create_environment_scripts_only(alpha_warrior_pkg)
[4.141s] INFO:colcon.colcon_core.shell:Creating package script '/home/student48/assessments/coursework1/install/alpha_warrior_pkg/share/alpha_warrior_pkg/package.ps1'
[4.143s] INFO:colcon.colcon_core.shell:Creating package descriptor '/home/student48/assessments/coursework1/install/alpha_warrior_pkg/share/alpha_warrior_pkg/package.dsv'
[4.144s] INFO:colcon.colcon_core.shell:Creating package script '/home/student48/assessments/coursework1/install/alpha_warrior_pkg/share/alpha_warrior_pkg/package.sh'
[4.146s] INFO:colcon.colcon_core.shell:Creating package script '/home/student48/assessments/coursework1/install/alpha_warrior_pkg/share/alpha_warrior_pkg/package.bash'
[4.147s] INFO:colcon.colcon_core.shell:Creating package script '/home/student48/assessments/coursework1/install/alpha_warrior_pkg/share/alpha_warrior_pkg/package.zsh'
[4.148s] Level 1:colcon.colcon_core.environment:create_file_with_runtime_dependencies(/home/student48/assessments/coursework1/install/alpha_warrior_pkg/share/colcon-core/packages/alpha_warrior_pkg)
[4.190s] Level 1:colcon.colcon_core.environment:checking '/home/student48/assessments/coursework1/install/alpha_warrior_controller_pkg' for CMake module files
[4.191s] DEBUG:colcon.colcon_core.event_handler.log_command:Invoked command in '/home/student48/assessments/coursework1/src/alpha_warrior_controller_pkg' returned '0': AMENT_PREFIX_PATH=/home/student48/assessments/coursework1/install/sfr_coursework1_interface_package:${AMENT_PREFIX_PATH} CMAKE_PREFIX_PATH=/home/student48/assessments/coursework1/install/sfr_coursework1_interface_package:${CMAKE_PREFIX_PATH} DEBUGINFOD_URLS=https://debuginfod.ubuntu.com LD_LIBRARY_PATH=/home/student48/assessments/coursework1/install/sfr_coursework1_interface_package/lib:${LD_LIBRARY_PATH} PYTHONPATH=/home/student48/assessments/coursework1/build/alpha_warrior_controller_pkg/prefix_override:/usr/lib/python3/dist-packages/colcon_core/task/python/colcon_distutils_commands:/home/student48/assessments/coursework1/install/alpha_warrior_controller_pkg/lib/python3.12/site-packages:/home/student48/assessments/coursework1/install/sfr_coursework1_interface_package/lib/python3.12/site-packages:${PYTHONPATH} /usr/bin/python3 -W ignore:setup.py install is deprecated -W ignore:easy_install command is deprecated setup.py egg_info --egg-base ../../build/alpha_warrior_controller_pkg build --build-base /home/student48/assessments/coursework1/build/alpha_warrior_controller_pkg/build install --record /home/student48/assessments/coursework1/build/alpha_warrior_controller_pkg/install.log --single-version-externally-managed install_data
[4.192s] Level 1:colcon.colcon_core.environment:checking '/home/student48/assessments/coursework1/install/alpha_warrior_controller_pkg' for CMake config files
[4.193s] Level 1:colcon.colcon_core.environment:checking '/home/student48/assessments/coursework1/install/alpha_warrior_controller_pkg/lib'
[4.193s] Level 1:colcon.colcon_core.environment:checking '/home/student48/assessments/coursework1/install/alpha_warrior_controller_pkg/bin'
[4.193s] Level 1:colcon.colcon_core.environment:checking '/home/student48/assessments/coursework1/install/alpha_warrior_controller_pkg/lib/pkgconfig/alpha_warrior_controller_pkg.pc'
[4.193s] Level 1:colcon.colcon_core.environment:checking '/home/student48/assessments/coursework1/install/alpha_warrior_controller_pkg/lib/python3.12/site-packages'
[4.194s] Level 1:colcon.colcon_core.shell:create_environment_hook('alpha_warrior_controller_pkg', 'pythonpath')
[4.194s] INFO:colcon.colcon_core.shell:Creating environment hook '/home/student48/assessments/coursework1/install/alpha_warrior_controller_pkg/share/alpha_warrior_controller_pkg/hook/pythonpath.ps1'
[4.195s] INFO:colcon.colcon_core.shell:Creating environment descriptor '/home/student48/assessments/coursework1/install/alpha_warrior_controller_pkg/share/alpha_warrior_controller_pkg/hook/pythonpath.dsv'
[4.196s] INFO:colcon.colcon_core.shell:Creating environment hook '/home/student48/assessments/coursework1/install/alpha_warrior_controller_pkg/share/alpha_warrior_controller_pkg/hook/pythonpath.sh'
[4.197s] Level 1:colcon.colcon_core.environment:checking '/home/student48/assessments/coursework1/install/alpha_warrior_controller_pkg/bin'
[4.197s] Level 1:colcon.colcon_core.environment:create_environment_scripts_only(alpha_warrior_controller_pkg)
[4.198s] INFO:colcon.colcon_core.shell:Creating package script '/home/student48/assessments/coursework1/install/alpha_warrior_controller_pkg/share/alpha_warrior_controller_pkg/package.ps1'
[4.199s] INFO:colcon.colcon_core.shell:Creating package descriptor '/home/student48/assessments/coursework1/install/alpha_warrior_controller_pkg/share/alpha_warrior_controller_pkg/package.dsv'
[4.200s] INFO:colcon.colcon_core.shell:Creating package script '/home/student48/assessments/coursework1/install/alpha_warrior_controller_pkg/share/alpha_warrior_controller_pkg/package.sh'
[4.201s] INFO:colcon.colcon_core.shell:Creating package script '/home/student48/assessments/coursework1/install/alpha_warrior_controller_pkg/share/alpha_warrior_controller_pkg/package.bash'
[4.202s] INFO:colcon.colcon_core.shell:Creating package script '/home/student48/assessments/coursework1/install/alpha_warrior_controller_pkg/share/alpha_warrior_controller_pkg/package.zsh'
[4.202s] Level 1:colcon.colcon_core.environment:create_file_with_runtime_dependencies(/home/student48/assessments/coursework1/install/alpha_warrior_controller_pkg/share/colcon-core/packages/alpha_warrior_controller_pkg)
[4.202s] INFO:colcon.colcon_ros.task.ament_python.build:Building ROS package in '/home/student48/assessments/coursework1/src/alpha_warrior_launch_pkg' with build type 'ament_python'
[4.202s] Level 1:colcon.colcon_core.shell:create_environment_hook('alpha_warrior_launch_pkg', 'ament_prefix_path')
[4.203s] INFO:colcon.colcon_core.shell:Creating environment hook '/home/student48/assessments/coursework1/install/alpha_warrior_launch_pkg/share/alpha_warrior_launch_pkg/hook/ament_prefix_path.ps1'
[4.204s] INFO:colcon.colcon_core.shell:Creating environment descriptor '/home/student48/assessments/coursework1/install/alpha_warrior_launch_pkg/share/alpha_warrior_launch_pkg/hook/ament_prefix_path.dsv'
[4.204s] INFO:colcon.colcon_core.shell:Creating environment hook '/home/student48/assessments/coursework1/install/alpha_warrior_launch_pkg/share/alpha_warrior_launch_pkg/hook/ament_prefix_path.sh'
[4.205s] INFO:colcon.colcon_core.shell:Skip shell extension 'powershell' for command environment: Not usable outside of PowerShell
[4.205s] DEBUG:colcon.colcon_core.shell:Skip shell extension 'dsv' for command environment
[4.450s] DEBUG:colcon.colcon_parallel_executor.executor.parallel:closing loop
[4.450s] DEBUG:colcon.colcon_parallel_executor.executor.parallel:loop closed
[4.450s] DEBUG:colcon.colcon_parallel_executor.executor.parallel:run_until_complete finished with 'Command '['/usr/bin/python3', '-c', 'import sys;from contextlib import suppress;exec("with suppress(ImportError):    from setuptools.extern.packaging.specifiers    import SpecifierSet");exec("with suppress(ImportError):    from packaging.specifiers import SpecifierSet");from distutils.core import run_setup;dist = run_setup(    \'setup.py\', script_args=(\'--dry-run\',), stop_after=\'config\');skip_keys = (\'cmdclass\', \'distclass\', \'ext_modules\', \'metadata\');data = {    key: value for key, value in dist.__dict__.items()     if (        not key.startswith(\'_\') and         not callable(value) and         key not in skip_keys and         key not in dist.display_option_names    )};data[\'metadata\'] = {    k: v for k, v in dist.metadata.__dict__.items()     if k not in (\'license_files\', \'provides_extras\')};sys.stdout.buffer.write(repr(data).encode(\'utf-8\'))']' returned non-zero exit status 1.'
[4.450s] DEBUG:colcon.colcon_core.event_reactor:joining thread
[4.460s] INFO:colcon.colcon_core.plugin_system:Skipping extension 'colcon_notification.desktop_notification.terminal_notifier': Not used on non-Darwin systems
[4.461s] INFO:colcon.colcon_core.plugin_system:Skipping extension 'colcon_notification.desktop_notification.win32': Not used on non-Windows systems
[4.461s] INFO:colcon.colcon_notification.desktop_notification:Sending desktop notification using 'notify2'
[4.488s] DEBUG:colcon.colcon_core.event_reactor:joined thread
[4.488s] INFO:colcon.colcon_core.shell:Creating prefix script '/home/student48/assessments/coursework1/install/local_setup.ps1'
[4.490s] INFO:colcon.colcon_core.shell:Creating prefix util module '/home/student48/assessments/coursework1/install/_local_setup_util_ps1.py'
[4.493s] INFO:colcon.colcon_core.shell:Creating prefix chain script '/home/student48/assessments/coursework1/install/setup.ps1'
[4.498s] INFO:colcon.colcon_core.shell:Creating prefix script '/home/student48/assessments/coursework1/install/local_setup.sh'
[4.500s] INFO:colcon.colcon_core.shell:Creating prefix util module '/home/student48/assessments/coursework1/install/_local_setup_util_sh.py'
[4.502s] INFO:colcon.colcon_core.shell:Creating prefix chain script '/home/student48/assessments/coursework1/install/setup.sh'
[4.509s] INFO:colcon.colcon_core.shell:Creating prefix script '/home/student48/assessments/coursework1/install/local_setup.bash'
[4.511s] INFO:colcon.colcon_core.shell:Creating prefix chain script '/home/student48/assessments/coursework1/install/setup.bash'
[4.517s] INFO:colcon.colcon_core.shell:Creating prefix script '/home/student48/assessments/coursework1/install/local_setup.zsh'
[4.519s] INFO:colcon.colcon_core.shell:Creating prefix chain script '/home/student48/assessments/coursework1/install/setup.zsh'
