[0.369s] DEBUG:colcon:Command line arguments: ['/usr/bin/colcon', 'list', '-p', '--base-paths', '/home/student48/assessments/week3']
[0.369s] DEBUG:colcon:Parsed command line arguments: Namespace(log_base=None, log_level=None, verb_name='list', build_base='build', ignore_user_meta=False, metas=['./colcon.meta'], base_paths=['/home/student48/assessments/week3'], packages_ignore=None, packages_ignore_regex=None, paths=None, packages_up_to=None, packages_up_to_regex=None, packages_above=None, packages_above_and_dependencies=None, packages_above_depth=None, packages_select_by_dep=None, packages_skip_by_dep=None, packages_skip_up_to=None, packages_select_build_failed=False, packages_skip_build_finished=False, packages_select_test_failures=False, packages_skip_test_passed=False, packages_select=None, packages_skip=None, packages_select_regex=None, packages_skip_regex=None, packages_start=None, packages_end=None, allow_overriding=[], topological_order=False, names_only=False, paths_only=True, topological_graph=False, topological_graph_dot=False, topological_graph_density=False, topological_graph_legend=False, topological_graph_dot_cluster=False, topological_graph_dot_include_skipped=False, mixin_files=None, mixin=None, verb_parser=<colcon_mixin.mixin.mixin_argument.MixinArgumentDecorator object at 0x757368fd5280>, verb_extension=<colcon_package_information.verb.list.ListVerb object at 0x75736963c920>, main=<bound method ListVerb.main of <colcon_package_information.verb.list.ListVerb object at 0x75736963c920>>, mixin_verb=('list',))
[0.496s] Level 1:colcon.colcon_core.package_discovery:discover_packages(colcon_meta) check parameters
[0.496s] Level 1:colcon.colcon_core.package_discovery:discover_packages(recursive) check parameters
[0.496s] Level 1:colcon.colcon_core.package_discovery:discover_packages(ignore) check parameters
[0.496s] Level 1:colcon.colcon_core.package_discovery:discover_packages(path) check parameters
[0.496s] Level 1:colcon.colcon_core.package_discovery:discover_packages(recursive) discover
[0.497s] INFO:colcon.colcon_core.package_discovery:Crawling recursively for packages in '/home/student48/assessments/week3'
[0.497s] Level 1:colcon.colcon_core.package_identification:_identify(/home/student48/assessments/week3) by extensions ['ignore', 'ignore_ament_install']
[0.497s] Level 1:colcon.colcon_core.package_identification:_identify(/home/student48/assessments/week3) by extension 'ignore'
[0.498s] Level 1:colcon.colcon_core.package_identification:_identify(/home/student48/assessments/week3) by extension 'ignore_ament_install'
[0.498s] Level 1:colcon.colcon_core.package_identification:_identify(/home/student48/assessments/week3) by extensions ['colcon_pkg']
[0.498s] Level 1:colcon.colcon_core.package_identification:_identify(/home/student48/assessments/week3) by extension 'colcon_pkg'
[0.498s] Level 1:colcon.colcon_core.package_identification:_identify(/home/student48/assessments/week3) by extensions ['colcon_meta']
[0.498s] Level 1:colcon.colcon_core.package_identification:_identify(/home/student48/assessments/week3) by extension 'colcon_meta'
[0.498s] Level 1:colcon.colcon_core.package_identification:_identify(/home/student48/assessments/week3) by extensions ['ros']
[0.498s] Level 1:colcon.colcon_core.package_identification:_identify(/home/student48/assessments/week3) by extension 'ros'
[0.584s] Level 1:colcon.colcon_core.package_identification:_identify(/home/student48/assessments/week3) by extensions ['cmake', 'python']
[0.584s] Level 1:colcon.colcon_core.package_identification:_identify(/home/student48/assessments/week3) by extension 'cmake'
[0.585s] Level 1:colcon.colcon_core.package_identification:_identify(/home/student48/assessments/week3) by extension 'python'
[0.585s] Level 1:colcon.colcon_core.package_identification:_identify(/home/student48/assessments/week3) by extensions ['python_setup_py']
[0.585s] Level 1:colcon.colcon_core.package_identification:_identify(/home/student48/assessments/week3) by extension 'python_setup_py'
[0.585s] Level 1:colcon.colcon_core.package_identification:_identify(/home/student48/assessments/week3/build) by extensions ['ignore', 'ignore_ament_install']
[0.586s] Level 1:colcon.colcon_core.package_identification:_identify(/home/student48/assessments/week3/build) by extension 'ignore'
[0.586s] Level 1:colcon.colcon_core.package_identification:_identify(/home/student48/assessments/week3/build) ignored
[0.586s] Level 1:colcon.colcon_core.package_identification:_identify(/home/student48/assessments/week3/install) by extensions ['ignore', 'ignore_ament_install']
[0.586s] Level 1:colcon.colcon_core.package_identification:_identify(/home/student48/assessments/week3/install) by extension 'ignore'
[0.587s] Level 1:colcon.colcon_core.package_identification:_identify(/home/student48/assessments/week3/install) ignored
[0.587s] Level 1:colcon.colcon_core.package_identification:_identify(/home/student48/assessments/week3/log) by extensions ['ignore', 'ignore_ament_install']
[0.587s] Level 1:colcon.colcon_core.package_identification:_identify(/home/student48/assessments/week3/log) by extension 'ignore'
[0.587s] Level 1:colcon.colcon_core.package_identification:_identify(/home/student48/assessments/week3/log) ignored
[0.588s] Level 1:colcon.colcon_core.package_identification:_identify(/home/student48/assessments/week3/src) by extensions ['ignore', 'ignore_ament_install']
[0.588s] Level 1:colcon.colcon_core.package_identification:_identify(/home/student48/assessments/week3/src) by extension 'ignore'
[0.588s] Level 1:colcon.colcon_core.package_identification:_identify(/home/student48/assessments/week3/src) by extension 'ignore_ament_install'
[0.588s] Level 1:colcon.colcon_core.package_identification:_identify(/home/student48/assessments/week3/src) by extensions ['colcon_pkg']
[0.588s] Level 1:colcon.colcon_core.package_identification:_identify(/home/student48/assessments/week3/src) by extension 'colcon_pkg'
[0.588s] Level 1:colcon.colcon_core.package_identification:_identify(/home/student48/assessments/week3/src) by extensions ['colcon_meta']
[0.588s] Level 1:colcon.colcon_core.package_identification:_identify(/home/student48/assessments/week3/src) by extension 'colcon_meta'
[0.589s] Level 1:colcon.colcon_core.package_identification:_identify(/home/student48/assessments/week3/src) by extensions ['ros']
[0.589s] Level 1:colcon.colcon_core.package_identification:_identify(/home/student48/assessments/week3/src) by extension 'ros'
[0.589s] Level 1:colcon.colcon_core.package_identification:_identify(/home/student48/assessments/week3/src) by extensions ['cmake', 'python']
[0.589s] Level 1:colcon.colcon_core.package_identification:_identify(/home/student48/assessments/week3/src) by extension 'cmake'
[0.589s] Level 1:colcon.colcon_core.package_identification:_identify(/home/student48/assessments/week3/src) by extension 'python'
[0.589s] Level 1:colcon.colcon_core.package_identification:_identify(/home/student48/assessments/week3/src) by extensions ['python_setup_py']
[0.589s] Level 1:colcon.colcon_core.package_identification:_identify(/home/student48/assessments/week3/src) by extension 'python_setup_py'
[0.590s] Level 1:colcon.colcon_core.package_identification:_identify(/home/student48/assessments/week3/src/dormitory) by extensions ['ignore', 'ignore_ament_install']
[0.590s] Level 1:colcon.colcon_core.package_identification:_identify(/home/student48/assessments/week3/src/dormitory) by extension 'ignore'
[0.590s] Level 1:colcon.colcon_core.package_identification:_identify(/home/student48/assessments/week3/src/dormitory) by extension 'ignore_ament_install'
[0.590s] Level 1:colcon.colcon_core.package_identification:_identify(/home/student48/assessments/week3/src/dormitory) by extensions ['colcon_pkg']
[0.590s] Level 1:colcon.colcon_core.package_identification:_identify(/home/student48/assessments/week3/src/dormitory) by extension 'colcon_pkg'
[0.591s] Level 1:colcon.colcon_core.package_identification:_identify(/home/student48/assessments/week3/src/dormitory) by extensions ['colcon_meta']
[0.591s] Level 1:colcon.colcon_core.package_identification:_identify(/home/student48/assessments/week3/src/dormitory) by extension 'colcon_meta'
[0.591s] Level 1:colcon.colcon_core.package_identification:_identify(/home/student48/assessments/week3/src/dormitory) by extensions ['ros']
[0.591s] Level 1:colcon.colcon_core.package_identification:_identify(/home/student48/assessments/week3/src/dormitory) by extension 'ros'
[0.598s] DEBUG:colcon.colcon_core.package_identification:Package '/home/student48/assessments/week3/src/dormitory' with type 'ros.ament_python' and name 'dormitory'
[0.598s] Level 1:colcon.colcon_core.package_identification:_identify(/home/student48/assessments/week3/src/tesla) by extensions ['ignore', 'ignore_ament_install']
[0.599s] Level 1:colcon.colcon_core.package_identification:_identify(/home/student48/assessments/week3/src/tesla) by extension 'ignore'
[0.599s] Level 1:colcon.colcon_core.package_identification:_identify(/home/student48/assessments/week3/src/tesla) by extension 'ignore_ament_install'
[0.599s] Level 1:colcon.colcon_core.package_identification:_identify(/home/student48/assessments/week3/src/tesla) by extensions ['colcon_pkg']
[0.599s] Level 1:colcon.colcon_core.package_identification:_identify(/home/student48/assessments/week3/src/tesla) by extension 'colcon_pkg'
[0.599s] Level 1:colcon.colcon_core.package_identification:_identify(/home/student48/assessments/week3/src/tesla) by extensions ['colcon_meta']
[0.600s] Level 1:colcon.colcon_core.package_identification:_identify(/home/student48/assessments/week3/src/tesla) by extension 'colcon_meta'
[0.600s] Level 1:colcon.colcon_core.package_identification:_identify(/home/student48/assessments/week3/src/tesla) by extensions ['ros']
[0.600s] Level 1:colcon.colcon_core.package_identification:_identify(/home/student48/assessments/week3/src/tesla) by extension 'ros'
[0.601s] DEBUG:colcon.colcon_core.package_identification:Package '/home/student48/assessments/week3/src/tesla' with type 'ros.ament_python' and name 'tesla'
[0.601s] Level 1:colcon.colcon_core.package_discovery:discover_packages(recursive) using defaults
