[4.216s] Invoking command in '/home/student48/assessments/coursework2/src/gamma_system_controller_pkg': DEBUGINFOD_URLS=https://debuginfod.ubuntu.com PYTHONPATH=/home/student48/assessments/coursework2/build/gamma_system_controller_pkg/prefix_override:/usr/lib/python3/dist-packages/colcon_core/task/python/colcon_distutils_commands:/home/student48/assessments/coursework2/install/gamma_system_controller_pkg/lib/python3.12/site-packages:${PYTHONPATH} /usr/bin/python3 -W ignore:setup.py install is deprecated -W ignore:easy_install command is deprecated setup.py egg_info --egg-base ../../build/gamma_system_controller_pkg build --build-base /home/student48/assessments/coursework2/build/gamma_system_controller_pkg/build install --record /home/student48/assessments/coursework2/build/gamma_system_controller_pkg/install.log --single-version-externally-managed install_data
[4.901s] running egg_info
[4.939s] writing ../../build/gamma_system_controller_pkg/gamma_system_controller_pkg.egg-info/PKG-INFO
[4.940s] writing dependency_links to ../../build/gamma_system_controller_pkg/gamma_system_controller_pkg.egg-info/dependency_links.txt
[4.941s] writing entry points to ../../build/gamma_system_controller_pkg/gamma_system_controller_pkg.egg-info/entry_points.txt
[4.941s] writing requirements to ../../build/gamma_system_controller_pkg/gamma_system_controller_pkg.egg-info/requires.txt
[4.941s] writing top-level names to ../../build/gamma_system_controller_pkg/gamma_system_controller_pkg.egg-info/top_level.txt
[5.044s] reading manifest file '../../build/gamma_system_controller_pkg/gamma_system_controller_pkg.egg-info/SOURCES.txt'
[5.046s] writing manifest file '../../build/gamma_system_controller_pkg/gamma_system_controller_pkg.egg-info/SOURCES.txt'
[5.046s] running build
[5.047s] running build_py
[5.047s] running install
[5.058s] running install_lib
[5.123s] running install_data
[5.123s] running install_egg_info
[5.187s] removing '/home/student48/assessments/coursework2/install/gamma_system_controller_pkg/lib/python3.12/site-packages/gamma_system_controller_pkg-0.0.0-py3.12.egg-info' (and everything under it)
[5.190s] Copying ../../build/gamma_system_controller_pkg/gamma_system_controller_pkg.egg-info to /home/student48/assessments/coursework2/install/gamma_system_controller_pkg/lib/python3.12/site-packages/gamma_system_controller_pkg-0.0.0-py3.12.egg-info
[5.191s] running install_scripts
[5.497s] Installing gamma_system_controller_node script to /home/student48/assessments/coursework2/install/gamma_system_controller_pkg/lib/gamma_system_controller_pkg
[5.500s] writing list of installed files to '/home/student48/assessments/coursework2/build/gamma_system_controller_pkg/install.log'
[5.622s] Invoked command in '/home/student48/assessments/coursework2/src/gamma_system_controller_pkg' returned '0': DEBUGINFOD_URLS=https://debuginfod.ubuntu.com PYTHONPATH=/home/student48/assessments/coursework2/build/gamma_system_controller_pkg/prefix_override:/usr/lib/python3/dist-packages/colcon_core/task/python/colcon_distutils_commands:/home/student48/assessments/coursework2/install/gamma_system_controller_pkg/lib/python3.12/site-packages:${PYTHONPATH} /usr/bin/python3 -W ignore:setup.py install is deprecated -W ignore:easy_install command is deprecated setup.py egg_info --egg-base ../../build/gamma_system_controller_pkg build --build-base /home/student48/assessments/coursework2/build/gamma_system_controller_pkg/build install --record /home/student48/assessments/coursework2/build/gamma_system_controller_pkg/install.log --single-version-externally-managed install_data
